08-28 00:05:09.331  5154  5198 I Unity   : {"requestId":61,"text":{"text":"27Kg","textBlocks":[{"boundingBox":{"bottom":84,"left":184,"right":290,"top":24},"cornerPoints":[{"x":184,"y":24},{"x":290,"y":24},{"x":290,"y":84},{"x":184,"y":84}],"lines":[{"boundingBox":{"bottom":84,"left":184,"right":290,"top":24},"cornerPoints":[{"x":184,"y":24},{"x":290,"y":24},{"x":290,"y":84},{"x":184,"y":84}],"elements":[{"boundingBox":{"bottom":84,"left":184,"right":290,"top":24},"cornerPoints":[{"x":184,"y":24},{"x":290,"y":24},{"x":290,"y":84},{"x":184,"y":84}],"recognizedLanguage":"und-Latn","text":"27Kg"}],"recognizedLanguage":"und-Latn","text":"27Kg"}],"recognizedLanguage":"und-Latn","text":"27Kg"}]}}
08-28 00:05:09.345  5154  5198 I Unity   : MLKit: GetResult() : id=-2147483648
08-28 00:05:09.345  5154  5198 I Unity   : MLKit: Abort id=-2147483648
08-28 00:05:09.346  5154  5198 I Unity   : Word: 27Kg -> (242.80, 132.00) (382.68, 192.00)
08-28 00:05:09.346  5154  5198 I Unity   : 	Zone: 0 (225.00, 6.00) (375.00, 126.00) collide:False
08-28 00:05:09.395  5154  5198 I Unity   : MLKit Recognize: 252x216 pixelCount=54432 id=62
08-28 00:05:09.421  5154  5198 D MLKit   : input 252x216 pixelCount=54432 id=62
08-28 00:05:09.620  5154  5154 D MLKit   : parseText 27Kg
08-28 00:05:09.620  5154  5154 D MLKit   : ? 2
08-28 00:05:09.620  5154  5154 D MLKit   : parseTextBlock 27Kg 1 (157,22) - (250,84)
08-28 00:05:09.620  5154  5154 D MLKit   : parseLine 27Kg 1 (156,22) - (250,83)
08-28 00:05:09.620  5154  5154 D MLKit   : parseElement 27Kg (156,22) - (250,83)
08-28 00:05:09.620  5154  5154 D MLKit   : parseTextBlock ? 1 (173,102) - (216,205)
08-28 00:05:09.620  5154  5154 D MLKit   : parseLine ? 1 (173,102) - (216,205)
08-28 00:05:09.620  5154  5154 D MLKit   : parseElement ? (173,102) - (216,205)
08-28 00:05:09.624  5154  5198 I Unity   : MLKitWrapper.OnComplete: json
08-28 00:05:09.624  5154  5198 I Unity   : {"requestId":62,"text":{"text":"27Kg\n?","textBlocks":[{"boundingBox":{"bottom":84,"left":157,"right":250,"top":22},"cornerPoints":[{"x":159,"y":22},{"x":250,"y":25},{"x":248,"y":84},{"x":157,"y":80}],"lines":[{"boundingBox":{"bottom":83,"left":156,"right":250,"top":22},"cornerPoints":[{"x":159,"y":22},{"x":250,"y":25},{"x":247,"y":83},{"x":156,"y":80}],"elements":[{"boundingBox":{"bottom":83,"left":156,"right":250,"top":22},"cornerPoints":[{"x":159,"y":22},{"x":250,"y":25},{"x":247,"y":83},{"x":156,"y":80}],"recognizedLanguage":"und-Latn","text":"27Kg"}],"recognizedLanguage":"und-Latn","text":"27Kg"}],"recognizedLanguage":"und-Latn","text":"27Kg"},{"boundingBox":{"bottom":205,"left":173,"right":216,"top":102},"cornerPoints":[{"x":173,"y":102},{"x":216,"y":102},{"x":216,"y":205},{"x":173,"y":205}],"lines":[{"boundingBox":{"bottom":205,"left":173,"right":216,"top":102},"cornerPoints":[{"x":173,"y":102},{"x":216,"y":102},{"x":216,"y":205},{"x":173,"y":205}],"elements":[{"boundingB
08-28 00:05:09.640  5154  5198 I Unity   : MLKit: GetResult() : id=-2147483648
08-28 00:05:09.641  5154  5198 I Unity   : MLKit: Abort id=-2147483648
08-28 00:05:09.642  5154  5198 I Unity   : Word: 27Kg -> (237.71, 133.00) (380.95, 194.00)
08-28 00:05:09.642  5154  5198 I Unity   : 	Zone: 0 (225.00, 6.00) (375.00, 126.00) collide:False
08-28 00:05:09.642  5154  5198 I Unity   : Word: ? -> (263.62, 11.00) (329.14, 114.00)
08-28 00:05:09.642  5154  5198 I Unity   : 	Zone: 0 (225.00, 6.00) (375.00, 126.00) collide:True
08-28 00:05:09.643  5154  5198 I Unity   : ? -> 0 5.034717 9
08-28 00:05:09.643  5154  5198 I Unity   : Anno: ? 0 (266.67, 112.00)
08-28 00:05:09.643  5154  5198 I Unity   : Anno: ? 1 (326.10, 112.00)
08-28 00:05:09.643  5154  5198 I Unity   : Anno: ? 2 (326.10, 13.00)
08-28 00:05:09.643  5154  5198 I Unity   : Anno: ? 3 (266.67, 13.00)
08-28 00:05:09.689  5154  5198 I Unity   : MLKit Recognize: 235x216 pixelCount=50760 id=63
08-28 00:05:09.714  5154  5198 D MLKit   : input 235x216 pixelCount=50760 id=63
08-28 00:05:09.936  5154  5154 D MLKit   : parseText 27Kg 1
08-28 00:05:09.936  5154  5154 D MLKit   : parseTextBlock 27Kg 1 (147,22) - (233,85)
08-28 00:05:09.936  5154  5154 D MLKit   : parseLine 27Kg 1 (146,22) - (233,84)
08-28 00:05:09.936  5154  5154 D MLKit   : parseElement 27Kg (146,22) - (233,84)
08-28 00:05:09.952  5154  5198 I Unity   : MLKitWrapper.OnComplete: json
08-28 00:05:09.952  5154  5198 I Unity   : {"requestId":63,"text":{"text":"27Kg","textBlocks":[{"boundingBox":{"bottom":85,"left":147,"right":233,"top":22},"cornerPoints":[{"x":149,"y":22},{"x":233,"y":25},{"x":231,"y":85},{"x":147,"y":81}],"lines":[{"boundingBox":{"bottom":84,"left":146,"right":233,"top":22},"cornerPoints":[{"x":149,"y":22},{"x":233,"y":25},{"x":230,"y":84},{"x":146,"y":81}],"elements":[{"boundingBox":{"bottom":84,"left":146,"right":233,"top":22},"cornerPoints":[{"x":149,"y":22},{"x":233,"y":25},{"x":230,"y":84},{"x":146,"y":81}],"recognizedLanguage":"und-Latn","text":"27Kg"}],"recognizedLanguage":"und-Latn","text":"27Kg"}],"recognizedLanguage":"und-Latn","text":"27Kg"}]}}
08-28 00:05:09.970  5154  5198 I Unity   : MLKit: GetResult() : id=-2147483648
08-28 00:05:09.971  5154  5198 I Unity   : MLKit: Abort id=-2147483648
08-28 00:05:09.972  5154  5198 I Unity   : Word: 27Kg -> (238.57, 132.00) (380.73, 194.00)
08-28 00:05:09.972  5154  5198 I Unity   : 	Zone: 0 (225.00, 6.00) (375.00, 126.00) collide:False
08-28 00:05:10.020  5154  5198 I Unity   : MLKit Recognize: 384x150 pixelCount=57600 id=64
08-28 00:05:10.046  5154  5198 D MLKit   : input 384x150 pixelCount=57600 id=64
08-28 00:05:10.144  5154  5198 I Unity   : Cont. 20.255344/400	2/30-40
08-28 00:05:10.283  5154  5154 D MLKit   : parseText 27Kg 1
08-28 00:05:10.283  5154  5154 D MLKit   : parseTextBlock 27Kg 1 (243,13) - (382,58)
08-28 00:05:10.283  5154  5154 D MLKit   : parseLine 27Kg 1 (242,13) - (382,58)
08-28 00:05:10.283  5154  5154 D MLKit   : parseElement 27Kg (242,13) - (382,58)
08-28 00:05:10.300  5154  5198 I Unity   : MLKitWrapper.OnComplete: json
08-28 00:05:10.300  5154  5198 I Unity   : {"requestId":64,"text":{"text":"27Kg","textBlocks":[{"boundingBox":{"bottom":58,"left":243,"right":382,"top":13},"cornerPoints":[{"x":244,"y":13},{"x":382,"y":18},{"x":381,"y":58},{"x":243,"y":53}],"lines":[{"boundingBox":{"bottom":58,"left":242,"right":382,"top":13},"cornerPoints":[{"x":244,"y":13},{"x":382,"y":18},{"x":380,"y":58},{"x":242,"y":53}],"elements":[{"boundingBox":{"bottom":58,"left":242,"right":382,"top":13},"cornerPoints":[{"x":244,"y":13},{"x":382,"y":18},{"x":380,"y":58},{"x":242,"y":53}],"recognizedLanguage":"und-Latn","text":"27Kg"}],"recognizedLanguage":"und-Latn","text":"27Kg"}],"recognizedLanguage":"und-Latn","text":"27Kg"}]}}
08-28 00:05:10.318  5154  5198 I Unity   : MLKit: GetResult() : id=-2147483648
08-28 00:05:10.318  5154  5198 I Unity   : MLKit: Abort id=-2147483648
08-28 00:05:11.243  5154  5198 I Unity   : MLKit Recognize: 273x216 pixelCount=58968 id=65
08-28 00:05:11.260  5154  5198 D MLKit   : input 273x216 pixelCount=58968 id=65
08-28 00:05:11.517  5154  5154 D MLKit   : parseText 27Kg 1
08-28 00:05:11.517  5154  5154 D MLKit   : parseTextBlock 27Kg 1 (172,26) - (270,84)
08-28 00:05:11.517  5154  5154 D MLKit   : parseLine 27Kg 1 (172,26) - (270,84)
08-28 00:05:11.517  5154  5154 D MLKit   : parseElement 27Kg (172,26) - (270,84)
08-28 00:05:11.528  5154  5198 I Unity   : MLKitWrapper.OnComplete: json
08-28 00:05:11.528  5154  5198 I Unity   : {"requestId":65,"text":{"text":"27Kg","textBlocks":[{"boundingBox":{"bottom":84,"left":172,"right":270,"top":26},"cornerPoints":[{"x":172,"y":26},{"x":270,"y":26},{"x":270,"y":84},{"x":172,"y":84}],"lines":[{"boundingBox":{"bottom":84,"left":172,"right":270,"top":26},"cornerPoints":[{"x":172,"y":26},{"x":270,"y":26},{"x":270,"y":84},{"x":172,"y":84}],"elements":[{"boundingBox":{"bottom":84,"left":172,"right":270,"top":26},"cornerPoints":[{"x":172,"y":26},{"x":270,"y":26},{"x":270,"y":84},{"x":172,"y":84}],"recognizedLanguage":"und-Latn","text":"27Kg"}],"recognizedLanguage":"und-Latn","text":"27Kg"}],"recognizedLanguage":"und-Latn","text":"27Kg"}]}}
08-28 00:05:11.543  5154  5198 I Unity   : MLKit: GetResult() : id=-2147483648
08-28 00:05:11.543  5154  5198 I Unity   : MLKit: Abort id=-2147483648
08-28 00:05:11.544  5154  5198 I Unity   : Word: 27Kg -> (241.93, 132.00) (379.78, 190.00)
08-28 00:05:11.544  5154  5198 I Unity   : 	Zone: 0 (225.00, 6.00) (375.00, 126.00) collide:False
08-28 00:05:11.596  5154  5198 I Unity   : MLKit Recognize: 260x216 pixelCount=56160 id=66
08-28 00:05:11.616  5154  5198 D MLKit   : input 260x216 pixelCount=56160 id=66
08-28 00:05:11.869  5154  5154 D MLKit   : parseText 27Kg 1
08-28 00:05:11.869  5154  5154 D MLKit   : parseTextBlock 27Kg 1 (164,24) - (258,84)
08-28 00:05:11.869  5154  5154 D MLKit   : parseLine 27Kg 1 (164,24) - (258,84)
08-28 00:05:11.869  5154  5154 D MLKit   : parseElement 27Kg (164,24) - (258,84)
08-28 00:05:11.874  5154  5198 I Unity   : MLKitWrapper.OnComplete: json
08-28 00:05:11.874  5154  5198 I Unity   : {"requestId":66,"text":{"text":"27Kg","textBlocks":[{"boundingBox":{"bottom":84,"left":164,"right":258,"top":24},"cornerPoints":[{"x":164,"y":24},{"x":258,"y":24},{"x":258,"y":84},{"x":164,"y":84}],"lines":[{"boundingBox":{"bottom":84,"left":164,"right":258,"top":24},"cornerPoints":[{"x":164,"y":24},{"x":258,"y":24},{"x":258,"y":84},{"x":164,"y":84}],"elements":[{"boundingBox":{"bottom":84,"left":164,"right":258,"top":24},"cornerPoints":[{"x":164,"y":24},{"x":258,"y":24},{"x":258,"y":84},{"x":164,"y":84}],"recognizedLanguage":"und-Latn","text":"27Kg"}],"recognizedLanguage":"und-Latn","text":"27Kg"}],"recognizedLanguage":"und-Latn","text":"27Kg"}]}}
08-28 00:05:11.888  5154  5198 I Unity   : MLKit: GetResult() : id=-2147483648
08-28 00:05:11.889  5154  5198 I Unity   : MLKit: Abort id=-2147483648
08-28 00:05:11.890  5154  5198 I Unity   : Word: 27Kg -> (242.22, 132.00) (381.05, 192.00)
08-28 00:05:11.890  5154  5198 I Unity   : 	Zone: 0 (225.00, 6.00) (375.00, 126.00) collide:False
08-28 00:05:11.941  5154  5198 I Unity   : MLKit Recognize: 265x216 pixelCount=57240 id=67
08-28 00:05:11.966  5154  5198 D MLKit   : input 265x216 pixelCount=57240 id=67
08-28 00:05:12.015  5154  5198 I Unity   : MLKit Recognize: 316x216 pixelCount=68256 id=68
08-28 00:05:12.015  5154  5198 I Unity   : MLKit: Abort id=67
08-28 00:05:12.034  5154  5198 D MLKit   : input 316x216 pixelCount=68256 id=68
08-28 00:05:12.214  5154  5154 D MLKit   : parseText 27Kg 1
08-28 00:05:12.214  5154  5154 D MLKit   : parseTextBlock 27Kg 1 (166,26) - (262,84)
08-28 00:05:12.215  5154  5154 D MLKit   : parseLine 27Kg 1 (166,26) - (262,84)
08-28 00:05:12.215  5154  5154 D MLKit   : parseElement 27Kg (166,26) - (262,84)
08-28 00:05:12.234  5154  5198 I Unity   : MLKitWrapper.OnComplete: json
08-28 00:05:12.234  5154  5198 I Unity   : {"requestId":67,"text":{"text":"27Kg","textBlocks":[{"boundingBox":{"bottom":84,"left":166,"right":262,"top":26},"cornerPoints":[{"x":166,"y":26},{"x":262,"y":26},{"x":262,"y":84},{"x":166,"y":84}],"lines":[{"boundingBox":{"bottom":84,"left":166,"right":262,"top":26},"cornerPoints":[{"x":166,"y":26},{"x":262,"y":26},{"x":262,"y":84},{"x":166,"y":84}],"elements":[{"boundingBox":{"bottom":84,"left":166,"right":262,"top":26},"cornerPoints":[{"x":166,"y":26},{"x":262,"y":26},{"x":262,"y":84},{"x":166,"y":84}],"recognizedLanguage":"und-Latn","text":"27Kg"}],"recognizedLanguage":"und-Latn","text":"27Kg"}],"recognizedLanguage":"und-Latn","text":"27Kg"}]}}
08-28 00:05:12.472  5154  5154 D MLKit   : parseText 27Kg 1
08-28 00:05:12.472  5154  5154 D MLKit   : parseTextBlock 27Kg 1 (199,23) - (314,85)
08-28 00:05:12.472  5154  5154 D MLKit   : parseLine 27Kg 1 (198,23) - (314,84)
08-28 00:05:12.472  5154  5154 D MLKit   : parseElement 27Kg (198,23) - (314,84)
08-28 00:05:12.478  5154  5198 I Unity   : MLKitWrapper.OnComplete: json
08-28 00:05:12.478  5154  5198 I Unity   : {"requestId":68,"text":{"text":"27Kg","textBlocks":[{"boundingBox":{"bottom":85,"left":199,"right":314,"top":23},"cornerPoints":[{"x":200,"y":23},{"x":314,"y":26},{"x":313,"y":85},{"x":199,"y":81}],"lines":[{"boundingBox":{"bottom":84,"left":198,"right":314,"top":23},"cornerPoints":[{"x":200,"y":23},{"x":314,"y":26},{"x":312,"y":84},{"x":198,"y":81}],"elements":[{"boundingBox":{"bottom":84,"left":198,"right":314,"top":23},"cornerPoints":[{"x":200,"y":23},{"x":314,"y":26},{"x":312,"y":84},{"x":198,"y":81}],"recognizedLanguage":"und-Latn","text":"27Kg"}],"recognizedLanguage":"und-Latn","text":"27Kg"}],"recognizedLanguage":"und-Latn","text":"27Kg"}]}}
08-28 00:05:12.493  5154  5198 I Unity   : MLKit: GetResult() : id=-2147483648
08-28 00:05:12.494  5154  5198 I Unity   : MLKit: Abort id=-2147483648
08-28 00:05:12.495  5154  5198 I Unity   : Word: 27Kg -> (240.61, 132.00) (381.57, 193.00)
08-28 00:05:12.495  5154  5198 I Unity   : 	Zone: 0 (225.00, 6.00) (375.00, 126.00) collide:False
08-28 00:05:12.547  5154  5198 I Unity   : MLKit Recognize: 213x216 pixelCount=46008 id=69
08-28 00:05:12.564  5154  5198 D MLKit   : input 213x216 pixelCount=46008 id=69
08-28 00:05:12.824  5154  5154 D MLKit   : parseText 27Kg 1
08-28 00:05:12.825  5154  5154 D MLKit   : parseTextBlock 27Kg 1 (130,19) - (215,86)
08-28 00:05:12.825  5154  5154 D MLKit   : parseLine 27Kg 1 (129,19) - (215,85)
08-28 00:05:12.825  5154  5154 D MLKit   : parseElement 27Kg (129,19) - (215,85)
08-28 00:05:12.836  5154  5198 I Unity   : MLKitWrapper.OnComplete: json
08-28 00:05:12.836  5154  5198 I Unity   : {"requestId":69,"text":{"text":"27Kg","textBlocks":[{"boundingBox":{"bottom":86,"left":130,"right":215,"top":19},"cornerPoints":[{"x":136,"y":19},{"x":215,"y":27},{"x":209,"y":86},{"x":130,"y":77}],"lines":[{"boundingBox":{"bottom":85,"left":129,"right":215,"top":19},"cornerPoints":[{"x":136,"y":19},{"x":215,"y":27},{"x":208,"y":85},{"x":129,"y":77}],"elements":[{"boundingBox":{"bottom":85,"left":129,"right":215,"top":19},"cornerPoints":[{"x":136,"y":19},{"x":215,"y":27},{"x":208,"y":85},{"x":129,"y":77}],"recognizedLanguage":"und-Latn","text":"27Kg"}],"recognizedLanguage":"und-Latn","text":"27Kg"}],"recognizedLanguage":"und-Latn","text":"27Kg"}]}}
08-28 00:05:12.855  5154  5198 I Unity   : MLKit: GetResult() : id=-2147483648
08-28 00:05:12.855  5154  5198 I Unity   : MLKit: Abort id=-2147483648
08-28 00:05:12.856  5154  5198 I Unity   : Word: 27Kg -> (232.56, 131.00) (387.61, 197.00)
08-28 00:05:12.857  5154  5198 I Unity   : 	Zone: 0 (225.00, 6.00) (375.00, 126.00) collide:False
08-28 00:05:12.906  5154  5198 I Unity   : MLKit Recognize: 384x158 pixelCount=60672 id=70
08-28 00:05:12.922  5154  5198 D MLKit   : input 384x158 pixelCount=60672 id=70
08-28 00:05:13.101  5154  5154 D MLKit   : parseText 27Kg 1
08-28 00:05:13.101  5154  5154 D MLKit   : parseTextBlock 27Kg 1 (242,16) - (382,62)
08-28 00:05:13.101  5154  5154 D MLKit   : parseLine 27Kg 1 (241,16) - (382,61)
08-28 00:05:13.101  5154  5154 D MLKit   : parseElement 27Kg (241,16) - (382,61)
08-28 00:05:13.115  5154  5198 I Unity   : MLKitWrapper.OnComplete: json
08-28 00:05:13.115  5154  5198 I Unity   : {"requestId":70,"text":{"text":"27Kg","textBlocks":[{"boundingBox":{"bottom":62,"left":242,"right":382,"top":16},"cornerPoints":[{"x":243,"y":16},{"x":382,"y":19},{"x":381,"y":62},{"x":242,"y":58}],"lines":[{"boundingBox":{"bottom":61,"left":241,"right":382,"top":16},"cornerPoints":[{"x":243,"y":16},{"x":382,"y":19},{"x":380,"y":61},{"x":241,"y":58}],"elements":[{"boundingBox":{"bottom":61,"left":241,"right":382,"top":16},"cornerPoints":[{"x":243,"y":16},{"x":382,"y":19},{"x":380,"y":61},{"x":241,"y":58}],"recognizedLanguage":"und-Latn","text":"27Kg"}],"recognizedLanguage":"und-Latn","text":"27Kg"}],"recognizedLanguage":"und-Latn","text":"27Kg"}]}}
08-28 00:05:13.131  5154  5198 I Unity   : MLKit: GetResult() : id=-2147483648
08-28 00:05:13.131  5154  5198 I Unity   : MLKit: Abort id=-2147483648
08-28 00:05:13.132  5154  5198 I Unity   : Word: 27Kg -> (241.00, 132.61) (382.00, 194.13)
08-28 00:05:13.132  5154  5198 I Unity   : 	Zone: 0 (225.00, 6.00) (375.00, 126.00) collide:False
08-28 00:05:13.183  5154  5198 I Unity   : MLKit Recognize: 384x159 pixelCount=61056 id=71
08-28 00:05:13.201  5154  5198 D MLKit   : input 384x159 pixelCount=61056 id=71
08-28 00:05:13.339  5154  5154 D MLKit   : parseText 27Kg 1
08-28 00:05:13.340  5154  5154 D MLKit   : parseTextBlock 27Kg 1 (242,17) - (382,64)
08-28 00:05:13.340  5154  5154 D MLKit   : parseLine 27Kg 1 (241,17) - (382,63)
08-28 00:05:13.340  5154  5154 D MLKit   : parseElement 27Kg (241,17) - (382,63)
08-28 00:05:13.357  5154  5198 I Unity   : MLKitWrapper.OnComplete: json
08-28 00:05:13.357  5154  5198 I Unity   : {"requestId":71,"text":{"text":"27Kg","textBlocks":[{"boundingBox":{"bottom":64,"left":242,"right":382,"top":17},"cornerPoints":[{"x":243,"y":17},{"x":382,"y":21},{"x":381,"y":64},{"x":242,"y":59}],"lines":[{"boundingBox":{"bottom":63,"left":241,"right":382,"top":17},"cornerPoints":[{"x":243,"y":17},{"x":382,"y":21},{"x":380,"y":63},{"x":241,"y":59}],"elements":[{"boundingBox":{"bottom":63,"left":241,"right":382,"top":17},"cornerPoints":[{"x":243,"y":17},{"x":382,"y":21},{"x":380,"y":63},{"x":241,"y":59}],"recognizedLanguage":"und-Latn","text":"27Kg"}],"recognizedLanguage":"und-Latn","text":"27Kg"}],"recognizedLanguage":"und-Latn","text":"27Kg"}]}}
08-28 00:05:13.373  5154  5198 I Unity   : MLKit: GetResult() : id=-2147483648
08-28 00:05:13.374  5154  5198 I Unity   : MLKit: Abort id=-2147483648
08-28 00:05:13.375  5154  5198 I Unity   : Word: 27Kg -> (241.00, 130.42) (382.00, 192.91)
08-28 00:05:13.375  5154  5198 I Unity   : 	Zone: 0 (225.00, 6.00) (375.00, 126.00) collide:False
08-28 00:05:13.416  5154  5198 I Unity   : MLKit Recognize: 212x216 pixelCount=45792 id=72
08-28 00:05:13.431  5154  5198 D MLKit   : input 212x216 pixelCount=45792 id=72
08-28 00:05:13.670  5154  5154 D MLKit   : parseText 27Kg 1
08-28 00:05:13.670  5154  5154 D MLKit   : parseTextBlock 27Kg 1 (133,23) - (210,85)
08-28 00:05:13.670  5154  5154 D MLKit   : parseLine 27Kg 1 (132,23) - (210,84)
08-28 00:05:13.670  5154  5154 D MLKit   : parseElement 27Kg (132,23) - (210,84)
08-28 00:05:13.687  5154  5198 I Unity   : MLKitWrapper.OnComplete: json
08-28 00:05:13.687  5154  5198 I Unity   : {"requestId":72,"text":{"text":"27Kg","textBlocks":[{"boundingBox":{"bottom":85,"left":133,"right":210,"top":23},"cornerPoints":[{"x":134,"y":23},{"x":210,"y":24},{"x":209,"y":85},{"x":133,"y":83}],"lines":[{"boundingBox":{"bottom":84,"left":132,"right":210,"top":23},"cornerPoints":[{"x":134,"y":23},{"x":210,"y":24},{"x":208,"y":84},{"x":132,"y":83}],"elements":[{"boundingBox":{"bottom":84,"left":132,"right":210,"top":23},"cornerPoints":[{"x":134,"y":23},{"x":210,"y":24},{"x":208,"y":84},{"x":132,"y":83}],"recognizedLanguage":"und-Latn","text":"27Kg"}],"recognizedLanguage":"und-Latn","text":"27Kg"}],"recognizedLanguage":"und-Latn","text":"27Kg"}]}}
08-28 00:05:13.701  5154  5198 I Unity   : MLKit: GetResult() : id=-2147483648
08-28 00:05:13.701  5154  5198 I Unity   : MLKit: Abort id=-2147483648
08-28 00:05:13.703  5154  5198 I Unity   : Word: 27Kg -> (239.09, 132.00) (380.38, 193.00)
08-28 00:05:13.703  5154  5198 I Unity   : 	Zone: 0 (225.00, 6.00) (375.00, 126.00) collide:False
08-28 00:05:13.752  5154  5198 I Unity   : MLKit Recognize: 384x192 pixelCount=73728 id=73
08-28 00:05:13.773  5154  5198 D MLKit   : input 384x192 pixelCount=73728 id=73
08-28 00:05:13.898  5154  5154 D MLKit   : parseText 27Kg 1
08-28 00:05:13.898  5154  5154 D MLKit   : parseTextBlock 27Kg 1 (243,19) - (383,75)
08-28 00:05:13.898  5154  5154 D MLKit   : parseLine 27Kg 1 (242,19) - (383,74)
08-28 00:05:13.898  5154  5154 D MLKit   : parseElement 27Kg (242,19) - (383,74)
08-28 00:05:13.911  5154  5198 I Unity   : MLKitWrapper.OnComplete: json
08-28 00:05:13.911  5154  5198 I Unity   : {"requestId":73,"text":{"text":"27Kg","textBlocks":[{"boundingBox":{"bottom":75,"left":243,"right":383,"top":19},"cornerPoints":[{"x":244,"y":19},{"x":383,"y":22},{"x":382,"y":75},{"x":243,"y":71}],"lines":[{"boundingBox":{"bottom":74,"left":242,"right":383,"top":19},"cornerPoints":[{"x":244,"y":19},{"x":383,"y":22},{"x":381,"y":74},{"x":242,"y":71}],"elements":[{"boundingBox":{"bottom":74,"left":242,"right":383,"top":19},"cornerPoints":[{"x":244,"y":19},{"x":383,"y":22},{"x":381,"y":74},{"x":242,"y":71}],"recognizedLanguage":"und-Latn","text":"27Kg"}],"recognizedLanguage":"und-Latn","text":"27Kg"}],"recognizedLanguage":"und-Latn","text":"27Kg"}]}}
08-28 00:05:13.928  5154  5198 I Unity   : MLKit: GetResult() : id=-2147483648
08-28 00:05:13.928  5154  5198 I Unity   : MLKit: Abort id=-2147483648
08-28 00:05:13.929  5154  5198 I Unity   : Word: 27Kg -> (242.00, 132.75) (383.00, 194.63)
08-28 00:05:13.929  5154  5198 I Unity   : 	Zone: 0 (225.00, 6.00) (375.00, 126.00) collide:False
08-28 00:05:13.973  5154  5198 I Unity   : MLKit Recognize: 248x216 pixelCount=53568 id=74
08-28 00:05:13.996  5154  5198 D MLKit   : input 248x216 pixelCount=53568 id=74
08-28 00:05:14.199  5154  5154 D MLKit   : parseText 27Kg 1
08-28 00:05:14.199  5154  5154 D MLKit   : parseTextBlock 27Kg 1 (157,24) - (246,84)
08-28 00:05:14.199  5154  5154 D MLKit   : parseLine 27Kg 1 (156,24) - (246,83)
08-28 00:05:14.199  5154  5154 D MLKit   : parseElement 27Kg (156,24) - (246,83)
08-28 00:05:14.204  5154  5198 I Unity   : MLKitWrapper.OnComplete: json
08-28 00:05:14.204  5154  5198 I Unity   : {"requestId":74,"text":{"text":"27Kg","textBlocks":[{"boundingBox":{"bottom":84,"left":157,"right":246,"top":24},"cornerPoints":[{"x":157,"y":24},{"x":246,"y":25},{"x":246,"y":84},{"x":157,"y":82}],"lines":[{"boundingBox":{"bottom":83,"left":156,"right":246,"top":24},"cornerPoints":[{"x":157,"y":24},{"x":246,"y":25},{"x":245,"y":83},{"x":156,"y":82}],"elements":[{"boundingBox":{"bottom":83,"left":156,"right":246,"top":24},"cornerPoints":[{"x":157,"y":24},{"x":246,"y":25},{"x":245,"y":83},{"x":156,"y":82}],"recognizedLanguage":"und-Latn","text":"27Kg"}],"recognizedLanguage":"und-Latn","text":"27Kg"}],"recognizedLanguage":"und-Latn","text":"27Kg"}]}}
08-28 00:05:14.220  5154  5198 I Unity   : MLKit: GetResult() : id=-2147483648
08-28 00:05:14.221  5154  5198 I Unity   : MLKit: Abort id=-2147483648
08-28 00:05:14.221  5154  5198 I Unity   : Word: 27Kg -> (241.55, 133.00) (380.90, 192.00)
08-28 00:05:14.221  5154  5198 I Unity   : 	Zone: 0 (225.00, 6.00) (375.00, 126.00) collide:False
08-28 00:05:14.272  5154  5198 I Unity   : MLKit Recognize: 384x148 pixelCount=56832 id=75
08-28 00:05:14.299  5154  5198 D MLKit   : input 384x148 pixelCount=56832 id=75
08-28 00:05:14.428  5154  5154 D MLKit   : parseText 27Kg 1
08-28 00:05:14.428  5154  5154 D MLKit   : parseTextBlock 27Kg 1 (243,12) - (382,59)
08-28 00:05:14.428  5154  5154 D MLKit   : parseLine 27Kg 1 (242,12) - (382,58)
08-28 00:05:14.428  5154  5154 D MLKit   : parseElement 27Kg (242,12) - (382,58)
08-28 00:05:14.446  5154  5198 I Unity   : MLKitWrapper.OnComplete: json
08-28 00:05:14.446  5154  5198 I Unity   : {"requestId":75,"text":{"text":"27Kg","textBlocks":[{"boundingBox":{"bottom":59,"left":243,"right":382,"top":12},"cornerPoints":[{"x":244,"y":12},{"x":382,"y":17},{"x":381,"y":59},{"x":243,"y":53}],"lines":[{"boundingBox":{"bottom":58,"left":242,"right":382,"top":12},"cornerPoints":[{"x":244,"y":12},{"x":382,"y":17},{"x":380,"y":58},{"x":242,"y":53}],"elements":[{"boundingBox":{"bottom":58,"left":242,"right":382,"top":12},"cornerPoints":[{"x":244,"y":12},{"x":382,"y":17},{"x":380,"y":58},{"x":242,"y":53}],"recognizedLanguage":"und-Latn","text":"27Kg"}],"recognizedLanguage":"und-Latn","text":"27Kg"}],"recognizedLanguage":"und-Latn","text":"27Kg"}]}}
08-28 00:05:14.463  5154  5198 I Unity   : MLKit: GetResult() : id=-2147483648
08-28 00:05:14.463  5154  5198 I Unity   : MLKit: Abort id=-2147483648
08-28 00:05:14.464  5154  5198 I Unity   : Word: 27Kg -> (242.00, 131.35) (382.00, 198.49)
08-28 00:05:14.465  5154  5198 I Unity   : 	Zone: 0 (225.00, 6.00) (375.00, 126.00) collide:False
08-28 00:05:14.507  5154  5198 I Unity   : MLKit Recognize: 208x216 pixelCount=44928 id=76
08-28 00:05:14.526  5154  5198 D MLKit   : input 208x216 pixelCount=44928 id=76
08-28 00:05:14.722  5154  5154 D MLKit   : parseText  0
08-28 00:05:14.725  5154  5198 I Unity   : MLKitWrapper.OnComplete: json
08-28 00:05:14.725  5154  5198 I Unity   : {"requestId":76,"text":{"text":"","textBlocks":[]}}
08-28 00:05:14.740  5154  5198 I Unity   : MLKit: GetResult() : id=-2147483648
08-28 00:05:14.740  5154  5198 I Unity   : MLKit: Abort id=-2147483648
08-28 00:05:14.790  5154  5198 I Unity   : MLKit Recognize: 230x216 pixelCount=49680 id=77
08-28 00:05:14.811  5154  5198 D MLKit   : input 230x216 pixelCount=49680 id=77
08-28 00:05:15.013  5154  5154 D MLKit   : parseText 27Kg 1
08-28 00:05:15.013  5154  5154 D MLKit   : parseTextBlock 27Kg 1 (144,23) - (228,85)
08-28 00:05:15.014  5154  5154 D MLKit   : parseLine 27Kg 1 (143,23) - (228,84)
08-28 00:05:15.014  5154  5154 D MLKit   : parseElement 27Kg (143,23) - (228,84)
08-28 00:05:15.035  5154  5198 I Unity   : MLKitWrapper.OnComplete: json
08-28 00:05:15.035  5154  5198 I Unity   : {"requestId":77,"text":{"text":"27Kg","textBlocks":[{"boundingBox":{"bottom":85,"left":144,"right":228,"top":23},"cornerPoints":[{"x":145,"y":23},{"x":228,"y":24},{"x":227,"y":85},{"x":144,"y":83}],"lines":[{"boundingBox":{"bottom":84,"left":143,"right":228,"top":23},"cornerPoints":[{"x":145,"y":23},{"x":228,"y":24},{"x":226,"y":84},{"x":143,"y":83}],"elements":[{"boundingBox":{"bottom":84,"left":143,"right":228,"top":23},"cornerPoints":[{"x":145,"y":23},{"x":228,"y":24},{"x":226,"y":84},{"x":143,"y":83}],"recognizedLanguage":"und-Latn","text":"27Kg"}],"recognizedLanguage":"und-Latn","text":"27Kg"}],"recognizedLanguage":"und-Latn","text":"27Kg"}]}}
08-28 00:05:15.051  5154  5198 I Unity   : MLKit: GetResult() : id=-2147483648
08-28 00:05:15.052  5154  5198 I Unity   : MLKit: Abort id=-2147483648
08-28 00:05:15.053  5154  5198 I Unity   : Word: 27Kg -> (238.75, 132.00) (380.66, 193.00)
08-28 00:05:15.053  5154  5198 I Unity   : 	Zone: 0 (225.00, 6.00) (375.00, 126.00) collide:False
08-28 00:05:15.100  5154  5198 I Unity   : MLKit Recognize: 194x216 pixelCount=41904 id=78
08-28 00:05:15.122  5154  5198 D MLKit   : input 194x216 pixelCount=41904 id=78
08-28 00:05:15.292  5154  5154 D MLKit   : parseText  0
08-28 00:05:15.314  5154  5198 I Unity   : MLKitWrapper.OnComplete: json
08-28 00:05:15.314  5154  5198 I Unity   : {"requestId":78,"text":{"text":"","textBlocks":[]}}
08-28 00:05:15.328  5154  5198 I Unity   : MLKit: GetResult() : id=-2147483648
08-28 00:05:15.328  5154  5198 I Unity   : MLKit: Abort id=-2147483648
08-28 00:05:15.373  5154  5198 I Unity   : MLKit Recognize: 349x216 pixelCount=75384 id=79
08-28 00:05:15.404  5154  5198 D MLKit   : input 349x216 pixelCount=75384 id=79
08-28 00:05:15.530  5154  5154 D MLKit   : parseText 27Kg 1
08-28 00:05:15.531  5154  5154 D MLKit   : parseTextBlock 27Kg 1 (219,19) - (348,85)
08-28 00:05:15.531  5154  5154 D MLKit   : parseLine 27Kg 1 (218,19) - (348,84)
08-28 00:05:15.531  5154  5154 D MLKit   : parseElement 27Kg (218,19) - (348,84)
08-28 00:05:15.535  5154  5198 I Unity   : MLKitWrapper.OnComplete: json
08-28 00:05:15.535  5154  5198 I Unity   : {"requestId":79,"text":{"text":"27Kg","textBlocks":[{"boundingBox":{"bottom":85,"left":219,"right":348,"top":19},"cornerPoints":[{"x":222,"y":19},{"x":348,"y":26},{"x":345,"y":85},{"x":219,"y":77}],"lines":[{"boundingBox":{"bottom":84,"left":218,"right":348,"top":19},"cornerPoints":[{"x":222,"y":19},{"x":348,"y":26},{"x":344,"y":84},{"x":218,"y":77}],"elements":[{"boundingBox":{"bottom":84,"left":218,"right":348,"top":19},"cornerPoints":[{"x":222,"y":19},{"x":348,"y":26},{"x":344,"y":84},{"x":218,"y":77}],"recognizedLanguage":"und-Latn","text":"27Kg"}],"recognizedLanguage":"und-Latn","text":"27Kg"}],"recognizedLanguage":"und-Latn","text":"27Kg"}]}}
08-28 00:05:15.552  5154  5198 I Unity   : MLKit: GetResult() : id=-2147483648
08-28 00:05:15.552  5154  5198 I Unity   : MLKit: Abort id=-2147483648
08-28 00:05:15.553  5154  5198 I Unity   : Word: 27Kg -> (239.86, 132.00) (382.90, 197.00)
08-28 00:05:15.553  5154  5198 I Unity   : 	Zone: 0 (225.00, 6.00) (375.00, 126.00) collide:False
08-28 00:05:15.598  5154  5198 I Unity   : MLKit Recognize: 304x216 pixelCount=65664 id=80
08-28 00:05:15.621  5154  5198 D MLKit   : input 304x216 pixelCount=65664 id=80
08-28 00:05:15.882  5154  5154 D MLKit   : parseText 27Kg
08-28 00:05:15.882  5154  5154 D MLKit   : 0 2
08-28 00:05:15.882  5154  5154 D MLKit   : parseTextBlock 27Kg 1 (189,21) - (302,84)
08-28 00:05:15.882  5154  5154 D MLKit   : parseLine 27Kg 1 (188,21) - (302,84)
08-28 00:05:15.883  5154  5154 D MLKit   : parseElement 27Kg (188,21) - (302,84)
08-28 00:05:15.883  5154  5154 D MLKit   : parseTextBlock 0 1 (220,102) - (270,190)
08-28 00:05:15.883  5154  5154 D MLKit   : parseLine 0 1 (220,102) - (270,190)
08-28 00:05:15.883  5154  5154 D MLKit   : parseElement 0 (220,102) - (270,190)
08-28 00:05:15.899  5154  5198 I Unity   : MLKitWrapper.OnComplete: json
08-28 00:05:15.899  5154  5198 I Unity   : {"requestId":80,"text":{"text":"27Kg\n0","textBlocks":[{"boundingBox":{"bottom":84,"left":189,"right":302,"top":21},"cornerPoints":[{"x":192,"y":21},{"x":302,"y":27},{"x":299,"y":84},{"x":189,"y":78}],"lines":[{"boundingBox":{"bottom":84,"left":188,"right":302,"top":21},"cornerPoints":[{"x":192,"y":21},{"x":302,"y":27},{"x":298,"y":84},{"x":188,"y":78}],"elements":[{"boundingBox":{"bottom":84,"left":188,"right":302,"top":21},"cornerPoints":[{"x":192,"y":21},{"x":302,"y":27},{"x":298,"y":84},{"x":188,"y":78}],"recognizedLanguage":"und-Latn","text":"27Kg"}],"recognizedLanguage":"und-Latn","text":"27Kg"}],"recognizedLanguage":"und-Latn","text":"27Kg"},{"boundingBox":{"bottom":190,"left":220,"right":270,"top":102},"cornerPoints":[{"x":220,"y":102},{"x":270,"y":102},{"x":270,"y":190},{"x":220,"y":190}],"lines":[{"boundingBox":{"bottom":190,"left":220,"right":270,"top":102},"cornerPoints":[{"x":220,"y":102},{"x":270,"y":102},{"x":270,"y":190},{"x":220,"y":190}],"elements":[{"boundingB
08-28 00:05:15.915  5154  5198 I Unity   : MLKit: GetResult() : id=-2147483648
08-28 00:05:15.916  5154  5198 I Unity   : MLKit: Abort id=-2147483648
08-28 00:05:15.917  5154  5198 I Unity   : Word: 27Kg -> (237.47, 132.00) (381.47, 195.00)
08-28 00:05:15.918  5154  5198 I Unity   : 	Zone: 0 (225.00, 6.00) (375.00, 126.00) collide:False
08-28 00:05:15.918  5154  5198 I Unity   : Word: 0 -> (277.89, 26.00) (341.05, 114.00)
08-28 00:05:15.918  5154  5198 I Unity   : 	Zone: 0 (225.00, 6.00) (375.00, 126.00) collide:True
08-28 00:05:15.918  5154  5198 I Unity   : 0 -> 0 10.28345 0
08-28 00:05:15.919  5154  5198 I Unity   : Anno: 0 0 (280.42, 112.00)
08-28 00:05:15.919  5154  5198 I Unity   : Anno: 0 1 (338.53, 112.00)
08-28 00:05:15.919  5154  5198 I Unity   : Anno: 0 2 (338.53, 28.00)
08-28 00:05:15.919  5154  5198 I Unity   : Anno: 0 3 (280.42, 28.00)
08-28 00:05:15.965  5154  5198 I Unity   : MLKit Recognize: 227x216 pixelCount=49032 id=81
08-28 00:05:15.989  5154  5198 D MLKit   : input 227x216 pixelCount=49032 id=81
08-28 00:05:16.189  5154  5154 D MLKit   : parseText 27Kg 1
08-28 00:05:16.189  5154  5154 D MLKit   : parseTextBlock 27Kg 1 (142,22) - (226,85)
08-28 00:05:16.189  5154  5154 D MLKit   : parseLine 27Kg 1 (141,22) - (226,84)
08-28 00:05:16.189  5154  5154 D MLKit   : parseElement 27Kg (141,22) - (226,84)
08-28 00:05:16.193  5154  5198 I Unity   : MLKitWrapper.OnComplete: json
08-28 00:05:16.193  5154  5198 I Unity   : {"requestId":81,"text":{"text":"27Kg","textBlocks":[{"boundingBox":{"bottom":85,"left":142,"right":226,"top":22},"cornerPoints":[{"x":144,"y":22},{"x":226,"y":25},{"x":224,"y":85},{"x":142,"y":81}],"lines":[{"boundingBox":{"bottom":84,"left":141,"right":226,"top":22},"cornerPoints":[{"x":144,"y":22},{"x":226,"y":25},{"x":223,"y":84},{"x":141,"y":81}],"elements":[{"boundingBox":{"bottom":84,"left":141,"right":226,"top":22},"cornerPoints":[{"x":144,"y":22},{"x":226,"y":25},{"x":223,"y":84},{"x":141,"y":81}],"recognizedLanguage":"und-Latn","text":"27Kg"}],"recognizedLanguage":"und-Latn","text":"27Kg"}],"recognizedLanguage":"und-Latn","text":"27Kg"}]}}
08-28 00:05:16.209  5154  5198 I Unity   : MLKit: GetResult() : id=-2147483648
08-28 00:05:16.210  5154  5198 I Unity   : MLKit: Abort id=-2147483648
08-28 00:05:16.210  5154  5198 I Unity   : Word: 27Kg -> (238.52, 132.00) (382.31, 194.00)
08-28 00:05:16.210  5154  5198 I Unity   : 	Zone: 0 (225.00, 6.00) (375.00, 126.00) collide:False
08-28 00:05:16.256  5154  5198 I Unity   : MLKit Recognize: 206x216 pixelCount=44496 id=82
08-28 00:05:16.270  5154  5198 D MLKit   : input 206x216 pixelCount=44496 id=82
08-28 00:05:16.416  5154  5198 I Unity   : Cont. 26.527778/400	3/30-40
08-28 00:05:16.553  5154  5154 D MLKit   : parseText 0 1
08-28 00:05:16.553  5154  5154 D MLKit   : parseTextBlock 0 1 (150,102) - (199,191)
08-28 00:05:16.553  5154  5154 D MLKit   : parseLine 0 1 (150,102) - (199,191)
08-28 00:05:16.554  5154  5154 D MLKit   : parseElement 0 (150,102) - (199,191)
08-28 00:05:16.575  5154  5198 I Unity   : MLKitWrapper.OnComplete: json
08-28 00:05:16.575  5154  5198 I Unity   : {"requestId":82,"text":{"text":"0","textBlocks":[{"boundingBox":{"bottom":191,"left":150,"right":199,"top":102},"cornerPoints":[{"x":150,"y":102},{"x":199,"y":102},{"x":199,"y":191},{"x":150,"y":191}],"lines":[{"boundingBox":{"bottom":191,"left":150,"right":199,"top":102},"cornerPoints":[{"x":150,"y":102},{"x":199,"y":102},{"x":199,"y":191},{"x":150,"y":191}],"elements":[{"boundingBox":{"bottom":191,"left":150,"right":199,"top":102},"cornerPoints":[{"x":150,"y":102},{"x":199,"y":102},{"x":199,"y":191},{"x":150,"y":191}],"recognizedLanguage":"und-Latn","text":"0"}],"recognizedLanguage":"und-Latn","text":"0"}],"recognizedLanguage":"und-Latn","text":"0"}]}}
08-28 00:05:16.592  5154  5198 I Unity   : MLKit: GetResult() : id=-2147483648
08-28 00:05:16.592  5154  5198 I Unity   : MLKit: Abort id=-2147483648
08-28 00:05:17.587  5154  5198 I Unity   : MLKit Recognize: 226x216 pixelCount=48816 id=83
08-28 00:05:17.601  5154  5198 D MLKit   : input 226x216 pixelCount=48816 id=83
08-28 00:05:17.813  5154  5154 D MLKit   : parseText 27Kg 1
08-28 00:05:17.813  5154  5154 D MLKit   : parseTextBlock 27Kg 1 (142,23) - (224,84)
08-28 00:05:17.813  5154  5154 D MLKit   : parseLine 27Kg 1 (141,23) - (224,83)
08-28 00:05:17.814  5154  5154 D MLKit   : parseElement 27Kg (141,23) - (224,83)
08-28 00:05:17.818  5154  5198 I Unity   : MLKitWrapper.OnComplete: json
08-28 00:05:17.818  5154  5198 I Unity   : {"requestId":83,"text":{"text":"27Kg","textBlocks":[{"boundingBox":{"bottom":84,"left":142,"right":224,"top":23},"cornerPoints":[{"x":143,"y":23},{"x":224,"y":25},{"x":223,"y":84},{"x":142,"y":81}],"lines":[{"boundingBox":{"bottom":83,"left":141,"right":224,"top":23},"cornerPoints":[{"x":143,"y":23},{"x":224,"y":25},{"x":222,"y":83},{"x":141,"y":81}],"elements":[{"boundingBox":{"bottom":83,"left":141,"right":224,"top":23},"cornerPoints":[{"x":143,"y":23},{"x":224,"y":25},{"x":222,"y":83},{"x":141,"y":81}],"recognizedLanguage":"und-Latn","text":"27Kg"}],"recognizedLanguage":"und-Latn","text":"27Kg"}],"recognizedLanguage":"und-Latn","text":"27Kg"}]}}
08-28 00:05:17.836  5154  5198 I Unity   : MLKit: GetResult() : id=-2147483648
08-28 00:05:17.837  5154  5198 I Unity   : MLKit: Abort id=-2147483648
08-28 00:05:17.837  5154  5198 I Unity   : Word: 27Kg -> (239.58, 133.00) (380.60, 193.00)
08-28 00:05:17.837  5154  5198 I Unity   : 	Zone: 0 (225.00, 6.00) (375.00, 126.00) collide:False
08-28 00:05:17.880  5154  5198 I Unity   : MLKit Recognize: 319x216 pixelCount=68904 id=84
08-28 00:05:17.911  5154  5198 D MLKit   : input 319x216 pixelCount=68904 id=84
08-28 00:05:18.207  5154  5154 D MLKit   : parseText 27Kg 1
08-28 00:05:18.207  5154  5154 D MLKit   : parseTextBlock 27Kg 1 (201,23) - (317,85)
08-28 00:05:18.208  5154  5154 D MLKit   : parseLine 27Kg 1 (200,23) - (317,84)
08-28 00:05:18.208  5154  5154 D MLKit   : parseElement 27Kg (200,23) - (317,84)
08-28 00:05:18.227  5154  5198 I Unity   : MLKit Recognize: 351x216 pixelCount=75816 id=85
08-28 00:05:18.227  5154  5198 I Unity   : MLKit: Abort id=84
08-28 00:05:18.250  5154  5198 D MLKit   : input 351x216 pixelCount=75816 id=85
08-28 00:05:18.256  5154  5198 I Unity   : MLKitWrapper.OnComplete: json
08-28 00:05:18.256  5154  5198 I Unity   : {"requestId":84,"text":{"text":"27Kg","textBlocks":[{"boundingBox":{"bottom":85,"left":201,"right":317,"top":23},"cornerPoints":[{"x":202,"y":23},{"x":317,"y":25},{"x":316,"y":85},{"x":201,"y":82}],"lines":[{"boundingBox":{"bottom":84,"left":200,"right":317,"top":23},"cornerPoints":[{"x":202,"y":23},{"x":317,"y":25},{"x":315,"y":84},{"x":200,"y":82}],"elements":[{"boundingBox":{"bottom":84,"left":200,"right":317,"top":23},"cornerPoints":[{"x":202,"y":23},{"x":317,"y":25},{"x":315,"y":84},{"x":200,"y":82}],"recognizedLanguage":"und-Latn","text":"27Kg"}],"recognizedLanguage":"und-Latn","text":"27Kg"}],"recognizedLanguage":"und-Latn","text":"27Kg"}]}}
08-28 00:05:18.399  5154  5154 D MLKit   : parseText 27Kg 1
08-28 00:05:18.399  5154  5154 D MLKit   : parseTextBlock 27Kg 1 (221,22) - (349,84)
08-28 00:05:18.399  5154  5154 D MLKit   : parseLine 27Kg 1 (220,22) - (349,83)
08-28 00:05:18.399  5154  5154 D MLKit   : parseElement 27Kg (220,22) - (349,83)
08-28 00:05:18.404  5154  5198 I Unity   : MLKitWrapper.OnComplete: json
08-28 00:05:18.404  5154  5198 I Unity   : {"requestId":85,"text":{"text":"27Kg","textBlocks":[{"boundingBox":{"bottom":84,"left":221,"right":349,"top":22},"cornerPoints":[{"x":222,"y":22},{"x":349,"y":25},{"x":348,"y":84},{"x":221,"y":80}],"lines":[{"boundingBox":{"bottom":83,"left":220,"right":349,"top":22},"cornerPoints":[{"x":222,"y":22},{"x":349,"y":25},{"x":347,"y":83},{"x":220,"y":80}],"elements":[{"boundingBox":{"bottom":83,"left":220,"right":349,"top":22},"cornerPoints":[{"x":222,"y":22},{"x":349,"y":25},{"x":347,"y":83},{"x":220,"y":80}],"recognizedLanguage":"und-Latn","text":"27Kg"}],"recognizedLanguage":"und-Latn","text":"27Kg"}],"recognizedLanguage":"und-Latn","text":"27Kg"}]}}
08-28 00:05:18.419  5154  5198 I Unity   : MLKit: GetResult() : id=-2147483648
08-28 00:05:18.420  5154  5198 I Unity   : MLKit: Abort id=-2147483648
08-28 00:05:18.421  5154  5198 I Unity   : Word: 27Kg -> (240.68, 133.00) (381.81, 194.00)
08-28 00:05:18.422  5154  5198 I Unity   : 	Zone: 0 (225.00, 6.00) (375.00, 126.00) collide:False
08-28 00:05:18.472  5154  5198 I Unity   : MLKit Recognize: 380x216 pixelCount=82080 id=86
08-28 00:05:18.502  5154  5198 D MLKit   : input 380x216 pixelCount=82080 id=86
08-28 00:05:18.653  5154  5154 D MLKit   : parseText 27Kg 1
08-28 00:05:18.654  5154  5154 D MLKit   : parseTextBlock 27Kg 1 (238,21) - (378,86)
08-28 00:05:18.654  5154  5154 D MLKit   : parseLine 27Kg 1 (237,21) - (378,85)
08-28 00:05:18.654  5154  5154 D MLKit   : parseElement 27Kg (237,21) - (378,85)
08-28 00:05:18.666  5154  5198 I Unity   : MLKitWrapper.OnComplete: json
08-28 00:05:18.666  5154  5198 I Unity   : {"requestId":86,"text":{"text":"27Kg","textBlocks":[{"boundingBox":{"bottom":86,"left":238,"right":378,"top":21},"cornerPoints":[{"x":240,"y":21},{"x":378,"y":26},{"x":376,"y":86},{"x":238,"y":80}],"lines":[{"boundingBox":{"bottom":85,"left":237,"right":378,"top":21},"cornerPoints":[{"x":240,"y":21},{"x":378,"y":26},{"x":375,"y":85},{"x":237,"y":80}],"elements":[{"boundingBox":{"bottom":85,"left":237,"right":378,"top":21},"cornerPoints":[{"x":240,"y":21},{"x":378,"y":26},{"x":375,"y":85},{"x":237,"y":80}],"recognizedLanguage":"und-Latn","text":"27Kg"}],"recognizedLanguage":"und-Latn","text":"27Kg"}],"recognizedLanguage":"und-Latn","text":"27Kg"}]}}
08-28 00:05:18.683  5154  5198 I Unity   : MLKit: GetResult() : id=-2147483648
08-28 00:05:18.683  5154  5198 I Unity   : MLKit: Abort id=-2147483648
08-28 00:05:18.684  5154  5198 I Unity   : Word: 27Kg -> (239.49, 131.00) (381.98, 195.00)
08-28 00:05:18.684  5154  5198 I Unity   : 	Zone: 0 (225.00, 6.00) (375.00, 126.00) collide:False
08-28 00:05:18.710  5154  5198 I Unity   : MLKit Recognize: 314x216 pixelCount=67824 id=87
08-28 00:05:18.731  5154  5198 D MLKit   : input 314x216 pixelCount=67824 id=87
08-28 00:05:18.997  5154  5154 D MLKit   : parseText 27Kg
08-28 00:05:18.997  5154  5154 D MLKit   : 4 2
08-28 00:05:18.997  5154  5154 D MLKit   : parseTextBlock 27Kg 1 (198,26) - (312,84)
08-28 00:05:18.997  5154  5154 D MLKit   : parseLine 27Kg 1 (198,26) - (312,84)
08-28 00:05:18.997  5154  5154 D MLKit   : parseElement 27Kg (198,26) - (312,84)
08-28 00:05:18.997  5154  5154 D MLKit   : parseTextBlock 4 1 (191,104) - (278,196)
08-28 00:05:18.997  5154  5154 D MLKit   : parseLine 4 1 (191,104) - (278,196)
08-28 00:05:18.997  5154  5154 D MLKit   : parseElement 4 (191,104) - (278,196)
08-28 00:05:19.011  5154  5198 I Unity   : MLKitWrapper.OnComplete: json
08-28 00:05:19.011  5154  5198 I Unity   : {"requestId":87,"text":{"text":"27Kg\n4","textBlocks":[{"boundingBox":{"bottom":84,"left":198,"right":312,"top":26},"cornerPoints":[{"x":198,"y":26},{"x":312,"y":26},{"x":312,"y":84},{"x":198,"y":84}],"lines":[{"boundingBox":{"bottom":84,"left":198,"right":312,"top":26},"cornerPoints":[{"x":198,"y":26},{"x":312,"y":26},{"x":312,"y":84},{"x":198,"y":84}],"elements":[{"boundingBox":{"bottom":84,"left":198,"right":312,"top":26},"cornerPoints":[{"x":198,"y":26},{"x":312,"y":26},{"x":312,"y":84},{"x":198,"y":84}],"recognizedLanguage":"und-Latn","text":"27Kg"}],"recognizedLanguage":"und-Latn","text":"27Kg"}],"recognizedLanguage":"und-Latn","text":"27Kg"},{"boundingBox":{"bottom":196,"left":191,"right":278,"top":104},"cornerPoints":[{"x":191,"y":104},{"x":278,"y":104},{"x":278,"y":196},{"x":191,"y":196}],"lines":[{"boundingBox":{"bottom":196,"left":191,"right":278,"top":104},"cornerPoints":[{"x":191,"y":104},{"x":278,"y":104},{"x":278,"y":196},{"x":191,"y":196}],"elements":[{"boundingB
08-28 00:05:19.027  5154  5198 I Unity   : MLKit: GetResult() : id=-2147483648
08-28 00:05:19.027  5154  5198 I Unity   : MLKit: Abort id=-2147483648
08-28 00:05:19.028  5154  5198 I Unity   : Word: 27Kg -> (242.14, 132.00) (381.55, 190.00)
08-28 00:05:19.029  5154  5198 I Unity   : 	Zone: 0 (225.00, 6.00) (375.00, 126.00) collide:False
08-28 00:05:19.029  5154  5198 I Unity   : Word: 4 -> (233.58, 20.00) (339.97, 112.00)
08-28 00:05:19.029  5154  5198 I Unity   : 	Zone: 0 (225.00, 6.00) (375.00, 126.00) collide:True
08-28 00:05:19.029  5154  5198 I Unity   : 4 -> 0 13.22293 4
08-28 00:05:19.030  5154  5198 I Unity   : Anno: 4 0 (236.03, 110.00)
08-28 00:05:19.030  5154  5198 I Unity   : Anno: 4 1 (337.53, 110.00)
08-28 00:05:19.030  5154  5198 I Unity   : Anno: 4 2 (337.53, 22.00)
08-28 00:05:19.030  5154  5198 I Unity   : Anno: 4 3 (236.03, 22.00)
08-28 00:05:19.076  5154  5198 I Unity   : MLKit Recognize: 305x216 pixelCount=65880 id=88
08-28 00:05:19.105  5154  5198 D MLKit   : input 305x216 pixelCount=65880 id=88
08-28 00:05:19.366  5154  5154 D MLKit   : parseText 27Kg
08-28 00:05:19.366  5154  5154 D MLKit   : 4 2
08-28 00:05:19.366  5154  5154 D MLKit   : parseTextBlock 27Kg 1 (192,22) - (303,84)
08-28 00:05:19.366  5154  5154 D MLKit   : parseLine 27Kg 1 (191,22) - (303,83)
08-28 00:05:19.366  5154  5154 D MLKit   : parseElement 27Kg (191,22) - (303,83)
08-28 00:05:19.366  5154  5154 D MLKit   : parseTextBlock 4 1 (178,104) - (270,196)
08-28 00:05:19.366  5154  5154 D MLKit   : parseLine 4 1 (178,104) - (270,196)
08-28 00:05:19.366  5154  5154 D MLKit   : parseElement 4 (178,104) - (270,196)
08-28 00:05:19.377  5154  5198 I Unity   : MLKitWrapper.OnComplete: json
08-28 00:05:19.377  5154  5198 I Unity   : {"requestId":88,"text":{"text":"27Kg\n4","textBlocks":[{"boundingBox":{"bottom":84,"left":192,"right":303,"top":22},"cornerPoints":[{"x":193,"y":22},{"x":303,"y":25},{"x":302,"y":84},{"x":192,"y":80}],"lines":[{"boundingBox":{"bottom":83,"left":191,"right":303,"top":22},"cornerPoints":[{"x":193,"y":22},{"x":303,"y":25},{"x":301,"y":83},{"x":191,"y":80}],"elements":[{"boundingBox":{"bottom":83,"left":191,"right":303,"top":22},"cornerPoints":[{"x":193,"y":22},{"x":303,"y":25},{"x":301,"y":83},{"x":191,"y":80}],"recognizedLanguage":"und-Latn","text":"27Kg"}],"recognizedLanguage":"und-Latn","text":"27Kg"}],"recognizedLanguage":"und-Latn","text":"27Kg"},{"boundingBox":{"bottom":196,"left":178,"right":270,"top":104},"cornerPoints":[{"x":178,"y":104},{"x":270,"y":104},{"x":270,"y":196},{"x":178,"y":196}],"lines":[{"boundingBox":{"bottom":196,"left":178,"right":270,"top":104},"cornerPoints":[{"x":178,"y":104},{"x":270,"y":104},{"x":270,"y":196},{"x":178,"y":196}],"elements":[{"boundingB
08-28 00:05:19.390  5154  5198 I Unity   : MLKit: GetResult() : id=-2147483648
08-28 00:05:19.390  5154  5198 I Unity   : MLKit: Abort id=-2147483648
08-28 00:05:19.391  5154  5198 I Unity   : Word: 27Kg -> (240.47, 133.00) (381.48, 194.00)
08-28 00:05:19.391  5154  5198 I Unity   : 	Zone: 0 (225.00, 6.00) (375.00, 126.00) collide:False
08-28 00:05:19.391  5154  5198 I Unity   : Word: 4 -> (224.10, 20.00) (339.93, 112.00)
08-28 00:05:19.392  5154  5198 I Unity   : 	Zone: 0 (225.00, 6.00) (375.00, 126.00) collide:True
08-28 00:05:19.392  5154  5198 I Unity   : 4 -> 0 17.98035 4
08-28 00:05:19.392  5154  5198 I Unity   : Anno: 4 0 (226.62, 110.00)
08-28 00:05:19.392  5154  5198 I Unity   : Anno: 4 1 (337.42, 110.00)
08-28 00:05:19.392  5154  5198 I Unity   : Anno: 4 2 (337.42, 22.00)
08-28 00:05:19.392  5154  5198 I Unity   : Anno: 4 3 (226.62, 22.00)
08-28 00:05:19.424  5154  5198 I Unity   : MLKit Recognize: 211x216 pixelCount=45576 id=89
08-28 00:05:19.442  5154  5198 D MLKit   : input 211x216 pixelCount=45576 id=89
08-28 00:05:19.529  5154  5198 I Unity   : Cont. 29.640636/400	4/30-40
08-28 00:05:19.663  5154  5154 D MLKit   : parseText 27Kg
08-28 00:05:19.663  5154  5154 D MLKit   : 4 2
08-28 00:05:19.663  5154  5154 D MLKit   : parseTextBlock 27Kg 1 (132,23) - (210,84)
08-28 00:05:19.664  5154  5154 D MLKit   : parseLine 27Kg 1 (131,23) - (210,83)
08-28 00:05:19.664  5154  5154 D MLKit   : parseElement 27Kg (131,23) - (210,83)
08-28 00:05:19.664  5154  5154 D MLKit   : parseTextBlock 4 1 (144,104) - (202,196)
08-28 00:05:19.664  5154  5154 D MLKit   : parseLine 4 1 (144,104) - (202,196)
08-28 00:05:19.664  5154  5154 D MLKit   : parseElement 4 (144,104) - (202,196)
08-28 00:05:19.670  5154  5198 I Unity   : MLKitWrapper.OnComplete: json
08-28 00:05:19.670  5154  5198 I Unity   : {"requestId":89,"text":{"text":"27Kg\n4","textBlocks":[{"boundingBox":{"bottom":84,"left":132,"right":210,"top":23},"cornerPoints":[{"x":133,"y":23},{"x":210,"y":25},{"x":209,"y":84},{"x":132,"y":81}],"lines":[{"boundingBox":{"bottom":83,"left":131,"right":210,"top":23},"cornerPoints":[{"x":133,"y":23},{"x":210,"y":25},{"x":208,"y":83},{"x":131,"y":81}],"elements":[{"boundingBox":{"bottom":83,"left":131,"right":210,"top":23},"cornerPoints":[{"x":133,"y":23},{"x":210,"y":25},{"x":208,"y":83},{"x":131,"y":81}],"recognizedLanguage":"und-Latn","text":"27Kg"}],"recognizedLanguage":"und-Latn","text":"27Kg"}],"recognizedLanguage":"und-Latn","text":"27Kg"},{"boundingBox":{"bottom":196,"left":144,"right":202,"top":104},"cornerPoints":[{"x":144,"y":104},{"x":202,"y":104},{"x":202,"y":196},{"x":144,"y":196}],"lines":[{"boundingBox":{"bottom":196,"left":144,"right":202,"top":104},"cornerPoints":[{"x":144,"y":104},{"x":202,"y":104},{"x":202,"y":196},{"x":144,"y":196}],"elements":[{"boundingB
08-28 00:05:19.686  5154  5198 I Unity   : MLKit: GetResult() : id=-2147483648
08-28 00:05:19.686  5154  5198 I Unity   : MLKit: Abort id=-2147483648
08-28 00:05:20.297  5154  5198 I Unity   : MLKit Recognize: 384x216 pixelCount=82944 id=90
08-28 00:05:20.322  5154  5198 D MLKit   : input 384x216 pixelCount=82944 id=90
08-28 00:05:20.458  5154  5154 D MLKit   : parseText 27Kg 1
08-28 00:05:20.458  5154  5154 D MLKit   : parseTextBlock 27Kg 1 (240,20) - (382,86)
08-28 00:05:20.458  5154  5154 D MLKit   : parseLine 27Kg 1 (239,20) - (382,85)
08-28 00:05:20.458  5154  5154 D MLKit   : parseElement 27Kg (239,20) - (382,85)
08-28 00:05:20.468  5154  5198 I Unity   : MLKitWrapper.OnComplete: json
08-28 00:05:20.468  5154  5198 I Unity   : {"requestId":90,"text":{"text":"27Kg","textBlocks":[{"boundingBox":{"bottom":86,"left":240,"right":382,"top":20},"cornerPoints":[{"x":243,"y":20},{"x":382,"y":27},{"x":379,"y":86},{"x":240,"y":78}],"lines":[{"boundingBox":{"bottom":85,"left":239,"right":382,"top":20},"cornerPoints":[{"x":243,"y":20},{"x":382,"y":27},{"x":378,"y":85},{"x":239,"y":78}],"elements":[{"boundingBox":{"bottom":85,"left":239,"right":382,"top":20},"cornerPoints":[{"x":243,"y":20},{"x":382,"y":27},{"x":378,"y":85},{"x":239,"y":78}],"recognizedLanguage":"und-Latn","text":"27Kg"}],"recognizedLanguage":"und-Latn","text":"27Kg"}],"recognizedLanguage":"und-Latn","text":"27Kg"}]}}
08-28 00:05:20.485  5154  5198 I Unity   : MLKit: GetResult() : id=-2147483648
08-28 00:05:20.485  5154  5198 I Unity   : MLKit: Abort id=-2147483648
08-28 00:05:20.485  5154  5198 I Unity   : Word: 27Kg -> (239.00, 131.00) (382.00, 196.00)
08-28 00:05:20.485  5154  5198 I Unity   : 	Zone: 0 (225.00, 6.00) (375.00, 126.00) collide:False
08-28 00:05:20.525  5154  5198 I Unity   : MLKit Recognize: 276x216 pixelCount=59616 id=91
08-28 00:05:20.547  5154  5198 D MLKit   : input 276x216 pixelCount=59616 id=91
08-28 00:05:20.807  5154  5154 D MLKit   : parseText 27Kg 1
08-28 00:05:20.808  5154  5154 D MLKit   : parseTextBlock 27Kg 1 (173,22) - (273,84)
08-28 00:05:20.808  5154  5154 D MLKit   : parseLine 27Kg 1 (172,22) - (273,83)
08-28 00:05:20.808  5154  5154 D MLKit   : parseElement 27Kg (172,22) - (273,83)
08-28 00:05:20.829  5154  5198 I Unity   : MLKitWrapper.OnComplete: json
