08-14 23:01:45.506 19044 27533 I NearbyDiscovery: FastPair: AudioEventListener find jp.naver.line.android stopped event with USAGE_VOICE_COMMUNICATION [CONTEXT service_id=49 ]
08-14 23:01:45.521  1469  5522 D skia    : SkJpegCodec::onGetPixels -
08-14 23:01:45.533  1469 17728 I libMEOW_gift: ctx:0xb4000072d1523b80, ARC not Enabled.
08-14 23:01:45.536 32051 32051 I GoogleInputMethodService: GoogleInputMethodService.onStartInput():1956 onStartInput(EditorInfo{inputType=0x0(NULL) imeOptions=0x0 privateImeOptions=null actionName=UNSPECIFIED actionLabel=null actionId=0 initialSelStart=-1 initialSelEnd=-1 initialCapsMode=0x0 hintText=null label=null packageName=com.android.launcher3 fieldId=-1 fieldName=null extras=null}, true)
08-14 23:01:45.536 32051 32051 I GoogleInputMethodService: GoogleInputMethodService.shouldHideHeaderOnInitialState():4081 ShouldHideHeaderOnInitialState = false
08-14 23:01:45.537 32051 32051 I GoogleInputMethodService: GoogleInputMethodService.updateDeviceLockedStatus():2165 repeatCheckTimes = 2, unlocked = true
08-14 23:01:45.538 32051 32051 W SessionManager: SessionManager.beginSession():53 Try to begin an already begun session [INPUT_SESSION], end it first
08-14 23:01:45.540 32051 32051 V PhoneWindow: DecorView setVisiblity: visibility = 8, Parent = android.view.ViewRootImpl@f847073, this = DecorView@1991b30[InputMethod]
08-14 23:01:45.542 32051 32051 I AbstractOpenableExtension: AbstractOpenableExtension$3.onSuccess():525 KeyboardGroupManager destroyed in eas.
08-14 23:01:45.543 32051 32051 I AbstractOpenableExtension: AbstractOpenableExtension$3.onSuccess():525 KeyboardGroupManager destroyed in cni.
08-14 23:01:45.543 32051 32051 I AbstractOpenableExtension: AbstractOpenableExtension$3.onSuccess():525 KeyboardGroupManager destroyed in ecd.
08-14 23:01:45.544  1469  6470 D WindowManager: removeChild,stack:Task{939ed6d #2745 visible=false type=standard mode=fullscreen translucent=true A=10327:com.hirasho.eduTomoTrial U=0 StackId=2745 sz=0}
08-14 23:01:45.544  1469  6470 D WindowManager: java.lang.Throwable
08-14 23:01:45.544  1469  6470 D WindowManager: 	at com.android.server.wm.TaskDisplayArea.removeChild(TaskDisplayArea.java:316)
08-14 23:01:45.544  1469  6470 D WindowManager: 	at com.android.server.wm.TaskDisplayArea.removeChild(TaskDisplayArea.java:73)
08-14 23:01:45.544  1469  6470 D WindowManager: 	at com.android.server.wm.WindowContainer.removeImmediately(WindowContainer.java:610)
08-14 23:01:45.544  1469  6470 D WindowManager: 	at com.android.server.wm.Task.removeImmediately(Task.java:2824)
08-14 23:01:45.544  1469  6470 D WindowManager: 	at com.android.server.wm.Task.removeIfPossible(Task.java:650)
08-14 23:01:45.544  1469  6470 D WindowManager: 	at com.android.server.wm.Task.removeChild(Task.java:1471)
08-14 23:01:45.544  1469  6470 D WindowManager: 	at com.android.server.wm.Task.removeChild(Task.java:1420)
08-14 23:01:45.544  1469  6470 D WindowManager: 	at com.android.server.wm.WindowContainer.removeImmediately(WindowContainer.java:610)
08-14 23:01:45.544  1469  6470 D WindowManager: 	at com.android.server.wm.WindowToken.removeImmediately(WindowToken.java:387)
08-14 23:01:45.544  1469  6470 D WindowManager: 	at com.android.server.wm.ActivityRecord.removeImmediately(ActivityRecord.java:3196)
08-14 23:01:45.544  1469  6470 D WindowManager: 	at com.android.server.wm.ActivityRecord.removeIfPossible(ActivityRecord.java:3203)
08-14 23:01:45.544  1469  6470 D WindowManager: 	at com.android.server.wm.ActivityRecord.onRemovedFromDisplay(ActivityRecord.java:3276)
08-14 23:01:45.544  1469  6470 D WindowManager: 	at com.android.server.wm.DisplayContent.removeAppToken(DisplayContent.java:1190)
08-14 23:01:45.544  1469  6470 D WindowManager: 	at com.android.server.wm.ActivityRecord.removeAppTokenFromDisplay(ActivityRecord.java:2023)
08-14 23:01:45.544  1469  6470 D WindowManager: 	at com.android.server.wm.ActivityRecord.removeFromHistory(ActivityRecord.java:2999)
08-14 23:01:45.544  1469  6470 D WindowManager: 	at com.android.server.wm.ActivityStack$RemoveHistoryRecordsForApp.processActivity(ActivityStack.java:514)
08-14 23:01:45.544  1469  6470 D WindowManager: 	at com.android.server.wm.ActivityStack$RemoveHistoryRecordsForApp.process(ActivityStack.java:436)
08-14 23:01:45.544  1469  6470 D WindowManager: 	at com.android.server.wm.ActivityStack.handleAppDied(ActivityStack.java:2765)
08-14 23:01:45.544  1469  6470 D WindowManager: 	at com.android.server.wm.RootWindowContainer.handleAppDied(RootWindowContainer.java:3126)
08-14 23:01:45.544  1469  6470 D WindowManager: 	at com.android.server.wm.ActivityTaskManagerService$LocalService.handleAppDied(ActivityTaskManagerService.java:6799)
08-14 23:01:45.544  1469  6470 D WindowManager: 	at com.android.server.am.ActivityManagerService.handleAppDiedLocked(ActivityManagerService.java:3857)
08-14 23:01:45.544  1469  6470 D WindowManager: 	at com.android.server.am.ActivityManagerService.appDiedLocked(ActivityManagerService.java:4002)
08-14 23:01:45.544  1469  6470 D WindowManager: 	at com.android.server.am.ActivityManagerService$AppDeathRecipient.binderDied(ActivityManagerService.java:1627)
08-14 23:01:45.544  1469  6470 D WindowManager: 	at android.os.IBinder$DeathRecipient.binderDied(IBinder.java:305)
08-14 23:01:45.544  1469  6470 D WindowManager: 	at android.os.BinderProxy.sendDeathNotice(BinderProxy.java:654)
08-14 23:01:45.544 32051 32051 V PhoneWindow: DecorView setVisiblity: visibility = 8, Parent = android.view.ViewRootImpl@f847073, this = DecorView@1991b30[InputMethod]
08-14 23:01:45.544 32051 32051 I InputMethodEntryManager: InputMethodEntryManager$5.onSuccess():880 Success load entries: [LanguageTagVariantTuple{languageTag=ja-JP, variant=godan}, LanguageTagVariantTuple{languageTag=en-US, variant=qwerty}], resetImplicitlyEnabledEntries=false
08-14 23:01:45.550 32051 32051 I InputTransport: Destroy ARC handle: 0xb40000728165cef0
08-14 23:01:45.555  1469  1488 W ActivityManager: setHasOverlayUi called on unknown pid: 29765
08-14 23:01:45.556  5676 14592 W ContextImpl: Calling a method in the system process without a qualified user: android.app.ContextImpl.sendBroadcast:1111 android.content.ContextWrapper.sendBroadcast:468 jp.kyocera.thermalmonitor.ThermalMonitorService.c:65 jp.kyocera.thermalmonitor.ThermalMonitorService.b:1 jp.kyocera.thermalmonitor.a.run:19 
08-14 23:01:45.557  1469  7014 I InputDispatcher: setInputWindows displayId=0 Window{23ab89a u0 ScreenDecorOverlay} Window{4854998 u0 SecondaryHomeHandle0} Window{7adf0c5 u0 NavigationBar0} Window{5230afb u0 StatusBar} Window{48ea68f u0 com.android.launcher3/com.android.searchlauncher.SearchLauncher} Window{31ce90f u0 com.android.launcher3/com.android.searchlauncher.SearchLauncher} Window{2082a46 u0 com.android.systemui.ImageWallpaper} 
08-14 23:01:45.559 32051 32051 I GoogleInputMethodService: GoogleInputMethodService.lambda$setDecorViewApplyWindowInsetsListener$10():1157 update screenHeightWithoutNaviBar to: 2154
08-14 23:01:45.565 32051 32051 I GoogleInputMethodService: GoogleInputMethodService.lambda$setDecorViewApplyWindowInsetsListener$10():1163 update max height when insets changes
08-14 23:01:45.575 32051 32051 I GoogleInputMethodService: GoogleInputMethodService.lambda$setDecorViewApplyWindowInsetsListener$10():1157 update screenHeightWithoutNaviBar to: 2280
08-14 23:01:45.575 32051 32051 I GoogleInputMethodService: GoogleInputMethodService.lambda$setDecorViewApplyWindowInsetsListener$10():1163 update max height when insets changes
08-14 23:01:45.576  1469  5522 I InputDispatcher: setInputWindows displayId=0 Window{23ab89a u0 ScreenDecorOverlay} Window{4854998 u0 SecondaryHomeHandle0} Window{7adf0c5 u0 NavigationBar0} Window{5230afb u0 StatusBar} Window{48ea68f u0 com.android.launcher3/com.android.searchlauncher.SearchLauncher} Window{31ce90f u0 com.android.launcher3/com.android.searchlauncher.SearchLauncher} Window{2082a46 u0 com.android.systemui.ImageWallpaper} 
08-14 23:01:45.577 32051 32051 I AppBase : AppBase.onTrimMemory():760 onTrimMemory(): 5
08-14 23:01:45.578 32051 32051 I GoogleInputMethodService: GoogleInputMethodService.onTrimMemory():4475 onTrimMemory(): 5
08-14 23:01:45.578   658   658 I SurfaceFlinger: operator()(), mtkRenderCntDebug 48722, screenshot (com.android.systemui.ImageWallpaper#0)
08-14 23:01:45.578   658   658 I SurfaceFlinger: operator()(), mtkRenderCntDebug 48722, screenshot (com.android.launcher3/com.android.searchlauncher.SearchLauncher#1)
08-14 23:01:45.579 32051 32051 I DictionarySuperpacksManager: DictionarySuperpacksManager$1.onEnabledInputMethodEntriesChanged():60 onEnabledInputMethodEntriesChanged
08-14 23:01:45.579 32051 32105 I SP      : Registering content_cache.2022052320, url: https://www.gstatic.com/android/keyboard/modelpack/contentcache/202205232034/superpacks_manifest.json, constraints: W:*:*:*, flags: bg, requested: 2022052320, current: 2022052320
08-14 23:01:45.581 32051 32051 I AbstractOpenableExtension: AbstractOpenableExtension.maybeDestroyExistingKeyboardGroupManager():512 Destroy existing keyboard group manager in eas
08-14 23:01:45.581 32051 32051 I AbstractOpenableExtension: AbstractOpenableExtension.createKeyboardGroupManagerListenableFuture():124 Create keyboard group manager listenable future in eas
08-14 23:01:45.581 32051 32051 I AbstractOpenableExtension: AbstractOpenableExtension.maybeDestroyExistingKeyboardGroupManager():512 Destroy existing keyboard group manager in cni
08-14 23:01:45.582 32051 32051 I AbstractOpenableExtension: AbstractOpenableExtension.createKeyboardGroupManagerListenableFuture():124 Create keyboard group manager listenable future in cni
08-14 23:01:45.582 32051 32051 I AbstractOpenableExtension: AbstractOpenableExtension.maybeDestroyExistingKeyboardGroupManager():512 Destroy existing keyboard group manager in ecd
08-14 23:01:45.582 32051 32051 I AbstractOpenableExtension: AbstractOpenableExtension.createKeyboardGroupManagerListenableFuture():124 Create keyboard group manager listenable future in ecd
08-14 23:01:45.582 32051 29099 I KeyboardGroupDefParser: KeyboardGroupDefParser.parseKeyboardGroupDef():87 parseKeyboardGroupDef() 2132214022 -> 0_resource_name_obfuscated : WaitTime = 0 ms : RunTime = 1 ms
08-14 23:01:45.583 32051 29099 I KeyboardGroupDefParser: KeyboardGroupDefParser.parseKeyboardGroupDef():87 parseKeyboardGroupDef() 2132214031 -> 0_resource_name_obfuscated : WaitTime = 0 ms : RunTime = 1 ms
08-14 23:01:45.584 32051 29119 I KeyboardGroupDefParser: KeyboardGroupDefParser.parseKeyboardGroupDef():87 parseKeyboardGroupDef() 2132214030 -> 0_resource_name_obfuscated : WaitTime = 0 ms : RunTime = 1 ms
08-14 23:01:45.584 32051 32051 I DeviceModeUtil: DeviceModeUtil.getDeviceMode():121 Get device mode phone by ui mode:1 and smallestScreenWidthDp:411
08-14 23:01:45.587 32051 32051 I chatty  : uid=10142(com.google.android.inputmethod.latin) identical 3 lines
08-14 23:01:45.588 32051 32051 I DeviceModeUtil: DeviceModeUtil.getDeviceMode():121 Get device mode phone by ui mode:1 and smallestScreenWidthDp:411
08-14 23:01:45.588 32051 32051 I GoogleInputMethodService: GoogleInputMethodService.initializeKeyboardTheme():1433 Apply keyboard theme: theme_border_bottom4dp_stylesheet_googleblue_materiallight_phone_400_builtin_google_blue_light.binarypb_port
08-14 23:01:45.591 32051 32105 I SP      : Syncing content_cache (2022052320) with slices: [], metadata: true
08-14 23:01:45.593 32051 32105 I SP      : Sync for content_cache succeeded in 5 ms: no changes
08-14 23:01:45.593 32051 32105 W SP      : isDirectory returned false while listing files for /data/user/0/com.google.android.inputmethod.latin/files/superpacks/content_cache
08-14 23:01:45.594 32051 32105 I SP      : GC for 'content_cache' (10) with ttl of 0 ms took 1 ms (0/1/0)
08-14 23:01:45.603   638   737 I mtkpower@impl: [powerd_req] TIMER_MSG_PERF_LOCK_TIMEOUT hdl:7482
08-14 23:01:45.603   638   737 I libPowerHal: [perfLockRel] hdl:7482, idx:1
08-14 23:01:45.603   638   737 I libPowerHal: [PD] scn:1 hdl:7482 hint:30 comm:mtkpower@1.0-se pid:638
08-14 23:01:45.603   638   737 I libPowerHal: [PD] MTKPOWER_HINT_EXT_LAUNCH update cmd:1000000, param:-1
08-14 23:01:45.604   638   737 I libPowerHal: [PD] MTKPOWER_HINT_EXT_LAUNCH update cmd:2020000 param:1
08-14 23:01:45.604   638   737 I libPowerHal: [PD] MTKPOWER_HINT_EXT_LAUNCH update cmd:1408300 param:0
08-14 23:01:45.605   638   737 I libPowerHal: [PD] MTKPOWER_HINT_EXT_LAUNCH update cmd:1000000 param:-1
08-14 23:01:45.615 32051 32051 I AbstractOpenableExtension: AbstractOpenableExtension$3.onSuccess():525 KeyboardGroupManager destroyed in eas.
08-14 23:01:45.615 32051 32051 I AbstractOpenableExtension: AbstractOpenableExtension$3.onSuccess():525 KeyboardGroupManager destroyed in cni.
08-14 23:01:45.616 32051 32051 I AbstractOpenableExtension: AbstractOpenableExtension$3.onSuccess():525 KeyboardGroupManager destroyed in ecd.
08-14 23:01:45.720  1659  1659 D StatusBar: disable<e i a s b h r c s > disable2<q i n >
08-14 23:01:45.721  1659  1659 W View    : requestLayout() improperly called by com.android.internal.widget.NotificationExpandButton{e499f68 VFED..C.. ......ID 1569,35-1627,96 #1020295 android:id/expand_button} during layout: running second layout pass
08-14 23:01:45.721  1659  1659 W View    : requestLayout() improperly called by com.android.internal.widget.NotificationExpandButton{e3a6520 VFED..C.. ......ID 1569,35-1627,96 #1020295 android:id/expand_button} during layout: running second layout pass
08-14 23:01:45.721  1659  1659 W View    : requestLayout() improperly called by com.android.internal.widget.NotificationExpandButton{26d95d7 VFED..C.. ......ID 1569,35-1627,96 #1020295 android:id/expand_button} during layout: running second layout pass
08-14 23:01:45.721  1659  1659 W View    : requestLayout() improperly called by com.android.internal.widget.NotificationExpandButton{8d3c6ef VFED..C.. ......ID 1569,35-1627,96 #1020295 android:id/expand_button} during layout: running second layout pass
08-14 23:01:45.747  1469  5522 I InputDispatcher: setInputWindows displayId=0 Window{23ab89a u0 ScreenDecorOverlay} Window{4854998 u0 SecondaryHomeHandle0} Window{7adf0c5 u0 NavigationBar0} Window{5230afb u0 StatusBar} Window{48ea68f u0 com.android.launcher3/com.android.searchlauncher.SearchLauncher} Window{31ce90f u0 com.android.launcher3/com.android.searchlauncher.SearchLauncher} Window{2082a46 u0 com.android.systemui.ImageWallpaper} 
08-14 23:01:45.751   610   768 I hwcomposer: [HWCDisplay] [Display_0 (type:1)] fps:32.755783,dur:1037.98,max:224.80,min:3.20  
08-14 23:01:45.752 32051 32051 V PhoneWindow: DecorView setVisiblity: visibility = 8, Parent = android.view.ViewRootImpl@f847073, this = DecorView@1991b30[InputMethod]
08-14 23:01:45.754   658   658 I SurfaceFlinger: operator()(), mtkRenderCntDebug 48723, screenshot (com.android.systemui.ImageWallpaper#0)
08-14 23:01:45.754   658   658 I SurfaceFlinger: operator()(), mtkRenderCntDebug 48723, screenshot (com.android.launcher3/com.android.searchlauncher.SearchLauncher#1)
08-14 23:01:45.756   658  1184 I BufferQueueProducer: [StatusBar#0](id:29200000007,api:1,p:1659,c:658) disconnect(): api=1
08-14 23:01:45.756   658  1511 I BufferQueueProducer: [StatusBar#0](id:29200000007,api:1,p:1659,c:658) connect(): api=1 producerControlledByApp=false
08-14 23:01:45.765  1469  7010 I InputDispatcher: setInputWindows displayId=0 Window{23ab89a u0 ScreenDecorOverlay} Window{4854998 u0 SecondaryHomeHandle0} Window{7adf0c5 u0 NavigationBar0} Window{5230afb u0 StatusBar} Window{48ea68f u0 com.android.launcher3/com.android.searchlauncher.SearchLauncher} Window{31ce90f u0 com.android.launcher3/com.android.searchlauncher.SearchLauncher} Window{2082a46 u0 com.android.systemui.ImageWallpaper} 
08-14 23:01:45.773   658  1511 I BufferQueueProducer: [StatusBar#0](this:0xb40000758583eea8,id:7,api:1,p:1659,c:658) queueBuffer: fps=1.76 dur=2274.79 max=1628.90 min=13.52
08-14 23:01:45.774  1659  2168 I OpenGLRenderer: Davey! duration=1115ms; Flags=1, IntendedVsync=124594236925884, Vsync=124594897942812, OldestInputEvent=9223372036854775807, NewestInputEvent=0, HandleInputStart=124594904671655, AnimationStart=124594904676193, PerformTraversalsStart=124594904930885, DrawStart=124595339075347, SyncQueued=124595341211116, SyncStart=124595344614962, IssueDrawCommandsStart=124595345948347, SwapBuffers=124595353700347, FrameCompleted=124595355907193, DequeueBufferDuration=0, QueueBufferDuration=1401154, GpuCompleted=124528053419343, 
08-14 23:01:45.783  1469  5522 I InputDispatcher: setInputWindows displayId=0 Window{23ab89a u0 ScreenDecorOverlay} Window{4854998 u0 SecondaryHomeHandle0} Window{7adf0c5 u0 NavigationBar0} Window{5230afb u0 StatusBar} Window{48ea68f u0 com.android.launcher3/com.android.searchlauncher.SearchLauncher} Window{31ce90f u0 com.android.launcher3/com.android.searchlauncher.SearchLauncher} Window{2082a46 u0 com.android.systemui.ImageWallpaper} 
08-14 23:01:45.799  1469  5481 I InputDispatcher: setInputWindows displayId=0 Window{23ab89a u0 ScreenDecorOverlay} Window{4854998 u0 SecondaryHomeHandle0} Window{7adf0c5 u0 NavigationBar0} Window{5230afb u0 StatusBar} Window{48ea68f u0 com.android.launcher3/com.android.searchlauncher.SearchLauncher} Window{31ce90f u0 com.android.launcher3/com.android.searchlauncher.SearchLauncher} Window{2082a46 u0 com.android.systemui.ImageWallpaper} 
08-14 23:01:45.806  1659  1659 I InputTransport: Destroy ARC handle: 0xb400007281492940
08-14 23:01:45.817  1469  7010 I InputDispatcher: setInputWindows displayId=0 Window{23ab89a u0 ScreenDecorOverlay} Window{4854998 u0 SecondaryHomeHandle0} Window{7adf0c5 u0 NavigationBar0} Window{5230afb u0 StatusBar} Window{48ea68f u0 com.android.launcher3/com.android.searchlauncher.SearchLauncher} Window{31ce90f u0 com.android.launcher3/com.android.searchlauncher.SearchLauncher} Window{2082a46 u0 com.android.systemui.ImageWallpaper} 
08-14 23:01:45.835  1469  5522 I InputDispatcher: setInputWindows displayId=0 Window{23ab89a u0 ScreenDecorOverlay} Window{4854998 u0 SecondaryHomeHandle0} Window{7adf0c5 u0 NavigationBar0} Window{5230afb u0 StatusBar} Window{48ea68f u0 com.android.launcher3/com.android.searchlauncher.SearchLauncher} Window{31ce90f u0 com.android.launcher3/com.android.searchlauncher.SearchLauncher} Window{2082a46 u0 com.android.systemui.ImageWallpaper} 
08-14 23:01:45.836   638   737 I libPowerHal: [perfLockAcq] idx:0 hdl:7485 hint:25 pid:638 duration:10000 => ret_hdl:7485
08-14 23:01:45.836   638   737 I libPowerHal: [PE] scn:0 hdl:7485 hint:25 comm:mtkpower@1.0-se pid:638
08-14 23:01:45.837   638   737 I libPowerHal: [PE] MTKPOWER_HINT_APP_TOUCH update cmd:3408600 param:1
08-14 23:01:45.851  1469  7010 I InputDispatcher: setInputWindows displayId=0 Window{23ab89a u0 ScreenDecorOverlay} Window{4854998 u0 SecondaryHomeHandle0} Window{7adf0c5 u0 NavigationBar0} Window{5230afb u0 StatusBar} Window{48ea68f u0 com.android.launcher3/com.android.searchlauncher.SearchLauncher} Window{31ce90f u0 com.android.launcher3/com.android.searchlauncher.SearchLauncher} Window{2082a46 u0 com.android.systemui.ImageWallpaper} 
08-14 23:01:45.856   658   658 I SurfaceFlinger: operator()(), mtkRenderCntDebug 48724, screenshot (com.android.systemui.ImageWallpaper#0)
08-14 23:01:45.856   658   658 I SurfaceFlinger: operator()(), mtkRenderCntDebug 48724, screenshot (com.android.launcher3/com.android.searchlauncher.SearchLauncher#1)
08-14 23:01:45.868  1469  7010 I InputDispatcher: setInputWindows displayId=0 Window{23ab89a u0 ScreenDecorOverlay} Window{4854998 u0 SecondaryHomeHandle0} Window{7adf0c5 u0 NavigationBar0} Window{5230afb u0 StatusBar} Window{48ea68f u0 com.android.launcher3/com.android.searchlauncher.SearchLauncher} Window{31ce90f u0 com.android.launcher3/com.android.searchlauncher.SearchLauncher} Window{2082a46 u0 com.android.systemui.ImageWallpaper} 
08-14 23:01:45.885  1469  7010 I InputDispatcher: setInputWindows displayId=0 Window{23ab89a u0 ScreenDecorOverlay} Window{4854998 u0 SecondaryHomeHandle0} Window{7adf0c5 u0 NavigationBar0} Window{5230afb u0 StatusBar} Window{48ea68f u0 com.android.launcher3/com.android.searchlauncher.SearchLauncher} Window{31ce90f u0 com.android.launcher3/com.android.searchlauncher.SearchLauncher} Window{2082a46 u0 com.android.systemui.ImageWallpaper} 
08-14 23:01:45.887   658  1511 I BufferQueueProducer: [SecondaryHomeHandle0#0](id:292000006f1,api:1,p:1659,c:658) disconnect(): api=1
08-14 23:01:45.888   658  1511 I BufferQueueProducer: [SecondaryHomeHandle0#0](id:292000006f1,api:1,p:1659,c:658) connect(): api=1 producerControlledByApp=false
08-14 23:01:45.903  1469  5522 I InputDispatcher: setInputWindows displayId=0 Window{23ab89a u0 ScreenDecorOverlay} Window{4854998 u0 SecondaryHomeHandle0} Window{7adf0c5 u0 NavigationBar0} Window{5230afb u0 StatusBar} Window{48ea68f u0 com.android.launcher3/com.android.searchlauncher.SearchLauncher} Window{31ce90f u0 com.android.launcher3/com.android.searchlauncher.SearchLauncher} Window{2082a46 u0 com.android.systemui.ImageWallpaper} 
08-14 23:01:45.920  1469  5522 I InputDispatcher: setInputWindows displayId=0 Window{23ab89a u0 ScreenDecorOverlay} Window{4854998 u0 SecondaryHomeHandle0} Window{7adf0c5 u0 NavigationBar0} Window{5230afb u0 StatusBar} Window{48ea68f u0 com.android.launcher3/com.android.searchlauncher.SearchLauncher} Window{31ce90f u0 com.android.launcher3/com.android.searchlauncher.SearchLauncher} Window{2082a46 u0 com.android.systemui.ImageWallpaper} 
08-14 23:01:45.930   638   737 I libPowerHal: [perfLockRel] hdl:7485, idx:0
08-14 23:01:45.931   638   737 I libPowerHal: [PD] scn:0 hdl:7485 hint:25 comm:mtkpower@1.0-se pid:638
08-14 23:01:45.931   638   737 I libPowerHal: [PD] MTKPOWER_HINT_APP_TOUCH update cmd:3408600 param:0
08-14 23:01:45.937  1469  5522 I InputDispatcher: setInputWindows displayId=0 Window{23ab89a u0 ScreenDecorOverlay} Window{4854998 u0 SecondaryHomeHandle0} Window{7adf0c5 u0 NavigationBar0} Window{5230afb u0 StatusBar} Window{48ea68f u0 com.android.launcher3/com.android.searchlauncher.SearchLauncher} Window{31ce90f u0 com.android.launcher3/com.android.searchlauncher.SearchLauncher} Window{2082a46 u0 com.android.systemui.ImageWallpaper} 
08-14 23:01:45.955  1469  7010 I InputDispatcher: setInputWindows displayId=0 Window{23ab89a u0 ScreenDecorOverlay} Window{4854998 u0 SecondaryHomeHandle0} Window{7adf0c5 u0 NavigationBar0} Window{5230afb u0 StatusBar} Window{48ea68f u0 com.android.launcher3/com.android.searchlauncher.SearchLauncher} Window{31ce90f u0 com.android.launcher3/com.android.searchlauncher.SearchLauncher} Window{2082a46 u0 com.android.systemui.ImageWallpaper} 
08-14 23:01:45.961   658   658 I SurfaceFlinger: operator()(), mtkRenderCntDebug 48725, screenshot (com.android.systemui.ImageWallpaper#0)
08-14 23:01:45.961   658   658 I SurfaceFlinger: operator()(), mtkRenderCntDebug 48725, screenshot (com.android.launcher3/com.android.searchlauncher.SearchLauncher#1)
08-14 23:01:45.972  1469  5481 I InputDispatcher: setInputWindows displayId=0 Window{23ab89a u0 ScreenDecorOverlay} Window{4854998 u0 SecondaryHomeHandle0} Window{7adf0c5 u0 NavigationBar0} Window{5230afb u0 StatusBar} Window{48ea68f u0 com.android.launcher3/com.android.searchlauncher.SearchLauncher} Window{31ce90f u0 com.android.launcher3/com.android.searchlauncher.SearchLauncher} Window{2082a46 u0 com.android.systemui.ImageWallpaper} 
08-14 23:01:45.989  1469  7010 I InputDispatcher: setInputWindows displayId=0 Window{23ab89a u0 ScreenDecorOverlay} Window{4854998 u0 SecondaryHomeHandle0} Window{7adf0c5 u0 NavigationBar0} Window{5230afb u0 StatusBar} Window{48ea68f u0 com.android.launcher3/com.android.searchlauncher.SearchLauncher} Window{31ce90f u0 com.android.launcher3/com.android.searchlauncher.SearchLauncher} Window{2082a46 u0 com.android.systemui.ImageWallpaper} 
08-14 23:01:46.008  1469  7010 I InputDispatcher: setInputWindows displayId=0 Window{23ab89a u0 ScreenDecorOverlay} Window{4854998 u0 SecondaryHomeHandle0} Window{7adf0c5 u0 NavigationBar0} Window{5230afb u0 StatusBar} Window{48ea68f u0 com.android.launcher3/com.android.searchlauncher.SearchLauncher} Window{31ce90f u0 com.android.launcher3/com.android.searchlauncher.SearchLauncher} Window{2082a46 u0 com.android.systemui.ImageWallpaper} 
08-14 23:01:46.025  1469  5522 I InputDispatcher: setInputWindows displayId=0 Window{23ab89a u0 ScreenDecorOverlay} Window{4854998 u0 SecondaryHomeHandle0} Window{7adf0c5 u0 NavigationBar0} Window{5230afb u0 StatusBar} Window{48ea68f u0 com.android.launcher3/com.android.searchlauncher.SearchLauncher} Window{31ce90f u0 com.android.launcher3/com.android.searchlauncher.SearchLauncher} Window{2082a46 u0 com.android.systemui.ImageWallpaper} 
08-14 23:01:46.042  1469  5522 I InputDispatcher: setInputWindows displayId=0 Window{23ab89a u0 ScreenDecorOverlay} Window{4854998 u0 SecondaryHomeHandle0} Window{7adf0c5 u0 NavigationBar0} Window{5230afb u0 StatusBar} Window{48ea68f u0 com.android.launcher3/com.android.searchlauncher.SearchLauncher} Window{31ce90f u0 com.android.launcher3/com.android.searchlauncher.SearchLauncher} Window{2082a46 u0 com.android.systemui.ImageWallpaper} 
08-14 23:01:46.059  1469  7010 I InputDispatcher: setInputWindows displayId=0 Window{23ab89a u0 ScreenDecorOverlay} Window{4854998 u0 SecondaryHomeHandle0} Window{7adf0c5 u0 NavigationBar0} Window{5230afb u0 StatusBar} Window{48ea68f u0 com.android.launcher3/com.android.searchlauncher.SearchLauncher} Window{31ce90f u0 com.android.launcher3/com.android.searchlauncher.SearchLauncher} Window{2082a46 u0 com.android.systemui.ImageWallpaper} 
08-14 23:01:46.063   658   658 I SurfaceFlinger: operator()(), mtkRenderCntDebug 48726, screenshot (com.android.systemui.ImageWallpaper#0)
08-14 23:01:46.064   658   658 I SurfaceFlinger: operator()(), mtkRenderCntDebug 48726, screenshot (com.android.launcher3/com.android.searchlauncher.SearchLauncher#1)
08-14 23:01:46.078  1469  7010 I InputDispatcher: setInputWindows displayId=0 Window{23ab89a u0 ScreenDecorOverlay} Window{4854998 u0 SecondaryHomeHandle0} Window{7adf0c5 u0 NavigationBar0} Window{5230afb u0 StatusBar} Window{48ea68f u0 com.android.launcher3/com.android.searchlauncher.SearchLauncher} Window{31ce90f u0 com.android.launcher3/com.android.searchlauncher.SearchLauncher} Window{2082a46 u0 com.android.systemui.ImageWallpaper} 
08-14 23:01:46.095  1469  5522 I InputDispatcher: setInputWindows displayId=0 Window{23ab89a u0 ScreenDecorOverlay} Window{4854998 u0 SecondaryHomeHandle0} Window{7adf0c5 u0 NavigationBar0} Window{5230afb u0 StatusBar} Window{48ea68f u0 com.android.launcher3/com.android.searchlauncher.SearchLauncher} Window{31ce90f u0 com.android.launcher3/com.android.searchlauncher.SearchLauncher} Window{2082a46 u0 com.android.systemui.ImageWallpaper} 
08-14 23:01:46.102   658   785 I BufferQueueProducer: [com.android.launcher3/com.android.searchlauncher.SearchLauncher#1](this:0xb400007585876218,id:1776,api:1,p:2075,c:658) queueBuffer: fps=23.83 dur=1007.08 max=559.01 min=6.04
08-14 23:01:46.111  1469  7010 I InputDispatcher: setInputWindows displayId=0 Window{23ab89a u0 ScreenDecorOverlay} Window{4854998 u0 SecondaryHomeHandle0} Window{7adf0c5 u0 NavigationBar0} Window{5230afb u0 StatusBar} Window{48ea68f u0 com.android.launcher3/com.android.searchlauncher.SearchLauncher} Window{31ce90f u0 com.android.launcher3/com.android.searchlauncher.SearchLauncher} Window{2082a46 u0 com.android.systemui.ImageWallpaper} 
08-14 23:01:46.129  1469  5522 I InputDispatcher: setInputWindows displayId=0 Window{23ab89a u0 ScreenDecorOverlay} Window{4854998 u0 SecondaryHomeHandle0} Window{7adf0c5 u0 NavigationBar0} Window{5230afb u0 StatusBar} Window{48ea68f u0 com.android.launcher3/com.android.searchlauncher.SearchLauncher} Window{31ce90f u0 com.android.launcher3/com.android.searchlauncher.SearchLauncher} Window{2082a46 u0 com.android.systemui.ImageWallpaper} 
08-14 23:01:46.146  1469  7010 I InputDispatcher: setInputWindows displayId=0 Window{23ab89a u0 ScreenDecorOverlay} Window{4854998 u0 SecondaryHomeHandle0} Window{7adf0c5 u0 NavigationBar0} Window{5230afb u0 StatusBar} Window{48ea68f u0 com.android.launcher3/com.android.searchlauncher.SearchLauncher} Window{31ce90f u0 com.android.launcher3/com.android.searchlauncher.SearchLauncher} Window{2082a46 u0 com.android.systemui.ImageWallpaper} 
08-14 23:01:46.162  1469  5522 I InputDispatcher: setInputWindows displayId=0 Window{23ab89a u0 ScreenDecorOverlay} Window{4854998 u0 SecondaryHomeHandle0} Window{7adf0c5 u0 NavigationBar0} Window{5230afb u0 StatusBar} Window{48ea68f u0 com.android.launcher3/com.android.searchlauncher.SearchLauncher} Window{31ce90f u0 com.android.launcher3/com.android.searchlauncher.SearchLauncher} Window{2082a46 u0 com.android.systemui.ImageWallpaper} 
08-14 23:01:46.167   658   658 I SurfaceFlinger: operator()(), mtkRenderCntDebug 48727, screenshot (com.android.systemui.ImageWallpaper#0)
08-14 23:01:46.167   658   658 I SurfaceFlinger: operator()(), mtkRenderCntDebug 48727, screenshot (com.android.launcher3/com.android.searchlauncher.SearchLauncher#1)
08-14 23:01:46.180  1469  7010 I InputDispatcher: setInputWindows displayId=0 Window{23ab89a u0 ScreenDecorOverlay} Window{4854998 u0 SecondaryHomeHandle0} Window{7adf0c5 u0 NavigationBar0} Window{5230afb u0 StatusBar} Window{48ea68f u0 com.android.launcher3/com.android.searchlauncher.SearchLauncher} Window{31ce90f u0 com.android.launcher3/com.android.searchlauncher.SearchLauncher} Window{2082a46 u0 com.android.systemui.ImageWallpaper} 
08-14 23:01:46.197  1469  7010 I InputDispatcher: setInputWindows displayId=0 Window{23ab89a u0 ScreenDecorOverlay} Window{4854998 u0 SecondaryHomeHandle0} Window{7adf0c5 u0 NavigationBar0} Window{5230afb u0 StatusBar} Window{48ea68f u0 com.android.launcher3/com.android.searchlauncher.SearchLauncher} Window{31ce90f u0 com.android.launcher3/com.android.searchlauncher.SearchLauncher} Window{2082a46 u0 com.android.systemui.ImageWallpaper} 
08-14 23:01:46.214  1469  5522 I InputDispatcher: setInputWindows displayId=0 Window{23ab89a u0 ScreenDecorOverlay} Window{4854998 u0 SecondaryHomeHandle0} Window{7adf0c5 u0 NavigationBar0} Window{5230afb u0 StatusBar} Window{48ea68f u0 com.android.launcher3/com.android.searchlauncher.SearchLauncher} Window{31ce90f u0 com.android.launcher3/com.android.searchlauncher.SearchLauncher} Window{2082a46 u0 com.android.systemui.ImageWallpaper} 
08-14 23:01:46.232  1469  7010 I InputDispatcher: setInputWindows displayId=0 Window{23ab89a u0 ScreenDecorOverlay} Window{4854998 u0 SecondaryHomeHandle0} Window{7adf0c5 u0 NavigationBar0} Window{5230afb u0 StatusBar} Window{48ea68f u0 com.android.launcher3/com.android.searchlauncher.SearchLauncher} Window{31ce90f u0 com.android.launcher3/com.android.searchlauncher.SearchLauncher} Window{2082a46 u0 com.android.systemui.ImageWallpaper} 
08-14 23:01:46.250  1469  5522 I InputDispatcher: setInputWindows displayId=0 Window{23ab89a u0 ScreenDecorOverlay} Window{4854998 u0 SecondaryHomeHandle0} Window{7adf0c5 u0 NavigationBar0} Window{5230afb u0 StatusBar} Window{48ea68f u0 com.android.launcher3/com.android.searchlauncher.SearchLauncher} Window{31ce90f u0 com.android.launcher3/com.android.searchlauncher.SearchLauncher} Window{2082a46 u0 com.android.systemui.ImageWallpaper} 
08-14 23:01:46.267  1469  5522 I InputDispatcher: setInputWindows displayId=0 Window{23ab89a u0 ScreenDecorOverlay} Window{4854998 u0 SecondaryHomeHandle0} Window{7adf0c5 u0 NavigationBar0} Window{5230afb u0 StatusBar} Window{48ea68f u0 com.android.launcher3/com.android.searchlauncher.SearchLauncher} Window{31ce90f u0 com.android.launcher3/com.android.searchlauncher.SearchLauncher} Window{2082a46 u0 com.android.systemui.ImageWallpaper} 
08-14 23:01:46.271   658   658 I SurfaceFlinger: operator()(), mtkRenderCntDebug 48728, screenshot (com.android.systemui.ImageWallpaper#0)
08-14 23:01:46.271   658   658 I SurfaceFlinger: operator()(), mtkRenderCntDebug 48728, screenshot (com.android.launcher3/com.android.searchlauncher.SearchLauncher#1)
08-14 23:01:46.284  1469  5522 I InputDispatcher: setInputWindows displayId=0 Window{23ab89a u0 ScreenDecorOverlay} Window{4854998 u0 SecondaryHomeHandle0} Window{7adf0c5 u0 NavigationBar0} Window{5230afb u0 StatusBar} Window{48ea68f u0 com.android.launcher3/com.android.searchlauncher.SearchLauncher} Window{31ce90f u0 com.android.launcher3/com.android.searchlauncher.SearchLauncher} Window{2082a46 u0 com.android.systemui.ImageWallpaper} 
08-14 23:01:46.301  1469  5522 I InputDispatcher: setInputWindows displayId=0 Window{23ab89a u0 ScreenDecorOverlay} Window{4854998 u0 SecondaryHomeHandle0} Window{7adf0c5 u0 NavigationBar0} Window{5230afb u0 StatusBar} Window{48ea68f u0 com.android.launcher3/com.android.searchlauncher.SearchLauncher} Window{31ce90f u0 com.android.launcher3/com.android.searchlauncher.SearchLauncher} Window{2082a46 u0 com.android.systemui.ImageWallpaper} 
08-14 23:01:46.339  2075  2075 D RecentsOrientedState: current RecentsOrientedState: [this=RecentsOrientedState@28cf93e mOrientationHandler=PortraitPagedViewHandler@39618f9 mDisplayRotation=0 mTouchRotation=0 mRecentsActivityRotation=0 isRecentsActivityRotationAllowed=false mSystemRotation=true mFlags=299]
08-14 23:01:46.339  2075  2075 I chatty  : uid=10158(com.android.launcher3) identical 4 lines
08-14 23:01:46.339  2075  2075 D RecentsOrientedState: current RecentsOrientedState: [this=RecentsOrientedState@28cf93e mOrientationHandler=PortraitPagedViewHandler@39618f9 mDisplayRotation=0 mTouchRotation=0 mRecentsActivityRotation=0 isRecentsActivityRotationAllowed=false mSystemRotation=true mFlags=299]
08-14 23:01:46.340   658   785 I BpBinder: onLastStrongRef automatically unlinking death recipients: <uncached descriptor>
08-14 23:01:46.358   658   785 I BufferQueueProducer: [SecondaryHomeHandle0#0](id:292000006f1,api:1,p:1659,c:658) disconnect(): api=1
08-14 23:01:46.370  1469  5522 I InputDispatcher: setInputWindows displayId=0 Window{23ab89a u0 ScreenDecorOverlay} Window{7adf0c5 u0 NavigationBar0} Window{5230afb u0 StatusBar} Window{48ea68f u0 com.android.launcher3/com.android.searchlauncher.SearchLauncher} Window{31ce90f u0 com.android.launcher3/com.android.searchlauncher.SearchLauncher} Window{2082a46 u0 com.android.systemui.ImageWallpaper} 
08-14 23:01:46.371  1469  5522 I InputDispatcher: Window went away: Window{4854998 u0 SecondaryHomeHandle0}
08-14 23:01:46.373   658   785 I BpBinder: onLastStrongRef automatically unlinking death recipients: <uncached descriptor>
08-14 23:01:46.378   658   658 I SurfaceFlinger: operator()(), mtkRenderCntDebug 48729, screenshot (com.android.systemui.ImageWallpaper#0)
08-14 23:01:46.378   658   658 I SurfaceFlinger: operator()(), mtkRenderCntDebug 48729, screenshot (com.android.launcher3/com.android.searchlauncher.SearchLauncher#1)
08-14 23:01:46.386   658   658 I BufferQueueConsumer: [SecondaryHomeHandle0#0](id:292000006f1,api:0,p:-1,c:658) disconnect()
08-14 23:01:46.386   658   658 I BufferQueue: [SecondaryHomeHandle0#0](this:0xb400007585877228,id:1777,api:1,p:-1,c:-1) onDestructor()
08-14 23:01:46.389  1469  7010 I InputDispatcher: setInputWindows displayId=0 Window{23ab89a u0 ScreenDecorOverlay} Window{7adf0c5 u0 NavigationBar0} Window{5230afb u0 StatusBar} Window{48ea68f u0 com.android.launcher3/com.android.searchlauncher.SearchLauncher} Window{31ce90f u0 com.android.launcher3/com.android.searchlauncher.SearchLauncher} Window{2082a46 u0 com.android.systemui.ImageWallpaper} 
08-14 23:01:46.396   658   785 I BufferQueueProducer: [NavigationBar0#0](this:0xb400007585837e38,id:5,api:1,p:1659,c:658) queueBuffer: fps=4.97 dur=1006.70 max=486.26 min=5.11
08-14 23:01:46.405  1469  7010 I InputDispatcher: setInputWindows displayId=0 Window{23ab89a u0 ScreenDecorOverlay} Window{7adf0c5 u0 NavigationBar0} Window{5230afb u0 StatusBar} Window{48ea68f u0 com.android.launcher3/com.android.searchlauncher.SearchLauncher} Window{31ce90f u0 com.android.launcher3/com.android.searchlauncher.SearchLauncher} Window{2082a46 u0 com.android.systemui.ImageWallpaper} 
08-14 23:01:46.478   658   658 I SurfaceFlinger: operator()(), mtkRenderCntDebug 48730, screenshot (com.android.systemui.ImageWallpaper#0)
08-14 23:01:46.478   658   658 I SurfaceFlinger: operator()(), mtkRenderCntDebug 48730, screenshot (com.android.launcher3/com.android.searchlauncher.SearchLauncher#1)
08-14 23:01:46.581   658   658 I SurfaceFlinger: operator()(), mtkRenderCntDebug 48731, screenshot (com.android.systemui.ImageWallpaper#0)
08-14 23:01:46.581   658   658 I SurfaceFlinger: operator()(), mtkRenderCntDebug 48731, screenshot (com.android.launcher3/com.android.searchlauncher.SearchLauncher#1)
08-14 23:01:46.685   658   658 I SurfaceFlinger: operator()(), mtkRenderCntDebug 48732, screenshot (com.android.systemui.ImageWallpaper#0)
08-14 23:01:46.685   658   658 I SurfaceFlinger: operator()(), mtkRenderCntDebug 48732, screenshot (com.android.launcher3/com.android.searchlauncher.SearchLauncher#1)
08-14 23:01:46.735   598   598 D AudioALSAStreamOut: standby(), flag 6
08-14 23:01:46.737   598   598 D AudioALSAStreamOut: standbyStreamOut(), halRequest 0, mDestroy 0, flag 6
08-14 23:01:46.739   598   598 D AudioALSAStreamOut: close(), flags 6
08-14 23:01:46.739   598   598 D AudioALSAStreamOut: closeWavDump()
08-14 23:01:46.739   598   598 D AudioALSAPlaybackHandlerNormal: +close(), flag = 6, mDevice = 0x2
08-14 23:01:46.739   598   598 D AudioALSAHardwareResourceManager: +stopOutputDevice(), mOutputDevices = 0x2, mStartOutputDevicesCount = 1
08-14 23:01:46.742   598   598 D AudioALSADeviceConfigManager: ApplyDeviceTurnoffSequenceByName(), DeviceName = ext_speaker_output descriptor->DeviceStatusCounter = 1
08-14 23:01:46.748   598   598 D AudioALSADeviceConfigManager: ApplyDeviceTurnoffSequenceByName(), DeviceName = speaker_output descriptor->DeviceStatusCounter = 1
08-14 23:01:46.751   598   598 D AudioALSAHardwareResourceManager: notifyOutputDeviceStatusChange(), device = 2, status = 1, sampleRate = 0, mOpenSpeakerPathCount = 0
08-14 23:01:46.751   610   768 I hwcomposer: [HWCDisplay] [Display_0 (type:1)] fps:57.970207,dur:1000.51,max:21.34,min:14.87  
08-14 23:01:46.752   598   598 D AudioALSAStreamManager: speakerStatusChangeCb(), status = 1, sampleRate = 0
08-14 23:01:46.754   598   598 D AudioALSAPlaybackHandlerBase: -closePcmDriver(), mPcm = 0x0
08-14 23:01:46.754   598   598 D AudioALSAPlaybackHandlerNormal: SetLowJitterMode(), bypass low jitter mode, bEnable = 0, device = 0x2, SampleRate = 48000
08-14 23:01:46.754   598   598 D AudioALSAPlaybackHandlerBase: DestroyAurisysLibManager()
08-14 23:01:46.756   598   598 D aurisys_lib_handler: aurisys_arsi_destroy_handler(), lib_name mtk_bessound, 0xb4000077c342f6e0, arsi_destroy_handler, arsi_handler = 0xb400007953e2c040, retval = 0
08-14 23:01:46.756   598   598 D aurisys_lib_manager: delete_aurisys_lib_manager(), manager 0xb400007763437090
08-14 23:01:46.757   598   598 D AudioALSAPlaybackHandlerBase: closeWavDump()
08-14 23:01:46.758   598   598 D AudioALSAPlaybackHandlerNormal: -close()
08-14 23:01:46.761  1469  7010 I system_server: oneway function results will be dropped but finished with status OK and parcel size 4
08-14 23:01:46.788   658   658 I SurfaceFlinger: operator()(), mtkRenderCntDebug 48733, screenshot (com.android.systemui.ImageWallpaper#0)
08-14 23:01:46.788   658   658 I SurfaceFlinger: operator()(), mtkRenderCntDebug 48733, screenshot (com.android.launcher3/com.android.searchlauncher.SearchLauncher#1)
08-14 23:01:46.893   658   658 I SurfaceFlinger: operator()(), mtkRenderCntDebug 48734, screenshot (com.android.systemui.ImageWallpaper#0)
08-14 23:01:46.893   658   658 I SurfaceFlinger: operator()(), mtkRenderCntDebug 48734, screenshot (com.android.launcher3/com.android.searchlauncher.SearchLauncher#1)
08-14 23:01:46.996   658   658 I SurfaceFlinger: operator()(), mtkRenderCntDebug 48735, screenshot (com.android.systemui.ImageWallpaper#0)
08-14 23:01:46.996   658   658 I SurfaceFlinger: operator()(), mtkRenderCntDebug 48735, screenshot (com.android.launcher3/com.android.searchlauncher.SearchLauncher#1)
08-14 23:01:47.101   658   658 I SurfaceFlinger: operator()(), mtkRenderCntDebug 48736, screenshot (com.android.systemui.ImageWallpaper#0)
08-14 23:01:47.102   658   658 I SurfaceFlinger: operator()(), mtkRenderCntDebug 48736, screenshot (com.android.launcher3/com.android.searchlauncher.SearchLauncher#1)
08-14 23:01:47.203   658   658 I SurfaceFlinger: operator()(), mtkRenderCntDebug 48737, screenshot (com.android.systemui.ImageWallpaper#0)
08-14 23:01:47.203   658   658 I SurfaceFlinger: operator()(), mtkRenderCntDebug 48737, screenshot (com.android.launcher3/com.android.searchlauncher.SearchLauncher#1)
08-14 23:01:47.308   658   658 I SurfaceFlinger: operator()(), mtkRenderCntDebug 48738, screenshot (com.android.systemui.ImageWallpaper#0)
08-14 23:01:47.309   658   658 I SurfaceFlinger: operator()(), mtkRenderCntDebug 48738, screenshot (com.android.launcher3/com.android.searchlauncher.SearchLauncher#1)
08-14 23:01:47.397   658   785 I BufferQueueProducer: [NavigationBar0#0](this:0xb400007585837e38,id:5,api:1,p:1659,c:658) queueBuffer: fps=57.90 dur=1001.70 max=19.14 min=14.93
08-14 23:01:47.411   658   658 I SurfaceFlinger: operator()(), mtkRenderCntDebug 48739, screenshot (com.android.systemui.ImageWallpaper#0)
08-14 23:01:47.412   658   658 I SurfaceFlinger: operator()(), mtkRenderCntDebug 48739, screenshot (com.android.launcher3/com.android.searchlauncher.SearchLauncher#1)
08-14 23:01:47.514   658   658 I SurfaceFlinger: operator()(), mtkRenderCntDebug 48740, screenshot (com.android.systemui.ImageWallpaper#0)
08-14 23:01:47.514   658   658 I SurfaceFlinger: operator()(), mtkRenderCntDebug 48740, screenshot (com.android.launcher3/com.android.searchlauncher.SearchLauncher#1)
08-14 23:01:47.617   658   658 I SurfaceFlinger: operator()(), mtkRenderCntDebug 48741, screenshot (com.android.systemui.ImageWallpaper#0)
08-14 23:01:47.618   658   658 I SurfaceFlinger: operator()(), mtkRenderCntDebug 48741, screenshot (com.android.launcher3/com.android.searchlauncher.SearchLauncher#1)
08-14 23:01:47.690 32405 32417 I hbox:interacto: Background young concurrent copying GC freed 65980(5715KB) AllocSpace objects, 0(0B) LOS objects, 36% free, 10MB/16MB, paused 331us total 200.603ms
08-14 23:01:47.854  1469  1575 E WifiVendorHal: getWifiLinkLayerStats_1_3_Internal(l.973) failed {.code = ERROR_NOT_SUPPORTED, .description = }
08-14 23:01:47.871  1469  1575 I WiFi quality Report: ssid="C0F8DA875363" bssid=c0:f8:da:8b:10:e4 rssi=-58 freq=2412 link=65Mbps txGood=1.30 txRetry=0.00 txBad=0.00 rxGood=3.22
08-14 23:01:47.883  1659  1659 E libc    : Access denied finding property "ro.vendor.pref_scale_resolution"
08-14 23:01:47.889 19675 19736 I CarrierServices: [7098] chz.c: Connected state: [1], networkType: [WIFI]
08-14 23:01:47.913 19675 19735 I CarrierServices: [7097] cxv.x: Rcs is enabled from user settings: true
08-14 23:01:47.919   658   785 I BufferQueueProducer: [StatusBar#0](this:0xb40000758583eea8,id:7,api:1,p:1659,c:658) queueBuffer: fps=4.66 dur=2146.13 max=1903.59 min=10.97
08-14 23:01:47.929   610   768 I hwcomposer: [HWCDisplay] [Display_0 (type:1)] fps:43.296886,dur:1177.91,max:313.64,min:15.93  
08-14 23:01:47.933   658   658 I SurfaceFlinger: operator()(), mtkRenderCntDebug 48742, screenshot (com.android.systemui.ImageWallpaper#0)
08-14 23:01:47.933   658   658 I SurfaceFlinger: operator()(), mtkRenderCntDebug 48742, screenshot (com.android.launcher3/com.android.searchlauncher.SearchLauncher#1)
08-14 23:01:48.243   638   737 I libPowerHal: [perfLockAcq] idx:0 hdl:7486 hint:25 pid:638 duration:10000 => ret_hdl:7486
08-14 23:01:48.243   638   737 I libPowerHal: [PE] scn:0 hdl:7486 hint:25 comm:mtkpower@1.0-se pid:638
08-14 23:01:48.243   638   737 I libPowerHal: [PE] MTKPOWER_HINT_APP_TOUCH update cmd:3408600 param:1
08-14 23:01:48.249   638   737 I libPowerHal: [perfLockRel] hdl:7486, idx:0
08-14 23:01:48.249   638   737 I libPowerHal: [PD] scn:0 hdl:7486 hint:25 comm:mtkpower@1.0-se pid:638
08-14 23:01:48.249   638   737 I libPowerHal: [PD] MTKPOWER_HINT_APP_TOUCH update cmd:3408600 param:0
08-14 23:01:48.285   903   903 I thermal_repeater: [recvMdThermalInfo] ret=29, strLen=127,  3, 27, -50, -28409, 32767, 0
08-14 23:01:48.608  1469  1494 I UsageStatsService: User[0] Flushing usage stats to disk
08-14 23:01:48.943   638   737 I libPowerHal: [perfLockAcq] idx:0 hdl:7487 hint:25 pid:638 duration:10000 => ret_hdl:7487
08-14 23:01:48.944   638   737 I libPowerHal: [PE] scn:0 hdl:7487 hint:25 comm:mtkpower@1.0-se pid:638
08-14 23:01:48.944   638   737 I libPowerHal: [PE] MTKPOWER_HINT_APP_TOUCH update cmd:3408600 param:1
08-14 23:01:48.975   658   786 I BufferQueueProducer: [StatusBar#0](this:0xb40000758583eea8,id:7,api:1,p:1659,c:658) queueBuffer: fps=0.95 dur=1055.28 max=1055.28 min=1055.28
08-14 23:01:48.988   610   768 I hwcomposer: [HWCDisplay] [Display_0 (type:1)] fps:0.944178,dur:1059.12,max:1059.12,min:1059.12  
08-14 23:01:49.017   658   785 I BufferQueueProducer: [com.android.launcher3/com.android.searchlauncher.SearchLauncher#1](this:0xb400007585876218,id:1776,api:1,p:2075,c:658) queueBuffer: fps=5.49 dur=2915.62 max=2644.48 min=15.87
08-14 23:01:49.032   658   658 I SurfaceFlinger: operator()(), mtkRenderCntDebug 48743, screenshot (com.android.systemui.ImageWallpaper#0)
08-14 23:01:49.032   658   658 I SurfaceFlinger: operator()(), mtkRenderCntDebug 48743, screenshot (com.android.launcher3/com.android.searchlauncher.SearchLauncher#1)
08-14 23:01:49.139   658   658 I SurfaceFlinger: operator()(), mtkRenderCntDebug 48744, screenshot (com.android.systemui.ImageWallpaper#0)
08-14 23:01:49.139   658   658 I SurfaceFlinger: operator()(), mtkRenderCntDebug 48744, screenshot (com.android.launcher3/com.android.searchlauncher.SearchLauncher#1)
08-14 23:01:49.243   658   658 I SurfaceFlinger: operator()(), mtkRenderCntDebug 48745, screenshot (com.android.systemui.ImageWallpaper#0)
08-14 23:01:49.243   658   658 I SurfaceFlinger: operator()(), mtkRenderCntDebug 48745, screenshot (com.android.launcher3/com.android.searchlauncher.SearchLauncher#1)
08-14 23:01:49.245   638   737 I libPowerHal: [perfLockRel] hdl:7487, idx:0
08-14 23:01:49.245   638   737 I libPowerHal: [PD] scn:0 hdl:7487 hint:25 comm:mtkpower@1.0-se pid:638
08-14 23:01:49.245   638   737 I libPowerHal: [PD] MTKPOWER_HINT_APP_TOUCH update cmd:3408600 param:0
08-14 23:01:49.348   658   658 I SurfaceFlinger: operator()(), mtkRenderCntDebug 48746, screenshot (com.android.systemui.ImageWallpaper#0)
08-14 23:01:49.348   658   658 I SurfaceFlinger: operator()(), mtkRenderCntDebug 48746, screenshot (com.android.launcher3/com.android.searchlauncher.SearchLauncher#1)
08-14 23:01:49.380  2075  2075 D RecentsOrientedState: current RecentsOrientedState: [this=RecentsOrientedState@28cf93e mOrientationHandler=PortraitPagedViewHandler@39618f9 mDisplayRotation=0 mTouchRotation=0 mRecentsActivityRotation=0 isRecentsActivityRotationAllowed=false mSystemRotation=true mFlags=299]
08-14 23:01:49.381  2075  2075 I chatty  : uid=10158(com.android.launcher3) identical 2 lines
08-14 23:01:49.381  2075  2075 D RecentsOrientedState: current RecentsOrientedState: [this=RecentsOrientedState@28cf93e mOrientationHandler=PortraitPagedViewHandler@39618f9 mDisplayRotation=0 mTouchRotation=0 mRecentsActivityRotation=0 isRecentsActivityRotationAllowed=false mSystemRotation=true mFlags=299]
08-14 23:01:49.433   638   737 I libPowerHal: [perfLockAcq] idx:0 hdl:7488 hint:25 pid:638 duration:10000 => ret_hdl:7488
08-14 23:01:49.433   638   737 I libPowerHal: [PE] scn:0 hdl:7488 hint:25 comm:mtkpower@1.0-se pid:638
08-14 23:01:49.434   638   737 I libPowerHal: [PE] MTKPOWER_HINT_APP_TOUCH update cmd:3408600 param:1
08-14 23:01:49.450   658   658 I SurfaceFlinger: operator()(), mtkRenderCntDebug 48747, screenshot (com.android.systemui.ImageWallpaper#0)
08-14 23:01:49.450   658   658 I SurfaceFlinger: operator()(), mtkRenderCntDebug 48747, screenshot (com.android.launcher3/com.android.searchlauncher.SearchLauncher#1)
08-14 23:01:49.485   658   786 I BufferQueueProducer: [NavigationBar0#0](this:0xb400007585837e38,id:5,api:1,p:1659,c:658) queueBuffer: fps=5.75 dur=2087.76 max=1898.84 min=16.28
08-14 23:01:49.521  5879  5879 V GlobalScreenshot: clearing screenshot: close system dialogs
08-14 23:01:49.523  1659  1659 V ShadeControllerImpl: NotificationShadeWindow: com.android.systemui.statusbar.phone.NotificationShadeWindowView{abd1284 I.E...... ......ID 0,0-1080,2280} canPanelBeCollapsed(): false
08-14 23:01:49.524 32405 32499 I A       : (REDACTED) Setting session to type: %s
08-14 23:01:49.555   658   658 I SurfaceFlinger: operator()(), mtkRenderCntDebug 48748, screenshot (com.android.systemui.ImageWallpaper#0)
08-14 23:01:49.555   658   658 I SurfaceFlinger: operator()(), mtkRenderCntDebug 48748, screenshot (com.android.launcher3/com.android.searchlauncher.SearchLauncher#1)
08-14 23:01:49.577   638   737 I libPowerHal: [perfLockRel] hdl:7488, idx:0
08-14 23:01:49.577   638   737 I libPowerHal: [PD] scn:0 hdl:7488 hint:25 comm:mtkpower@1.0-se pid:638
08-14 23:01:49.577   638   737 I libPowerHal: [PD] MTKPOWER_HINT_APP_TOUCH update cmd:3408600 param:0
08-14 23:01:49.578  1469  1549 D WindowManager: powerPress: eventTime=124598983 interactive=true count=1 beganFromNonInteractive=false mShortPressOnPowerBehavior=1
08-14 23:01:49.583  1469  1549 I PowerManagerService: Going to sleep due to power_button (uid 1000)...
08-14 23:01:49.594  1469  1508 I PowerManagerService: Sleeping (uid 1000)...
08-14 23:01:49.599 32051 32051 I GoogleInputMethodService: GoogleInputMethodService.onFinishInput():3273 
08-14 23:01:49.600 32051 32051 I GoogleInputMethodService: GoogleInputMethodService.updateDeviceLockedStatus():2165 repeatCheckTimes = 0, unlocked = true
