08-21 20:14:42.167  7730  7773 E Unity   : 	Success 1 0123456789 ABCDEFGHIJKLMNOPQRSTUVXYZ
08-21 20:14:42.167  7730  7773 E Unity   : MLKitWrapper:OnComplete(String)
08-21 20:14:42.167  7730  7773 E Unity   : 
08-21 20:14:42.182  7730  7773 I Unity   : MLKit: GetResult() : id=-2147483648
08-21 20:14:42.182  7730  7773 I Unity   : MLKit: Abort id=-2147483648
08-21 20:14:42.182  7730  7773 I Unity   : Evaluation: words=2 zones=1 10 10
08-21 20:14:42.183  7730  7773 I Unity   : Word: 0123456789 -> (39.00, 5.00) (117.00, 18.00)
08-21 20:14:42.183  7730  7773 I Unity   : 	Zone: 0 (210.00, 48.00) (384.00, 168.00) collide:False
08-21 20:14:42.183  7730  7773 I Unity   : Word: ABCDEFGHIJKLMNOPQRSTUVXYZ -> (121.00, 5.00) (345.00, 18.00)
08-21 20:14:42.183  7730  7773 I Unity   : 	Zone: 0 (210.00, 48.00) (384.00, 168.00) collide:False
08-21 20:14:42.199  7730  7773 I Unity   : 4397 : CoRequestEvaluation
08-21 20:14:42.243  7730  7773 I Unity   : MLKit Recognize: 384x216 pixelCount=82944 id=127
08-21 20:14:42.273  7730  7773 D MLKit   : input 384x216 pixelCount=82944 id=127
08-21 20:14:42.451  7730  7730 D MLKit   : parseText 0123456789 ABCDEFGHIJKLMNOPQRSTUVXYZ 1
08-21 20:14:42.452  7730  7730 D MLKit   : parseTextBlock 0123456789 ABCDEFGHIJKLMNOPQRSTUVXYZ 1 (39,5) - (345,18)
08-21 20:14:42.452  7730  7730 D MLKit   : parseLine 0123456789 ABCDEFGHIJKLMNOPQRSTUVXYZ 2 (39,5) - (345,18)
08-21 20:14:42.452  7730  7730 D MLKit   : parseElement 0123456789 (39,5) - (117,18)
08-21 20:14:42.452  7730  7730 D MLKit   : parseElement ABCDEFGHIJKLMNOPQRSTUVXYZ (121,5) - (345,18)
08-21 20:14:42.456  7730  7773 I Unity   : MLKitWrapper.OnComplete: json
08-21 20:14:42.456  7730  7773 I Unity   : {"requestId":127,"text":{"text":"0123456789 ABCDEFGHIJKLMNOPQRSTUVXYZ","textBlocks":[{"boundingBox":{"bottom":18,"left":39,"right":345,"top":5},"cornerPoints":[{"x":39,"y":5},{"x":345,"y":5},{"x":345,"y":18},{"x":39,"y":18}],"lines":[{"boundingBox":{"bottom":18,"left":39,"right":345,"top":5},"cornerPoints":[{"x":39,"y":5},{"x":345,"y":5},{"x":345,"y":18},{"x":39,"y":18}],"elements":[{"boundingBox":{"bottom":18,"left":39,"right":117,"top":5},"cornerPoints":[{"x":39,"y":5},{"x":117,"y":5},{"x":117,"y":18},{"x":39,"y":18}],"recognizedLanguage":"en","text":"0123456789"},{"boundingBox":{"bottom":18,"left":121,"right":345,"top":5},"cornerPoints":[{"x":121,"y":5},{"x":345,"y":5},{"x":345,"y":18},{"x":121,"y":18}],"recognizedLanguage":"en","text":"ABCDEFGHIJKLMNOPQRSTUVXYZ"}],"recognizedLanguage":"en","text":"0123456789 ABCDEFGHIJKLMNOPQRSTUVXYZ"}],"recognizedLanguage":"en","text":"0123456789 ABCDEFGHIJKLMNOPQRSTUVXYZ"}]}}
08-21 20:14:42.458  7730  7773 E Unity   : 	Success 1 0123456789 ABCDEFGHIJKLMNOPQRSTUVXYZ
08-21 20:14:42.458  7730  7773 E Unity   : MLKitWrapper:OnComplete(String)
08-21 20:14:42.458  7730  7773 E Unity   : 
08-21 20:14:42.463  7730  7773 I Unity   : MLKit: GetResult() : id=-2147483648
08-21 20:14:42.464  7730  7773 I Unity   : MLKit: Abort id=-2147483648
08-21 20:14:42.464  7730  7773 I Unity   : Evaluation: words=2 zones=1 10 10
08-21 20:14:42.464  7730  7773 I Unity   : Word: 0123456789 -> (39.00, 5.00) (117.00, 18.00)
08-21 20:14:42.464  7730  7773 I Unity   : 	Zone: 0 (210.00, 48.00) (384.00, 168.00) collide:False
08-21 20:14:42.465  7730  7773 I Unity   : Word: ABCDEFGHIJKLMNOPQRSTUVXYZ -> (121.00, 5.00) (345.00, 18.00)
08-21 20:14:42.465  7730  7773 I Unity   : 	Zone: 0 (210.00, 48.00) (384.00, 168.00) collide:False
08-21 20:14:42.473  7730  7773 I Unity   : 4411 : CoRequestEvaluation
08-21 20:14:42.519  7730  7773 I Unity   : MLKit Recognize: 384x216 pixelCount=82944 id=128
08-21 20:14:42.549  7730  7773 D MLKit   : input 384x216 pixelCount=82944 id=128
08-21 20:14:42.736  7730  7730 D MLKit   : parseText 0123456789 ABCDEFGHIJKLMNOPQRSTUVXYZ 1
08-21 20:14:42.736  7730  7730 D MLKit   : parseTextBlock 0123456789 ABCDEFGHIJKLMNOPQRSTUVXYZ 1 (39,5) - (345,18)
08-21 20:14:42.736  7730  7730 D MLKit   : parseLine 0123456789 ABCDEFGHIJKLMNOPQRSTUVXYZ 2 (39,5) - (345,18)
08-21 20:14:42.736  7730  7730 D MLKit   : parseElement 0123456789 (39,5) - (117,18)
08-21 20:14:42.736  7730  7730 D MLKit   : parseElement ABCDEFGHIJKLMNOPQRSTUVXYZ (121,5) - (345,18)
08-21 20:14:42.752  7730  7773 I Unity   : 4425 : CoRequestEvaluation
08-21 20:14:42.754  7730  7773 I Unity   : MLKitWrapper.OnComplete: json
08-21 20:14:42.754  7730  7773 I Unity   : {"requestId":128,"text":{"text":"0123456789 ABCDEFGHIJKLMNOPQRSTUVXYZ","textBlocks":[{"boundingBox":{"bottom":18,"left":39,"right":345,"top":5},"cornerPoints":[{"x":39,"y":5},{"x":345,"y":5},{"x":345,"y":18},{"x":39,"y":18}],"lines":[{"boundingBox":{"bottom":18,"left":39,"right":345,"top":5},"cornerPoints":[{"x":39,"y":5},{"x":345,"y":5},{"x":345,"y":18},{"x":39,"y":18}],"elements":[{"boundingBox":{"bottom":18,"left":39,"right":117,"top":5},"cornerPoints":[{"x":39,"y":5},{"x":117,"y":5},{"x":117,"y":18},{"x":39,"y":18}],"recognizedLanguage":"en","text":"0123456789"},{"boundingBox":{"bottom":18,"left":121,"right":345,"top":5},"cornerPoints":[{"x":121,"y":5},{"x":345,"y":5},{"x":345,"y":18},{"x":121,"y":18}],"recognizedLanguage":"en","text":"ABCDEFGHIJKLMNOPQRSTUVXYZ"}],"recognizedLanguage":"en","text":"0123456789 ABCDEFGHIJKLMNOPQRSTUVXYZ"}],"recognizedLanguage":"en","text":"0123456789 ABCDEFGHIJKLMNOPQRSTUVXYZ"}]}}
08-21 20:14:42.755  7730  7773 E Unity   : 	Success 1 0123456789 ABCDEFGHIJKLMNOPQRSTUVXYZ
08-21 20:14:42.755  7730  7773 E Unity   : MLKitWrapper:OnComplete(String)
08-21 20:14:42.755  7730  7773 E Unity   : 
08-21 20:14:42.795  7730  7773 I Unity   : MLKit Recognize: 384x216 pixelCount=82944 id=129
08-21 20:14:42.821  7730  7773 D MLKit   : input 384x216 pixelCount=82944 id=129
08-21 20:14:42.988  7730  7730 D MLKit   : parseText 0123456789 ABCDEFGHIJKLMNOPQRSTUVXYZ
08-21 20:14:42.988  7730  7730 D MLKit   : 0 2
08-21 20:14:42.989  7730  7730 D MLKit   : parseTextBlock 0123456789 ABCDEFGHIJKLMNOPQRSTUVXYZ 1 (39,5) - (345,18)
08-21 20:14:42.989  7730  7730 D MLKit   : parseLine 0123456789 ABCDEFGHIJKLMNOPQRSTUVXYZ 2 (39,5) - (345,18)
08-21 20:14:42.989  7730  7730 D MLKit   : parseElement 0123456789 (39,5) - (117,18)
08-21 20:14:42.989  7730  7730 D MLKit   : parseElement ABCDEFGHIJKLMNOPQRSTUVXYZ (121,5) - (345,18)
08-21 20:14:42.989  7730  7730 D MLKit   : parseTextBlock 0 1 (286,70) - (319,154)
08-21 20:14:42.989  7730  7730 D MLKit   : parseLine 0 1 (285,70) - (319,153)
08-21 20:14:42.989  7730  7730 D MLKit   : parseElement 0 (285,70) - (319,153)
08-21 20:14:42.994  7730  7773 I Unity   : MLKitWrapper.OnComplete: json
08-21 20:14:42.994  7730  7773 I Unity   : {"requestId":129,"text":{"text":"0123456789 ABCDEFGHIJKLMNOPQRSTUVXYZ\n0","textBlocks":[{"boundingBox":{"bottom":18,"left":39,"right":345,"top":5},"cornerPoints":[{"x":39,"y":5},{"x":345,"y":5},{"x":345,"y":18},{"x":39,"y":18}],"lines":[{"boundingBox":{"bottom":18,"left":39,"right":345,"top":5},"cornerPoints":[{"x":39,"y":5},{"x":345,"y":5},{"x":345,"y":18},{"x":39,"y":18}],"elements":[{"boundingBox":{"bottom":18,"left":39,"right":117,"top":5},"cornerPoints":[{"x":39,"y":5},{"x":117,"y":5},{"x":117,"y":18},{"x":39,"y":18}],"recognizedLanguage":"en","text":"0123456789"},{"boundingBox":{"bottom":18,"left":121,"right":345,"top":5},"cornerPoints":[{"x":121,"y":5},{"x":345,"y":5},{"x":345,"y":18},{"x":121,"y":18}],"recognizedLanguage":"en","text":"ABCDEFGHIJKLMNOPQRSTUVXYZ"}],"recognizedLanguage":"en","text":"0123456789 ABCDEFGHIJKLMNOPQRSTUVXYZ"}],"recognizedLanguage":"en","text":"0123456789 ABCDEFGHIJKLMNOPQRSTUVXYZ"},{"boundingBox":{"bottom":154,"left":286,"right":319,"top":70},"c
08-21 20:14:42.995  7730  7773 E Unity   : 	Success 2 0123456789 ABCDEFGHIJKLMNOPQRSTUVXYZ
08-21 20:14:42.995  7730  7773 E Unity   : 0
08-21 20:14:42.995  7730  7773 E Unity   : MLKitWrapper:OnComplete(String)
08-21 20:14:42.995  7730  7773 E Unity   : 
08-21 20:14:43.010  7730  7773 I Unity   : MLKit: GetResult() : id=-2147483648
08-21 20:14:43.010  7730  7773 I Unity   : MLKit: Abort id=-2147483648
08-21 20:14:43.011  7730  7773 I Unity   : Evaluation: words=3 zones=1 10 10
08-21 20:14:43.011  7730  7773 I Unity   : Word: 0123456789 -> (39.00, 5.00) (117.00, 18.00)
08-21 20:14:43.011  7730  7773 I Unity   : 	Zone: 0 (210.00, 48.00) (384.00, 168.00) collide:False
08-21 20:14:43.011  7730  7773 I Unity   : Word: ABCDEFGHIJKLMNOPQRSTUVXYZ -> (121.00, 5.00) (345.00, 18.00)
08-21 20:14:43.011  7730  7773 I Unity   : 	Zone: 0 (210.00, 48.00) (384.00, 168.00) collide:False
08-21 20:14:43.011  7730  7773 I Unity   : Word: 0 -> (285.00, 70.00) (319.00, 153.00)
08-21 20:14:43.011  7730  7773 I Unity   : 	Zone: 0 (210.00, 48.00) (384.00, 168.00) collide:True
08-21 20:14:43.011  7730  7773 I Unity   : 0 -> 0 6.103352 0
08-21 20:14:43.027  7730  7773 I Unity   : 4439 : CoRequestEvaluation
08-21 20:14:43.073  7730  7773 I Unity   : MLKit Recognize: 384x216 pixelCount=82944 id=130
08-21 20:14:43.104  7730  7773 D MLKit   : input 384x216 pixelCount=82944 id=130
08-21 20:14:43.302  7730  7730 D MLKit   : parseText 0123456789 ABCDEFGHIJKLMNOPQRSTUVXYZ
08-21 20:14:43.302  7730  7730 D MLKit   : 0 2
08-21 20:14:43.302  7730  7730 D MLKit   : parseTextBlock 0123456789 ABCDEFGHIJKLMNOPQRSTUVXYZ 1 (39,5) - (345,18)
08-21 20:14:43.302  7730  7730 D MLKit   : parseLine 0123456789 ABCDEFGHIJKLMNOPQRSTUVXYZ 2 (39,5) - (345,18)
08-21 20:14:43.302  7730  7730 D MLKit   : parseElement 0123456789 (39,5) - (117,18)
08-21 20:14:43.303  7730  7730 D MLKit   : parseElement ABCDEFGHIJKLMNOPQRSTUVXYZ (121,5) - (345,18)
08-21 20:14:43.303  7730  7730 D MLKit   : parseTextBlock 0 1 (286,71) - (319,155)
08-21 20:14:43.303  7730  7730 D MLKit   : parseLine 0 1 (286,71) - (319,155)
08-21 20:14:43.303  7730  7730 D MLKit   : parseElement 0 (286,71) - (319,155)
08-21 20:14:43.322  7730  7773 I Unity   : MLKitWrapper.OnComplete: json
08-21 20:14:43.322  7730  7773 I Unity   : {"requestId":130,"text":{"text":"0123456789 ABCDEFGHIJKLMNOPQRSTUVXYZ\n0","textBlocks":[{"boundingBox":{"bottom":18,"left":39,"right":345,"top":5},"cornerPoints":[{"x":39,"y":5},{"x":345,"y":5},{"x":345,"y":18},{"x":39,"y":18}],"lines":[{"boundingBox":{"bottom":18,"left":39,"right":345,"top":5},"cornerPoints":[{"x":39,"y":5},{"x":345,"y":5},{"x":345,"y":18},{"x":39,"y":18}],"elements":[{"boundingBox":{"bottom":18,"left":39,"right":117,"top":5},"cornerPoints":[{"x":39,"y":5},{"x":117,"y":5},{"x":117,"y":18},{"x":39,"y":18}],"recognizedLanguage":"en","text":"0123456789"},{"boundingBox":{"bottom":18,"left":121,"right":345,"top":5},"cornerPoints":[{"x":121,"y":5},{"x":345,"y":5},{"x":345,"y":18},{"x":121,"y":18}],"recognizedLanguage":"en","text":"ABCDEFGHIJKLMNOPQRSTUVXYZ"}],"recognizedLanguage":"en","text":"0123456789 ABCDEFGHIJKLMNOPQRSTUVXYZ"}],"recognizedLanguage":"en","text":"0123456789 ABCDEFGHIJKLMNOPQRSTUVXYZ"},{"boundingBox":{"bottom":155,"left":286,"right":319,"top":71},"c
08-21 20:14:43.323  7730  7773 E Unity   : 	Success 2 0123456789 ABCDEFGHIJKLMNOPQRSTUVXYZ
08-21 20:14:43.323  7730  7773 E Unity   : 0
08-21 20:14:43.323  7730  7773 E Unity   : MLKitWrapper:OnComplete(String)
08-21 20:14:43.323  7730  7773 E Unity   : 
08-21 20:14:43.339  7730  7773 I Unity   : MLKit: GetResult() : id=-2147483648
08-21 20:14:43.339  7730  7773 I Unity   : MLKit: Abort id=-2147483648
08-21 20:14:43.340  7730  7773 I Unity   : Evaluation: words=3 zones=1 10 10
08-21 20:14:43.340  7730  7773 I Unity   : Word: 0123456789 -> (39.00, 5.00) (117.00, 18.00)
08-21 20:14:43.340  7730  7773 I Unity   : 	Zone: 0 (210.00, 48.00) (384.00, 168.00) collide:False
08-21 20:14:43.341  7730  7773 I Unity   : Word: ABCDEFGHIJKLMNOPQRSTUVXYZ -> (121.00, 5.00) (345.00, 18.00)
08-21 20:14:43.341  7730  7773 I Unity   : 	Zone: 0 (210.00, 48.00) (384.00, 168.00) collide:False
08-21 20:14:43.341  7730  7773 I Unity   : Word: 0 -> (286.00, 71.00) (319.00, 155.00)
08-21 20:14:43.341  7730  7773 I Unity   : 	Zone: 0 (210.00, 48.00) (384.00, 168.00) collide:True
08-21 20:14:43.341  7730  7773 I Unity   : 0 -> 0 7.433122 0
08-21 20:14:43.354  7730  7773 I Unity   : 4456 : CoRequestEvaluation
08-21 20:14:43.404  7730  7773 I Unity   : MLKit Recognize: 384x216 pixelCount=82944 id=131
08-21 20:14:43.436  7730  7773 D MLKit   : input 384x216 pixelCount=82944 id=131
08-21 20:14:43.512  7730  7773 I Unity   : Cont. 42.502017/800	11/75-80
08-21 20:14:43.643  7730  7730 D MLKit   : parseText 0123456789 ABCDEFGHIJKLMNOPQRSTUVXYZ 1
08-21 20:14:43.643  7730  7730 D MLKit   : parseTextBlock 0123456789 ABCDEFGHIJKLMNOPQRSTUVXYZ 1 (39,5) - (345,18)
08-21 20:14:43.644  7730  7730 D MLKit   : parseLine 0123456789 ABCDEFGHIJKLMNOPQRSTUVXYZ 2 (39,5) - (345,18)
08-21 20:14:43.644  7730  7730 D MLKit   : parseElement 0123456789 (39,5) - (117,18)
08-21 20:14:43.644  7730  7730 D MLKit   : parseElement ABCDEFGHIJKLMNOPQRSTUVXYZ (121,5) - (345,18)
08-21 20:14:43.651  7730  7773 I Unity   : MLKitWrapper.OnComplete: json
08-21 20:14:43.651  7730  7773 I Unity   : {"requestId":131,"text":{"text":"0123456789 ABCDEFGHIJKLMNOPQRSTUVXYZ","textBlocks":[{"boundingBox":{"bottom":18,"left":39,"right":345,"top":5},"cornerPoints":[{"x":39,"y":5},{"x":345,"y":5},{"x":345,"y":18},{"x":39,"y":18}],"lines":[{"boundingBox":{"bottom":18,"left":39,"right":345,"top":5},"cornerPoints":[{"x":39,"y":5},{"x":345,"y":5},{"x":345,"y":18},{"x":39,"y":18}],"elements":[{"boundingBox":{"bottom":18,"left":39,"right":117,"top":5},"cornerPoints":[{"x":39,"y":5},{"x":117,"y":5},{"x":117,"y":18},{"x":39,"y":18}],"recognizedLanguage":"en","text":"0123456789"},{"boundingBox":{"bottom":18,"left":121,"right":345,"top":5},"cornerPoints":[{"x":121,"y":5},{"x":345,"y":5},{"x":345,"y":18},{"x":121,"y":18}],"recognizedLanguage":"en","text":"ABCDEFGHIJKLMNOPQRSTUVXYZ"}],"recognizedLanguage":"en","text":"0123456789 ABCDEFGHIJKLMNOPQRSTUVXYZ"}],"recognizedLanguage":"en","text":"0123456789 ABCDEFGHIJKLMNOPQRSTUVXYZ"}]}}
08-21 20:14:43.653  7730  7773 E Unity   : 	Success 1 0123456789 ABCDEFGHIJKLMNOPQRSTUVXYZ
08-21 20:14:43.653  7730  7773 E Unity   : MLKitWrapper:OnComplete(String)
08-21 20:14:43.653  7730  7773 E Unity   : 
08-21 20:14:43.667  7730  7773 I Unity   : MLKit: GetResult() : id=-2147483648
08-21 20:14:43.667  7730  7773 I Unity   : MLKit: Abort id=-2147483648
08-21 20:14:43.685  7730  7773 I Unity   : 4473 : CoRequestEvaluation
08-21 20:14:43.730  7730  7773 I Unity   : MLKit Recognize: 384x216 pixelCount=82944 id=132
08-21 20:14:43.761  7730  7773 D MLKit   : input 384x216 pixelCount=82944 id=132
08-21 20:14:43.936  7730  7730 D MLKit   : parseText 0123456789 ABCDEFGHIJKLMNOPQRSTUVXYZ 1
08-21 20:14:43.936  7730  7730 D MLKit   : parseTextBlock 0123456789 ABCDEFGHIJKLMNOPQRSTUVXYZ 1 (39,5) - (345,18)
08-21 20:14:43.937  7730  7730 D MLKit   : parseLine 0123456789 ABCDEFGHIJKLMNOPQRSTUVXYZ 2 (39,5) - (345,18)
08-21 20:14:43.937  7730  7730 D MLKit   : parseElement 0123456789 (39,5) - (117,18)
08-21 20:14:43.937  7730  7730 D MLKit   : parseElement ABCDEFGHIJKLMNOPQRSTUVXYZ (121,5) - (345,18)
08-21 20:14:43.946  7730  7773 I Unity   : MLKitWrapper.OnComplete: json
08-21 20:14:43.946  7730  7773 I Unity   : {"requestId":132,"text":{"text":"0123456789 ABCDEFGHIJKLMNOPQRSTUVXYZ","textBlocks":[{"boundingBox":{"bottom":18,"left":39,"right":345,"top":5},"cornerPoints":[{"x":39,"y":5},{"x":345,"y":5},{"x":345,"y":18},{"x":39,"y":18}],"lines":[{"boundingBox":{"bottom":18,"left":39,"right":345,"top":5},"cornerPoints":[{"x":39,"y":5},{"x":345,"y":5},{"x":345,"y":18},{"x":39,"y":18}],"elements":[{"boundingBox":{"bottom":18,"left":39,"right":117,"top":5},"cornerPoints":[{"x":39,"y":5},{"x":117,"y":5},{"x":117,"y":18},{"x":39,"y":18}],"recognizedLanguage":"en","text":"0123456789"},{"boundingBox":{"bottom":18,"left":121,"right":345,"top":5},"cornerPoints":[{"x":121,"y":5},{"x":345,"y":5},{"x":345,"y":18},{"x":121,"y":18}],"recognizedLanguage":"en","text":"ABCDEFGHIJKLMNOPQRSTUVXYZ"}],"recognizedLanguage":"en","text":"0123456789 ABCDEFGHIJKLMNOPQRSTUVXYZ"}],"recognizedLanguage":"en","text":"0123456789 ABCDEFGHIJKLMNOPQRSTUVXYZ"}]}}
08-21 20:14:43.948  7730  7773 E Unity   : 	Success 1 0123456789 ABCDEFGHIJKLMNOPQRSTUVXYZ
08-21 20:14:43.948  7730  7773 E Unity   : MLKitWrapper:OnComplete(String)
08-21 20:14:43.948  7730  7773 E Unity   : 
08-21 20:14:43.961  7730  7773 I Unity   : MLKit: GetResult() : id=-2147483648
08-21 20:14:43.961  7730  7773 I Unity   : MLKit: Abort id=-2147483648
08-21 20:14:43.962  7730  7773 I Unity   : Evaluation: words=2 zones=1 11 11
08-21 20:14:43.962  7730  7773 I Unity   : Word: 0123456789 -> (39.00, 5.00) (117.00, 18.00)
08-21 20:14:43.962  7730  7773 I Unity   : 	Zone: 0 (210.00, 48.00) (384.00, 168.00) collide:False
08-21 20:14:43.962  7730  7773 I Unity   : Word: ABCDEFGHIJKLMNOPQRSTUVXYZ -> (121.00, 5.00) (345.00, 18.00)
08-21 20:14:43.963  7730  7773 I Unity   : 	Zone: 0 (210.00, 48.00) (384.00, 168.00) collide:False
08-21 20:14:43.978  7730  7773 I Unity   : 4488 : CoRequestEvaluation
08-21 20:14:44.024  7730  7773 I Unity   : MLKit Recognize: 384x216 pixelCount=82944 id=133
08-21 20:14:44.057  7730  7773 D MLKit   : input 384x216 pixelCount=82944 id=133
08-21 20:14:44.224  7730  7730 D MLKit   : parseText 0123456789 ABCDEFGHIJKLMNOPQRSTUVXYZ 1
08-21 20:14:44.224  7730  7730 D MLKit   : parseTextBlock 0123456789 ABCDEFGHIJKLMNOPQRSTUVXYZ 1 (39,5) - (345,18)
08-21 20:14:44.224  7730  7730 D MLKit   : parseLine 0123456789 ABCDEFGHIJKLMNOPQRSTUVXYZ 2 (39,5) - (345,18)
08-21 20:14:44.224  7730  7730 D MLKit   : parseElement 0123456789 (39,5) - (117,18)
08-21 20:14:44.224  7730  7730 D MLKit   : parseElement ABCDEFGHIJKLMNOPQRSTUVXYZ (121,5) - (345,18)
08-21 20:14:44.241  7730  7773 I Unity   : MLKitWrapper.OnComplete: json
08-21 20:14:44.241  7730  7773 I Unity   : {"requestId":133,"text":{"text":"0123456789 ABCDEFGHIJKLMNOPQRSTUVXYZ","textBlocks":[{"boundingBox":{"bottom":18,"left":39,"right":345,"top":5},"cornerPoints":[{"x":39,"y":5},{"x":345,"y":5},{"x":345,"y":18},{"x":39,"y":18}],"lines":[{"boundingBox":{"bottom":18,"left":39,"right":345,"top":5},"cornerPoints":[{"x":39,"y":5},{"x":345,"y":5},{"x":345,"y":18},{"x":39,"y":18}],"elements":[{"boundingBox":{"bottom":18,"left":39,"right":117,"top":5},"cornerPoints":[{"x":39,"y":5},{"x":117,"y":5},{"x":117,"y":18},{"x":39,"y":18}],"recognizedLanguage":"en","text":"0123456789"},{"boundingBox":{"bottom":18,"left":121,"right":345,"top":5},"cornerPoints":[{"x":121,"y":5},{"x":345,"y":5},{"x":345,"y":18},{"x":121,"y":18}],"recognizedLanguage":"en","text":"ABCDEFGHIJKLMNOPQRSTUVXYZ"}],"recognizedLanguage":"en","text":"0123456789 ABCDEFGHIJKLMNOPQRSTUVXYZ"}],"recognizedLanguage":"en","text":"0123456789 ABCDEFGHIJKLMNOPQRSTUVXYZ"}]}}
08-21 20:14:44.243  7730  7773 E Unity   : 	Success 1 0123456789 ABCDEFGHIJKLMNOPQRSTUVXYZ
08-21 20:14:44.243  7730  7773 E Unity   : MLKitWrapper:OnComplete(String)
08-21 20:14:44.243  7730  7773 E Unity   : 
08-21 20:14:44.253  7730  7773 I Unity   : MLKit: GetResult() : id=-2147483648
08-21 20:14:44.254  7730  7773 I Unity   : MLKit: Abort id=-2147483648
08-21 20:14:44.254  7730  7773 I Unity   : Evaluation: words=2 zones=1 11 11
08-21 20:14:44.255  7730  7773 I Unity   : Word: 0123456789 -> (39.00, 5.00) (117.00, 18.00)
08-21 20:14:44.255  7730  7773 I Unity   : 	Zone: 0 (210.00, 48.00) (384.00, 168.00) collide:False
08-21 20:14:44.255  7730  7773 I Unity   : Word: ABCDEFGHIJKLMNOPQRSTUVXYZ -> (121.00, 5.00) (345.00, 18.00)
08-21 20:14:44.255  7730  7773 I Unity   : 	Zone: 0 (210.00, 48.00) (384.00, 168.00) collide:False
08-21 20:14:44.272  7730  7773 I Unity   : 4503 : CoRequestEvaluation
08-21 20:14:44.319  7730  7773 I Unity   : MLKit Recognize: 384x216 pixelCount=82944 id=134
08-21 20:14:44.349  7730  7773 D MLKit   : input 384x216 pixelCount=82944 id=134
08-21 20:14:44.524  7730  7730 D MLKit   : parseText 0123456789 ABCDEFGHIJKLMNOPQRSTUVXYZ 1
08-21 20:14:44.524  7730  7730 D MLKit   : parseTextBlock 0123456789 ABCDEFGHIJKLMNOPQRSTUVXYZ 1 (39,6) - (345,18)
08-21 20:14:44.524  7730  7730 D MLKit   : parseLine 0123456789 ABCDEFGHIJKLMNOPQRSTUVXYZ 2 (39,6) - (345,18)
08-21 20:14:44.524  7730  7730 D MLKit   : parseElement 0123456789 (39,6) - (117,18)
08-21 20:14:44.524  7730  7730 D MLKit   : parseElement ABCDEFGHIJKLMNOPQRSTUVXYZ (121,6) - (345,18)
08-21 20:14:44.534  7730  7773 I Unity   : MLKitWrapper.OnComplete: json
08-21 20:14:44.534  7730  7773 I Unity   : {"requestId":134,"text":{"text":"0123456789 ABCDEFGHIJKLMNOPQRSTUVXYZ","textBlocks":[{"boundingBox":{"bottom":18,"left":39,"right":345,"top":6},"cornerPoints":[{"x":39,"y":6},{"x":345,"y":6},{"x":345,"y":18},{"x":39,"y":18}],"lines":[{"boundingBox":{"bottom":18,"left":39,"right":345,"top":6},"cornerPoints":[{"x":39,"y":6},{"x":345,"y":6},{"x":345,"y":18},{"x":39,"y":18}],"elements":[{"boundingBox":{"bottom":18,"left":39,"right":117,"top":6},"cornerPoints":[{"x":39,"y":6},{"x":117,"y":6},{"x":117,"y":18},{"x":39,"y":18}],"recognizedLanguage":"en","text":"0123456789"},{"boundingBox":{"bottom":18,"left":121,"right":345,"top":6},"cornerPoints":[{"x":121,"y":6},{"x":345,"y":6},{"x":345,"y":18},{"x":121,"y":18}],"recognizedLanguage":"en","text":"ABCDEFGHIJKLMNOPQRSTUVXYZ"}],"recognizedLanguage":"en","text":"0123456789 ABCDEFGHIJKLMNOPQRSTUVXYZ"}],"recognizedLanguage":"en","text":"0123456789 ABCDEFGHIJKLMNOPQRSTUVXYZ"}]}}
08-21 20:14:44.535  7730  7773 E Unity   : 	Success 1 0123456789 ABCDEFGHIJKLMNOPQRSTUVXYZ
08-21 20:14:44.535  7730  7773 E Unity   : MLKitWrapper:OnComplete(String)
08-21 20:14:44.535  7730  7773 E Unity   : 
08-21 20:14:44.550  7730  7773 I Unity   : MLKit: GetResult() : id=-2147483648
08-21 20:14:44.551  7730  7773 I Unity   : MLKit: Abort id=-2147483648
08-21 20:14:44.551  7730  7773 I Unity   : Evaluation: words=2 zones=1 11 11
08-21 20:14:44.551  7730  7773 I Unity   : Word: 0123456789 -> (39.00, 6.00) (117.00, 18.00)
08-21 20:14:44.551  7730  7773 I Unity   : 	Zone: 0 (210.00, 48.00) (384.00, 168.00) collide:False
08-21 20:14:44.551  7730  7773 I Unity   : Word: ABCDEFGHIJKLMNOPQRSTUVXYZ -> (121.00, 6.00) (345.00, 18.00)
08-21 20:14:44.551  7730  7773 I Unity   : 	Zone: 0 (210.00, 48.00) (384.00, 168.00) collide:False
08-21 20:14:44.568  7730  7773 I Unity   : 4518 : CoRequestEvaluation
08-21 20:14:44.611  7730  7773 I Unity   : MLKit Recognize: 384x216 pixelCount=82944 id=135
08-21 20:14:44.644  7730  7773 D MLKit   : input 384x216 pixelCount=82944 id=135
08-21 20:14:44.829  7730  7730 D MLKit   : parseText 0123456789 ABCDEFGHIJKLMNOPQRSTUVXYZ 1
08-21 20:14:44.829  7730  7730 D MLKit   : parseTextBlock 0123456789 ABCDEFGHIJKLMNOPQRSTUVXYZ 1 (39,5) - (345,18)
08-21 20:14:44.829  7730  7730 D MLKit   : parseLine 0123456789 ABCDEFGHIJKLMNOPQRSTUVXYZ 2 (39,5) - (345,18)
08-21 20:14:44.829  7730  7730 D MLKit   : parseElement 0123456789 (39,5) - (117,18)
08-21 20:14:44.829  7730  7730 D MLKit   : parseElement ABCDEFGHIJKLMNOPQRSTUVXYZ (121,5) - (345,18)
08-21 20:14:44.845  7730  7773 I Unity   : MLKitWrapper.OnComplete: json
08-21 20:14:44.845  7730  7773 I Unity   : {"requestId":135,"text":{"text":"0123456789 ABCDEFGHIJKLMNOPQRSTUVXYZ","textBlocks":[{"boundingBox":{"bottom":18,"left":39,"right":345,"top":5},"cornerPoints":[{"x":39,"y":5},{"x":345,"y":5},{"x":345,"y":18},{"x":39,"y":18}],"lines":[{"boundingBox":{"bottom":18,"left":39,"right":345,"top":5},"cornerPoints":[{"x":39,"y":5},{"x":345,"y":5},{"x":345,"y":18},{"x":39,"y":18}],"elements":[{"boundingBox":{"bottom":18,"left":39,"right":117,"top":5},"cornerPoints":[{"x":39,"y":5},{"x":117,"y":5},{"x":117,"y":18},{"x":39,"y":18}],"recognizedLanguage":"en","text":"0123456789"},{"boundingBox":{"bottom":18,"left":121,"right":345,"top":5},"cornerPoints":[{"x":121,"y":5},{"x":345,"y":5},{"x":345,"y":18},{"x":121,"y":18}],"recognizedLanguage":"en","text":"ABCDEFGHIJKLMNOPQRSTUVXYZ"}],"recognizedLanguage":"en","text":"0123456789 ABCDEFGHIJKLMNOPQRSTUVXYZ"}],"recognizedLanguage":"en","text":"0123456789 ABCDEFGHIJKLMNOPQRSTUVXYZ"}]}}
08-21 20:14:44.847  7730  7773 E Unity   : 	Success 1 0123456789 ABCDEFGHIJKLMNOPQRSTUVXYZ
08-21 20:14:44.847  7730  7773 E Unity   : MLKitWrapper:OnComplete(String)
08-21 20:14:44.847  7730  7773 E Unity   : 
08-21 20:14:44.862  7730  7773 I Unity   : MLKit: GetResult() : id=-2147483648
08-21 20:14:44.862  7730  7773 I Unity   : MLKit: Abort id=-2147483648
08-21 20:14:44.863  7730  7773 I Unity   : Evaluation: words=2 zones=1 11 11
08-21 20:14:44.863  7730  7773 I Unity   : Word: 0123456789 -> (39.00, 5.00) (117.00, 18.00)
08-21 20:14:44.863  7730  7773 I Unity   : 	Zone: 0 (210.00, 48.00) (384.00, 168.00) collide:False
08-21 20:14:44.863  7730  7773 I Unity   : Word: ABCDEFGHIJKLMNOPQRSTUVXYZ -> (121.00, 5.00) (345.00, 18.00)
08-21 20:14:44.863  7730  7773 I Unity   : 	Zone: 0 (210.00, 48.00) (384.00, 168.00) collide:False
08-21 20:14:44.877  7730  7773 I Unity   : 4534 : CoRequestEvaluation
08-21 20:14:44.924  7730  7773 I Unity   : MLKit Recognize: 384x216 pixelCount=82944 id=136
08-21 20:14:44.960  7730  7773 D MLKit   : input 384x216 pixelCount=82944 id=136
08-21 20:14:45.176  7730  7730 D MLKit   : parseText 0123456789 ABCDEFGHIJKLMNOPQRSTUVXYZ 1
08-21 20:14:45.176  7730  7730 D MLKit   : parseTextBlock 0123456789 ABCDEFGHIJKLMNOPQRSTUVXYZ 1 (39,5) - (345,18)
08-21 20:14:45.176  7730  7730 D MLKit   : parseLine 0123456789 ABCDEFGHIJKLMNOPQRSTUVXYZ 2 (39,5) - (345,18)
08-21 20:14:45.176  7730  7730 D MLKit   : parseElement 0123456789 (39,5) - (117,18)
08-21 20:14:45.176  7730  7730 D MLKit   : parseElement ABCDEFGHIJKLMNOPQRSTUVXYZ (121,5) - (345,18)
08-21 20:14:45.190  7730  7773 I Unity   : MLKitWrapper.OnComplete: json
08-21 20:14:45.190  7730  7773 I Unity   : {"requestId":136,"text":{"text":"0123456789 ABCDEFGHIJKLMNOPQRSTUVXYZ","textBlocks":[{"boundingBox":{"bottom":18,"left":39,"right":345,"top":5},"cornerPoints":[{"x":39,"y":5},{"x":345,"y":5},{"x":345,"y":18},{"x":39,"y":18}],"lines":[{"boundingBox":{"bottom":18,"left":39,"right":345,"top":5},"cornerPoints":[{"x":39,"y":5},{"x":345,"y":5},{"x":345,"y":18},{"x":39,"y":18}],"elements":[{"boundingBox":{"bottom":18,"left":39,"right":117,"top":5},"cornerPoints":[{"x":39,"y":5},{"x":117,"y":5},{"x":117,"y":18},{"x":39,"y":18}],"recognizedLanguage":"en","text":"0123456789"},{"boundingBox":{"bottom":18,"left":121,"right":345,"top":5},"cornerPoints":[{"x":121,"y":5},{"x":345,"y":5},{"x":345,"y":18},{"x":121,"y":18}],"recognizedLanguage":"en","text":"ABCDEFGHIJKLMNOPQRSTUVXYZ"}],"recognizedLanguage":"en","text":"0123456789 ABCDEFGHIJKLMNOPQRSTUVXYZ"}],"recognizedLanguage":"en","text":"0123456789 ABCDEFGHIJKLMNOPQRSTUVXYZ"}]}}
08-21 20:14:45.193  7730  7773 E Unity   : 	Success 1 0123456789 ABCDEFGHIJKLMNOPQRSTUVXYZ
08-21 20:14:45.193  7730  7773 E Unity   : MLKitWrapper:OnComplete(String)
08-21 20:14:45.193  7730  7773 E Unity   : 
08-21 20:14:45.207  7730  7773 I Unity   : MLKit: GetResult() : id=-2147483648
08-21 20:14:45.208  7730  7773 I Unity   : MLKit: Abort id=-2147483648
08-21 20:14:45.208  7730  7773 I Unity   : Evaluation: words=2 zones=1 11 11
08-21 20:14:45.208  7730  7773 I Unity   : Word: 0123456789 -> (39.00, 5.00) (117.00, 18.00)
08-21 20:14:45.209  7730  7773 I Unity   : 	Zone: 0 (210.00, 48.00) (384.00, 168.00) collide:False
08-21 20:14:45.209  7730  7773 I Unity   : Word: ABCDEFGHIJKLMNOPQRSTUVXYZ -> (121.00, 5.00) (345.00, 18.00)
08-21 20:14:45.209  7730  7773 I Unity   : 	Zone: 0 (210.00, 48.00) (384.00, 168.00) collide:False
08-21 20:14:45.222  7730  7773 I Unity   : 4552 : CoRequestEvaluation
08-21 20:14:45.270  7730  7773 I Unity   : MLKit Recognize: 384x216 pixelCount=82944 id=137
08-21 20:14:45.299  7730  7773 D MLKit   : input 384x216 pixelCount=82944 id=137
08-21 20:14:45.306  7730  7773 I Unity   : 4553 : CoRequestEvaluation
08-21 20:14:45.347  7730  7773 I Unity   : MLKit Recognize: 384x216 pixelCount=82944 id=138
08-21 20:14:45.347  7730  7773 I Unity   : MLKit: Abort id=137
08-21 20:14:45.375  7730  7773 D MLKit   : input 384x216 pixelCount=82944 id=138
08-21 20:14:45.532  7730  7730 D MLKit   : parseText 0123456789 ABCDEFGHIJKLMNOPQRSTUVXYZ 1
08-21 20:14:45.533  7730  7730 D MLKit   : parseTextBlock 0123456789 ABCDEFGHIJKLMNOPQRSTUVXYZ 1 (39,5) - (345,18)
08-21 20:14:45.533  7730  7730 D MLKit   : parseLine 0123456789 ABCDEFGHIJKLMNOPQRSTUVXYZ 2 (39,5) - (345,18)
08-21 20:14:45.533  7730  7730 D MLKit   : parseElement 0123456789 (39,5) - (117,18)
08-21 20:14:45.533  7730  7730 D MLKit   : parseElement ABCDEFGHIJKLMNOPQRSTUVXYZ (121,5) - (345,18)
08-21 20:14:45.552  7730  7773 I Unity   : MLKitWrapper.OnComplete: json
08-21 20:14:45.552  7730  7773 I Unity   : {"requestId":137,"text":{"text":"0123456789 ABCDEFGHIJKLMNOPQRSTUVXYZ","textBlocks":[{"boundingBox":{"bottom":18,"left":39,"right":345,"top":5},"cornerPoints":[{"x":39,"y":5},{"x":345,"y":5},{"x":345,"y":18},{"x":39,"y":18}],"lines":[{"boundingBox":{"bottom":18,"left":39,"right":345,"top":5},"cornerPoints":[{"x":39,"y":5},{"x":345,"y":5},{"x":345,"y":18},{"x":39,"y":18}],"elements":[{"boundingBox":{"bottom":18,"left":39,"right":117,"top":5},"cornerPoints":[{"x":39,"y":5},{"x":117,"y":5},{"x":117,"y":18},{"x":39,"y":18}],"recognizedLanguage":"en","text":"0123456789"},{"boundingBox":{"bottom":18,"left":121,"right":345,"top":5},"cornerPoints":[{"x":121,"y":5},{"x":345,"y":5},{"x":345,"y":18},{"x":121,"y":18}],"recognizedLanguage":"en","text":"ABCDEFGHIJKLMNOPQRSTUVXYZ"}],"recognizedLanguage":"en","text":"0123456789 ABCDEFGHIJKLMNOPQRSTUVXYZ"}],"recognizedLanguage":"en","text":"0123456789 ABCDEFGHIJKLMNOPQRSTUVXYZ"}]}}
08-21 20:14:45.692  7730  7730 D MLKit   : parseText 0123456789 ABCDEFGHIJKLMNOPQRSTUVXYZ 1
08-21 20:14:45.692  7730  7730 D MLKit   : parseTextBlock 0123456789 ABCDEFGHIJKLMNOPQRSTUVXYZ 1 (39,5) - (345,18)
08-21 20:14:45.692  7730  7730 D MLKit   : parseLine 0123456789 ABCDEFGHIJKLMNOPQRSTUVXYZ 2 (39,5) - (345,18)
08-21 20:14:45.692  7730  7730 D MLKit   : parseElement 0123456789 (39,5) - (117,18)
08-21 20:14:45.692  7730  7730 D MLKit   : parseElement ABCDEFGHIJKLMNOPQRSTUVXYZ (121,5) - (345,18)
08-21 20:14:45.708  7730  7773 I Unity   : MLKitWrapper.OnComplete: json
08-21 20:14:45.708  7730  7773 I Unity   : {"requestId":138,"text":{"text":"0123456789 ABCDEFGHIJKLMNOPQRSTUVXYZ","textBlocks":[{"boundingBox":{"bottom":18,"left":39,"right":345,"top":5},"cornerPoints":[{"x":39,"y":5},{"x":345,"y":5},{"x":345,"y":18},{"x":39,"y":18}],"lines":[{"boundingBox":{"bottom":18,"left":39,"right":345,"top":5},"cornerPoints":[{"x":39,"y":5},{"x":345,"y":5},{"x":345,"y":18},{"x":39,"y":18}],"elements":[{"boundingBox":{"bottom":18,"left":39,"right":117,"top":5},"cornerPoints":[{"x":39,"y":5},{"x":117,"y":5},{"x":117,"y":18},{"x":39,"y":18}],"recognizedLanguage":"en","text":"0123456789"},{"boundingBox":{"bottom":18,"left":121,"right":345,"top":5},"cornerPoints":[{"x":121,"y":5},{"x":345,"y":5},{"x":345,"y":18},{"x":121,"y":18}],"recognizedLanguage":"en","text":"ABCDEFGHIJKLMNOPQRSTUVXYZ"}],"recognizedLanguage":"en","text":"0123456789 ABCDEFGHIJKLMNOPQRSTUVXYZ"}],"recognizedLanguage":"en","text":"0123456789 ABCDEFGHIJKLMNOPQRSTUVXYZ"}]}}
08-21 20:14:45.710  7730  7773 E Unity   : 	Success 1 0123456789 ABCDEFGHIJKLMNOPQRSTUVXYZ
08-21 20:14:45.710  7730  7773 E Unity   : MLKitWrapper:OnComplete(String)
08-21 20:14:45.710  7730  7773 E Unity   : 
08-21 20:14:45.724  7730  7773 I Unity   : MLKit: GetResult() : id=-2147483648
08-21 20:14:45.724  7730  7773 I Unity   : MLKit: Abort id=-2147483648
08-21 20:14:45.725  7730  7773 I Unity   : Evaluation: words=2 zones=1 11 11
08-21 20:14:45.726  7730  7773 I Unity   : Word: 0123456789 -> (39.00, 5.00) (117.00, 18.00)
08-21 20:14:45.726  7730  7773 I Unity   : 	Zone: 0 (210.00, 48.00) (384.00, 168.00) collide:False
08-21 20:14:45.726  7730  7773 I Unity   : Word: ABCDEFGHIJKLMNOPQRSTUVXYZ -> (121.00, 5.00) (345.00, 18.00)
08-21 20:14:45.726  7730  7773 I Unity   : 	Zone: 0 (210.00, 48.00) (384.00, 168.00) collide:False
08-21 20:14:45.742  7730  7773 I Unity   : 4577 : CoRequestEvaluation
08-21 20:14:45.787  7730  7773 I Unity   : MLKit Recognize: 384x216 pixelCount=82944 id=139
08-21 20:14:45.821  7730  7773 D MLKit   : input 384x216 pixelCount=82944 id=139
08-21 20:14:46.003  7730  7730 D MLKit   : parseText 0123456789 ABCDEFGHIJKLMNOPQRSTUVXYZ
08-21 20:14:46.003  7730  7730 D MLKit   : 6 2
08-21 20:14:46.003  7730  7730 D MLKit   : parseTextBlock 0123456789 ABCDEFGHIJKLMNOPQRSTUVXYZ 1 (39,5) - (345,18)
08-21 20:14:46.003  7730  7730 D MLKit   : parseLine 0123456789 ABCDEFGHIJKLMNOPQRSTUVXYZ 2 (39,5) - (345,18)
08-21 20:14:46.003  7730  7730 D MLKit   : parseElement 0123456789 (39,5) - (117,18)
08-21 20:14:46.003  7730  7730 D MLKit   : parseElement ABCDEFGHIJKLMNOPQRSTUVXYZ (121,5) - (345,18)
08-21 20:14:46.003  7730  7730 D MLKit   : parseTextBlock 6 1 (281,65) - (329,156)
08-21 20:14:46.003  7730  7730 D MLKit   : parseLine 6 1 (280,65) - (329,155)
08-21 20:14:46.003  7730  7730 D MLKit   : parseElement 6 (280,65) - (329,155)
08-21 20:14:46.018  7730  7773 I Unity   : MLKitWrapper.OnComplete: json
08-21 20:14:46.018  7730  7773 I Unity   : {"requestId":139,"text":{"text":"0123456789 ABCDEFGHIJKLMNOPQRSTUVXYZ\n6","textBlocks":[{"boundingBox":{"bottom":18,"left":39,"right":345,"top":5},"cornerPoints":[{"x":39,"y":5},{"x":345,"y":5},{"x":345,"y":18},{"x":39,"y":18}],"lines":[{"boundingBox":{"bottom":18,"left":39,"right":345,"top":5},"cornerPoints":[{"x":39,"y":5},{"x":345,"y":5},{"x":345,"y":18},{"x":39,"y":18}],"elements":[{"boundingBox":{"bottom":18,"left":39,"right":117,"top":5},"cornerPoints":[{"x":39,"y":5},{"x":117,"y":5},{"x":117,"y":18},{"x":39,"y":18}],"recognizedLanguage":"en","text":"0123456789"},{"boundingBox":{"bottom":18,"left":121,"right":345,"top":5},"cornerPoints":[{"x":121,"y":5},{"x":345,"y":5},{"x":345,"y":18},{"x":121,"y":18}],"recognizedLanguage":"en","text":"ABCDEFGHIJKLMNOPQRSTUVXYZ"}],"recognizedLanguage":"en","text":"0123456789 ABCDEFGHIJKLMNOPQRSTUVXYZ"}],"recognizedLanguage":"en","text":"0123456789 ABCDEFGHIJKLMNOPQRSTUVXYZ"},{"boundingBox":{"bottom":156,"left":281,"right":329,"top":65},"c
08-21 20:14:46.021  7730  7773 E Unity   : 	Success 2 0123456789 ABCDEFGHIJKLMNOPQRSTUVXYZ
08-21 20:14:46.021  7730  7773 E Unity   : 6
08-21 20:14:46.021  7730  7773 E Unity   : MLKitWrapper:OnComplete(String)
08-21 20:14:46.021  7730  7773 E Unity   : 
08-21 20:14:46.034  7730  7773 I Unity   : MLKit: GetResult() : id=-2147483648
08-21 20:14:46.035  7730  7773 I Unity   : MLKit: Abort id=-2147483648
08-21 20:14:46.035  7730  7773 I Unity   : Evaluation: words=3 zones=1 11 11
08-21 20:14:46.035  7730  7773 I Unity   : Word: 0123456789 -> (39.00, 5.00) (117.00, 18.00)
08-21 20:14:46.035  7730  7773 I Unity   : 	Zone: 0 (210.00, 48.00) (384.00, 168.00) collide:False
08-21 20:14:46.035  7730  7773 I Unity   : Word: ABCDEFGHIJKLMNOPQRSTUVXYZ -> (121.00, 5.00) (345.00, 18.00)
08-21 20:14:46.035  7730  7773 I Unity   : 	Zone: 0 (210.00, 48.00) (384.00, 168.00) collide:False
08-21 20:14:46.035  7730  7773 I Unity   : Word: 6 -> (280.00, 65.00) (329.00, 155.00)
08-21 20:14:46.036  7730  7773 I Unity   : 	Zone: 0 (210.00, 48.00) (384.00, 168.00) collide:True
08-21 20:14:46.036  7730  7773 I Unity   : 6 -> 0 7.762121 6
08-21 20:14:46.053  7730  7773 I Unity   : 4593 : CoRequestEvaluation
08-21 20:14:46.103  7730  7773 I Unity   : MLKit Recognize: 384x216 pixelCount=82944 id=140
08-21 20:14:46.135  7730  7773 D MLKit   : input 384x216 pixelCount=82944 id=140
08-21 20:14:46.321  7730  7730 D MLKit   : parseText 0123456789 ABCDEFGHIJKLMNOPQRSTUVXYZ
08-21 20:14:46.321  7730  7730 D MLKit   : 6 2
08-21 20:14:46.321  7730  7730 D MLKit   : parseTextBlock 0123456789 ABCDEFGHIJKLMNOPQRSTUVXYZ 1 (39,6) - (345,18)
08-21 20:14:46.321  7730  7730 D MLKit   : parseLine 0123456789 ABCDEFGHIJKLMNOPQRSTUVXYZ 2 (39,6) - (345,18)
08-21 20:14:46.321  7730  7730 D MLKit   : parseElement 0123456789 (39,6) - (117,18)
08-21 20:14:46.321  7730  7730 D MLKit   : parseElement ABCDEFGHIJKLMNOPQRSTUVXYZ (121,6) - (345,18)
08-21 20:14:46.322  7730  7730 D MLKit   : parseTextBlock 6 1 (285,66) - (323,154)
08-21 20:14:46.322  7730  7730 D MLKit   : parseLine 6 1 (285,66) - (323,154)
08-21 20:14:46.322  7730  7730 D MLKit   : parseElement 6 (285,66) - (323,154)
08-21 20:14:46.330  7730  7773 I Unity   : MLKitWrapper.OnComplete: json
08-21 20:14:46.330  7730  7773 I Unity   : {"requestId":140,"text":{"text":"0123456789 ABCDEFGHIJKLMNOPQRSTUVXYZ\n6","textBlocks":[{"boundingBox":{"bottom":18,"left":39,"right":345,"top":6},"cornerPoints":[{"x":39,"y":6},{"x":345,"y":6},{"x":345,"y":18},{"x":39,"y":18}],"lines":[{"boundingBox":{"bottom":18,"left":39,"right":345,"top":6},"cornerPoints":[{"x":39,"y":6},{"x":345,"y":6},{"x":345,"y":18},{"x":39,"y":18}],"elements":[{"boundingBox":{"bottom":18,"left":39,"right":117,"top":6},"cornerPoints":[{"x":39,"y":6},{"x":117,"y":6},{"x":117,"y":18},{"x":39,"y":18}],"recognizedLanguage":"en","text":"0123456789"},{"boundingBox":{"bottom":18,"left":121,"right":345,"top":6},"cornerPoints":[{"x":121,"y":6},{"x":345,"y":6},{"x":345,"y":18},{"x":121,"y":18}],"recognizedLanguage":"en","text":"ABCDEFGHIJKLMNOPQRSTUVXYZ"}],"recognizedLanguage":"en","text":"0123456789 ABCDEFGHIJKLMNOPQRSTUVXYZ"}],"recognizedLanguage":"en","text":"0123456789 ABCDEFGHIJKLMNOPQRSTUVXYZ"},{"boundingBox":{"bottom":154,"left":285,"right":323,"top":66},"c
08-21 20:14:46.332  7730  7773 E Unity   : 	Success 2 0123456789 ABCDEFGHIJKLMNOPQRSTUVXYZ
08-21 20:14:46.332  7730  7773 E Unity   : 6
08-21 20:14:46.332  7730  7773 E Unity   : MLKitWrapper:OnComplete(String)
08-21 20:14:46.332  7730  7773 E Unity   : 
08-21 20:14:46.346  7730  7773 I Unity   : MLKit: GetResult() : id=-2147483648
08-21 20:14:46.346  7730  7773 I Unity   : MLKit: Abort id=-2147483648
08-21 20:14:46.347  7730  7773 I Unity   : Evaluation: words=3 zones=1 11 11
08-21 20:14:46.347  7730  7773 I Unity   : Word: 0123456789 -> (39.00, 6.00) (117.00, 18.00)
08-21 20:14:46.347  7730  7773 I Unity   : 	Zone: 0 (210.00, 48.00) (384.00, 168.00) collide:False
08-21 20:14:46.347  7730  7773 I Unity   : Word: ABCDEFGHIJKLMNOPQRSTUVXYZ -> (121.00, 6.00) (345.00, 18.00)
08-21 20:14:46.347  7730  7773 I Unity   : 	Zone: 0 (210.00, 48.00) (384.00, 168.00) collide:False
08-21 20:14:46.347  7730  7773 I Unity   : Word: 6 -> (285.00, 66.00) (323.00, 154.00)
08-21 20:14:46.348  7730  7773 I Unity   : 	Zone: 0 (210.00, 48.00) (384.00, 168.00) collide:True
08-21 20:14:46.348  7730  7773 I Unity   : 6 -> 0 7.280146 6
08-21 20:14:46.364  7730  7773 I Unity   : 4609 : CoRequestEvaluation
08-21 20:14:46.411  7730  7773 I Unity   : MLKit Recognize: 384x216 pixelCount=82944 id=141
08-21 20:14:46.444  7730  7773 D MLKit   : input 384x216 pixelCount=82944 id=141
08-21 20:14:46.537  7730  7773 I Unity   : Cont. 45.527779/800	12/75-80
08-21 20:14:46.636  7730  7730 D MLKit   : parseText 0123456789 ABCDEFGHIJKLMNOPQRSTUVXYZ
08-21 20:14:46.636  7730  7730 D MLKit   : 6 2
08-21 20:14:46.637  7730  7730 D MLKit   : parseTextBlock 0123456789 ABCDEFGHIJKLMNOPQRSTUVXYZ 1 (39,5) - (345,19)
08-21 20:14:46.637  7730  7730 D MLKit   : parseLine 0123456789 ABCDEFGHIJKLMNOPQRSTUVXYZ 2 (39,5) - (345,19)
08-21 20:14:46.637  7730  7730 D MLKit   : parseElement 0123456789 (39,5) - (117,19)
08-21 20:14:46.637  7730  7730 D MLKit   : parseElement ABCDEFGHIJKLMNOPQRSTUVXYZ (121,5) - (345,19)
08-21 20:14:46.637  7730  7730 D MLKit   : parseTextBlock 6 1 (285,64) - (323,153)
08-21 20:14:46.637  7730  7730 D MLKit   : parseLine 6 1 (284,64) - (323,152)
08-21 20:14:46.637  7730  7730 D MLKit   : parseElement 6 (284,64) - (323,152)
08-21 20:14:46.654  7730  7773 I Unity   : MLKitWrapper.OnComplete: json
08-21 20:14:46.654  7730  7773 I Unity   : {"requestId":141,"text":{"text":"0123456789 ABCDEFGHIJKLMNOPQRSTUVXYZ\n6","textBlocks":[{"boundingBox":{"bottom":19,"left":39,"right":345,"top":5},"cornerPoints":[{"x":39,"y":5},{"x":345,"y":5},{"x":345,"y":19},{"x":39,"y":19}],"lines":[{"boundingBox":{"bottom":19,"left":39,"right":345,"top":5},"cornerPoints":[{"x":39,"y":5},{"x":345,"y":5},{"x":345,"y":19},{"x":39,"y":19}],"elements":[{"boundingBox":{"bottom":19,"left":39,"right":117,"top":5},"cornerPoints":[{"x":39,"y":5},{"x":117,"y":5},{"x":117,"y":19},{"x":39,"y":19}],"recognizedLanguage":"en","text":"0123456789"},{"boundingBox":{"bottom":19,"left":121,"right":345,"top":5},"cornerPoints":[{"x":121,"y":5},{"x":345,"y":5},{"x":345,"y":19},{"x":121,"y":19}],"recognizedLanguage":"en","text":"ABCDEFGHIJKLMNOPQRSTUVXYZ"}],"recognizedLanguage":"en","text":"0123456789 ABCDEFGHIJKLMNOPQRSTUVXYZ"}],"recognizedLanguage":"en","text":"0123456789 ABCDEFGHIJKLMNOPQRSTUVXYZ"},{"boundingBox":{"bottom":153,"left":285,"right":323,"top":64},"c
08-21 20:14:46.656  7730  7773 E Unity   : 	Success 2 0123456789 ABCDEFGHIJKLMNOPQRSTUVXYZ
08-21 20:14:46.656  7730  7773 E Unity   : 6
08-21 20:14:46.656  7730  7773 E Unity   : MLKitWrapper:OnComplete(String)
08-21 20:14:46.656  7730  7773 E Unity   : 
08-21 20:14:46.660  7730  7773 I Unity   : MLKit: GetResult() : id=-2147483648
08-21 20:14:46.660  7730  7773 I Unity   : MLKit: Abort id=-2147483648
08-21 20:14:46.673  7730  7773 I Unity   : 4621 : CoRequestEvaluation
08-21 20:14:46.720  7730  7773 I Unity   : MLKit Recognize: 384x216 pixelCount=82944 id=142
08-21 20:14:46.753  7730  7773 D MLKit   : input 384x216 pixelCount=82944 id=142
08-21 20:14:46.928  7730  7730 D MLKit   : parseText 0123456789 ABCDEFGHIJKLMNOPQRSTUVXYZ 1
08-21 20:14:46.928  7730  7730 D MLKit   : parseTextBlock 0123456789 ABCDEFGHIJKLMNOPQRSTUVXYZ 1 (39,5) - (345,18)
08-21 20:14:46.928  7730  7730 D MLKit   : parseLine 0123456789 ABCDEFGHIJKLMNOPQRSTUVXYZ 2 (39,5) - (345,18)
08-21 20:14:46.928  7730  7730 D MLKit   : parseElement 0123456789 (39,5) - (117,18)
08-21 20:14:46.928  7730  7730 D MLKit   : parseElement ABCDEFGHIJKLMNOPQRSTUVXYZ (121,5) - (345,18)
08-21 20:14:46.934  7730  7773 I Unity   : MLKitWrapper.OnComplete: json
08-21 20:14:46.934  7730  7773 I Unity   : {"requestId":142,"text":{"text":"0123456789 ABCDEFGHIJKLMNOPQRSTUVXYZ","textBlocks":[{"boundingBox":{"bottom":18,"left":39,"right":345,"top":5},"cornerPoints":[{"x":39,"y":5},{"x":345,"y":5},{"x":345,"y":18},{"x":39,"y":18}],"lines":[{"boundingBox":{"bottom":18,"left":39,"right":345,"top":5},"cornerPoints":[{"x":39,"y":5},{"x":345,"y":5},{"x":345,"y":18},{"x":39,"y":18}],"elements":[{"boundingBox":{"bottom":18,"left":39,"right":117,"top":5},"cornerPoints":[{"x":39,"y":5},{"x":117,"y":5},{"x":117,"y":18},{"x":39,"y":18}],"recognizedLanguage":"en","text":"0123456789"},{"boundingBox":{"bottom":18,"left":121,"right":345,"top":5},"cornerPoints":[{"x":121,"y":5},{"x":345,"y":5},{"x":345,"y":18},{"x":121,"y":18}],"recognizedLanguage":"en","text":"ABCDEFGHIJKLMNOPQRSTUVXYZ"}],"recognizedLanguage":"en","text":"0123456789 ABCDEFGHIJKLMNOPQRSTUVXYZ"}],"recognizedLanguage":"en","text":"0123456789 ABCDEFGHIJKLMNOPQRSTUVXYZ"}]}}
08-21 20:14:46.936  7730  7773 E Unity   : 	Success 1 0123456789 ABCDEFGHIJKLMNOPQRSTUVXYZ
08-21 20:14:46.936  7730  7773 E Unity   : MLKitWrapper:OnComplete(String)
08-21 20:14:46.936  7730  7773 E Unity   : 
08-21 20:14:46.952  7730  7773 I Unity   : MLKit: GetResult() : id=-2147483648
08-21 20:14:46.952  7730  7773 I Unity   : MLKit: Abort id=-2147483648
08-21 20:14:46.953  7730  7773 I Unity   : Evaluation: words=2 zones=1 12 12
08-21 20:14:46.953  7730  7773 I Unity   : Word: 0123456789 -> (39.00, 5.00) (117.00, 18.00)
08-21 20:14:46.953  7730  7773 I Unity   : 	Zone: 0 (210.00, 48.00) (384.00, 168.00) collide:False
08-21 20:14:46.953  7730  7773 I Unity   : Word: ABCDEFGHIJKLMNOPQRSTUVXYZ -> (121.00, 5.00) (345.00, 18.00)
08-21 20:14:46.953  7730  7773 I Unity   : 	Zone: 0 (210.00, 48.00) (384.00, 168.00) collide:False
08-21 20:14:46.969  7730  7773 I Unity   : 4636 : CoRequestEvaluation
08-21 20:14:47.014  7730  7773 I Unity   : MLKit Recognize: 384x216 pixelCount=82944 id=143
08-21 20:14:47.048  7730  7773 D MLKit   : input 384x216 pixelCount=82944 id=143
08-21 20:14:47.230  7730  7730 D MLKit   : parseText 0123456789 ABCDEFGHIJKLMNOPQRSTUVXYZ 1
08-21 20:14:47.230  7730  7730 D MLKit   : parseTextBlock 0123456789 ABCDEFGHIJKLMNOPQRSTUVXYZ 1 (39,5) - (345,18)
08-21 20:14:47.230  7730  7730 D MLKit   : parseLine 0123456789 ABCDEFGHIJKLMNOPQRSTUVXYZ 2 (39,5) - (345,18)
08-21 20:14:47.230  7730  7730 D MLKit   : parseElement 0123456789 (39,5) - (117,18)
08-21 20:14:47.230  7730  7730 D MLKit   : parseElement ABCDEFGHIJKLMNOPQRSTUVXYZ (121,5) - (345,18)
08-21 20:14:47.248  7730  7773 I Unity   : MLKitWrapper.OnComplete: json
08-21 20:14:47.248  7730  7773 I Unity   : {"requestId":143,"text":{"text":"0123456789 ABCDEFGHIJKLMNOPQRSTUVXYZ","textBlocks":[{"boundingBox":{"bottom":18,"left":39,"right":345,"top":5},"cornerPoints":[{"x":39,"y":5},{"x":345,"y":5},{"x":345,"y":18},{"x":39,"y":18}],"lines":[{"boundingBox":{"bottom":18,"left":39,"right":345,"top":5},"cornerPoints":[{"x":39,"y":5},{"x":345,"y":5},{"x":345,"y":18},{"x":39,"y":18}],"elements":[{"boundingBox":{"bottom":18,"left":39,"right":117,"top":5},"cornerPoints":[{"x":39,"y":5},{"x":117,"y":5},{"x":117,"y":18},{"x":39,"y":18}],"recognizedLanguage":"en","text":"0123456789"},{"boundingBox":{"bottom":18,"left":121,"right":345,"top":5},"cornerPoints":[{"x":121,"y":5},{"x":345,"y":5},{"x":345,"y":18},{"x":121,"y":18}],"recognizedLanguage":"en","text":"ABCDEFGHIJKLMNOPQRSTUVXYZ"}],"recognizedLanguage":"en","text":"0123456789 ABCDEFGHIJKLMNOPQRSTUVXYZ"}],"recognizedLanguage":"en","text":"0123456789 ABCDEFGHIJKLMNOPQRSTUVXYZ"}]}}
08-21 20:14:47.250  7730  7773 E Unity   : 	Success 1 0123456789 ABCDEFGHIJKLMNOPQRSTUVXYZ
08-21 20:14:47.250  7730  7773 E Unity   : MLKitWrapper:OnComplete(String)
08-21 20:14:47.250  7730  7773 E Unity   : 
08-21 20:14:47.263  7730  7773 I Unity   : MLKit: GetResult() : id=-2147483648
08-21 20:14:47.263  7730  7773 I Unity   : MLKit: Abort id=-2147483648
08-21 20:14:47.264  7730  7773 I Unity   : Evaluation: words=2 zones=1 12 12
08-21 20:14:47.264  7730  7773 I Unity   : Word: 0123456789 -> (39.00, 5.00) (117.00, 18.00)
08-21 20:14:47.264  7730  7773 I Unity   : 	Zone: 0 (210.00, 48.00) (384.00, 168.00) collide:False
08-21 20:14:47.264  7730  7773 I Unity   : Word: ABCDEFGHIJKLMNOPQRSTUVXYZ -> (121.00, 5.00) (345.00, 18.00)
08-21 20:14:47.264  7730  7773 I Unity   : 	Zone: 0 (210.00, 48.00) (384.00, 168.00) collide:False
08-21 20:14:47.281  7730  7773 I Unity   : 4652 : CoRequestEvaluation
08-21 20:14:47.326  7730  7773 I Unity   : MLKit Recognize: 384x216 pixelCount=82944 id=144
08-21 20:14:47.359  7730  7773 D MLKit   : input 384x216 pixelCount=82944 id=144
08-21 20:14:47.520  7730  7730 D MLKit   : parseText 0123456789 ABCDEFGHIJKLMNOPQRSTUVXYZ 1
08-21 20:14:47.520  7730  7730 D MLKit   : parseTextBlock 0123456789 ABCDEFGHIJKLMNOPQRSTUVXYZ 1 (39,5) - (345,18)
08-21 20:14:47.520  7730  7730 D MLKit   : parseLine 0123456789 ABCDEFGHIJKLMNOPQRSTUVXYZ 2 (39,5) - (345,18)
08-21 20:14:47.520  7730  7730 D MLKit   : parseElement 0123456789 (39,5) - (117,18)
08-21 20:14:47.520  7730  7730 D MLKit   : parseElement ABCDEFGHIJKLMNOPQRSTUVXYZ (121,5) - (345,18)
08-21 20:14:47.524  7730  7773 I Unity   : MLKitWrapper.OnComplete: json
08-21 20:14:47.524  7730  7773 I Unity   : {"requestId":144,"text":{"text":"0123456789 ABCDEFGHIJKLMNOPQRSTUVXYZ","textBlocks":[{"boundingBox":{"bottom":18,"left":39,"right":345,"top":5},"cornerPoints":[{"x":39,"y":5},{"x":345,"y":5},{"x":345,"y":18},{"x":39,"y":18}],"lines":[{"boundingBox":{"bottom":18,"left":39,"right":345,"top":5},"cornerPoints":[{"x":39,"y":5},{"x":345,"y":5},{"x":345,"y":18},{"x":39,"y":18}],"elements":[{"boundingBox":{"bottom":18,"left":39,"right":117,"top":5},"cornerPoints":[{"x":39,"y":5},{"x":117,"y":5},{"x":117,"y":18},{"x":39,"y":18}],"recognizedLanguage":"en","text":"0123456789"},{"boundingBox":{"bottom":18,"left":121,"right":345,"top":5},"cornerPoints":[{"x":121,"y":5},{"x":345,"y":5},{"x":345,"y":18},{"x":121,"y":18}],"recognizedLanguage":"en","text":"ABCDEFGHIJKLMNOPQRSTUVXYZ"}],"recognizedLanguage":"en","text":"0123456789 ABCDEFGHIJKLMNOPQRSTUVXYZ"}],"recognizedLanguage":"en","text":"0123456789 ABCDEFGHIJKLMNOPQRSTUVXYZ"}]}}
08-21 20:14:47.525  7730  7773 E Unity   : 	Success 1 0123456789 ABCDEFGHIJKLMNOPQRSTUVXYZ
08-21 20:14:47.525  7730  7773 E Unity   : MLKitWrapper:OnComplete(String)
08-21 20:14:47.525  7730  7773 E Unity   : 
08-21 20:14:47.541  7730  7773 I Unity   : MLKit: GetResult() : id=-2147483648
08-21 20:14:47.541  7730  7773 I Unity   : MLKit: Abort id=-2147483648
08-21 20:14:47.541  7730  7773 I Unity   : Evaluation: words=2 zones=1 12 12
08-21 20:14:47.542  7730  7773 I Unity   : Word: 0123456789 -> (39.00, 5.00) (117.00, 18.00)
08-21 20:14:47.542  7730  7773 I Unity   : 	Zone: 0 (210.00, 48.00) (384.00, 168.00) collide:False
08-21 20:14:47.542  7730  7773 I Unity   : Word: ABCDEFGHIJKLMNOPQRSTUVXYZ -> (121.00, 5.00) (345.00, 18.00)
08-21 20:14:47.542  7730  7773 I Unity   : 	Zone: 0 (210.00, 48.00) (384.00, 168.00) collide:False
08-21 20:14:47.557  7730  7773 I Unity   : 4666 : CoRequestEvaluation
08-21 20:14:47.605  7730  7773 I Unity   : MLKit Recognize: 384x216 pixelCount=82944 id=145
08-21 20:14:47.635  7730  7773 D MLKit   : input 384x216 pixelCount=82944 id=145
08-21 20:14:47.797  7730  7730 D MLKit   : parseText 0123456789 ABCDEFGHIJKLMNOPQRSTUVXYZ 1
08-21 20:14:47.797  7730  7730 D MLKit   : parseTextBlock 0123456789 ABCDEFGHIJKLMNOPQRSTUVXYZ 1 (39,5) - (345,18)
08-21 20:14:47.797  7730  7730 D MLKit   : parseLine 0123456789 ABCDEFGHIJKLMNOPQRSTUVXYZ 2 (39,5) - (345,18)
08-21 20:14:47.797  7730  7730 D MLKit   : parseElement 0123456789 (39,5) - (117,18)
08-21 20:14:47.797  7730  7730 D MLKit   : parseElement ABCDEFGHIJKLMNOPQRSTUVXYZ (121,5) - (345,18)
08-21 20:14:47.802  7730  7773 I Unity   : MLKitWrapper.OnComplete: json
