08-21 20:14:17.037  7730  7730 D MLKit   : parseTextBlock 0123456789 ABCDEFGHIJKLMNOPQRSTUVXYZ 1 (39,5) - (345,18)
08-21 20:14:17.037  7730  7730 D MLKit   : parseLine 0123456789 ABCDEFGHIJKLMNOPQRSTUVXYZ 2 (39,5) - (345,18)
08-21 20:14:17.037  7730  7730 D MLKit   : parseElement 0123456789 (39,5) - (117,18)
08-21 20:14:17.037  7730  7730 D MLKit   : parseElement ABCDEFGHIJKLMNOPQRSTUVXYZ (121,5) - (345,18)
08-21 20:14:17.044  7730  7773 I Unity   : MLKitWrapper.OnComplete: json
08-21 20:14:17.044  7730  7773 I Unity   : {"requestId":50,"text":{"text":"0123456789 ABCDEFGHIJKLMNOPQRSTUVXYZ","textBlocks":[{"boundingBox":{"bottom":18,"left":39,"right":345,"top":5},"cornerPoints":[{"x":39,"y":5},{"x":345,"y":5},{"x":345,"y":18},{"x":39,"y":18}],"lines":[{"boundingBox":{"bottom":18,"left":39,"right":345,"top":5},"cornerPoints":[{"x":39,"y":5},{"x":345,"y":5},{"x":345,"y":18},{"x":39,"y":18}],"elements":[{"boundingBox":{"bottom":18,"left":39,"right":117,"top":5},"cornerPoints":[{"x":39,"y":5},{"x":117,"y":5},{"x":117,"y":18},{"x":39,"y":18}],"recognizedLanguage":"en","text":"0123456789"},{"boundingBox":{"bottom":18,"left":121,"right":345,"top":5},"cornerPoints":[{"x":121,"y":5},{"x":345,"y":5},{"x":345,"y":18},{"x":121,"y":18}],"recognizedLanguage":"en","text":"ABCDEFGHIJKLMNOPQRSTUVXYZ"}],"recognizedLanguage":"en","text":"0123456789 ABCDEFGHIJKLMNOPQRSTUVXYZ"}],"recognizedLanguage":"en","text":"0123456789 ABCDEFGHIJKLMNOPQRSTUVXYZ"}]}}
08-21 20:14:17.045  7730  7773 E Unity   : 	Success 1 0123456789 ABCDEFGHIJKLMNOPQRSTUVXYZ
08-21 20:14:17.045  7730  7773 E Unity   : MLKitWrapper:OnComplete(String)
08-21 20:14:17.045  7730  7773 E Unity   : 
08-21 20:14:17.060  7730  7773 I Unity   : MLKit: GetResult() : id=-2147483648
08-21 20:14:17.061  7730  7773 I Unity   : MLKit: Abort id=-2147483648
08-21 20:14:17.061  7730  7773 I Unity   : Evaluation: words=2 zones=1 4 4
08-21 20:14:17.061  7730  7773 I Unity   : Word: 0123456789 -> (39.00, 5.00) (117.00, 18.00)
08-21 20:14:17.062  7730  7773 I Unity   : 	Zone: 0 (210.00, 48.00) (384.00, 168.00) collide:False
08-21 20:14:17.062  7730  7773 I Unity   : Word: ABCDEFGHIJKLMNOPQRSTUVXYZ -> (121.00, 5.00) (345.00, 18.00)
08-21 20:14:17.062  7730  7773 I Unity   : 	Zone: 0 (210.00, 48.00) (384.00, 168.00) collide:False
08-21 20:14:17.076  7730  7773 I Unity   : 3109 : CoRequestEvaluation
08-21 20:14:17.125  7730  7773 I Unity   : MLKit Recognize: 384x216 pixelCount=82944 id=51
08-21 20:14:17.154  7730  7773 D MLKit   : input 384x216 pixelCount=82944 id=51
08-21 20:14:17.342  7730  7730 D MLKit   : parseText 0123456789 ABCDEFGHIJKLMNOPQRSTUVXYZ
08-21 20:14:17.342  7730  7730 D MLKit   : ( 2
08-21 20:14:17.342  7730  7730 D MLKit   : parseTextBlock 0123456789 ABCDEFGHIJKLMNOPQRSTUVXYZ 1 (39,5) - (345,18)
08-21 20:14:17.342  7730  7730 D MLKit   : parseLine 0123456789 ABCDEFGHIJKLMNOPQRSTUVXYZ 2 (39,5) - (345,18)
08-21 20:14:17.342  7730  7730 D MLKit   : parseElement 0123456789 (39,5) - (117,18)
08-21 20:14:17.342  7730  7730 D MLKit   : parseElement ABCDEFGHIJKLMNOPQRSTUVXYZ (121,5) - (345,18)
08-21 20:14:17.342  7730  7730 D MLKit   : parseTextBlock ( 1 (239,55) - (353,176)
08-21 20:14:17.342  7730  7730 D MLKit   : parseLine ( 1 (239,55) - (353,176)
08-21 20:14:17.342  7730  7730 D MLKit   : parseElement ( (239,55) - (353,176)
08-21 20:14:17.355  7730  7773 I Unity   : MLKitWrapper.OnComplete: json
08-21 20:14:17.355  7730  7773 I Unity   : {"requestId":51,"text":{"text":"0123456789 ABCDEFGHIJKLMNOPQRSTUVXYZ\n(","textBlocks":[{"boundingBox":{"bottom":18,"left":39,"right":345,"top":5},"cornerPoints":[{"x":39,"y":5},{"x":345,"y":5},{"x":345,"y":18},{"x":39,"y":18}],"lines":[{"boundingBox":{"bottom":18,"left":39,"right":345,"top":5},"cornerPoints":[{"x":39,"y":5},{"x":345,"y":5},{"x":345,"y":18},{"x":39,"y":18}],"elements":[{"boundingBox":{"bottom":18,"left":39,"right":117,"top":5},"cornerPoints":[{"x":39,"y":5},{"x":117,"y":5},{"x":117,"y":18},{"x":39,"y":18}],"recognizedLanguage":"en","text":"0123456789"},{"boundingBox":{"bottom":18,"left":121,"right":345,"top":5},"cornerPoints":[{"x":121,"y":5},{"x":345,"y":5},{"x":345,"y":18},{"x":121,"y":18}],"recognizedLanguage":"en","text":"ABCDEFGHIJKLMNOPQRSTUVXYZ"}],"recognizedLanguage":"en","text":"0123456789 ABCDEFGHIJKLMNOPQRSTUVXYZ"}],"recognizedLanguage":"en","text":"0123456789 ABCDEFGHIJKLMNOPQRSTUVXYZ"},{"boundingBox":{"bottom":176,"left":239,"right":353,"top":55},"co
08-21 20:14:17.357  7730  7773 E Unity   : 	Success 2 0123456789 ABCDEFGHIJKLMNOPQRSTUVXYZ
08-21 20:14:17.357  7730  7773 E Unity   : (
08-21 20:14:17.357  7730  7773 E Unity   : MLKitWrapper:OnComplete(String)
08-21 20:14:17.357  7730  7773 E Unity   : 
08-21 20:14:17.371  7730  7773 I Unity   : MLKit: GetResult() : id=-2147483648
08-21 20:14:17.371  7730  7773 I Unity   : MLKit: Abort id=-2147483648
08-21 20:14:17.372  7730  7773 I Unity   : Evaluation: words=3 zones=1 4 4
08-21 20:14:17.372  7730  7773 I Unity   : Word: 0123456789 -> (39.00, 5.00) (117.00, 18.00)
08-21 20:14:17.372  7730  7773 I Unity   : 	Zone: 0 (210.00, 48.00) (384.00, 168.00) collide:False
08-21 20:14:17.373  7730  7773 I Unity   : Word: ABCDEFGHIJKLMNOPQRSTUVXYZ -> (121.00, 5.00) (345.00, 18.00)
08-21 20:14:17.373  7730  7773 I Unity   : 	Zone: 0 (210.00, 48.00) (384.00, 168.00) collide:False
08-21 20:14:17.373  7730  7773 I Unity   : Word: ( -> (239.00, 55.00) (353.00, 176.00)
08-21 20:14:17.373  7730  7773 I Unity   : 	Zone: 0 (210.00, 48.00) (384.00, 168.00) collide:True
08-21 20:14:17.373  7730  7773 I Unity   : ( -> 0 7.566502 6
08-21 20:14:17.389  7730  7773 I Unity   : 3125 : CoRequestEvaluation
08-21 20:14:17.434  7730  7773 I Unity   : MLKit Recognize: 384x216 pixelCount=82944 id=52
08-21 20:14:17.464  7730  7773 D MLKit   : input 384x216 pixelCount=82944 id=52
08-21 20:14:17.470  7730  7773 I Unity   : 3126 : CoRequestEvaluation
08-21 20:14:17.502  7730  7773 I Unity   : MLKit Recognize: 384x216 pixelCount=82944 id=53
08-21 20:14:17.503  7730  7773 I Unity   : MLKit: Abort id=52
08-21 20:14:17.529  7730  7773 D MLKit   : input 384x216 pixelCount=82944 id=53
08-21 20:14:17.652  7730  7730 D MLKit   : parseText 0123456789 ABCDEFGHIJKLMNOPQRSTUVXYZ
08-21 20:14:17.652  7730  7730 D MLKit   : 6 2
08-21 20:14:17.652  7730  7730 D MLKit   : parseTextBlock 0123456789 ABCDEFGHIJKLMNOPQRSTUVXYZ 1 (39,5) - (345,18)
08-21 20:14:17.652  7730  7730 D MLKit   : parseLine 0123456789 ABCDEFGHIJKLMNOPQRSTUVXYZ 2 (39,5) - (345,18)
08-21 20:14:17.652  7730  7730 D MLKit   : parseElement 0123456789 (39,5) - (117,18)
08-21 20:14:17.652  7730  7730 D MLKit   : parseElement ABCDEFGHIJKLMNOPQRSTUVXYZ (121,5) - (345,18)
08-21 20:14:17.652  7730  7730 D MLKit   : parseTextBlock 6 1 (282,63) - (318,155)
08-21 20:14:17.652  7730  7730 D MLKit   : parseLine 6 1 (282,63) - (318,155)
08-21 20:14:17.652  7730  7730 D MLKit   : parseElement 6 (282,63) - (318,155)
08-21 20:14:17.665  7730  7773 I Unity   : MLKitWrapper.OnComplete: json
08-21 20:14:17.665  7730  7773 I Unity   : {"requestId":52,"text":{"text":"0123456789 ABCDEFGHIJKLMNOPQRSTUVXYZ\n6","textBlocks":[{"boundingBox":{"bottom":18,"left":39,"right":345,"top":5},"cornerPoints":[{"x":39,"y":5},{"x":345,"y":5},{"x":345,"y":18},{"x":39,"y":18}],"lines":[{"boundingBox":{"bottom":18,"left":39,"right":345,"top":5},"cornerPoints":[{"x":39,"y":5},{"x":345,"y":5},{"x":345,"y":18},{"x":39,"y":18}],"elements":[{"boundingBox":{"bottom":18,"left":39,"right":117,"top":5},"cornerPoints":[{"x":39,"y":5},{"x":117,"y":5},{"x":117,"y":18},{"x":39,"y":18}],"recognizedLanguage":"en","text":"0123456789"},{"boundingBox":{"bottom":18,"left":121,"right":345,"top":5},"cornerPoints":[{"x":121,"y":5},{"x":345,"y":5},{"x":345,"y":18},{"x":121,"y":18}],"recognizedLanguage":"en","text":"ABCDEFGHIJKLMNOPQRSTUVXYZ"}],"recognizedLanguage":"en","text":"0123456789 ABCDEFGHIJKLMNOPQRSTUVXYZ"}],"recognizedLanguage":"en","text":"0123456789 ABCDEFGHIJKLMNOPQRSTUVXYZ"},{"boundingBox":{"bottom":155,"left":282,"right":318,"top":63},"co
08-21 20:14:17.827  7730  7730 D MLKit   : parseText 0123456789 ABCDEFGHIJKLMNOPQRSTUVXYZ
08-21 20:14:17.827  7730  7730 D MLKit   : 6 2
08-21 20:14:17.827  7730  7730 D MLKit   : parseTextBlock 0123456789 ABCDEFGHIJKLMNOPQRSTUVXYZ 1 (39,5) - (345,18)
08-21 20:14:17.827  7730  7730 D MLKit   : parseLine 0123456789 ABCDEFGHIJKLMNOPQRSTUVXYZ 2 (39,5) - (345,18)
08-21 20:14:17.827  7730  7730 D MLKit   : parseElement 0123456789 (39,5) - (117,18)
08-21 20:14:17.827  7730  7730 D MLKit   : parseElement ABCDEFGHIJKLMNOPQRSTUVXYZ (121,5) - (345,18)
08-21 20:14:17.827  7730  7730 D MLKit   : parseTextBlock 6 1 (280,62) - (320,155)
08-21 20:14:17.827  7730  7730 D MLKit   : parseLine 6 1 (279,62) - (320,154)
08-21 20:14:17.827  7730  7730 D MLKit   : parseElement 6 (279,62) - (320,154)
08-21 20:14:17.837  7730  7773 I Unity   : MLKitWrapper.OnComplete: json
08-21 20:14:17.837  7730  7773 I Unity   : {"requestId":53,"text":{"text":"0123456789 ABCDEFGHIJKLMNOPQRSTUVXYZ\n6","textBlocks":[{"boundingBox":{"bottom":18,"left":39,"right":345,"top":5},"cornerPoints":[{"x":39,"y":5},{"x":345,"y":5},{"x":345,"y":18},{"x":39,"y":18}],"lines":[{"boundingBox":{"bottom":18,"left":39,"right":345,"top":5},"cornerPoints":[{"x":39,"y":5},{"x":345,"y":5},{"x":345,"y":18},{"x":39,"y":18}],"elements":[{"boundingBox":{"bottom":18,"left":39,"right":117,"top":5},"cornerPoints":[{"x":39,"y":5},{"x":117,"y":5},{"x":117,"y":18},{"x":39,"y":18}],"recognizedLanguage":"en","text":"0123456789"},{"boundingBox":{"bottom":18,"left":121,"right":345,"top":5},"cornerPoints":[{"x":121,"y":5},{"x":345,"y":5},{"x":345,"y":18},{"x":121,"y":18}],"recognizedLanguage":"en","text":"ABCDEFGHIJKLMNOPQRSTUVXYZ"}],"recognizedLanguage":"en","text":"0123456789 ABCDEFGHIJKLMNOPQRSTUVXYZ"}],"recognizedLanguage":"en","text":"0123456789 ABCDEFGHIJKLMNOPQRSTUVXYZ"},{"boundingBox":{"bottom":155,"left":280,"right":320,"top":62},"co
08-21 20:14:17.839  7730  7773 E Unity   : 	Success 2 0123456789 ABCDEFGHIJKLMNOPQRSTUVXYZ
08-21 20:14:17.839  7730  7773 E Unity   : 6
08-21 20:14:17.839  7730  7773 E Unity   : MLKitWrapper:OnComplete(String)
08-21 20:14:17.839  7730  7773 E Unity   : 
08-21 20:14:17.855  7730  7773 I Unity   : MLKit: GetResult() : id=-2147483648
08-21 20:14:17.855  7730  7773 I Unity   : MLKit: Abort id=-2147483648
08-21 20:14:17.856  7730  7773 I Unity   : Evaluation: words=3 zones=1 4 4
08-21 20:14:17.857  7730  7773 I Unity   : Word: 0123456789 -> (39.00, 5.00) (117.00, 18.00)
08-21 20:14:17.857  7730  7773 I Unity   : 	Zone: 0 (210.00, 48.00) (384.00, 168.00) collide:False
08-21 20:14:17.857  7730  7773 I Unity   : Word: ABCDEFGHIJKLMNOPQRSTUVXYZ -> (121.00, 5.00) (345.00, 18.00)
08-21 20:14:17.857  7730  7773 I Unity   : 	Zone: 0 (210.00, 48.00) (384.00, 168.00) collide:False
08-21 20:14:17.857  7730  7773 I Unity   : Word: 6 -> (279.00, 62.00) (320.00, 154.00)
08-21 20:14:17.857  7730  7773 I Unity   : 	Zone: 0 (210.00, 48.00) (384.00, 168.00) collide:True
08-21 20:14:17.857  7730  7773 I Unity   : 6 -> 0 2.5 6
08-21 20:14:17.872  7730  7773 I Unity   : 3148 : CoRequestEvaluation
08-21 20:14:17.925  7730  7773 I Unity   : MLKit Recognize: 384x216 pixelCount=82944 id=54
08-21 20:14:17.957  7730  7773 D MLKit   : input 384x216 pixelCount=82944 id=54
08-21 20:14:18.173  7730  7730 D MLKit   : parseText 0123456789 ABCDEFGHIJKLMNOPQRSTUVXYZ
08-21 20:14:18.173  7730  7730 D MLKit   : 6 2
08-21 20:14:18.173  7730  7730 D MLKit   : parseTextBlock 0123456789 ABCDEFGHIJKLMNOPQRSTUVXYZ 1 (39,5) - (345,18)
08-21 20:14:18.173  7730  7730 D MLKit   : parseLine 0123456789 ABCDEFGHIJKLMNOPQRSTUVXYZ 2 (39,5) - (345,18)
08-21 20:14:18.173  7730  7730 D MLKit   : parseElement 0123456789 (39,5) - (117,18)
08-21 20:14:18.173  7730  7730 D MLKit   : parseElement ABCDEFGHIJKLMNOPQRSTUVXYZ (121,5) - (345,18)
08-21 20:14:18.173  7730  7730 D MLKit   : parseTextBlock 6 1 (282,63) - (318,155)
08-21 20:14:18.173  7730  7730 D MLKit   : parseLine 6 1 (282,63) - (318,155)
08-21 20:14:18.173  7730  7730 D MLKit   : parseElement 6 (282,63) - (318,155)
08-21 20:14:18.184  7730  7773 I Unity   : MLKitWrapper.OnComplete: json
08-21 20:14:18.184  7730  7773 I Unity   : {"requestId":54,"text":{"text":"0123456789 ABCDEFGHIJKLMNOPQRSTUVXYZ\n6","textBlocks":[{"boundingBox":{"bottom":18,"left":39,"right":345,"top":5},"cornerPoints":[{"x":39,"y":5},{"x":345,"y":5},{"x":345,"y":18},{"x":39,"y":18}],"lines":[{"boundingBox":{"bottom":18,"left":39,"right":345,"top":5},"cornerPoints":[{"x":39,"y":5},{"x":345,"y":5},{"x":345,"y":18},{"x":39,"y":18}],"elements":[{"boundingBox":{"bottom":18,"left":39,"right":117,"top":5},"cornerPoints":[{"x":39,"y":5},{"x":117,"y":5},{"x":117,"y":18},{"x":39,"y":18}],"recognizedLanguage":"en","text":"0123456789"},{"boundingBox":{"bottom":18,"left":121,"right":345,"top":5},"cornerPoints":[{"x":121,"y":5},{"x":345,"y":5},{"x":345,"y":18},{"x":121,"y":18}],"recognizedLanguage":"en","text":"ABCDEFGHIJKLMNOPQRSTUVXYZ"}],"recognizedLanguage":"en","text":"0123456789 ABCDEFGHIJKLMNOPQRSTUVXYZ"}],"recognizedLanguage":"en","text":"0123456789 ABCDEFGHIJKLMNOPQRSTUVXYZ"},{"boundingBox":{"bottom":155,"left":282,"right":318,"top":63},"co
08-21 20:14:18.186  7730  7773 E Unity   : 	Success 2 0123456789 ABCDEFGHIJKLMNOPQRSTUVXYZ
08-21 20:14:18.186  7730  7773 E Unity   : 6
08-21 20:14:18.186  7730  7773 E Unity   : MLKitWrapper:OnComplete(String)
08-21 20:14:18.186  7730  7773 E Unity   : 
08-21 20:14:18.200  7730  7773 I Unity   : MLKit: GetResult() : id=-2147483648
08-21 20:14:18.200  7730  7773 I Unity   : MLKit: Abort id=-2147483648
08-21 20:14:18.201  7730  7773 I Unity   : Evaluation: words=3 zones=1 4 4
08-21 20:14:18.201  7730  7773 I Unity   : Word: 0123456789 -> (39.00, 5.00) (117.00, 18.00)
08-21 20:14:18.201  7730  7773 I Unity   : 	Zone: 0 (210.00, 48.00) (384.00, 168.00) collide:False
08-21 20:14:18.201  7730  7773 I Unity   : Word: ABCDEFGHIJKLMNOPQRSTUVXYZ -> (121.00, 5.00) (345.00, 18.00)
08-21 20:14:18.202  7730  7773 I Unity   : 	Zone: 0 (210.00, 48.00) (384.00, 168.00) collide:False
08-21 20:14:18.202  7730  7773 I Unity   : Word: 6 -> (282.00, 63.00) (318.00, 155.00)
08-21 20:14:18.202  7730  7773 I Unity   : 	Zone: 0 (210.00, 48.00) (384.00, 168.00) collide:True
08-21 20:14:18.202  7730  7773 I Unity   : 6 -> 0 3.162319 6
08-21 20:14:18.218  7730  7773 I Unity   : 3166 : CoRequestEvaluation
08-21 20:14:18.265  7730  7773 I Unity   : MLKit Recognize: 384x216 pixelCount=82944 id=55
08-21 20:14:18.298  7730  7773 D MLKit   : input 384x216 pixelCount=82944 id=55
08-21 20:14:18.355  7730  7773 I Unity   : Cont. 17.34497/800	5/75-80
08-21 20:14:18.537  7730  7730 D MLKit   : parseText 0123456789 ABCDEFGHIJKLMNOPQRSTUVXYZ
08-21 20:14:18.537  7730  7730 D MLKit   : 6 2
08-21 20:14:18.538  7730  7730 D MLKit   : parseTextBlock 0123456789 ABCDEFGHIJKLMNOPQRSTUVXYZ 1 (39,5) - (345,18)
08-21 20:14:18.538  7730  7730 D MLKit   : parseLine 0123456789 ABCDEFGHIJKLMNOPQRSTUVXYZ 2 (39,5) - (345,18)
08-21 20:14:18.538  7730  7730 D MLKit   : parseElement 0123456789 (39,5) - (117,18)
08-21 20:14:18.538  7730  7730 D MLKit   : parseElement ABCDEFGHIJKLMNOPQRSTUVXYZ (121,5) - (345,18)
08-21 20:14:18.538  7730  7730 D MLKit   : parseTextBlock 6 1 (282,62) - (318,155)
08-21 20:14:18.538  7730  7730 D MLKit   : parseLine 6 1 (281,62) - (318,154)
08-21 20:14:18.538  7730  7730 D MLKit   : parseElement 6 (281,62) - (318,154)
08-21 20:14:18.548  7730  7773 I Unity   : MLKitWrapper.OnComplete: json
08-21 20:14:18.548  7730  7773 I Unity   : {"requestId":55,"text":{"text":"0123456789 ABCDEFGHIJKLMNOPQRSTUVXYZ\n6","textBlocks":[{"boundingBox":{"bottom":18,"left":39,"right":345,"top":5},"cornerPoints":[{"x":39,"y":5},{"x":345,"y":5},{"x":345,"y":18},{"x":39,"y":18}],"lines":[{"boundingBox":{"bottom":18,"left":39,"right":345,"top":5},"cornerPoints":[{"x":39,"y":5},{"x":345,"y":5},{"x":345,"y":18},{"x":39,"y":18}],"elements":[{"boundingBox":{"bottom":18,"left":39,"right":117,"top":5},"cornerPoints":[{"x":39,"y":5},{"x":117,"y":5},{"x":117,"y":18},{"x":39,"y":18}],"recognizedLanguage":"en","text":"0123456789"},{"boundingBox":{"bottom":18,"left":121,"right":345,"top":5},"cornerPoints":[{"x":121,"y":5},{"x":345,"y":5},{"x":345,"y":18},{"x":121,"y":18}],"recognizedLanguage":"en","text":"ABCDEFGHIJKLMNOPQRSTUVXYZ"}],"recognizedLanguage":"en","text":"0123456789 ABCDEFGHIJKLMNOPQRSTUVXYZ"}],"recognizedLanguage":"en","text":"0123456789 ABCDEFGHIJKLMNOPQRSTUVXYZ"},{"boundingBox":{"bottom":155,"left":282,"right":318,"top":62},"co
08-21 20:14:18.550  7730  7773 E Unity   : 	Success 2 0123456789 ABCDEFGHIJKLMNOPQRSTUVXYZ
08-21 20:14:18.550  7730  7773 E Unity   : 6
08-21 20:14:18.550  7730  7773 E Unity   : MLKitWrapper:OnComplete(String)
08-21 20:14:18.550  7730  7773 E Unity   : 
08-21 20:14:18.564  7730  7773 I Unity   : MLKit: GetResult() : id=-2147483648
08-21 20:14:18.565  7730  7773 I Unity   : MLKit: Abort id=-2147483648
08-21 20:14:18.582  7730  7773 I Unity   : 3184 : CoRequestEvaluation
08-21 20:14:18.627  7730  7773 I Unity   : MLKit Recognize: 384x216 pixelCount=82944 id=56
08-21 20:14:18.653  7730  7773 D MLKit   : input 384x216 pixelCount=82944 id=56
08-21 20:14:18.828  7730  7730 D MLKit   : parseText 0123456789 ABCDEFGHIJKLMNOPQRSTUVXYZ 1
08-21 20:14:18.828  7730  7730 D MLKit   : parseTextBlock 0123456789 ABCDEFGHIJKLMNOPQRSTUVXYZ 1 (39,5) - (345,18)
08-21 20:14:18.828  7730  7730 D MLKit   : parseLine 0123456789 ABCDEFGHIJKLMNOPQRSTUVXYZ 2 (39,5) - (345,18)
08-21 20:14:18.828  7730  7730 D MLKit   : parseElement 0123456789 (39,5) - (117,18)
08-21 20:14:18.828  7730  7730 D MLKit   : parseElement ABCDEFGHIJKLMNOPQRSTUVXYZ (121,5) - (345,18)
08-21 20:14:18.843  7730  7773 I Unity   : MLKitWrapper.OnComplete: json
08-21 20:14:18.843  7730  7773 I Unity   : {"requestId":56,"text":{"text":"0123456789 ABCDEFGHIJKLMNOPQRSTUVXYZ","textBlocks":[{"boundingBox":{"bottom":18,"left":39,"right":345,"top":5},"cornerPoints":[{"x":39,"y":5},{"x":345,"y":5},{"x":345,"y":18},{"x":39,"y":18}],"lines":[{"boundingBox":{"bottom":18,"left":39,"right":345,"top":5},"cornerPoints":[{"x":39,"y":5},{"x":345,"y":5},{"x":345,"y":18},{"x":39,"y":18}],"elements":[{"boundingBox":{"bottom":18,"left":39,"right":117,"top":5},"cornerPoints":[{"x":39,"y":5},{"x":117,"y":5},{"x":117,"y":18},{"x":39,"y":18}],"recognizedLanguage":"en","text":"0123456789"},{"boundingBox":{"bottom":18,"left":121,"right":345,"top":5},"cornerPoints":[{"x":121,"y":5},{"x":345,"y":5},{"x":345,"y":18},{"x":121,"y":18}],"recognizedLanguage":"en","text":"ABCDEFGHIJKLMNOPQRSTUVXYZ"}],"recognizedLanguage":"en","text":"0123456789 ABCDEFGHIJKLMNOPQRSTUVXYZ"}],"recognizedLanguage":"en","text":"0123456789 ABCDEFGHIJKLMNOPQRSTUVXYZ"}]}}
08-21 20:14:18.844  7730  7773 E Unity   : 	Success 1 0123456789 ABCDEFGHIJKLMNOPQRSTUVXYZ
08-21 20:14:18.844  7730  7773 E Unity   : MLKitWrapper:OnComplete(String)
08-21 20:14:18.844  7730  7773 E Unity   : 
08-21 20:14:18.857  7730  7773 I Unity   : MLKit: GetResult() : id=-2147483648
08-21 20:14:18.857  7730  7773 I Unity   : MLKit: Abort id=-2147483648
08-21 20:14:18.858  7730  7773 I Unity   : Evaluation: words=2 zones=1 5 5
08-21 20:14:18.858  7730  7773 I Unity   : Word: 0123456789 -> (39.00, 5.00) (117.00, 18.00)
08-21 20:14:18.858  7730  7773 I Unity   : 	Zone: 0 (210.00, 48.00) (384.00, 168.00) collide:False
08-21 20:14:18.858  7730  7773 I Unity   : Word: ABCDEFGHIJKLMNOPQRSTUVXYZ -> (121.00, 5.00) (345.00, 18.00)
08-21 20:14:18.858  7730  7773 I Unity   : 	Zone: 0 (210.00, 48.00) (384.00, 168.00) collide:False
08-21 20:14:18.876  7730  7773 I Unity   : 3199 : CoRequestEvaluation
08-21 20:14:18.922  7730  7773 I Unity   : MLKit Recognize: 384x216 pixelCount=82944 id=57
08-21 20:14:18.952  7730  7773 D MLKit   : input 384x216 pixelCount=82944 id=57
08-21 20:14:19.113  7730  7730 D MLKit   : parseText 0123456789 ABCDEFGHIJKLMNOPQRSTUVXYZ 1
08-21 20:14:19.113  7730  7730 D MLKit   : parseTextBlock 0123456789 ABCDEFGHIJKLMNOPQRSTUVXYZ 1 (39,6) - (345,18)
08-21 20:14:19.113  7730  7730 D MLKit   : parseLine 0123456789 ABCDEFGHIJKLMNOPQRSTUVXYZ 2 (39,6) - (345,18)
08-21 20:14:19.113  7730  7730 D MLKit   : parseElement 0123456789 (39,6) - (117,18)
08-21 20:14:19.113  7730  7730 D MLKit   : parseElement ABCDEFGHIJKLMNOPQRSTUVXYZ (121,6) - (345,18)
08-21 20:14:19.118  7730  7773 I Unity   : MLKitWrapper.OnComplete: json
08-21 20:14:19.118  7730  7773 I Unity   : {"requestId":57,"text":{"text":"0123456789 ABCDEFGHIJKLMNOPQRSTUVXYZ","textBlocks":[{"boundingBox":{"bottom":18,"left":39,"right":345,"top":6},"cornerPoints":[{"x":39,"y":6},{"x":345,"y":6},{"x":345,"y":18},{"x":39,"y":18}],"lines":[{"boundingBox":{"bottom":18,"left":39,"right":345,"top":6},"cornerPoints":[{"x":39,"y":6},{"x":345,"y":6},{"x":345,"y":18},{"x":39,"y":18}],"elements":[{"boundingBox":{"bottom":18,"left":39,"right":117,"top":6},"cornerPoints":[{"x":39,"y":6},{"x":117,"y":6},{"x":117,"y":18},{"x":39,"y":18}],"recognizedLanguage":"en","text":"0123456789"},{"boundingBox":{"bottom":18,"left":121,"right":345,"top":6},"cornerPoints":[{"x":121,"y":6},{"x":345,"y":6},{"x":345,"y":18},{"x":121,"y":18}],"recognizedLanguage":"en","text":"ABCDEFGHIJKLMNOPQRSTUVXYZ"}],"recognizedLanguage":"en","text":"0123456789 ABCDEFGHIJKLMNOPQRSTUVXYZ"}],"recognizedLanguage":"en","text":"0123456789 ABCDEFGHIJKLMNOPQRSTUVXYZ"}]}}
08-21 20:14:19.120  7730  7773 E Unity   : 	Success 1 0123456789 ABCDEFGHIJKLMNOPQRSTUVXYZ
08-21 20:14:19.120  7730  7773 E Unity   : MLKitWrapper:OnComplete(String)
08-21 20:14:19.120  7730  7773 E Unity   : 
08-21 20:14:19.134  7730  7773 I Unity   : MLKit: GetResult() : id=-2147483648
08-21 20:14:19.134  7730  7773 I Unity   : MLKit: Abort id=-2147483648
08-21 20:14:19.135  7730  7773 I Unity   : Evaluation: words=2 zones=1 5 5
08-21 20:14:19.135  7730  7773 I Unity   : Word: 0123456789 -> (39.00, 6.00) (117.00, 18.00)
08-21 20:14:19.135  7730  7773 I Unity   : 	Zone: 0 (210.00, 48.00) (384.00, 168.00) collide:False
08-21 20:14:19.135  7730  7773 I Unity   : Word: ABCDEFGHIJKLMNOPQRSTUVXYZ -> (121.00, 6.00) (345.00, 18.00)
08-21 20:14:19.135  7730  7773 I Unity   : 	Zone: 0 (210.00, 48.00) (384.00, 168.00) collide:False
08-21 20:14:19.153  7730  7773 I Unity   : 3213 : CoRequestEvaluation
08-21 20:14:19.197  7730  7773 I Unity   : MLKit Recognize: 384x216 pixelCount=82944 id=58
08-21 20:14:19.229  7730  7773 D MLKit   : input 384x216 pixelCount=82944 id=58
08-21 20:14:19.437  7730  7730 D MLKit   : parseText 0123456789 ABCDEFGHIJKLMNOPQRSTUVXYZ 1
08-21 20:14:19.437  7730  7730 D MLKit   : parseTextBlock 0123456789 ABCDEFGHIJKLMNOPQRSTUVXYZ 1 (39,5) - (345,18)
08-21 20:14:19.437  7730  7730 D MLKit   : parseLine 0123456789 ABCDEFGHIJKLMNOPQRSTUVXYZ 2 (39,5) - (345,18)
08-21 20:14:19.437  7730  7730 D MLKit   : parseElement 0123456789 (39,5) - (117,18)
08-21 20:14:19.437  7730  7730 D MLKit   : parseElement ABCDEFGHIJKLMNOPQRSTUVXYZ (121,5) - (345,18)
08-21 20:14:19.448  7730  7773 I Unity   : MLKitWrapper.OnComplete: json
08-21 20:14:19.448  7730  7773 I Unity   : {"requestId":58,"text":{"text":"0123456789 ABCDEFGHIJKLMNOPQRSTUVXYZ","textBlocks":[{"boundingBox":{"bottom":18,"left":39,"right":345,"top":5},"cornerPoints":[{"x":39,"y":5},{"x":345,"y":5},{"x":345,"y":18},{"x":39,"y":18}],"lines":[{"boundingBox":{"bottom":18,"left":39,"right":345,"top":5},"cornerPoints":[{"x":39,"y":5},{"x":345,"y":5},{"x":345,"y":18},{"x":39,"y":18}],"elements":[{"boundingBox":{"bottom":18,"left":39,"right":117,"top":5},"cornerPoints":[{"x":39,"y":5},{"x":117,"y":5},{"x":117,"y":18},{"x":39,"y":18}],"recognizedLanguage":"en","text":"0123456789"},{"boundingBox":{"bottom":18,"left":121,"right":345,"top":5},"cornerPoints":[{"x":121,"y":5},{"x":345,"y":5},{"x":345,"y":18},{"x":121,"y":18}],"recognizedLanguage":"en","text":"ABCDEFGHIJKLMNOPQRSTUVXYZ"}],"recognizedLanguage":"en","text":"0123456789 ABCDEFGHIJKLMNOPQRSTUVXYZ"}],"recognizedLanguage":"en","text":"0123456789 ABCDEFGHIJKLMNOPQRSTUVXYZ"}]}}
08-21 20:14:19.450  7730  7773 E Unity   : 	Success 1 0123456789 ABCDEFGHIJKLMNOPQRSTUVXYZ
08-21 20:14:19.450  7730  7773 E Unity   : MLKitWrapper:OnComplete(String)
08-21 20:14:19.450  7730  7773 E Unity   : 
08-21 20:14:19.464  7730  7773 I Unity   : MLKit: GetResult() : id=-2147483648
08-21 20:14:19.465  7730  7773 I Unity   : MLKit: Abort id=-2147483648
08-21 20:14:19.465  7730  7773 I Unity   : Evaluation: words=2 zones=1 5 5
08-21 20:14:19.465  7730  7773 I Unity   : Word: 0123456789 -> (39.00, 5.00) (117.00, 18.00)
08-21 20:14:19.465  7730  7773 I Unity   : 	Zone: 0 (210.00, 48.00) (384.00, 168.00) collide:False
08-21 20:14:19.465  7730  7773 I Unity   : Word: ABCDEFGHIJKLMNOPQRSTUVXYZ -> (121.00, 5.00) (345.00, 18.00)
08-21 20:14:19.465  7730  7773 I Unity   : 	Zone: 0 (210.00, 48.00) (384.00, 168.00) collide:False
08-21 20:14:19.480  7730  7773 I Unity   : 3230 : CoRequestEvaluation
08-21 20:14:19.530  7730  7773 I Unity   : MLKit Recognize: 384x216 pixelCount=82944 id=59
08-21 20:14:19.563  7730  7773 D MLKit   : input 384x216 pixelCount=82944 id=59
08-21 20:14:19.780  7730  7730 D MLKit   : parseText 0123456789 ABCDEFGHIJKLMNOPQRSTUVXYZ 1
08-21 20:14:19.780  7730  7730 D MLKit   : parseTextBlock 0123456789 ABCDEFGHIJKLMNOPQRSTUVXYZ 1 (39,5) - (345,18)
08-21 20:14:19.780  7730  7730 D MLKit   : parseLine 0123456789 ABCDEFGHIJKLMNOPQRSTUVXYZ 2 (39,5) - (345,18)
08-21 20:14:19.780  7730  7730 D MLKit   : parseElement 0123456789 (39,5) - (117,18)
08-21 20:14:19.780  7730  7730 D MLKit   : parseElement ABCDEFGHIJKLMNOPQRSTUVXYZ (121,5) - (345,18)
08-21 20:14:19.791  7730  7773 I Unity   : MLKitWrapper.OnComplete: json
08-21 20:14:19.791  7730  7773 I Unity   : {"requestId":59,"text":{"text":"0123456789 ABCDEFGHIJKLMNOPQRSTUVXYZ","textBlocks":[{"boundingBox":{"bottom":18,"left":39,"right":345,"top":5},"cornerPoints":[{"x":39,"y":5},{"x":345,"y":5},{"x":345,"y":18},{"x":39,"y":18}],"lines":[{"boundingBox":{"bottom":18,"left":39,"right":345,"top":5},"cornerPoints":[{"x":39,"y":5},{"x":345,"y":5},{"x":345,"y":18},{"x":39,"y":18}],"elements":[{"boundingBox":{"bottom":18,"left":39,"right":117,"top":5},"cornerPoints":[{"x":39,"y":5},{"x":117,"y":5},{"x":117,"y":18},{"x":39,"y":18}],"recognizedLanguage":"en","text":"0123456789"},{"boundingBox":{"bottom":18,"left":121,"right":345,"top":5},"cornerPoints":[{"x":121,"y":5},{"x":345,"y":5},{"x":345,"y":18},{"x":121,"y":18}],"recognizedLanguage":"en","text":"ABCDEFGHIJKLMNOPQRSTUVXYZ"}],"recognizedLanguage":"en","text":"0123456789 ABCDEFGHIJKLMNOPQRSTUVXYZ"}],"recognizedLanguage":"en","text":"0123456789 ABCDEFGHIJKLMNOPQRSTUVXYZ"}]}}
08-21 20:14:19.794  7730  7773 E Unity   : 	Success 1 0123456789 ABCDEFGHIJKLMNOPQRSTUVXYZ
08-21 20:14:19.794  7730  7773 E Unity   : MLKitWrapper:OnComplete(String)
08-21 20:14:19.794  7730  7773 E Unity   : 
08-21 20:14:19.808  7730  7773 I Unity   : MLKit: GetResult() : id=-2147483648
08-21 20:14:19.809  7730  7773 I Unity   : MLKit: Abort id=-2147483648
08-21 20:14:19.810  7730  7773 I Unity   : Evaluation: words=2 zones=1 5 5
08-21 20:14:19.810  7730  7773 I Unity   : Word: 0123456789 -> (39.00, 5.00) (117.00, 18.00)
08-21 20:14:19.810  7730  7773 I Unity   : 	Zone: 0 (210.00, 48.00) (384.00, 168.00) collide:False
08-21 20:14:19.810  7730  7773 I Unity   : Word: ABCDEFGHIJKLMNOPQRSTUVXYZ -> (121.00, 5.00) (345.00, 18.00)
08-21 20:14:19.810  7730  7773 I Unity   : 	Zone: 0 (210.00, 48.00) (384.00, 168.00) collide:False
08-21 20:14:19.827  7730  7773 I Unity   : 3248 : CoRequestEvaluation
08-21 20:14:19.874  7730  7773 I Unity   : MLKit Recognize: 384x216 pixelCount=82944 id=60
08-21 20:14:19.909  7730  7773 D MLKit   : input 384x216 pixelCount=82944 id=60
08-21 20:14:20.086  7730  7730 D MLKit   : parseText 0123456789 ABCDEFGHIJKLMNOPQRSTUVXYZ 1
08-21 20:14:20.086  7730  7730 D MLKit   : parseTextBlock 0123456789 ABCDEFGHIJKLMNOPQRSTUVXYZ 1 (39,5) - (345,18)
08-21 20:14:20.086  7730  7730 D MLKit   : parseLine 0123456789 ABCDEFGHIJKLMNOPQRSTUVXYZ 2 (39,5) - (345,18)
08-21 20:14:20.087  7730  7730 D MLKit   : parseElement 0123456789 (39,5) - (117,18)
08-21 20:14:20.087  7730  7730 D MLKit   : parseElement ABCDEFGHIJKLMNOPQRSTUVXYZ (121,5) - (345,18)
08-21 20:14:20.104  7730  7773 I Unity   : MLKitWrapper.OnComplete: json
08-21 20:14:20.104  7730  7773 I Unity   : {"requestId":60,"text":{"text":"0123456789 ABCDEFGHIJKLMNOPQRSTUVXYZ","textBlocks":[{"boundingBox":{"bottom":18,"left":39,"right":345,"top":5},"cornerPoints":[{"x":39,"y":5},{"x":345,"y":5},{"x":345,"y":18},{"x":39,"y":18}],"lines":[{"boundingBox":{"bottom":18,"left":39,"right":345,"top":5},"cornerPoints":[{"x":39,"y":5},{"x":345,"y":5},{"x":345,"y":18},{"x":39,"y":18}],"elements":[{"boundingBox":{"bottom":18,"left":39,"right":117,"top":5},"cornerPoints":[{"x":39,"y":5},{"x":117,"y":5},{"x":117,"y":18},{"x":39,"y":18}],"recognizedLanguage":"en","text":"0123456789"},{"boundingBox":{"bottom":18,"left":121,"right":345,"top":5},"cornerPoints":[{"x":121,"y":5},{"x":345,"y":5},{"x":345,"y":18},{"x":121,"y":18}],"recognizedLanguage":"en","text":"ABCDEFGHIJKLMNOPQRSTUVXYZ"}],"recognizedLanguage":"en","text":"0123456789 ABCDEFGHIJKLMNOPQRSTUVXYZ"}],"recognizedLanguage":"en","text":"0123456789 ABCDEFGHIJKLMNOPQRSTUVXYZ"}]}}
08-21 20:14:20.106  7730  7773 E Unity   : 	Success 1 0123456789 ABCDEFGHIJKLMNOPQRSTUVXYZ
08-21 20:14:20.106  7730  7773 E Unity   : MLKitWrapper:OnComplete(String)
08-21 20:14:20.106  7730  7773 E Unity   : 
08-21 20:14:20.120  7730  7773 I Unity   : MLKit: GetResult() : id=-2147483648
08-21 20:14:20.121  7730  7773 I Unity   : MLKit: Abort id=-2147483648
08-21 20:14:20.121  7730  7773 I Unity   : Evaluation: words=2 zones=1 5 5
08-21 20:14:20.121  7730  7773 I Unity   : Word: 0123456789 -> (39.00, 5.00) (117.00, 18.00)
08-21 20:14:20.122  7730  7773 I Unity   : 	Zone: 0 (210.00, 48.00) (384.00, 168.00) collide:False
08-21 20:14:20.122  7730  7773 I Unity   : Word: ABCDEFGHIJKLMNOPQRSTUVXYZ -> (121.00, 5.00) (345.00, 18.00)
08-21 20:14:20.122  7730  7773 I Unity   : 	Zone: 0 (210.00, 48.00) (384.00, 168.00) collide:False
08-21 20:14:20.134  7730  7773 I Unity   : 3264 : CoRequestEvaluation
08-21 20:14:20.182  7730  7773 I Unity   : MLKit Recognize: 384x216 pixelCount=82944 id=61
08-21 20:14:20.209  7730  7773 D MLKit   : input 384x216 pixelCount=82944 id=61
08-21 20:14:20.295  7730  7773 I Unity   : 3271 : CoRequestEvaluation
08-21 20:14:20.341  7730  7773 I Unity   : MLKit Recognize: 384x216 pixelCount=82944 id=62
08-21 20:14:20.341  7730  7773 I Unity   : MLKit: Abort id=61
08-21 20:14:20.366  7730  7773 D MLKit   : input 384x216 pixelCount=82944 id=62
08-21 20:14:20.377  7730  7730 D MLKit   : parseText 0123456789 ABCDEFGHIJKLMNOPQRSTUVXYZ 1
08-21 20:14:20.377  7730  7730 D MLKit   : parseTextBlock 0123456789 ABCDEFGHIJKLMNOPQRSTUVXYZ 1 (39,5) - (345,18)
08-21 20:14:20.377  7730  7730 D MLKit   : parseLine 0123456789 ABCDEFGHIJKLMNOPQRSTUVXYZ 2 (39,5) - (345,18)
08-21 20:14:20.377  7730  7730 D MLKit   : parseElement 0123456789 (39,5) - (117,18)
08-21 20:14:20.377  7730  7730 D MLKit   : parseElement ABCDEFGHIJKLMNOPQRSTUVXYZ (121,5) - (345,18)
08-21 20:14:20.381  7730  7773 I Unity   : MLKitWrapper.OnComplete: json
08-21 20:14:20.381  7730  7773 I Unity   : {"requestId":61,"text":{"text":"0123456789 ABCDEFGHIJKLMNOPQRSTUVXYZ","textBlocks":[{"boundingBox":{"bottom":18,"left":39,"right":345,"top":5},"cornerPoints":[{"x":39,"y":5},{"x":345,"y":5},{"x":345,"y":18},{"x":39,"y":18}],"lines":[{"boundingBox":{"bottom":18,"left":39,"right":345,"top":5},"cornerPoints":[{"x":39,"y":5},{"x":345,"y":5},{"x":345,"y":18},{"x":39,"y":18}],"elements":[{"boundingBox":{"bottom":18,"left":39,"right":117,"top":5},"cornerPoints":[{"x":39,"y":5},{"x":117,"y":5},{"x":117,"y":18},{"x":39,"y":18}],"recognizedLanguage":"en","text":"0123456789"},{"boundingBox":{"bottom":18,"left":121,"right":345,"top":5},"cornerPoints":[{"x":121,"y":5},{"x":345,"y":5},{"x":345,"y":18},{"x":121,"y":18}],"recognizedLanguage":"en","text":"ABCDEFGHIJKLMNOPQRSTUVXYZ"}],"recognizedLanguage":"en","text":"0123456789 ABCDEFGHIJKLMNOPQRSTUVXYZ"}],"recognizedLanguage":"en","text":"0123456789 ABCDEFGHIJKLMNOPQRSTUVXYZ"}]}}
08-21 20:14:20.608  7730  7730 D MLKit   : parseText 0123456789 ABCDEFGHIJKLMNOPQRSTUVXYZ 1
08-21 20:14:20.608  7730  7730 D MLKit   : parseTextBlock 0123456789 ABCDEFGHIJKLMNOPQRSTUVXYZ 1 (39,5) - (345,18)
08-21 20:14:20.608  7730  7730 D MLKit   : parseLine 0123456789 ABCDEFGHIJKLMNOPQRSTUVXYZ 2 (39,5) - (345,18)
08-21 20:14:20.608  7730  7730 D MLKit   : parseElement 0123456789 (39,5) - (117,18)
08-21 20:14:20.608  7730  7730 D MLKit   : parseElement ABCDEFGHIJKLMNOPQRSTUVXYZ (121,5) - (345,18)
08-21 20:14:20.625  7730  7773 I Unity   : MLKitWrapper.OnComplete: json
08-21 20:14:20.625  7730  7773 I Unity   : {"requestId":62,"text":{"text":"0123456789 ABCDEFGHIJKLMNOPQRSTUVXYZ","textBlocks":[{"boundingBox":{"bottom":18,"left":39,"right":345,"top":5},"cornerPoints":[{"x":39,"y":5},{"x":345,"y":5},{"x":345,"y":18},{"x":39,"y":18}],"lines":[{"boundingBox":{"bottom":18,"left":39,"right":345,"top":5},"cornerPoints":[{"x":39,"y":5},{"x":345,"y":5},{"x":345,"y":18},{"x":39,"y":18}],"elements":[{"boundingBox":{"bottom":18,"left":39,"right":117,"top":5},"cornerPoints":[{"x":39,"y":5},{"x":117,"y":5},{"x":117,"y":18},{"x":39,"y":18}],"recognizedLanguage":"en","text":"0123456789"},{"boundingBox":{"bottom":18,"left":121,"right":345,"top":5},"cornerPoints":[{"x":121,"y":5},{"x":345,"y":5},{"x":345,"y":18},{"x":121,"y":18}],"recognizedLanguage":"en","text":"ABCDEFGHIJKLMNOPQRSTUVXYZ"}],"recognizedLanguage":"en","text":"0123456789 ABCDEFGHIJKLMNOPQRSTUVXYZ"}],"recognizedLanguage":"en","text":"0123456789 ABCDEFGHIJKLMNOPQRSTUVXYZ"}]}}
08-21 20:14:20.627  7730  7773 E Unity   : 	Success 1 0123456789 ABCDEFGHIJKLMNOPQRSTUVXYZ
08-21 20:14:20.627  7730  7773 E Unity   : MLKitWrapper:OnComplete(String)
08-21 20:14:20.627  7730  7773 E Unity   : 
08-21 20:14:20.638  7730  7773 I Unity   : MLKit: GetResult() : id=-2147483648
08-21 20:14:20.638  7730  7773 I Unity   : MLKit: Abort id=-2147483648
08-21 20:14:20.639  7730  7773 I Unity   : Evaluation: words=2 zones=1 5 5
08-21 20:14:20.640  7730  7773 I Unity   : Word: 0123456789 -> (39.00, 5.00) (117.00, 18.00)
08-21 20:14:20.640  7730  7773 I Unity   : 	Zone: 0 (210.00, 48.00) (384.00, 168.00) collide:False
08-21 20:14:20.641  7730  7773 I Unity   : Word: ABCDEFGHIJKLMNOPQRSTUVXYZ -> (121.00, 5.00) (345.00, 18.00)
08-21 20:14:20.641  7730  7773 I Unity   : 	Zone: 0 (210.00, 48.00) (384.00, 168.00) collide:False
08-21 20:14:20.655  7730  7773 I Unity   : 3290 : CoRequestEvaluation
08-21 20:14:20.699  7730  7773 I Unity   : MLKit Recognize: 384x216 pixelCount=82944 id=63
08-21 20:14:20.724  7730  7773 D MLKit   : input 384x216 pixelCount=82944 id=63
08-21 20:14:21.074  7730  7730 D MLKit   : parseText 0123456789 ABCDEFGHIJKLMNOPQRSTUVXYZ 1
08-21 20:14:21.074  7730  7730 D MLKit   : parseTextBlock 0123456789 ABCDEFGHIJKLMNOPQRSTUVXYZ 1 (39,5) - (345,18)
08-21 20:14:21.074  7730  7730 D MLKit   : parseLine 0123456789 ABCDEFGHIJKLMNOPQRSTUVXYZ 2 (39,5) - (345,18)
08-21 20:14:21.074  7730  7730 D MLKit   : parseElement 0123456789 (39,5) - (117,18)
08-21 20:14:21.074  7730  7730 D MLKit   : parseElement ABCDEFGHIJKLMNOPQRSTUVXYZ (121,5) - (345,18)
08-21 20:14:21.087  7730  7773 I Unity   : MLKitWrapper.OnComplete: json
08-21 20:14:21.087  7730  7773 I Unity   : {"requestId":63,"text":{"text":"0123456789 ABCDEFGHIJKLMNOPQRSTUVXYZ","textBlocks":[{"boundingBox":{"bottom":18,"left":39,"right":345,"top":5},"cornerPoints":[{"x":39,"y":5},{"x":345,"y":5},{"x":345,"y":18},{"x":39,"y":18}],"lines":[{"boundingBox":{"bottom":18,"left":39,"right":345,"top":5},"cornerPoints":[{"x":39,"y":5},{"x":345,"y":5},{"x":345,"y":18},{"x":39,"y":18}],"elements":[{"boundingBox":{"bottom":18,"left":39,"right":117,"top":5},"cornerPoints":[{"x":39,"y":5},{"x":117,"y":5},{"x":117,"y":18},{"x":39,"y":18}],"recognizedLanguage":"en","text":"0123456789"},{"boundingBox":{"bottom":18,"left":121,"right":345,"top":5},"cornerPoints":[{"x":121,"y":5},{"x":345,"y":5},{"x":345,"y":18},{"x":121,"y":18}],"recognizedLanguage":"en","text":"ABCDEFGHIJKLMNOPQRSTUVXYZ"}],"recognizedLanguage":"en","text":"0123456789 ABCDEFGHIJKLMNOPQRSTUVXYZ"}],"recognizedLanguage":"en","text":"0123456789 ABCDEFGHIJKLMNOPQRSTUVXYZ"}]}}
08-21 20:14:21.089  7730  7773 E Unity   : 	Success 1 0123456789 ABCDEFGHIJKLMNOPQRSTUVXYZ
08-21 20:14:21.089  7730  7773 E Unity   : MLKitWrapper:OnComplete(String)
08-21 20:14:21.089  7730  7773 E Unity   : 
08-21 20:14:21.103  7730  7773 I Unity   : MLKit: GetResult() : id=-2147483648
08-21 20:14:21.105  7730  7773 I Unity   : MLKit: Abort id=-2147483648
08-21 20:14:21.105  7730  7773 I Unity   : Evaluation: words=2 zones=1 5 5
08-21 20:14:21.106  7730  7773 I Unity   : Word: 0123456789 -> (39.00, 5.00) (117.00, 18.00)
08-21 20:14:21.106  7730  7773 I Unity   : 	Zone: 0 (210.00, 48.00) (384.00, 168.00) collide:False
08-21 20:14:21.106  7730  7773 I Unity   : Word: ABCDEFGHIJKLMNOPQRSTUVXYZ -> (121.00, 5.00) (345.00, 18.00)
08-21 20:14:21.106  7730  7773 I Unity   : 	Zone: 0 (210.00, 48.00) (384.00, 168.00) collide:False
08-21 20:14:21.122  7730  7773 I Unity   : 3315 : CoRequestEvaluation
08-21 20:14:21.166  7730  7773 I Unity   : MLKit Recognize: 384x216 pixelCount=82944 id=64
08-21 20:14:21.189  7730  7773 D MLKit   : input 384x216 pixelCount=82944 id=64
08-21 20:14:21.561  7730  7730 D MLKit   : parseText 0123456789 ABCDEFGHIJKLMNOPQRSTUVXYZ 1
08-21 20:14:21.561  7730  7730 D MLKit   : parseTextBlock 0123456789 ABCDEFGHIJKLMNOPQRSTUVXYZ 1 (39,5) - (345,18)
08-21 20:14:21.561  7730  7730 D MLKit   : parseLine 0123456789 ABCDEFGHIJKLMNOPQRSTUVXYZ 2 (39,5) - (345,18)
08-21 20:14:21.562  7730  7730 D MLKit   : parseElement 0123456789 (39,5) - (117,18)
08-21 20:14:21.562  7730  7730 D MLKit   : parseElement ABCDEFGHIJKLMNOPQRSTUVXYZ (121,5) - (345,18)
08-21 20:14:21.572  7730  7773 I Unity   : MLKitWrapper.OnComplete: json
08-21 20:14:21.572  7730  7773 I Unity   : {"requestId":64,"text":{"text":"0123456789 ABCDEFGHIJKLMNOPQRSTUVXYZ","textBlocks":[{"boundingBox":{"bottom":18,"left":39,"right":345,"top":5},"cornerPoints":[{"x":39,"y":5},{"x":345,"y":5},{"x":345,"y":18},{"x":39,"y":18}],"lines":[{"boundingBox":{"bottom":18,"left":39,"right":345,"top":5},"cornerPoints":[{"x":39,"y":5},{"x":345,"y":5},{"x":345,"y":18},{"x":39,"y":18}],"elements":[{"boundingBox":{"bottom":18,"left":39,"right":117,"top":5},"cornerPoints":[{"x":39,"y":5},{"x":117,"y":5},{"x":117,"y":18},{"x":39,"y":18}],"recognizedLanguage":"en","text":"0123456789"},{"boundingBox":{"bottom":18,"left":121,"right":345,"top":5},"cornerPoints":[{"x":121,"y":5},{"x":345,"y":5},{"x":345,"y":18},{"x":121,"y":18}],"recognizedLanguage":"en","text":"ABCDEFGHIJKLMNOPQRSTUVXYZ"}],"recognizedLanguage":"en","text":"0123456789 ABCDEFGHIJKLMNOPQRSTUVXYZ"}],"recognizedLanguage":"en","text":"0123456789 ABCDEFGHIJKLMNOPQRSTUVXYZ"}]}}
08-21 20:14:21.574  7730  7773 E Unity   : 	Success 1 0123456789 ABCDEFGHIJKLMNOPQRSTUVXYZ
08-21 20:14:21.574  7730  7773 E Unity   : MLKitWrapper:OnComplete(String)
08-21 20:14:21.574  7730  7773 E Unity   : 
08-21 20:14:21.588  7730  7773 I Unity   : MLKit: GetResult() : id=-2147483648
08-21 20:14:21.588  7730  7773 I Unity   : MLKit: Abort id=-2147483648
08-21 20:14:21.589  7730  7773 I Unity   : Evaluation: words=2 zones=1 5 5
08-21 20:14:21.590  7730  7773 I Unity   : Word: 0123456789 -> (39.00, 5.00) (117.00, 18.00)
08-21 20:14:21.590  7730  7773 I Unity   : 	Zone: 0 (210.00, 48.00) (384.00, 168.00) collide:False
08-21 20:14:21.590  7730  7773 I Unity   : Word: ABCDEFGHIJKLMNOPQRSTUVXYZ -> (121.00, 5.00) (345.00, 18.00)
08-21 20:14:21.590  7730  7773 I Unity   : 	Zone: 0 (210.00, 48.00) (384.00, 168.00) collide:False
08-21 20:14:21.605  7730  7773 I Unity   : 3341 : CoRequestEvaluation
08-21 20:14:21.650  7730  7773 I Unity   : MLKit Recognize: 384x216 pixelCount=82944 id=65
08-21 20:14:21.674  7730  7773 D MLKit   : input 384x216 pixelCount=82944 id=65
08-21 20:14:21.963  7730  7730 D MLKit   : parseText 0123456789 ABCDEFGHIJKLMNOPQRSTUVXYZ 1
08-21 20:14:21.963  7730  7730 D MLKit   : parseTextBlock 0123456789 ABCDEFGHIJKLMNOPQRSTUVXYZ 1 (39,5) - (345,18)
08-21 20:14:21.964  7730  7730 D MLKit   : parseLine 0123456789 ABCDEFGHIJKLMNOPQRSTUVXYZ 2 (39,5) - (345,18)
08-21 20:14:21.964  7730  7730 D MLKit   : parseElement 0123456789 (39,5) - (117,18)
08-21 20:14:21.964  7730  7730 D MLKit   : parseElement ABCDEFGHIJKLMNOPQRSTUVXYZ (121,5) - (345,18)
08-21 20:14:21.970  7730  7773 I Unity   : MLKitWrapper.OnComplete: json
08-21 20:14:21.970  7730  7773 I Unity   : {"requestId":65,"text":{"text":"0123456789 ABCDEFGHIJKLMNOPQRSTUVXYZ","textBlocks":[{"boundingBox":{"bottom":18,"left":39,"right":345,"top":5},"cornerPoints":[{"x":39,"y":5},{"x":345,"y":5},{"x":345,"y":18},{"x":39,"y":18}],"lines":[{"boundingBox":{"bottom":18,"left":39,"right":345,"top":5},"cornerPoints":[{"x":39,"y":5},{"x":345,"y":5},{"x":345,"y":18},{"x":39,"y":18}],"elements":[{"boundingBox":{"bottom":18,"left":39,"right":117,"top":5},"cornerPoints":[{"x":39,"y":5},{"x":117,"y":5},{"x":117,"y":18},{"x":39,"y":18}],"recognizedLanguage":"en","text":"0123456789"},{"boundingBox":{"bottom":18,"left":121,"right":345,"top":5},"cornerPoints":[{"x":121,"y":5},{"x":345,"y":5},{"x":345,"y":18},{"x":121,"y":18}],"recognizedLanguage":"en","text":"ABCDEFGHIJKLMNOPQRSTUVXYZ"}],"recognizedLanguage":"en","text":"0123456789 ABCDEFGHIJKLMNOPQRSTUVXYZ"}],"recognizedLanguage":"en","text":"0123456789 ABCDEFGHIJKLMNOPQRSTUVXYZ"}]}}
08-21 20:14:21.973  7730  7773 E Unity   : 	Success 1 0123456789 ABCDEFGHIJKLMNOPQRSTUVXYZ
08-21 20:14:21.973  7730  7773 E Unity   : MLKitWrapper:OnComplete(String)
08-21 20:14:21.973  7730  7773 E Unity   : 
08-21 20:14:21.987  7730  7773 I Unity   : MLKit: GetResult() : id=-2147483648
08-21 20:14:21.988  7730  7773 I Unity   : MLKit: Abort id=-2147483648
08-21 20:14:21.988  7730  7773 I Unity   : Evaluation: words=2 zones=1 5 5
08-21 20:14:21.989  7730  7773 I Unity   : Word: 0123456789 -> (39.00, 5.00) (117.00, 18.00)
08-21 20:14:21.989  7730  7773 I Unity   : 	Zone: 0 (210.00, 48.00) (384.00, 168.00) collide:False
08-21 20:14:21.989  7730  7773 I Unity   : Word: ABCDEFGHIJKLMNOPQRSTUVXYZ -> (121.00, 5.00) (345.00, 18.00)
08-21 20:14:21.989  7730  7773 I Unity   : 	Zone: 0 (210.00, 48.00) (384.00, 168.00) collide:False
08-21 20:14:22.004  7730  7773 I Unity   : 3363 : CoRequestEvaluation
08-21 20:14:22.048  7730  7773 I Unity   : MLKit Recognize: 384x216 pixelCount=82944 id=66
08-21 20:14:22.071  7730  7773 D MLKit   : input 384x216 pixelCount=82944 id=66
08-21 20:14:22.278  7730  7730 D MLKit   : parseText 0123456789 ABCDEFGHIJKLMNOPQRSTUVXYZ 1
08-21 20:14:22.278  7730  7730 D MLKit   : parseTextBlock 0123456789 ABCDEFGHIJKLMNOPQRSTUVXYZ 1 (39,5) - (345,18)
08-21 20:14:22.278  7730  7730 D MLKit   : parseLine 0123456789 ABCDEFGHIJKLMNOPQRSTUVXYZ 2 (39,5) - (345,18)
08-21 20:14:22.278  7730  7730 D MLKit   : parseElement 0123456789 (39,5) - (117,18)
08-21 20:14:22.278  7730  7730 D MLKit   : parseElement ABCDEFGHIJKLMNOPQRSTUVXYZ (121,5) - (345,18)
08-21 20:14:22.285  7730  7773 I Unity   : MLKitWrapper.OnComplete: json
08-21 20:14:22.285  7730  7773 I Unity   : {"requestId":66,"text":{"text":"0123456789 ABCDEFGHIJKLMNOPQRSTUVXYZ","textBlocks":[{"boundingBox":{"bottom":18,"left":39,"right":345,"top":5},"cornerPoints":[{"x":39,"y":5},{"x":345,"y":5},{"x":345,"y":18},{"x":39,"y":18}],"lines":[{"boundingBox":{"bottom":18,"left":39,"right":345,"top":5},"cornerPoints":[{"x":39,"y":5},{"x":345,"y":5},{"x":345,"y":18},{"x":39,"y":18}],"elements":[{"boundingBox":{"bottom":18,"left":39,"right":117,"top":5},"cornerPoints":[{"x":39,"y":5},{"x":117,"y":5},{"x":117,"y":18},{"x":39,"y":18}],"recognizedLanguage":"en","text":"0123456789"},{"boundingBox":{"bottom":18,"left":121,"right":345,"top":5},"cornerPoints":[{"x":121,"y":5},{"x":345,"y":5},{"x":345,"y":18},{"x":121,"y":18}],"recognizedLanguage":"en","text":"ABCDEFGHIJKLMNOPQRSTUVXYZ"}],"recognizedLanguage":"en","text":"0123456789 ABCDEFGHIJKLMNOPQRSTUVXYZ"}],"recognizedLanguage":"en","text":"0123456789 ABCDEFGHIJKLMNOPQRSTUVXYZ"}]}}
08-21 20:14:22.287  7730  7773 E Unity   : 	Success 1 0123456789 ABCDEFGHIJKLMNOPQRSTUVXYZ
08-21 20:14:22.287  7730  7773 E Unity   : MLKitWrapper:OnComplete(String)
08-21 20:14:22.287  7730  7773 E Unity   : 
08-21 20:14:22.298  7730  7773 I Unity   : MLKit: GetResult() : id=-2147483648
08-21 20:14:22.298  7730  7773 I Unity   : MLKit: Abort id=-2147483648
08-21 20:14:22.300  7730  7773 I Unity   : Evaluation: words=2 zones=1 5 5
08-21 20:14:22.300  7730  7773 I Unity   : Word: 0123456789 -> (39.00, 5.00) (117.00, 18.00)
08-21 20:14:22.300  7730  7773 I Unity   : 	Zone: 0 (210.00, 48.00) (384.00, 168.00) collide:False
08-21 20:14:22.301  7730  7773 I Unity   : Word: ABCDEFGHIJKLMNOPQRSTUVXYZ -> (121.00, 5.00) (345.00, 18.00)
08-21 20:14:22.301  7730  7773 I Unity   : 	Zone: 0 (210.00, 48.00) (384.00, 168.00) collide:False
08-21 20:14:22.315  7730  7773 I Unity   : 3379 : CoRequestEvaluation
08-21 20:14:22.360  7730  7773 I Unity   : MLKit Recognize: 384x216 pixelCount=82944 id=67
08-21 20:14:22.388  7730  7773 D MLKit   : input 384x216 pixelCount=82944 id=67
08-21 20:14:22.611  7730  7730 D MLKit   : parseText 0123456789 ABCDEFGHIJKLMNOPQRSTUVXYZ 1
08-21 20:14:22.611  7730  7730 D MLKit   : parseTextBlock 0123456789 ABCDEFGHIJKLMNOPQRSTUVXYZ 1 (39,5) - (345,18)
08-21 20:14:22.611  7730  7730 D MLKit   : parseLine 0123456789 ABCDEFGHIJKLMNOPQRSTUVXYZ 2 (39,5) - (345,18)
08-21 20:14:22.611  7730  7730 D MLKit   : parseElement 0123456789 (39,5) - (117,18)
08-21 20:14:22.611  7730  7730 D MLKit   : parseElement ABCDEFGHIJKLMNOPQRSTUVXYZ (121,5) - (345,18)
08-21 20:14:22.627  7730  7773 I Unity   : MLKitWrapper.OnComplete: json
08-21 20:14:22.627  7730  7773 I Unity   : {"requestId":67,"text":{"text":"0123456789 ABCDEFGHIJKLMNOPQRSTUVXYZ","textBlocks":[{"boundingBox":{"bottom":18,"left":39,"right":345,"top":5},"cornerPoints":[{"x":39,"y":5},{"x":345,"y":5},{"x":345,"y":18},{"x":39,"y":18}],"lines":[{"boundingBox":{"bottom":18,"left":39,"right":345,"top":5},"cornerPoints":[{"x":39,"y":5},{"x":345,"y":5},{"x":345,"y":18},{"x":39,"y":18}],"elements":[{"boundingBox":{"bottom":18,"left":39,"right":117,"top":5},"cornerPoints":[{"x":39,"y":5},{"x":117,"y":5},{"x":117,"y":18},{"x":39,"y":18}],"recognizedLanguage":"en","text":"0123456789"},{"boundingBox":{"bottom":18,"left":121,"right":345,"top":5},"cornerPoints":[{"x":121,"y":5},{"x":345,"y":5},{"x":345,"y":18},{"x":121,"y":18}],"recognizedLanguage":"en","text":"ABCDEFGHIJKLMNOPQRSTUVXYZ"}],"recognizedLanguage":"en","text":"0123456789 ABCDEFGHIJKLMNOPQRSTUVXYZ"}],"recognizedLanguage":"en","text":"0123456789 ABCDEFGHIJKLMNOPQRSTUVXYZ"}]}}
08-21 20:14:22.629  7730  7773 E Unity   : 	Success 1 0123456789 ABCDEFGHIJKLMNOPQRSTUVXYZ
08-21 20:14:22.629  7730  7773 E Unity   : MLKitWrapper:OnComplete(String)
08-21 20:14:22.629  7730  7773 E Unity   : 
08-21 20:14:22.643  7730  7773 I Unity   : MLKit: GetResult() : id=-2147483648
08-21 20:14:22.643  7730  7773 I Unity   : MLKit: Abort id=-2147483648
08-21 20:14:22.644  7730  7773 I Unity   : Evaluation: words=2 zones=1 5 5
08-21 20:14:22.644  7730  7773 I Unity   : Word: 0123456789 -> (39.00, 5.00) (117.00, 18.00)
08-21 20:14:22.644  7730  7773 I Unity   : 	Zone: 0 (210.00, 48.00) (384.00, 168.00) collide:False
08-21 20:14:22.645  7730  7773 I Unity   : Word: ABCDEFGHIJKLMNOPQRSTUVXYZ -> (121.00, 5.00) (345.00, 18.00)
08-21 20:14:22.645  7730  7773 I Unity   : 	Zone: 0 (210.00, 48.00) (384.00, 168.00) collide:False
08-21 20:14:22.659  7730  7773 I Unity   : 3397 : CoRequestEvaluation
08-21 20:14:22.712  7730  7773 I Unity   : MLKit Recognize: 384x216 pixelCount=82944 id=68
08-21 20:14:22.738  7730  7773 D MLKit   : input 384x216 pixelCount=82944 id=68
08-21 20:14:23.035  7730  7730 D MLKit   : parseText 0123456789 ABCDEFGHIJKLMNOPQRSTUVXYZ 1
08-21 20:14:23.035  7730  7730 D MLKit   : parseTextBlock 0123456789 ABCDEFGHIJKLMNOPQRSTUVXYZ 1 (39,5) - (345,18)
08-21 20:14:23.035  7730  7730 D MLKit   : parseLine 0123456789 ABCDEFGHIJKLMNOPQRSTUVXYZ 2 (39,5) - (345,18)
08-21 20:14:23.035  7730  7730 D MLKit   : parseElement 0123456789 (39,5) - (117,18)
08-21 20:14:23.035  7730  7730 D MLKit   : parseElement ABCDEFGHIJKLMNOPQRSTUVXYZ (121,5) - (345,18)
08-21 20:14:23.044  7730  7773 I Unity   : MLKitWrapper.OnComplete: json
08-21 20:14:23.044  7730  7773 I Unity   : {"requestId":68,"text":{"text":"0123456789 ABCDEFGHIJKLMNOPQRSTUVXYZ","textBlocks":[{"boundingBox":{"bottom":18,"left":39,"right":345,"top":5},"cornerPoints":[{"x":39,"y":5},{"x":345,"y":5},{"x":345,"y":18},{"x":39,"y":18}],"lines":[{"boundingBox":{"bottom":18,"left":39,"right":345,"top":5},"cornerPoints":[{"x":39,"y":5},{"x":345,"y":5},{"x":345,"y":18},{"x":39,"y":18}],"elements":[{"boundingBox":{"bottom":18,"left":39,"right":117,"top":5},"cornerPoints":[{"x":39,"y":5},{"x":117,"y":5},{"x":117,"y":18},{"x":39,"y":18}],"recognizedLanguage":"en","text":"0123456789"},{"boundingBox":{"bottom":18,"left":121,"right":345,"top":5},"cornerPoints":[{"x":121,"y":5},{"x":345,"y":5},{"x":345,"y":18},{"x":121,"y":18}],"recognizedLanguage":"en","text":"ABCDEFGHIJKLMNOPQRSTUVXYZ"}],"recognizedLanguage":"en","text":"0123456789 ABCDEFGHIJKLMNOPQRSTUVXYZ"}],"recognizedLanguage":"en","text":"0123456789 ABCDEFGHIJKLMNOPQRSTUVXYZ"}]}}
08-21 20:14:23.045  7730  7773 E Unity   : 	Success 1 0123456789 ABCDEFGHIJKLMNOPQRSTUVXYZ
08-21 20:14:23.045  7730  7773 E Unity   : MLKitWrapper:OnComplete(String)
08-21 20:14:23.045  7730  7773 E Unity   : 
08-21 20:14:23.061  7730  7773 I Unity   : MLKit: GetResult() : id=-2147483648
08-21 20:14:23.061  7730  7773 I Unity   : MLKit: Abort id=-2147483648
08-21 20:14:23.061  7730  7773 I Unity   : Evaluation: words=2 zones=1 5 5
08-21 20:14:23.061  7730  7773 I Unity   : Word: 0123456789 -> (39.00, 5.00) (117.00, 18.00)
