08-13 23:52:09.479  1469  1479 I BpBinder: onLastStrongRef automatically unlinking death recipients: <uncached descriptor>
08-13 23:52:09.479  1469  1479 W JavaBinder: BinderProxy is being destroyed but the application did not call unlinkToDeath to unlink all of its death recipients beforehand.  Releasing leaked death recipient: com.android.server.AlarmManagerService$2
08-13 23:52:09.479  1469  1479 I BpBinder: onLastStrongRef automatically unlinking death recipients: <uncached descriptor>
08-13 23:52:09.481  1469  1479 W JavaBinder: BinderProxy is being destroyed but the application did not call unlinkToDeath to unlink all of its death recipients beforehand.  Releasing leaked death recipient: com.android.server.AlarmManagerService$2
08-13 23:52:09.481  1469  1479 I BpBinder: onLastStrongRef automatically unlinking death recipients: <uncached descriptor>
08-13 23:52:09.481  1469  1479 W JavaBinder: BinderProxy is being destroyed but the application did not call unlinkToDeath to unlink all of its death recipients beforehand.  Releasing leaked death recipient: com.android.server.AlarmManagerService$2
08-13 23:52:09.481  1469  1479 I BpBinder: onLastStrongRef automatically unlinking death recipients: <uncached descriptor>
08-13 23:52:09.482  1469  1479 W JavaBinder: BinderProxy is being destroyed but the application did not call unlinkToDeath to unlink all of its death recipients beforehand.  Releasing leaked death recipient: com.android.server.AlarmManagerService$2
08-13 23:52:09.482  1469  1479 I BpBinder: onLastStrongRef automatically unlinking death recipients: <uncached descriptor>
08-13 23:52:10.417  1469  1575 D WifiNetworkFactory: got request NetworkRequest [ TRACK_DEFAULT id=4173, [ Capabilities: INTERNET&NOT_RESTRICTED&TRUSTED Uid: 10176 AdministratorUids: [] RequestorUid: 10176 RequestorPackageName: com.Slack] ] with score 60 and providerId 4
08-13 23:52:10.417  1469  1575 D UntrustedWifiNetworkFactory: got request NetworkRequest [ TRACK_DEFAULT id=4173, [ Capabilities: INTERNET&NOT_RESTRICTED&TRUSTED Uid: 10176 AdministratorUids: [] RequestorUid: 10176 RequestorPackageName: com.Slack] ] with score 60 and providerId 4
08-13 23:52:10.418  1469  1616 D Ethernet: got request NetworkRequest [ TRACK_DEFAULT id=4173, [ Capabilities: INTERNET&NOT_RESTRICTED&TRUSTED Uid: 10176 AdministratorUids: [] RequestorUid: 10176 RequestorPackageName: com.Slack] ] with score 60 and providerId 4
08-13 23:52:10.418  1922  1922 D PhoneSwitcherNetworkRequstListener: got request NetworkRequest [ TRACK_DEFAULT id=4173, [ Capabilities: INTERNET&NOT_RESTRICTED&TRUSTED Uid: 10176 AdministratorUids: [] RequestorUid: 10176 RequestorPackageName: com.Slack] ] with score 60 and providerId 4
08-13 23:52:10.960   903   903 I thermal_repeater: [recvMdThermalInfo] ret=29, strLen=127,  3, 23, -50, -28409, 32767, 0
08-13 23:52:12.393  1469  1485 I GnssLocationProvider: Removing location updates from network provider.
08-13 23:52:12.393  1469  1485 I LocationManagerService: remove f6d8d4b
08-13 23:52:16.254  1469  1491 D AES     : AEEIOCTL_GET/SET_SF_STATE IOCTL,cmd= 1074294797, lParam=0. 
08-13 23:52:16.255  1469  1491 D AES     : AEEIOCTL_RT_MON_Kick IOCTL,cmd= 2147774474, lParam=300. 
08-13 23:52:20.981   903   903 I thermal_repeater: [recvMdThermalInfo] ret=29, strLen=127,  3, 22, -50, -28409, 32767, 0
08-13 23:52:24.020   758   758 D chg_dnand: DNAND_ID_CHG_CYCLE(6) is update.
08-13 23:52:25.167   669   728 D ccci_mdinit: (1):monitor_time_update_thread round:11737 ########
08-13 23:52:28.722  1072  1084 I [BIP]   :  [BIP NL] event newlink match dev 0, interface index 31
08-13 23:52:28.722  1072  1084 I [BIP]   :  [BIP NL] the link status of interface(index:0) changes to 1
08-13 23:52:28.723  1469  6470 D WifiNl80211Manager: Scan result ready event
08-13 23:52:28.723  1469  6470 D WifiNative: Scan result ready event
08-13 23:52:28.725  1074  1087 D VoLTE IMSM: send CTRL_CMD_GET_SCAN (module/mdagent/volte_imsm_93/src/wireless.c:574)
08-13 23:52:28.725  1074  1087 D VoLTE IMSM: monitor_wifi_tech: mutex lock (module/mdagent/volte_imsm_93/src/wireless.c:589)
08-13 23:52:28.725  1074  1087 D VoLTE IMSM: monitor_wifi_tech: mutex unlock (module/mdagent/volte_imsm_93/src/wireless.c:597)
08-13 23:52:28.725  1074  1087 D VoLTE IMSM: FOUND[0] 7
08-13 23:52:28.725  1074  1087 D VoLTE IMSM:  (module/mdagent/volte_imsm_93/src/wireless.c:599)
08-13 23:52:28.725  1469  1485 I EthernetTracker: interfaceLinkStateChanged, iface: wlan0, up: true
08-13 23:52:28.743  1469  1575 E WifiVendorHal: getWifiLinkLayerStats_1_3_Internal(l.973) failed {.code = ERROR_NOT_SUPPORTED, .description = }
08-13 23:52:31.001   903   903 I thermal_repeater: [recvMdThermalInfo] ret=29, strLen=127,  3, 23, -50, -28409, 32767, 0
08-13 23:52:40.455  1469  1616 D Ethernet: got request NetworkRequest [ TRACK_DEFAULT id=4174, [ Capabilities: INTERNET&NOT_RESTRICTED&TRUSTED Uid: 10176 AdministratorUids: [] RequestorUid: 10176 RequestorPackageName: com.Slack] ] with score 60 and providerId 4
08-13 23:52:40.456  1469  1575 D WifiNetworkFactory: got request NetworkRequest [ TRACK_DEFAULT id=4174, [ Capabilities: INTERNET&NOT_RESTRICTED&TRUSTED Uid: 10176 AdministratorUids: [] RequestorUid: 10176 RequestorPackageName: com.Slack] ] with score 60 and providerId 4
08-13 23:52:40.457  1469  1575 D UntrustedWifiNetworkFactory: got request NetworkRequest [ TRACK_DEFAULT id=4174, [ Capabilities: INTERNET&NOT_RESTRICTED&TRUSTED Uid: 10176 AdministratorUids: [] RequestorUid: 10176 RequestorPackageName: com.Slack] ] with score 60 and providerId 4
08-13 23:52:40.457  1922  1922 D PhoneSwitcherNetworkRequstListener: got request NetworkRequest [ TRACK_DEFAULT id=4174, [ Capabilities: INTERNET&NOT_RESTRICTED&TRUSTED Uid: 10176 AdministratorUids: [] RequestorUid: 10176 RequestorPackageName: com.Slack] ] with score 60 and providerId 4
08-13 23:52:40.672  1659  1679 I ndroid.systemu: Background young concurrent copying GC freed 162496(5178KB) AllocSpace objects, 0(0B) LOS objects, 18% free, 22MB/27MB, paused 212us total 175.843ms
08-13 23:52:41.022   903   903 I thermal_repeater: [recvMdThermalInfo] ret=29, strLen=127,  3, 22, -50, -28409, 32767, 0
08-13 23:52:42.805 19044 19078 I PhenotypeProcessReaper: Memory state is: 125
08-13 23:52:43.584 19044  2521 I CastDatabase: Saving the database
08-13 23:52:43.599 19044  2521 E SQLiteCastStore: Skip saving CastDeviceInfo: "" (__cast_nearby___V_00f06199-9089-4a2a-b8f6-2b6445f667e5)
08-13 23:52:43.605 19044  2521 I SQLiteCastStore: [CastNetworkInfo] saved: 14, skipped: 0, [CastDeviceInfo]: saved 1, skipped 1, [Paired Guest Mode DeviceInfo] saved: 0, skipped: 0. [ProbedNetworks]: saved 0, skipped: 0, [ProbedSocketAddress]: saved 3, skipped: 0, [Network-Device pairs]: saved: 14
08-13 23:52:44.025   758   758 D chg_dnand: DNAND_ID_CHG_CYCLE(6) is update.
08-13 23:52:44.209  1072  1084 I [BIP]   :  [BIP NL] event delroute match dev 0
08-13 23:52:44.227  1072  1084 I [BIP]   :  [BIP NL] IPv6: *:*:*:*:*:*:*:*
08-13 23:52:44.227  1072  1084 I [BIP]   :  [BIP NL] event delroute match dev 0
08-13 23:52:44.228  1072  1084 I [BIP]   :  [BIP NL] IPv6: *:*:*:*:*:*:*:*
08-13 23:52:44.228  1072  1084 I [BIP]   :  [BIP NL] event delroute match dev 0
08-13 23:52:44.228  1072  1084 I [BIP]   :  [BIP NL] IPv6: *:*:*:*:*:*:*:*
08-13 23:52:44.228  1072  1084 I [BIP]   :  [BIP NL] event delroute match dev 0
08-13 23:52:44.228  1072  1084 I [BIP]   :  [BIP NL] IPv6: *:*:*:*:*:*:*:*
08-13 23:52:44.228  1072  1084 I [BIP]   :  [BIP NL] event delroute match dev 0
08-13 23:52:44.228  1072  1084 I [BIP]   :  [BIP NL] IPv6: *:*:*:*:*:*:*:*
08-13 23:52:44.228  1072  1084 I [BIP]   :  [BIP NL] event delroute match dev 0
08-13 23:52:44.229  1072  1084 I [BIP]   :  [BIP NL] IPv6: *:*:*:*:*:*:*:*
08-13 23:52:44.229  1072  1084 I [BIP]   :  [BIP NL] event delroute match dev 0
08-13 23:52:44.229  1072  1084 I [BIP]   :  [BIP NL] IPv6: *:*:*:*:*:*:*:*
08-13 23:52:44.229  1072  1084 I [BIP]   :  [BIP NL] event delroute match dev 0
08-13 23:52:44.229  1072  1084 I [BIP]   :  [BIP NL] IPv6: *:*:*:*:*:*:*:*
08-13 23:52:44.229  1072  1084 I [BIP]   :  [BIP NL] event delroute match dev 0
08-13 23:52:44.229  1072  1084 I [BIP]   :  [BIP NL] the route status of interface(index:0) changes to 1
08-13 23:52:44.229  1072  1084 I [BIP]   :  [BIP NL] construct nl msg address ecc806a0
08-13 23:52:44.231  1072  1084 I [BIP]   :  [BIP NL] IPv4: *.*.*.*
08-13 23:52:44.231  1072  1084 I [BIP]   :  [BIP NL] event newroute match dev 0
08-13 23:52:44.231  1072  1084 I [BIP]   :  [BIP NL] route state is 1, ipv4=*.*.*.*, ipv6=*:*:*:*:*:*:*:*
08-13 23:52:44.231  1072  1084 I [BIP]   :  [BIP NL] IPv4: *.*.*.*
08-13 23:52:44.231  1072  1084 I chatty  : uid=0(root) /vendor/bin/bip identical 1 line
08-13 23:52:44.232  1072  1084 I [BIP]   :  [BIP NL] IPv4: *.*.*.*
08-13 23:52:44.232  1072  1084 I [BIP]   :  [BIP NL] event newroute match dev 0
08-13 23:52:44.232  1072  1084 I [BIP]   :  [BIP NL] route state is 1, ipv4=*.*.*.*, ipv6=*:*:*:*:*:*:*:*
08-13 23:52:44.232  1072  1084 I [BIP]   :  [BIP NL] IPv4: *.*.*.*
08-13 23:52:44.232  1072  1084 I chatty  : uid=0(root) /vendor/bin/bip identical 6 lines
08-13 23:52:44.232  1072  1084 I [BIP]   :  [BIP NL] IPv4: *.*.*.*
08-13 23:52:44.232  1072  1084 I [BIP]   :  [BIP NL] event newroute match dev 0
08-13 23:52:44.232  1072  1084 I [BIP]   :  [BIP NL] route state is 1, ipv4=*.*.*.*, ipv6=*:*:*:*:*:*:*:*
08-13 23:52:44.232  1072  1084 I [BIP]   :  [BIP NL] IPv4: *.*.*.*
08-13 23:52:44.232  1072  1084 I [BIP]   :  [BIP NL] event newroute match dev 0
08-13 23:52:44.232  1072  1084 I [BIP]   :  [BIP NL] route state is 1, ipv4=*.*.*.*, ipv6=*:*:*:*:*:*:*:*
08-13 23:52:44.232  1072  1084 I [BIP]   :  [BIP NL] IPv4: *.*.*.*
08-13 23:52:44.232  1072  1084 I [BIP]   :  [BIP NL] event newroute match dev 0
08-13 23:52:44.232  1072  1084 I [BIP]   :  [BIP NL] route state is 1, ipv4=*.*.*.*, ipv6=*:*:*:*:*:*:*:*
08-13 23:52:44.232  1072  1084 I [BIP]   :  [BIP NL] IPv6: *:*:*:*:*:*:*:*
08-13 23:52:44.233  1072  1084 I chatty  : uid=0(root) /vendor/bin/bip identical 12 lines
08-13 23:52:44.233  1072  1084 I [BIP]   :  [BIP NL] IPv6: *:*:*:*:*:*:*:*
08-13 23:52:44.233  1072  1084 I [BIP]   :  [BIP NL] destroy nl msg address ecc806a0
08-13 23:52:44.242  1072  1084 I [BIP]   :  [BIP NL] IPv6: *:*:*:*:*:*:*:*
08-13 23:52:44.243  1072  1084 I [BIP]   :  [BIP NL] event newroute match dev 0
08-13 23:52:44.243  1072  1084 I [BIP]   :  [BIP NL] the route status of interface(index:0) changes to 3
08-13 23:52:44.243  1072  1084 I [BIP]   :  [BIP NL] route state is 3, ipv4=*.*.*.*, ipv6=*:*:*:*:*:*:*:*
08-13 23:52:44.243  1072  1084 I [BIP]   :  [BIP NL] IPv6: *:*:*:*:*:*:*:*
08-13 23:52:44.243  1072  1084 I [BIP]   :  [BIP NL] event newroute match dev 0
08-13 23:52:44.243  1072  1084 I [BIP]   :  [BIP NL] route state is 3, ipv4=*.*.*.*, ipv6=*:*:*:*:*:*:*:*
08-13 23:52:44.244  1072  1084 I [BIP]   :  [BIP NL] IPv6: *:*:*:*:*:*:*:*
08-13 23:52:44.244  1072  1084 I [BIP]   :  [BIP NL] event newroute match dev 0
08-13 23:52:44.244  1072  1084 I [BIP]   :  [BIP NL] route state is 3, ipv4=*.*.*.*, ipv6=*:*:*:*:*:*:*:*
08-13 23:52:44.244  1072  1084 I [BIP]   :  [BIP NL] event newaddr match dev 0
08-13 23:52:44.245  1072  1084 I [BIP]   :  [BIP NL] IPv6: *:*:*:*:*:*:*:*
08-13 23:52:44.245  1072  1084 I [BIP]   :  [BIP NL] addr state is 3, ipv4=*.*.*.*, ipv6=*:*:*:*:*:*:*:*
08-13 23:52:44.265   591   803 E Netd    : Error deleting route ::/0 -> fe80::c2f8:daff:fe87:5364 wlan0 to table 1031: No such process
08-13 23:52:18.625  5676 14592 I chatty  : uid=1000(system) Thread-2 identical 1 line
08-13 23:52:43.630  5676 14592 W ContextImpl: Calling a method in the system process without a qualified user: android.app.ContextImpl.sendBroadcast:1111 android.content.ContextWrapper.sendBroadcast:468 jp.kyocera.thermalmonitor.ThermalMonitorService.c:65 jp.kyocera.thermalmonitor.ThermalMonitorService.b:1 jp.kyocera.thermalmonitor.a.run:19 
08-13 23:52:44.301  1469  1580 E MtkConnectivityService: Exception in networkRemoveRouteParcel: android.os.ServiceSpecificException: No such process (code 3)
08-13 23:52:44.495   591   803 E Netd    : Error deleting route 2400:2411:4263:7a00::/64 -> (null) wlan0 to table 1031: No such process
08-13 23:52:44.496  1469  1580 E MtkConnectivityService: Exception in networkRemoveRouteParcel: android.os.ServiceSpecificException: No such process (code 3)
08-13 23:52:44.556   666   666 E ccci_fsd(1): acquire_wake_lock:113
08-13 23:52:44.556   666   666 E ccci_fsd(1): release_wake_lock:140
08-13 23:52:44.558   666   666 E ccci_fsd(1): acquire_wake_lock:113
08-13 23:52:44.558   666   666 E ccci_fsd(1): release_wake_lock:140
08-13 23:52:44.558   666   666 E ccci_fsd(1): acquire_wake_lock:113
08-13 23:52:44.558   666   666 E ccci_fsd(1): release_wake_lock:140
08-13 23:52:44.558   666   666 E ccci_fsd(1): acquire_wake_lock:113
08-13 23:52:44.558   666   666 E ccci_fsd(1): release_wake_lock:140
08-13 23:52:44.559   666   666 E ccci_fsd(1): acquire_wake_lock:113
08-13 23:52:44.559   666   666 E ccci_fsd(1): release_wake_lock:140
08-13 23:52:44.560   666   666 E ccci_fsd(1): acquire_wake_lock:113
08-13 23:52:44.560   666   666 E ccci_fsd(1): release_wake_lock:140
08-13 23:52:44.560   666   666 E ccci_fsd(1): acquire_wake_lock:113
08-13 23:52:44.560   666   666 E ccci_fsd(1): release_wake_lock:140
08-13 23:52:44.560   666   666 E ccci_fsd(1): acquire_wake_lock:113
08-13 23:52:44.561   666   666 E ccci_fsd(1): release_wake_lock:140
08-13 23:52:44.561   666   666 E ccci_fsd(1): acquire_wake_lock:113
08-13 23:52:44.561   666   666 E ccci_fsd(1): release_wake_lock:140
08-13 23:52:44.562   666   666 E ccci_fsd(1): acquire_wake_lock:113
08-13 23:52:44.562   666   666 E ccci_fsd(1): release_wake_lock:140
08-13 23:52:44.562   666   666 E ccci_fsd(1): acquire_wake_lock:113
08-13 23:52:44.562   666   666 E ccci_fsd(1): release_wake_lock:140
08-13 23:52:44.563   666   666 E ccci_fsd(1): acquire_wake_lock:113
08-13 23:52:44.563   666   666 E ccci_fsd(1): release_wake_lock:140
08-13 23:52:44.563   666   666 E ccci_fsd(1): acquire_wake_lock:113
08-13 23:52:44.563   666   666 E ccci_fsd(1): release_wake_lock:140
08-13 23:52:44.563   666   666 E ccci_fsd(1): acquire_wake_lock:113
08-13 23:52:44.564   666   666 E ccci_fsd(1): release_wake_lock:140
08-13 23:52:44.564   666   666 E ccci_fsd(1): acquire_wake_lock:113
08-13 23:52:44.564   666   666 E ccci_fsd(1): release_wake_lock:140
08-13 23:52:44.564   666   666 E ccci_fsd(1): acquire_wake_lock:113
08-13 23:52:44.564   666   666 E ccci_fsd(1): release_wake_lock:140
08-13 23:52:44.565   666   666 E ccci_fsd(1): acquire_wake_lock:113
08-13 23:52:44.565   666   666 E ccci_fsd(1): release_wake_lock:140
08-13 23:52:44.565   666   666 E ccci_fsd(1): acquire_wake_lock:113
08-13 23:52:44.565   666   666 E ccci_fsd(1): release_wake_lock:140
08-13 23:52:44.566   666   666 E ccci_fsd(1): acquire_wake_lock:113
08-13 23:52:44.566   666   666 E ccci_fsd(1): release_wake_lock:140
08-13 23:52:44.566   666   666 E ccci_fsd(1): acquire_wake_lock:113
08-13 23:52:44.566   666   666 E ccci_fsd(1): release_wake_lock:140
08-13 23:52:44.567   666   666 E ccci_fsd(1): acquire_wake_lock:113
08-13 23:52:44.567   666   666 E ccci_fsd(1): release_wake_lock:140
08-13 23:52:44.567   666   666 E ccci_fsd(1): acquire_wake_lock:113
08-13 23:52:44.567   666   666 E ccci_fsd(1): release_wake_lock:140
08-13 23:52:44.568   666   666 E ccci_fsd(1): acquire_wake_lock:113
08-13 23:52:44.568   666   666 E ccci_fsd(1): release_wake_lock:140
08-13 23:52:44.568   666   666 E ccci_fsd(1): acquire_wake_lock:113
08-13 23:52:44.568   666   666 E ccci_fsd(1): release_wake_lock:140
08-13 23:52:44.568   666   666 E ccci_fsd(1): acquire_wake_lock:113
08-13 23:52:44.568   666   666 E ccci_fsd(1): release_wake_lock:140
08-13 23:52:44.569   666   666 E ccci_fsd(1): acquire_wake_lock:113
08-13 23:52:44.569   666   666 E ccci_fsd(1): release_wake_lock:140
08-13 23:52:44.569   666   666 E ccci_fsd(1): acquire_wake_lock:113
08-13 23:52:44.569   666   666 E ccci_fsd(1): release_wake_lock:140
08-13 23:52:44.570   666   666 E ccci_fsd(1): acquire_wake_lock:113
08-13 23:52:44.570   666   666 E ccci_fsd(1): release_wake_lock:140
08-13 23:52:44.570   666   666 E ccci_fsd(1): acquire_wake_lock:113
08-13 23:52:44.570   666   666 E ccci_fsd(1): release_wake_lock:140
08-13 23:52:44.571   666   666 E ccci_fsd(1): acquire_wake_lock:113
08-13 23:52:44.571   666   666 E ccci_fsd(1): release_wake_lock:140
08-13 23:52:44.571   666   666 E ccci_fsd(1): acquire_wake_lock:113
08-13 23:52:44.571   666   666 E ccci_fsd(1): release_wake_lock:140
08-13 23:52:44.572   666   666 E ccci_fsd(1): acquire_wake_lock:113
08-13 23:52:44.572   666   666 E ccci_fsd(1): release_wake_lock:140
08-13 23:52:44.573   666   666 E ccci_fsd(1): acquire_wake_lock:113
08-13 23:52:44.574   666   666 E ccci_fsd(1): release_wake_lock:140
08-13 23:52:44.580   666   666 E ccci_fsd(1): acquire_wake_lock:113
08-13 23:52:44.580   666   666 E ccci_fsd(1): release_wake_lock:140
08-13 23:52:44.586   666   666 E ccci_fsd(1): acquire_wake_lock:113
08-13 23:52:44.586   666   666 E ccci_fsd(1): release_wake_lock:140
08-13 23:52:44.592   666   666 E ccci_fsd(1): acquire_wake_lock:113
08-13 23:52:44.592   666   666 E ccci_fsd(1): release_wake_lock:140
08-13 23:52:44.594   666   666 E ccci_fsd(1): acquire_wake_lock:113
08-13 23:52:44.594   666   666 E ccci_fsd(1): release_wake_lock:140
08-13 23:52:44.600  1095  1095 I [epdg_wo]: [WOA] wo_msg_sensitive_print: [wowifiaddrv4=0,"***"](29)
08-13 23:52:44.600  1095  1095 I [epdg_wo]: [WOA] wo_msg_sensitive_print: [wowifiaddrv4:0,0](16)
08-13 23:52:44.601  1095  1095 I [epdg_wo]: [WOA] wo_msg_sensitive_print: [wowifiaddrv6=0,""](17)
08-13 23:52:44.601  1095  1095 I [epdg_wo]: [WOA] wo_msg_sensitive_print: [wowifiaddrv6:0,0](16)
08-13 23:52:44.857  1469  1478 I system_server: Background young concurrent copying GC freed 76421(4849KB) AllocSpace objects, 44(944KB) LOS objects, 11% free, 37MB/41MB, paused 330us total 178.133ms
08-13 23:52:45.009  1072  1084 I [BIP]   :  [BIP NL] event newaddr match dev 0
08-13 23:52:45.009  1072  1084 I [BIP]   :  [BIP NL] IPv6: *:*:*:*:*:*:*:*
08-13 23:52:45.009  1072  1084 I [BIP]   :  [BIP NL] addr state is 3, ipv4=*.*.*.*, ipv6=*:*:*:*:*:*:*:*
08-13 23:52:45.216  1469  1501 E KernelCpuSpeedReader: Failed to read cpu-freq: /sys/devices/system/cpu/cpu4/cpufreq/stats/time_in_state: open failed: ENOENT (No such file or directory)
08-13 23:52:45.218  1469  1501 E KernelCpuSpeedReader: Failed to read cpu-freq: /sys/devices/system/cpu/cpu0/cpufreq/stats/time_in_state: open failed: ENOENT (No such file or directory)
08-13 23:52:45.219   465   465 W Binder:465_2: type=1400 audit(0.0:59790): avc: denied { read } for name="wakeup118" dev="sysfs" ino=42675 scontext=u:r:system_suspend:s0 tcontext=u:object_r:sysfs:s0 tclass=dir permissive=0
08-13 23:52:45.222   465   472 E android.system.suspend@1.0-service: Error opening kernel wakelock stats for: wakeup118: Permission denied
08-13 23:52:45.227   465   465 W Binder:465_2: type=1400 audit(0.0:59791): avc: denied { read } for name="wakeup18" dev="sysfs" ino=31843 scontext=u:r:system_suspend:s0 tcontext=u:object_r:sysfs:s0 tclass=dir permissive=0
08-13 23:52:45.229   465   472 E android.system.suspend@1.0-service: Error opening kernel wakelock stats for: wakeup18: Permission denied
08-13 23:52:45.231   465   465 W Binder:465_2: type=1400 audit(0.0:59792): avc: denied { read } for name="wakeup124" dev="sysfs" ino=43073 scontext=u:r:system_suspend:s0 tcontext=u:object_r:sysfs:s0 tclass=dir permissive=0
08-13 23:52:45.234   465   472 E android.system.suspend@1.0-service: Error opening kernel wakelock stats for: wakeup124: Permission denied
08-13 23:52:45.239   465   465 W Binder:465_2: type=1400 audit(0.0:59793): avc: denied { read } for name="wakeup14" dev="sysfs" ino=31537 scontext=u:r:system_suspend:s0 tcontext=u:object_r:sysfs:s0 tclass=dir permissive=0
08-13 23:52:45.241   465   472 E android.system.suspend@1.0-service: Error opening kernel wakelock stats for: wakeup14: Permission denied
08-13 23:52:45.243   465   465 W Binder:465_2: type=1400 audit(0.0:59794): avc: denied { read } for name="wakeup120" dev="sysfs" ino=42802 scontext=u:r:system_suspend:s0 tcontext=u:object_r:sysfs:s0 tclass=dir permissive=0
08-13 23:52:45.246   465   472 E android.system.suspend@1.0-service: Error opening kernel wakelock stats for: wakeup120: Permission denied
08-13 23:52:45.253   465   472 E android.system.suspend@1.0-service: Error opening kernel wakelock stats for: wakeup119: Permission denied
08-13 23:52:45.259   465   472 E android.system.suspend@1.0-service: Error opening kernel wakelock stats for: wakeup19: Permission denied
08-13 23:52:45.259   465   472 E android.system.suspend@1.0-service: Error opening kernel wakelock stats for: wakeup117: Permission denied
08-13 23:52:45.286   401   401 I hwservicemanager: getTransport: Cannot find entry android.hardware.power.stats@1.0::IPowerStats/default in either framework or device manifest.
08-13 23:52:45.287   401   401 I hwservicemanager: getTransport: Cannot find entry android.hardware.power@1.0::IPower/default in either framework or device manifest.
08-13 23:52:45.287  1469  1501 E BatteryStatsService: Unable to load Power Hal or power.stats HAL
08-13 23:52:46.257  1469  1491 D AES     : AEEIOCTL_GET/SET_SF_STATE IOCTL,cmd= 1074294797, lParam=0. 
08-13 23:52:46.257  1469  1491 D AES     : AEEIOCTL_RT_MON_Kick IOCTL,cmd= 2147774474, lParam=300. 
08-13 23:52:48.632  5676 14592 W ContextImpl: Calling a method in the system process without a qualified user: android.app.ContextImpl.sendBroadcast:1111 android.content.ContextWrapper.sendBroadcast:468 jp.kyocera.thermalmonitor.ThermalMonitorService.c:65 jp.kyocera.thermalmonitor.ThermalMonitorService.b:1 jp.kyocera.thermalmonitor.a.run:19 
08-13 23:52:51.044   903   903 I thermal_repeater: [recvMdThermalInfo] ret=29, strLen=127,  3, 23, -50, -28409, 32767, 0
08-13 23:52:55.180   669   728 D ccci_mdinit: (1):monitor_time_update_thread round:11738 ########
08-13 23:53:01.063   903   903 I thermal_repeater: [recvMdThermalInfo] ret=29, strLen=127,  3, 22, -50, -28409, 32767, 0
08-13 23:53:04.032   758   758 D chg_dnand: DNAND_ID_CHG_CYCLE(6) is update.
08-13 23:53:10.496  1469  1575 D WifiNetworkFactory: got request NetworkRequest [ TRACK_DEFAULT id=4175, [ Capabilities: INTERNET&NOT_RESTRICTED&TRUSTED Uid: 10176 AdministratorUids: [] RequestorUid: 10176 RequestorPackageName: com.Slack] ] with score 60 and providerId 4
08-13 23:53:10.497  1469  1575 D UntrustedWifiNetworkFactory: got request NetworkRequest [ TRACK_DEFAULT id=4175, [ Capabilities: INTERNET&NOT_RESTRICTED&TRUSTED Uid: 10176 AdministratorUids: [] RequestorUid: 10176 RequestorPackageName: com.Slack] ] with score 60 and providerId 4
08-13 23:53:10.498  1469  1616 D Ethernet: got request NetworkRequest [ TRACK_DEFAULT id=4175, [ Capabilities: INTERNET&NOT_RESTRICTED&TRUSTED Uid: 10176 AdministratorUids: [] RequestorUid: 10176 RequestorPackageName: com.Slack] ] with score 60 and providerId 4
08-13 23:53:10.498  1922  1922 D PhoneSwitcherNetworkRequstListener: got request NetworkRequest [ TRACK_DEFAULT id=4175, [ Capabilities: INTERNET&NOT_RESTRICTED&TRUSTED Uid: 10176 AdministratorUids: [] RequestorUid: 10176 RequestorPackageName: com.Slack] ] with score 60 and providerId 4
08-13 23:53:10.747   342  3048 I System.out: [socket]:check permission begin!
08-13 23:53:11.085   903   903 I thermal_repeater: [recvMdThermalInfo] ret=29, strLen=127,  3, 22, -50, -28409, 32767, 0
08-13 23:53:16.259  1469  1491 D AES     : AEEIOCTL_GET/SET_SF_STATE IOCTL,cmd= 1074294797, lParam=0. 
08-13 23:53:16.259  1469  1491 D AES     : AEEIOCTL_RT_MON_Kick IOCTL,cmd= 2147774474, lParam=300. 
08-13 23:53:21.103   903   903 I thermal_repeater: [recvMdThermalInfo] ret=29, strLen=127,  3, 23, -50, -28409, 32767, 0
08-13 23:53:24.038   758   758 D chg_dnand: DNAND_ID_CHG_CYCLE(6) is update.
08-13 23:53:25.210   669   728 D ccci_mdinit: (1):monitor_time_update_thread round:11739 ########
08-13 23:53:31.124   903   903 I thermal_repeater: [recvMdThermalInfo] ret=29, strLen=127,  3, 23, -50, -28409, 32767, 0
08-13 23:53:31.696 19044 19078 E AbstractGmsTracer: Traced class shouldn't be obfuscated: aojl [CONTEXT service_id=259 ]
08-13 23:53:18.640  5676 14592 I chatty  : uid=1000(system) Thread-2 identical 2 lines
08-13 23:53:23.641  5676 14592 W ContextImpl: Calling a method in the system process without a qualified user: android.app.ContextImpl.sendBroadcast:1111 android.content.ContextWrapper.sendBroadcast:468 jp.kyocera.thermalmonitor.ThermalMonitorService.c:65 jp.kyocera.thermalmonitor.ThermalMonitorService.b:1 jp.kyocera.thermalmonitor.a.run:19 
08-13 23:53:31.708  1469  1469 W Looper  : Slow dispatch took 109ms main h=android.os.Handler c=android.app.AlarmManager$ListenerWrapper@7f8443b m=0
08-13 23:53:31.713 19044  2521 I GCoreUlr: Successfully inserted 1 locations
08-13 23:53:31.787 19044  3005 W GCoreUlr: Received locations too frequently: Location[fused 35.316584,139.546532 hAcc=15 et=+4d6h58m38s951ms alt=45.400001525878906 vel=0.0 bear=90.0 vAcc=1 sAcc=??? bAcc=??? {Bundle[{floorLabel=1, wifiScan=[69, 79, -1, -1, -76, 0, 0, 0, 1, 0, 8, 0, 88, 114, 23, 22, 0, 0, 0, 0, 2, 0, -1, -1, 60, 0, 0, 0, 7, 0, 0, 0, -28, 16, -117, -38, -8, -64, -60, -1, -98, -105, 105, -20, -81, -124, -64, -1, 30, 45, -58, -103, 15, -40, -65, -1, -10, -88, -57, -60, 61, 52, -71, -1, 114, -59, 46, -89, 34, -128, -72, -1, 38, -124, -121, 63, 111, 16, -78, -1, -62, -38, -96, -105, -73, -8, -80, -1, 3, 0, -1, -1, 32, 0, 0, 0, 7, 0, 0, 0, 108, 9, 0, 0, -98, 9, 0, 0, -123, 9, 0, 0, -98, 9, 0, 0, -98, 9, 0, 0, 108, 9, 0, 0, 108, 9, 0, 0, 4, 0, -1, -1, 4, 0, 0, 0, 0, 0, 0, 0, 5, 0, -1, -1, 4, 0, 0, 0, 0, 0, 0, 0, 6, 0, -1, -1, 4, 0, 0, 0, 0, 0, 0, 0, 7, 0, -1, -1, 4, 0, 0, 0, 0, 0, 0, 0, 8, 0, -1, -1, 4, 0, 0, 0, 0, 0, 0, 0], indoorProbability=0.654999, locationType=3, levelId=0x601845e99a0d1899:0x370825ff83e91604}]}], Location[fused 35.316584,139.546532 hAcc=15 et=+4d6h58m39s60ms alt=45.400001525878906 vel=0.0 bear=90.0 vAcc=1 sAcc=??? bAcc=??? {Bundle[mParcelledData.dataSize=456]}]
08-13 23:53:31.788 19044  3005 I GCoreUlr: No valid location reports to store
08-13 23:53:31.792 19044  3060 I NetworkScheduler.Stats: Task com.google.android.gms/com.google.android.gms.checkin.CheckinService started execution. cause:4 exec_start_elapsed_seconds: 370719 [CONTEXT service_id=218 ]
08-13 23:53:31.801  1469  1478 I system_server: Background young concurrent copying GC freed 47241(3578KB) AllocSpace objects, 65(1656KB) LOS objects, 10% free, 37MB/41MB, paused 496us total 181.446ms
08-13 23:53:31.802 19044  2521 I NetworkScheduler.Stats: Task com.google.android.gms/com.google.android.gms.checkin.CheckinService finished executing. cause:4 result: 3 elapsed_millis: 76 uptime_millis: 77 exec_start_elapsed_seconds: 370719 [CONTEXT service_id=218 ]
08-13 23:53:31.878  1469  1469 W Looper  : Slow dispatch took 125ms main h=com.android.server.job.JobSchedulerService$JobHandler c=null m=1
08-13 23:53:31.957 19044  3005 I NetworkScheduler.Stats: Task com.google.android.gms/com.google.android.gms.gass.chimera.SchedulePeriodicTasksService started execution. cause:5 exec_start_elapsed_seconds: 370719 [CONTEXT service_id=218 ]
08-13 23:53:32.015 19044  2521 I NetworkScheduler.Stats: Task com.google.android.gms/com.google.android.gms.gass.chimera.SchedulePeriodicTasksService finished executing. cause:5 result: 1 elapsed_millis: 128 uptime_millis: 128 exec_start_elapsed_seconds: 370719 [CONTEXT service_id=218 ]
08-13 23:53:32.038 19044  2521 I NetworkScheduler.Stats: Task com.google.android.gms/com.google.android.gms.measurement.PackageMeasurementTaskService started execution. cause:5 exec_start_elapsed_seconds: 370719 [CONTEXT service_id=218 ]
08-13 23:53:32.051 15954  3064 I System.out: [okhttp]:check permission begin!
08-13 23:53:32.051 15954  3064 I System.out: [okhttp]:not MMS!
08-13 23:53:32.052 15954  3064 I System.out: [okhttp]:not Email!
08-13 23:53:32.104 15954  3064 I System.out: [socket]:check permission begin!
08-13 23:53:32.135  2878  2934 I cr_CronetUrlRequestContext: destroyNativeStreamLocked org.chromium.net.impl.CronetBidirectionalStream@6e8d845
08-13 23:53:32.165 15954  3064 I System.out: [OkHttp] sendRequest>>
08-13 23:53:32.165 15954  3064 I System.out: [OkHttp] sendRequest<<
08-13 23:53:32.198  2426  2445 I System.out: [okhttp]:check permission begin!
08-13 23:53:32.199  2426  2445 W System  : ClassLoader referenced unknown path: system/framework/mediatek-cta.jar
08-13 23:53:32.200  2426  2445 I System.out: [okhttp] e:java.lang.ClassNotFoundException: com.mediatek.cta.CtaUtils
08-13 23:53:32.221  2426  2445 I System.out: [socket]:check permission begin!
08-13 23:53:32.222  2426  2445 W System  : ClassLoader referenced unknown path: system/framework/mediatek-cta.jar
08-13 23:53:32.222  2426  2445 I System.out: [socket] e:java.lang.ClassNotFoundException: com.mediatek.cta.CtaUtils
08-13 23:53:32.281 15954  3064 I System.out: [okhttp]:check permission begin!
08-13 23:53:32.281 15954  3064 I System.out: [okhttp]:not MMS!
08-13 23:53:32.281 15954  3064 I System.out: [okhttp]:not Email!
08-13 23:53:32.321 15954  3064 I System.out: [OkHttp] sendRequest<<
08-13 23:53:32.369  2426  2445 I System.out: [OkHttp] sendRequest<<
08-13 23:53:32.402 15954 26573 W FA-SVC  : Interrupted in onRunTask while uploading
08-13 23:53:32.414 15954  3064 I System.out: [okhttp]:check permission begin!
08-13 23:53:32.414 15954  3064 I System.out: [okhttp]:not MMS!
08-13 23:53:32.414 15954  3064 I System.out: [okhttp]:not Email!
08-13 23:53:32.415 15954  3064 I System.out: [OkHttp] sendRequest>>
08-13 23:53:32.415 15954  3064 I System.out: [OkHttp] sendRequest<<
08-13 23:53:32.585 15954  3064 I System.out: [okhttp]:check permission begin!
08-13 23:53:32.586 15954  3064 I System.out: [okhttp]:not MMS!
08-13 23:53:32.586 15954  3064 I System.out: [okhttp]:not Email!
08-13 23:53:32.618  2426  2445 D libMEOW : meow reload base cfg path: na
08-13 23:53:32.618  2426  2445 D libMEOW : meow reload overlay cfg path: /vendor/etc/meow.cfg
08-13 23:53:32.619  2426  2445 D libMEOW : applied 1 plugins for [com.google.android.gms.unstable]:
08-13 23:53:32.619  2426  2445 D libMEOW :   plugin 1: [libMEOW_gift.so]:
08-13 23:53:32.626 15954  3064 I System.out: [OkHttp] sendRequest<<
08-13 23:53:32.648  2426  2445 I libMEOW_gift: ctx:0xb4000072d143d330, ARC not Enabled.
08-13 23:53:32.691 19044  3005 E NetworkScheduler.ATC: Called cancelTask for already completed task com.google.android.gms/.measurement.PackageMeasurementTaskService{u=0 tag="Measurement.PackageMeasurementTaskService.UPLOAD_TASK_TAG" trigger=window{start=107s,end=215s,earliest=-72s,latest=35s} requirements=[NET_CONNECTED] attributes=[PERSISTED] scheduled=-179s last_run=0s exec_window_multiplier=1.0000 jid=N/A status=ACTIVE retries=0 client_lib=GMS_TASK_SCHEDULER-222615000} :1 [CONTEXT service_id=218 ]
08-13 23:53:32.713 15954  3064 I System.out: [okhttp]:check permission begin!
08-13 23:53:32.713 15954  3064 I System.out: [okhttp]:not MMS!
08-13 23:53:32.713 15954  3064 I System.out: [okhttp]:not Email!
08-13 23:53:32.713 15954  3064 I System.out: [OkHttp] sendRequest>>
08-13 23:53:32.713 15954  3064 I System.out: [OkHttp] sendRequest<<
08-13 23:53:32.731  2426  2445 I GED     : ged_boost_gpu_freq, level 100, eOrigin 2, final_idx 2, oppidx_max 2, oppidx_min 0
08-13 23:53:32.734  2426  2445 I GED     : ged_boost_gpu_freq, level 100, eOrigin 2, final_idx 2, oppidx_max 2, oppidx_min 0
08-13 23:53:32.780  2426  2445 I libMEOW_gift: ctx:0xb4000072d143dba0, ARC not Enabled.
08-13 23:53:32.790  2426  2445 I GED     : ged_boost_gpu_freq, level 100, eOrigin 2, final_idx 2, oppidx_max 2, oppidx_min 0
08-13 23:53:32.793  2426  2445 I GED     : ged_boost_gpu_freq, level 100, eOrigin 2, final_idx 2, oppidx_max 2, oppidx_min 0
08-13 23:53:32.835 15954  3063 W FA-SVC  : Storing bundle outside of the max uploading time span. appId, now, timestamp: com.google.android.apps.maps, 1660402412835, 1651289097610
08-13 23:53:32.845 15954  3064 I System.out: [okhttp]:check permission begin!
08-13 23:53:32.845 15954  3064 I System.out: [okhttp]:not MMS!
08-13 23:53:32.845 15954  3064 I System.out: [okhttp]:not Email!
08-13 23:53:32.885 15954  3064 I System.out: [OkHttp] sendRequest<<
08-13 23:53:32.995  2426  2426 W Binder:2426_2: type=1400 audit(0.0:59798): avc: denied { search } for name="exps" dev="tmpfs" ino=14437 scontext=u:r:gmscore_app:s0:c512,c768 tcontext=u:object_r:mnt_exps_file:s0 tclass=dir permissive=0 app=com.google.android.gms
08-13 23:53:33.601 19044  3060 E NetworkScheduler.ATC: Called cancelTask for already completed task com.google.android.gms/.measurement.PackageMeasurementTaskService{u=0 tag="Measurement.PackageMeasurementTaskService.UPLOAD_TASK_TAG" trigger=window{start=107s,end=215s,earliest=-73s,latest=34s} requirements=[NET_CONNECTED] attributes=[PERSISTED] scheduled=-180s last_run=-1s exec_window_multiplier=1.0000 jid=N/A status=ACTIVE retries=0 client_lib=GMS_TASK_SCHEDULER-222615000} :1 [CONTEXT service_id=218 ]
08-13 23:53:33.618 19044  3073 E NetworkScheduler.ATC: Called cancelTask for already completed task com.google.android.gms/.measurement.PackageMeasurementTaskService{u=0 tag="Measurement.PackageMeasurementTaskService.UPLOAD_TASK_TAG" trigger=window{start=107s,end=215s,earliest=-73s,latest=34s} requirements=[NET_CONNECTED] attributes=[PERSISTED] scheduled=-180s last_run=-1s exec_window_multiplier=1.0000 jid=N/A status=ACTIVE retries=0 client_lib=GMS_TASK_SCHEDULER-222615000} :1 [CONTEXT service_id=218 ]
08-13 23:53:34.316 15954 26573 I System.out: [okhttp]:check permission begin!
08-13 23:53:34.317 15954 26573 I System.out: [okhttp]:not MMS!
08-13 23:53:34.317 15954 26573 I System.out: [okhttp]:not Email!
08-13 23:53:34.326 15954 26573 I System.out: [socket]:check permission begin!
08-13 23:53:34.372 15954 26573 W Conscrypt: Could not set socket write timeout: java.net.SocketException: Socket closed
08-13 23:53:34.375 15954 26573 W Conscrypt: 	at com.google.android.gms.org.conscrypt.Platform.setSocketWriteTimeout(:com.google.android.gms@222615037@22.26.15 (150400-461192076):2)
08-13 23:53:34.375 15954 26573 W Conscrypt: 	at com.google.android.gms.org.conscrypt.ConscryptFileDescriptorSocket.setSoWriteTimeout(:com.google.android.gms@222615037@22.26.15 (150400-461192076):0)
08-13 23:53:34.454 15954 26573 W Conscrypt: Could not set socket write timeout: java.net.SocketException: Socket closed
08-13 23:53:34.454 15954 26573 W Conscrypt: 	at com.google.android.gms.org.conscrypt.Platform.setSocketWriteTimeout(:com.google.android.gms@222615037@22.26.15 (150400-461192076):2)
08-13 23:53:34.454 15954 26573 W Conscrypt: 	at com.google.android.gms.org.conscrypt.ConscryptFileDescriptorSocket.setSoWriteTimeout(:com.google.android.gms@222615037@22.26.15 (150400-461192076):0)
08-13 23:53:34.457 15954 26573 I System.out: [OkHttp] sendRequest<<
08-13 23:53:38.647  5676 14592 W ContextImpl: Calling a method in the system process without a qualified user: android.app.ContextImpl.sendBroadcast:1111 android.content.ContextWrapper.sendBroadcast:468 jp.kyocera.thermalmonitor.ThermalMonitorService.c:65 jp.kyocera.thermalmonitor.ThermalMonitorService.b:1 jp.kyocera.thermalmonitor.a.run:19 
08-13 23:53:40.477 19044 19056 I .gms.persisten: Background concurrent copying GC freed 163481(8129KB) AllocSpace objects, 1(84KB) LOS objects, 29% free, 14MB/20MB, paused 147us total 244.726ms
08-13 23:53:40.518  1469  1575 D WifiNetworkFactory: got request NetworkRequest [ TRACK_DEFAULT id=4176, [ Capabilities: INTERNET&NOT_RESTRICTED&TRUSTED Uid: 10176 AdministratorUids: [] RequestorUid: 10176 RequestorPackageName: com.Slack] ] with score 60 and providerId 4
08-13 23:53:40.518  1469  1575 D UntrustedWifiNetworkFactory: got request NetworkRequest [ TRACK_DEFAULT id=4176, [ Capabilities: INTERNET&NOT_RESTRICTED&TRUSTED Uid: 10176 AdministratorUids: [] RequestorUid: 10176 RequestorPackageName: com.Slack] ] with score 60 and providerId 4
08-13 23:53:40.518  1469  1616 D Ethernet: got request NetworkRequest [ TRACK_DEFAULT id=4176, [ Capabilities: INTERNET&NOT_RESTRICTED&TRUSTED Uid: 10176 AdministratorUids: [] RequestorUid: 10176 RequestorPackageName: com.Slack] ] with score 60 and providerId 4
08-13 23:53:40.519  1922  1922 D PhoneSwitcherNetworkRequstListener: got request NetworkRequest [ TRACK_DEFAULT id=4176, [ Capabilities: INTERNET&NOT_RESTRICTED&TRUSTED Uid: 10176 AdministratorUids: [] RequestorUid: 10176 RequestorPackageName: com.Slack] ] with score 60 and providerId 4
08-13 23:53:40.685   685   707 E kerr    : No entry xo_therm          52<=t    
08-13 23:53:41.146   903   903 I thermal_repeater: [recvMdThermalInfo] ret=29, strLen=127,  3, 23, -50, -28409, 32767, 0
08-13 23:53:44.045   758   758 D chg_dnand: DNAND_ID_CHG_CYCLE(6) is update.
08-13 23:53:46.261  1469  1491 D AES     : AEEIOCTL_GET/SET_SF_STATE IOCTL,cmd= 1074294797, lParam=0. 
08-13 23:53:46.261  1469  1491 D AES     : AEEIOCTL_RT_MON_Kick IOCTL,cmd= 2147774474, lParam=300. 
08-13 23:53:51.163   903   903 I thermal_repeater: [recvMdThermalInfo] ret=29, strLen=127,  3, 22, -50, -28409, 32767, 0
08-13 23:53:52.267  1469  1478 I system_server: Background concurrent copying GC freed 101840(5553KB) AllocSpace objects, 3(276KB) LOS objects, 14% free, 35MB/41MB, paused 321us total 489.669ms
08-13 23:53:52.269  1469  1479 W JavaBinder: BinderProxy is being destroyed but the application did not call unlinkToDeath to unlink all of its death recipients beforehand.  Releasing leaked death recipient: com.android.server.AlarmManagerService$2
08-13 23:53:52.269  1469  1479 I BpBinder: onLastStrongRef automatically unlinking death recipients: <uncached descriptor>
08-13 23:53:52.269  1469  1479 W JavaBinder: BinderProxy is being destroyed but the application did not call unlinkToDeath to unlink all of its death recipients beforehand.  Releasing leaked death recipient: com.android.server.AlarmManagerService$2
08-13 23:53:52.269  1469  1479 I BpBinder: onLastStrongRef automatically unlinking death recipients: <uncached descriptor>
08-13 23:53:52.270  1469  1479 W JavaBinder: BinderProxy is being destroyed but the application did not call unlinkToDeath to unlink all of its death recipients beforehand.  Releasing leaked death recipient: com.android.server.AlarmManagerService$2
08-13 23:53:52.270  1469  1479 I BpBinder: onLastStrongRef automatically unlinking death recipients: <uncached descriptor>
08-13 23:53:52.270  1469  1479 W JavaBinder: BinderProxy is being destroyed but the application did not call unlinkToDeath to unlink all of its death recipients beforehand.  Releasing leaked death recipient: com.android.server.AlarmManagerService$2
08-13 23:53:52.270  1469  1479 I BpBinder: onLastStrongRef automatically unlinking death recipients: <uncached descriptor>
08-13 23:53:55.241   669   728 D ccci_mdinit: (1):monitor_time_update_thread round:11740 ########
08-13 23:54:01.183   903   903 I thermal_repeater: [recvMdThermalInfo] ret=29, strLen=127,  3, 22, -50, -28409, 32767, 0
08-13 23:54:02.930 19675 19796 I PhenotypeProcessReaper: Memory state is: 100
08-13 23:54:04.052   758   758 D chg_dnand: DNAND_ID_CHG_CYCLE(6) is update.
08-13 23:54:10.556  1469  1616 D Ethernet: got request NetworkRequest [ TRACK_DEFAULT id=4177, [ Capabilities: INTERNET&NOT_RESTRICTED&TRUSTED Uid: 10176 AdministratorUids: [] RequestorUid: 10176 RequestorPackageName: com.Slack] ] with score 60 and providerId 4
08-13 23:54:10.556  1922  1922 D PhoneSwitcherNetworkRequstListener: got request NetworkRequest [ TRACK_DEFAULT id=4177, [ Capabilities: INTERNET&NOT_RESTRICTED&TRUSTED Uid: 10176 AdministratorUids: [] RequestorUid: 10176 RequestorPackageName: com.Slack] ] with score 60 and providerId 4
08-13 23:54:10.557  1469  1575 D WifiNetworkFactory: got request NetworkRequest [ TRACK_DEFAULT id=4177, [ Capabilities: INTERNET&NOT_RESTRICTED&TRUSTED Uid: 10176 AdministratorUids: [] RequestorUid: 10176 RequestorPackageName: com.Slack] ] with score 60 and providerId 4
08-13 23:54:10.557  1469  1575 D UntrustedWifiNetworkFactory: got request NetworkRequest [ TRACK_DEFAULT id=4177, [ Capabilities: INTERNET&NOT_RESTRICTED&TRUSTED Uid: 10176 AdministratorUids: [] RequestorUid: 10176 RequestorPackageName: com.Slack] ] with score 60 and providerId 4
08-13 23:54:11.202   903   903 I thermal_repeater: [recvMdThermalInfo] ret=29, strLen=127,  3, 23, -50, -28409, 32767, 0
08-13 23:54:16.263  1469  1491 D AES     : AEEIOCTL_GET/SET_SF_STATE IOCTL,cmd= 1074294797, lParam=0. 
08-13 23:54:16.263  1469  1491 D AES     : AEEIOCTL_RT_MON_Kick IOCTL,cmd= 2147774474, lParam=300. 
08-13 23:54:21.223   903   903 I thermal_repeater: [recvMdThermalInfo] ret=29, strLen=127,  3, 22, -50, -28409, 32767, 0
08-13 23:54:24.058   758   758 D chg_dnand: DNAND_ID_CHG_CYCLE(6) is update.
08-13 23:54:25.259   669   728 D ccci_mdinit: (1):monitor_time_update_thread round:11741 ########
08-13 23:54:31.244   903   903 I thermal_repeater: [recvMdThermalInfo] ret=29, strLen=127,  3, 22, -50, -28409, 32767, 0
08-13 23:54:40.595  1469  1575 D WifiNetworkFactory: got request NetworkRequest [ TRACK_DEFAULT id=4178, [ Capabilities: INTERNET&NOT_RESTRICTED&TRUSTED Uid: 10176 AdministratorUids: [] RequestorUid: 10176 RequestorPackageName: com.Slack] ] with score 60 and providerId 4
08-13 23:54:40.596  1469  1575 D UntrustedWifiNetworkFactory: got request NetworkRequest [ TRACK_DEFAULT id=4178, [ Capabilities: INTERNET&NOT_RESTRICTED&TRUSTED Uid: 10176 AdministratorUids: [] RequestorUid: 10176 RequestorPackageName: com.Slack] ] with score 60 and providerId 4
08-13 23:54:40.598  1469  1616 D Ethernet: got request NetworkRequest [ TRACK_DEFAULT id=4178, [ Capabilities: INTERNET&NOT_RESTRICTED&TRUSTED Uid: 10176 AdministratorUids: [] RequestorUid: 10176 RequestorPackageName: com.Slack] ] with score 60 and providerId 4
08-13 23:54:40.598  1922  1922 D PhoneSwitcherNetworkRequstListener: got request NetworkRequest [ TRACK_DEFAULT id=4178, [ Capabilities: INTERNET&NOT_RESTRICTED&TRUSTED Uid: 10176 AdministratorUids: [] RequestorUid: 10176 RequestorPackageName: com.Slack] ] with score 60 and providerId 4
08-13 23:54:41.264   903   903 I thermal_repeater: [recvMdThermalInfo] ret=29, strLen=127,  3, 22, -50, -28409, 32767, 0
08-13 23:54:44.064   758   758 D chg_dnand: DNAND_ID_CHG_CYCLE(6) is update.
08-13 23:54:46.265  1469  1491 D AES     : AEEIOCTL_GET/SET_SF_STATE IOCTL,cmd= 1074294797, lParam=0. 
08-13 23:54:46.266  1469  1491 D AES     : AEEIOCTL_RT_MON_Kick IOCTL,cmd= 2147774474, lParam=300. 
08-13 23:54:51.285   903   903 I thermal_repeater: [recvMdThermalInfo] ret=33, strLen=127,  3, 22, -50, 25262, 32767, -28412
08-13 23:54:55.288   669   728 D ccci_mdinit: (1):monitor_time_update_thread round:11742 ########
08-13 23:55:01.306   903   903 I thermal_repeater: [recvMdThermalInfo] ret=29, strLen=127,  3, 23, -50, -28409, 32767, 0
08-13 23:55:04.070   758   758 D chg_dnand: DNAND_ID_CHG_CYCLE(6) is update.
08-13 23:55:10.623  1469  1575 D WifiNetworkFactory: got request NetworkRequest [ TRACK_DEFAULT id=4179, [ Capabilities: INTERNET&NOT_RESTRICTED&TRUSTED Uid: 10176 AdministratorUids: [] RequestorUid: 10176 RequestorPackageName: com.Slack] ] with score 60 and providerId 4
08-13 23:55:10.623  1469  1575 D UntrustedWifiNetworkFactory: got request NetworkRequest [ TRACK_DEFAULT id=4179, [ Capabilities: INTERNET&NOT_RESTRICTED&TRUSTED Uid: 10176 AdministratorUids: [] RequestorUid: 10176 RequestorPackageName: com.Slack] ] with score 60 and providerId 4
08-13 23:55:10.624  1469  1616 D Ethernet: got request NetworkRequest [ TRACK_DEFAULT id=4179, [ Capabilities: INTERNET&NOT_RESTRICTED&TRUSTED Uid: 10176 AdministratorUids: [] RequestorUid: 10176 RequestorPackageName: com.Slack] ] with score 60 and providerId 4
08-13 23:55:10.624  1922  1922 D PhoneSwitcherNetworkRequstListener: got request NetworkRequest [ TRACK_DEFAULT id=4179, [ Capabilities: INTERNET&NOT_RESTRICTED&TRUSTED Uid: 10176 AdministratorUids: [] RequestorUid: 10176 RequestorPackageName: com.Slack] ] with score 60 and providerId 4
08-13 23:55:11.323   903   903 I thermal_repeater: [recvMdThermalInfo] ret=29, strLen=127,  3, 22, -50, -28409, 32767, 0
08-13 23:55:16.267  1469  1491 D AES     : AEEIOCTL_GET/SET_SF_STATE IOCTL,cmd= 1074294797, lParam=0. 
08-13 23:55:16.267  1469  1491 D AES     : AEEIOCTL_RT_MON_Kick IOCTL,cmd= 2147774474, lParam=300. 
08-13 23:55:21.343   903   903 I thermal_repeater: [recvMdThermalInfo] ret=29, strLen=127,  3, 22, -50, -28409, 32767, 0
08-13 23:55:24.076   758   758 D chg_dnand: DNAND_ID_CHG_CYCLE(6) is update.
08-13 23:55:25.316   669   728 D ccci_mdinit: (1):monitor_time_update_thread round:11743 ########
08-13 23:55:31.364   903   903 I thermal_repeater: [recvMdThermalInfo] ret=29, strLen=127,  3, 22, -50, -28409, 32767, 0
08-13 23:55:40.664  1469  1575 D WifiNetworkFactory: got request NetworkRequest [ TRACK_DEFAULT id=4180, [ Capabilities: INTERNET&NOT_RESTRICTED&TRUSTED Uid: 10176 AdministratorUids: [] RequestorUid: 10176 RequestorPackageName: com.Slack] ] with score 60 and providerId 4
08-13 23:55:40.664  1469  1575 D UntrustedWifiNetworkFactory: got request NetworkRequest [ TRACK_DEFAULT id=4180, [ Capabilities: INTERNET&NOT_RESTRICTED&TRUSTED Uid: 10176 AdministratorUids: [] RequestorUid: 10176 RequestorPackageName: com.Slack] ] with score 60 and providerId 4
08-13 23:55:40.666  1469  1616 D Ethernet: got request NetworkRequest [ TRACK_DEFAULT id=4180, [ Capabilities: INTERNET&NOT_RESTRICTED&TRUSTED Uid: 10176 AdministratorUids: [] RequestorUid: 10176 RequestorPackageName: com.Slack] ] with score 60 and providerId 4
08-13 23:55:40.666  1922  1922 D PhoneSwitcherNetworkRequstListener: got request NetworkRequest [ TRACK_DEFAULT id=4180, [ Capabilities: INTERNET&NOT_RESTRICTED&TRUSTED Uid: 10176 AdministratorUids: [] RequestorUid: 10176 RequestorPackageName: com.Slack] ] with score 60 and providerId 4
08-13 23:55:41.383   903   903 I thermal_repeater: [recvMdThermalInfo] ret=29, strLen=127,  3, 23, -50, -28409, 32767, 0
08-13 23:55:44.082   758   758 D chg_dnand: DNAND_ID_CHG_CYCLE(6) is update.
08-13 23:55:46.269  1469  1491 D AES     : AEEIOCTL_GET/SET_SF_STATE IOCTL,cmd= 1074294797, lParam=0. 
08-13 23:55:46.270  1469  1491 D AES     : AEEIOCTL_RT_MON_Kick IOCTL,cmd= 2147774474, lParam=300. 
08-13 23:55:51.403   903   903 I thermal_repeater: [recvMdThermalInfo] ret=29, strLen=127,  3, 22, -50, -28409, 32767, 0
08-13 23:55:55.328   669   728 D ccci_mdinit: (1):monitor_time_update_thread round:11744 ########
08-13 23:56:01.423   903   903 I thermal_repeater: [recvMdThermalInfo] ret=29, strLen=127,  3, 22, -50, -28409, 32767, 0
08-13 23:56:02.969 20047 20076 I ta.android.aut: Background young concurrent copying GC freed 256687(6009KB) AllocSpace objects, 0(0B) LOS objects, 44% free, 7754KB/13MB, paused 418us total 221.276ms
08-13 23:56:02.969 20047 20076 W ta.android.aut: Reducing the number of considered missed Gc histogram windows from 1099 to 100
08-13 23:56:04.089   758   758 D chg_dnand: DNAND_ID_CHG_CYCLE(6) is update.
08-13 23:56:10.697  1469  1575 D WifiNetworkFactory: got request NetworkRequest [ TRACK_DEFAULT id=4181, [ Capabilities: INTERNET&NOT_RESTRICTED&TRUSTED Uid: 10176 AdministratorUids: [] RequestorUid: 10176 RequestorPackageName: com.Slack] ] with score 60 and providerId 4
08-13 23:56:10.698  1469  1575 D UntrustedWifiNetworkFactory: got request NetworkRequest [ TRACK_DEFAULT id=4181, [ Capabilities: INTERNET&NOT_RESTRICTED&TRUSTED Uid: 10176 AdministratorUids: [] RequestorUid: 10176 RequestorPackageName: com.Slack] ] with score 60 and providerId 4
08-13 23:56:10.698  1469  1616 D Ethernet: got request NetworkRequest [ TRACK_DEFAULT id=4181, [ Capabilities: INTERNET&NOT_RESTRICTED&TRUSTED Uid: 10176 AdministratorUids: [] RequestorUid: 10176 RequestorPackageName: com.Slack] ] with score 60 and providerId 4
08-13 23:56:10.699  1922  1922 D PhoneSwitcherNetworkRequstListener: got request NetworkRequest [ TRACK_DEFAULT id=4181, [ Capabilities: INTERNET&NOT_RESTRICTED&TRUSTED Uid: 10176 AdministratorUids: [] RequestorUid: 10176 RequestorPackageName: com.Slack] ] with score 60 and providerId 4
08-13 23:53:43.650  5676 14592 I chatty  : uid=1000(system) Thread-2 identical 1 line
08-13 23:54:03.654  5676 14592 W ContextImpl: Calling a method in the system process without a qualified user: android.app.ContextImpl.sendBroadcast:1111 android.content.ContextWrapper.sendBroadcast:468 jp.kyocera.thermalmonitor.ThermalMonitorService.c:65 jp.kyocera.thermalmonitor.ThermalMonitorService.b:1 jp.kyocera.thermalmonitor.a.run:19 
08-13 23:56:10.775  1469  1469 D CompatibilityChangeReporter: Compat change id reported: 135634846; UID 10102; state: DISABLED
08-13 23:56:10.776  1469  1469 D CompatibilityChangeReporter: Compat change id reported: 135754954; UID 10102; state: ENABLED
08-13 23:56:10.777  1469  1496 D CompatibilityChangeReporter: Compat change id reported: 143937733; UID 10102; state: ENABLED
08-13 23:56:10.803   592   592 D Zygote  : Forked child process 3110
08-13 23:56:10.808  1469  1496 I ActivityManager: Start proc 3110:com.google.android.dialer/u0a102 for service {com.google.android.dialer/com.android.dialer.spam.inapp.SpamJobService}
08-13 23:56:10.844  3110  3110 E .android.diale: Not starting debugger since process cannot load the jdwp agent.
08-13 23:56:10.858  1469  5522 V ActivityManager: New death recipient com.android.server.am.ActivityManagerService$AppDeathRecipient@ebd10c6 for thread android.os.BinderProxy@c0a887
08-13 23:56:10.891  3110  3110 I .android.diale: The ClassLoaderContext is a special shared library.
08-13 23:56:10.901  3110  3110 I .android.diale: The ClassLoaderContext is a special shared library.
08-13 23:56:10.978  3110  3110 D NetworkSecurityConfig: No Network Security Config specified, using platform default
