08-14 23:01:43.551  2075  2075 D RecentsOrientedState: current RecentsOrientedState: [this=RecentsOrientedState@28cf93e mOrientationHandler=LandscapePagedViewHandler@8ea6ac8 mDisplayRotation=1 mTouchRotation=1 mRecentsActivityRotation=0 isRecentsActivityRotationAllowed=false mSystemRotation=true mFlags=363]
08-14 23:01:43.552  1469  5501 I InputDispatcher: setInputWindows displayId=0 Window{23ab89a u0 ScreenDecorOverlay} Window{7adf0c5 u0 NavigationBar0} Window{5230afb u0 StatusBar} recents_animation_input_consumer com.hirasho.eduTomoTrial/com.unity3d.player.UnityPlayerActivity#0 SurfaceView - com.hirasho.eduTomoTrial/com.unity3d.player.UnityPlayerActivity#0 Window{48ea68f u0 com.android.launcher3/com.android.searchlauncher.SearchLauncher} Window{31ce90f u0 com.android.launcher3/com.android.searchlauncher.SearchLauncher} Window{2082a46 u0 com.android.systemui.ImageWallpaper} 
08-14 23:01:43.552  1469  5501 I InputDispatcher: Focus entered window: Window{31ce90f u0 com.android.launcher3/com.android.searchlauncher.SearchLauncher} in display 0
08-14 23:01:43.553  1469  5501 I InputDispatcher: Window went away: Window{eef1cca u0 com.hirasho.eduTomoTrial/com.unity3d.player.UnityPlayerActivity}
08-14 23:01:43.553 29765 29841 E Unity   : NullReferenceException: Object reference not set to an instance of an object.
08-14 23:01:43.553 29765 29841 E Unity   :   at TextRecognizer.GetResult () [0x00000] in <00000000000000000000000000000000>:0 
08-14 23:01:43.553 29765 29841 E Unity   :   at Main.Update () [0x00000] in <00000000000000000000000000000000>:0 
08-14 23:01:43.553 29765 29841 E Unity   : 
08-14 23:01:43.556   658  1511 I BpBinder: onLastStrongRef automatically unlinking death recipients: <uncached descriptor>
08-14 23:01:43.565  1416  1457 E SENSORS : [hub][0935][getNextTimestampAdjusted]SensorHub::getNextTimestampAdjusted sensorsid id:14
08-14 23:01:43.571   658   658 I SurfaceFlinger: operator()(), mtkRenderCntDebug 48707, screenshot (com.android.systemui.ImageWallpaper#0)
08-14 23:01:43.571   658   658 I SurfaceFlinger: operator()(), mtkRenderCntDebug 48707, screenshot (com.android.launcher3/com.android.searchlauncher.SearchLauncher#1)
08-14 23:01:43.592 32051 32051 I GoogleInputMethodService: GoogleInputMethodService.onFinishInput():3273 
08-14 23:01:43.593 32051 32051 I GoogleInputMethodService: GoogleInputMethodService.updateDeviceLockedStatus():2165 repeatCheckTimes = 0, unlocked = true
08-14 23:01:43.593 32051 32051 I GoogleInputMethodService: GoogleInputMethodService.onStartInput():1956 onStartInput(EditorInfo{inputType=0x0(NULL) imeOptions=0x0 privateImeOptions=null actionName=UNSPECIFIED actionLabel=null actionId=0 initialSelStart=-1 initialSelEnd=-1 initialCapsMode=0x0 hintText=null label=null packageName=com.android.launcher3 fieldId=-1 fieldName=null extras=null}, false)
08-14 23:01:43.594 32051 32051 I GoogleInputMethodService: GoogleInputMethodService.shouldHideHeaderOnInitialState():4081 ShouldHideHeaderOnInitialState = false
08-14 23:01:43.594 32051 32051 I GoogleInputMethodService: GoogleInputMethodService.updateDeviceLockedStatus():2165 repeatCheckTimes = 2, unlocked = true
08-14 23:01:43.594   638   694 I mtkpower@impl: [mtkPowerHint] hint:22, hold:0, ext:30, ext_hold:2000
08-14 23:01:43.595   638   737 I libPowerHal: [perfLockRel] hdl:7480, idx:0
08-14 23:01:43.595   638   737 I libPowerHal: [PD] scn:0 hdl:7480 hint:22 comm:mtkpower@1.0-se pid:638
08-14 23:01:43.595   638   737 I libPowerHal: MTKPOWER_HINT_PACK_SWITCH: cpu_ctrl set cpu freq: -1 -1 -1 -1
08-14 23:01:43.595   638   737 I libPowerHal: [PD] MTKPOWER_HINT_PACK_SWITCH update cmd:1000000, param:-1
08-14 23:01:43.596   638   737 I libPowerHal: [PD] MTKPOWER_HINT_PACK_SWITCH update cmd:1408300 param:0
08-14 23:01:43.596   638   737 I libPowerHal: [PD] MTKPOWER_HINT_PACK_SWITCH update cmd:1000000 param:-1
08-14 23:01:43.598   638   737 I libPowerHal: [perfLockAcq] idx:1 hdl:7482 hint:30 pid:638 duration:2000 => ret_hdl:7482
08-14 23:01:43.598   638   737 I libPowerHal: [PE] scn:1 hdl:7482 hint:30 comm:mtkpower@1.0-se pid:638
08-14 23:01:43.599   638   737 I libPowerHal: [PE] MTKPOWER_HINT_EXT_LAUNCH update cmd:1000000, param:1
08-14 23:01:43.599   638   737 I libPowerHal: [PE] MTKPOWER_HINT_EXT_LAUNCH update cmd:2020000, param:15
08-14 23:01:43.599   638   737 I libPowerHal: [PE] MTKPOWER_HINT_EXT_LAUNCH update cmd:1408300, param:40
08-14 23:01:43.601   658   785 I BpBinder: onLastStrongRef automatically unlinking death recipients: <uncached descriptor>
08-14 23:01:43.602   638   737 I libPowerHal: [PE] MTKPOWER_HINT_EXT_LAUNCH update cmd:1000000 param:1
08-14 23:01:43.604  1469  5522 I InputDispatcher: setInputWindows displayId=0 Window{23ab89a u0 ScreenDecorOverlay} Window{7adf0c5 u0 NavigationBar0} Window{5230afb u0 StatusBar} recents_animation_input_consumer com.hirasho.eduTomoTrial/com.unity3d.player.UnityPlayerActivity#0 SurfaceView - com.hirasho.eduTomoTrial/com.unity3d.player.UnityPlayerActivity#0 Window{48ea68f u0 com.android.launcher3/com.android.searchlauncher.SearchLauncher} Window{31ce90f u0 com.android.launcher3/com.android.searchlauncher.SearchLauncher} Window{2082a46 u0 com.android.systemui.ImageWallpaper} 
08-14 23:01:43.611 32051 32051 V PhoneWindow: DecorView setVisiblity: visibility = 8, Parent = android.view.ViewRootImpl@f847073, this = DecorView@1991b30[InputMethod]
08-14 23:01:43.619 29765 29841 D ho.eduTomoTria: PlayerBase::stop() from IPlayer
08-14 23:01:43.619 29765 29841 D AudioTrack: stop(456): 0xb400007361430cc0, prior state:STATE_ACTIVE
08-14 23:01:43.619 29765 29841 D AudioTrack: stop(456): called with 2335232 frames delivered
08-14 23:01:43.624  1469  7014 I InputDispatcher: setInputWindows displayId=0 Window{23ab89a u0 ScreenDecorOverlay} Window{7adf0c5 u0 NavigationBar0} Window{5230afb u0 StatusBar} recents_animation_input_consumer com.hirasho.eduTomoTrial/com.unity3d.player.UnityPlayerActivity#0 SurfaceView - com.hirasho.eduTomoTrial/com.unity3d.player.UnityPlayerActivity#0 Window{48ea68f u0 com.android.launcher3/com.android.searchlauncher.SearchLauncher} Window{31ce90f u0 com.android.launcher3/com.android.searchlauncher.SearchLauncher} Window{2082a46 u0 com.android.systemui.ImageWallpaper} 
08-14 23:01:43.645 29765 29841 D AudioTrack: stop(456): 0xb400007361430cc0 stop done
08-14 23:01:43.659  1469 21554 I libMEOW_gift: ctx:0xb4000072d15378c0, ARC not Enabled.
08-14 23:01:43.682   658   658 I SurfaceFlinger: operator()(), mtkRenderCntDebug 48708, screenshot (com.android.systemui.ImageWallpaper#0)
08-14 23:01:43.682   658   658 I SurfaceFlinger: operator()(), mtkRenderCntDebug 48708, screenshot (com.android.launcher3/com.android.searchlauncher.SearchLauncher#1)
08-14 23:01:43.699   598 22137 E AudioALSAPlaybackHandlerBase: -getHardwareBufferInfo(), pcm_get_htimestamp fail, ret = -1, pcm_get_error =  flag = 0x6
08-14 23:01:43.709   610   768 I hwcomposer: [HWCDisplay] [Display_0 (type:1)] fps:57.953758,dur:1000.80,max:20.55,min:14.53  
08-14 23:01:43.735 19831 19831 W A       : (REDACTED) Empty Doodle image. DarkMode: %b
08-14 23:01:43.765  2075  2090 I droid.launcher: NativeAlloc concurrent copying GC freed 6970(361KB) AllocSpace objects, 0(0B) LOS objects, 49% free, 6004KB/11MB, paused 218us total 112.426ms
08-14 23:01:43.780   658   658 I SurfaceFlinger: operator()(), mtkRenderCntDebug 48709, screenshot (com.android.systemui.ImageWallpaper#0)
08-14 23:01:43.780   658   658 I SurfaceFlinger: operator()(), mtkRenderCntDebug 48709, screenshot (com.android.launcher3/com.android.searchlauncher.SearchLauncher#1)
08-14 23:01:43.785   646  1062 D MtkAudioLoud: +close()
08-14 23:01:43.785   646  1062 D MtkAudioLoud: -close()
08-14 23:01:43.787 19044 19211 I NearbyFastPair: TriangleSessionTracker: flush media count=0, media duration=38s, call count=0 [CONTEXT service_id=265 ]
08-14 23:01:43.787 19044 19211 W NearbyFastPair: TriangleLogger logSession: disable [CONTEXT service_id=265 ]
08-14 23:01:43.795   598 22137 E AudioALSAPlaybackHandlerBase: -getHardwareBufferInfo(), pcm_get_htimestamp fail, ret = -1, pcm_get_error =  flag = 0x6
08-14 23:01:43.797   646  1063 V AudioPolicyIntefaceImpl: stopOutput()
08-14 23:01:43.805 19044 27533 I NearbyDiscovery: FastPair: AudioEventListener stopped playback is SASS_VOIP_APP_LIST app, audio mode=MODE_NORMAL, usage=USAGE_VOICE_COMMUNICATION [CONTEXT service_id=49 ]
08-14 23:01:43.806 19044 27533 I NearbyDiscovery: FastPair: AudioEventListener find jp.naver.line.android stopped event with USAGE_VOICE_COMMUNICATION [CONTEXT service_id=49 ]
08-14 23:01:43.824   646   921 V AudioPolicyIntefaceImpl: doStopOutput
08-14 23:01:43.836  1469  5522 I system_server: oneway function results will be dropped but finished with status OK and parcel size 4
08-14 23:01:43.848   646   921 D APM_AudioPolicyManager: [MTK_APM_Output]stopOutput() output 13, stream 3, session 3609 portId 456
08-14 23:01:43.861 29765 30396 D libMEOW : applied 1 plugins for [com.hirasho.eduTomoTrial]:
08-14 23:01:43.861 29765 30396 D libMEOW :   plugin 1: [libMEOW_gift.so]:
08-14 23:01:43.875 29765 30396 I libMEOW_gift: ctx:0xb4000072d1445f40, ARC not Enabled.
08-14 23:01:43.884   658   658 I SurfaceFlinger: operator()(), mtkRenderCntDebug 48710, screenshot (com.android.systemui.ImageWallpaper#0)
08-14 23:01:43.884   658   658 I SurfaceFlinger: operator()(), mtkRenderCntDebug 48710, screenshot (com.android.launcher3/com.android.searchlauncher.SearchLauncher#1)
08-14 23:01:43.887  1469 21554 I GED     : ged_boost_gpu_freq, level 100, eOrigin 2, final_idx 2, oppidx_max 2, oppidx_min 0
08-14 23:01:43.897  2075  2075 D RecentsOrientedState: current RecentsOrientedState: [this=RecentsOrientedState@28cf93e mOrientationHandler=PortraitPagedViewHandler@39618f9 mDisplayRotation=1 mTouchRotation=0 mRecentsActivityRotation=0 isRecentsActivityRotationAllowed=false mSystemRotation=true mFlags=363]
08-14 23:01:43.898  2075  2075 D RecentsOrientedState: current RecentsOrientedState: [this=RecentsOrientedState@28cf93e mOrientationHandler=PortraitPagedViewHandler@39618f9 mDisplayRotation=1 mTouchRotation=0 mRecentsActivityRotation=0 isRecentsActivityRotationAllowed=false mSystemRotation=true mFlags=363]
08-14 23:01:43.902   646   921 W AudioPolicyManagerCustomImpl: [MTK_APM_Route]setOutputDevices() mIoHandle 13 mId 1 device (0x2)(0x1 , 0x2 , 0x4 , 0x8 , 0x10 , 0x20 , 0x40 , 0x400 , 0x800 , 0x1000 , 0x100000 , 0x1000000) delayMs 104 force 0 size 3
08-14 23:01:43.917   646   921 D APM::AudioPolicyEngine: getDevices ForStrategy() strategy 1, device 0x1 avadevice 0x1 , 0x2 , 0x10000 sfu [0]:0, [1]:0, [4]:11
08-14 23:01:43.918   646   921 D APM::AudioPolicyEngine: getDevices ForStrategy() strategy 0, device 0x2 avadevice 0x1 , 0x2 , 0x10000 sfu [0]:0, [1]:0, [4]:11
08-14 23:01:43.918   646   921 I chatty  : uid=1041(audioserver) ApmOutput identical 3 lines
08-14 23:01:43.918   646   921 D APM::AudioPolicyEngine: getDevices ForStrategy() strategy 0, device 0x2 avadevice 0x1 , 0x2 , 0x10000 sfu [0]:0, [1]:0, [4]:11
08-14 23:01:43.918   646   921 D APM::AudioPolicyEngine: getDevices ForStrategy() strategy 1, device 0x1 avadevice 0x1 , 0x2 , 0x10000 sfu [0]:0, [1]:0, [4]:11
08-14 23:01:43.919   646   921 D APM::AudioPolicyEngine: getDevices ForStrategy() strategy 0, device 0x2 avadevice 0x1 , 0x2 , 0x10000 sfu [0]:0, [1]:0, [4]:11
08-14 23:01:43.919   646   921 I chatty  : uid=1041(audioserver) ApmOutput identical 4 lines
08-14 23:01:43.920   646   921 D APM::AudioPolicyEngine: getDevices ForStrategy() strategy 0, device 0x2 avadevice 0x1 , 0x2 , 0x10000 sfu [0]:0, [1]:0, [4]:11
08-14 23:01:43.920 15954 15954 D BoundBrokerSvc: onBind: Intent { act=com.google.android.gms.measurement.START pkg=com.google.android.gms }
08-14 23:01:43.920 15954 15954 D BoundBrokerSvc: Loading bound service for intent: Intent { act=com.google.android.gms.measurement.START pkg=com.google.android.gms }
08-14 23:01:43.920   646   921 D APM::AudioPolicyEngine: getDevices ForStrategy() strategy 1, device 0x1 avadevice 0x1 , 0x2 , 0x10000 sfu [0]:0, [1]:0, [4]:11
08-14 23:01:43.921   646   921 D APM::AudioPolicyEngine: getDevices ForStrategy() strategy 0, device 0x2 avadevice 0x1 , 0x2 , 0x10000 sfu [0]:0, [1]:0, [4]:11
08-14 23:01:43.921   646   921 I chatty  : uid=1041(audioserver) ApmOutput identical 1 line
08-14 23:01:43.921   646   921 D APM::AudioPolicyEngine: getDevices ForStrategy() strategy 0, device 0x2 avadevice 0x1 , 0x2 , 0x10000 sfu [0]:0, [1]:0, [4]:11
08-14 23:01:43.921   646   921 W APM::AudioPolicyEngine: getDevicesForStrategy() unknown strategy: -1
08-14 23:01:43.921   646   921 D APM::AudioPolicyEngine: getDevices ForStrategy() strategy -1, device 0x2 avadevice 0x1 , 0x2 , 0x10000 sfu [0]:0, [1]:0, [4]:11
08-14 23:01:43.921   646   921 W APM::AudioPolicyEngine: getDevicesForStrategy() unknown strategy: -1
08-14 23:01:43.921   646   921 D APM::AudioPolicyEngine: getDevices ForStrategy() strategy -1, device 0x2 avadevice 0x1 , 0x2 , 0x10000 sfu [0]:0, [1]:0, [4]:11
08-14 23:01:43.921   646   921 D APM::AudioPolicyEngine: getDevices ForStrategy() strategy 0, device 0x2 avadevice 0x1 , 0x2 , 0x10000 sfu [0]:0, [1]:0, [4]:11
08-14 23:01:43.954 32405 32405 I GsaVoiceInteractionSrv: Handling ACTION_START_HOTWORD
08-14 23:01:43.959 32405 32480 I GsaVoiceInteractionSrv: (REDACTED) disregardVoiceMatch: %b
08-14 23:01:43.975 15954 15954 D BoundBrokerSvc: onUnbind: Intent { act=com.google.android.gms.appset.service.START dat=chimera-action:com.google.android.gms.appset.service.START cmp=com.google.android.gms/.chimera.GmsApiService }
08-14 23:01:43.987   658   658 I SurfaceFlinger: operator()(), mtkRenderCntDebug 48711, screenshot (com.android.systemui.ImageWallpaper#0)
08-14 23:01:43.987   658   658 I SurfaceFlinger: operator()(), mtkRenderCntDebug 48711, screenshot (com.android.launcher3/com.android.searchlauncher.SearchLauncher#1)
08-14 23:01:44.050   638   737 I libPowerHal: [perfLockAcq] idx:0 hdl:7483 hint:25 pid:638 duration:10000 => ret_hdl:7483
08-14 23:01:44.050   638   737 I libPowerHal: [PE] scn:0 hdl:7483 hint:25 comm:mtkpower@1.0-se pid:638
08-14 23:01:44.052   638   737 I libPowerHal: [PE] MTKPOWER_HINT_APP_TOUCH update cmd:3408600 param:1
08-14 23:01:44.089 29765 30396 I GED     : ged_boost_gpu_freq, level 100, eOrigin 2, final_idx 2, oppidx_max 2, oppidx_min 0
08-14 23:01:44.091   658   658 I SurfaceFlinger: operator()(), mtkRenderCntDebug 48712, screenshot (com.android.systemui.ImageWallpaper#0)
08-14 23:01:44.091   658   658 I SurfaceFlinger: operator()(), mtkRenderCntDebug 48712, screenshot (com.android.launcher3/com.android.searchlauncher.SearchLauncher#1)
08-14 23:01:44.095   658   785 I BufferQueueProducer: [com.android.launcher3/com.android.searchlauncher.SearchLauncher#1](this:0xb400007585876218,id:1776,api:1,p:2075,c:658) queueBuffer: fps=48.97 dur=1000.64 max=134.16 min=7.61
08-14 23:01:44.110  1659  1679 I ndroid.systemu: NativeAlloc concurrent copying GC freed 117289(4311KB) AllocSpace objects, 4(80KB) LOS objects, 19% free, 24MB/30MB, paused 177us total 720.056ms
08-14 23:01:44.129  1659  1659 I Choreographer: Skipped 33 frames!  The application may be doing too much work on its main thread.
08-14 23:01:44.142  1469  1488 I ActivityTaskManager: Config changes=20000480 {1.0 440mcc20mnc [ja_JP,en_US] ldltr sw411dp w411dp h818dp 420dpi nrml long port finger -keyb/v/h -nav/h winConfig={ mBounds=Rect(0, 0 - 1080, 2280) mAppBounds=Rect(0, 87 - 1080, 2238) mWindowingMode=fullscreen mDisplayWindowingMode=fullscreen mActivityType=undefined mAlwaysOnTop=undefined mRotation=ROTATION_0} s.10133}
08-14 23:01:44.146   658  1511 I BufferQueueProducer: [SurfaceView - com.hirasho.eduTomoTrial/com.unity3d.player.UnityPlayerActivity#0](id:292000006ec,api:1,p:29765,c:658) disconnect(): api=-1
08-14 23:01:44.149   658  1511 I BufferQueueProducer: [com.hirasho.eduTomoTrial/com.unity3d.player.UnityPlayerActivity#0](id:292000006eb,api:2,p:29765,c:658) disconnect(): api=2
08-14 23:01:44.153 29765 29765 V PhoneWindow: DecorView setVisiblity: visibility = 4, Parent = android.view.ViewRootImpl@b77728e, this = DecorView@e973aaf[UnityPlayerActivity]
08-14 23:01:44.160  1469  7014 I InputDispatcher: setInputWindows displayId=0 Window{23ab89a u0 ScreenDecorOverlay} Window{7adf0c5 u0 NavigationBar0} Window{5230afb u0 StatusBar} recents_animation_input_consumer com.hirasho.eduTomoTrial/com.unity3d.player.UnityPlayerActivity#0 SurfaceView - com.hirasho.eduTomoTrial/com.unity3d.player.UnityPlayerActivity#0 Window{48ea68f u0 com.android.launcher3/com.android.searchlauncher.SearchLauncher} Window{31ce90f u0 com.android.launcher3/com.android.searchlauncher.SearchLauncher} Window{2082a46 u0 com.android.systemui.ImageWallpaper} 
08-14 23:01:44.178   638   737 I libPowerHal: [perfLockRel] hdl:7483, idx:0
08-14 23:01:44.178   638   737 I libPowerHal: [PD] scn:0 hdl:7483 hint:25 comm:mtkpower@1.0-se pid:638
08-14 23:01:44.178   638   737 I libPowerHal: [PD] MTKPOWER_HINT_APP_TOUCH update cmd:3408600 param:0
08-14 23:01:44.195   658   658 I SurfaceFlinger: operator()(), mtkRenderCntDebug 48713, screenshot (com.android.systemui.ImageWallpaper#0)
08-14 23:01:44.195   658   658 I SurfaceFlinger: operator()(), mtkRenderCntDebug 48713, screenshot (com.android.launcher3/com.android.searchlauncher.SearchLauncher#1)
08-14 23:01:44.299   658   658 I SurfaceFlinger: operator()(), mtkRenderCntDebug 48714, screenshot (com.android.systemui.ImageWallpaper#0)
08-14 23:01:44.299   658   658 I SurfaceFlinger: operator()(), mtkRenderCntDebug 48714, screenshot (com.android.launcher3/com.android.searchlauncher.SearchLauncher#1)
08-14 23:01:44.482   399   399 E libprocessgroup: set_timerslack_ns write failed: No such process
08-14 23:01:44.482   399   399 I lowmemorykiller: Kill 'com.google.android.apps.nbu.files' (29785), uid 10105, oom_adj 955 to free 73388kB; reason: device is not responding
08-14 23:01:44.510 19831 19848 I NgaVisSearch: onConfigurationChanged
08-14 23:01:44.513  1469  1488 I WindowManager: Override config changes=20000480 {1.0 440mcc20mnc [ja_JP,en_US] ldltr sw411dp w411dp h818dp 420dpi nrml long port finger -keyb/v/h -nav/h winConfig={ mBounds=Rect(0, 0 - 1080, 2280) mAppBounds=Rect(0, 87 - 1080, 2238) mWindowingMode=fullscreen mDisplayWindowingMode=fullscreen mActivityType=undefined mAlwaysOnTop=undefined mRotation=ROTATION_0} s.10133} for displayId=0
08-14 23:01:44.515   592   592 I Zygote  : Process 29785 exited due to signal 9 (Killed)
08-14 23:01:44.519  1469  7014 V ActivityManager: Death received in com.android.server.am.ActivityManagerService$AppDeathRecipient@b2f3203 for thread android.os.BinderProxy@5a76580
08-14 23:01:44.520  1469  7014 I ActivityManager: Process com.google.android.apps.nbu.files (pid 29785) has died: cch+55 CEM 
08-14 23:01:44.520  1469  1497 I libprocessgroup: Successfully killed process cgroup uid 10105 pid 29785 in 0ms
08-14 23:01:44.524  1469  1488 V WindowManager: Orientation start waiting for draw, mDrawState=DRAW_PENDING in Window{23ab89a u0 ScreenDecorOverlay}, surfaceController Surface(name=ScreenDecorOverlay)/@0x253d8f0
08-14 23:01:44.528  1469  1478 I system_server: NativeAlloc concurrent copying GC freed 46565(2542KB) AllocSpace objects, 17(852KB) LOS objects, 14% free, 36MB/42MB, paused 333us total 549.797ms
08-14 23:01:44.610  1469  6470 I InputDispatcher: setInputWindows displayId=0 Window{23ab89a u0 ScreenDecorOverlay} Window{7adf0c5 u0 NavigationBar0} Window{5230afb u0 StatusBar} recents_animation_input_consumer com.hirasho.eduTomoTrial/com.unity3d.player.UnityPlayerActivity#0 SurfaceView - com.hirasho.eduTomoTrial/com.unity3d.player.UnityPlayerActivity#0 Window{48ea68f u0 com.android.launcher3/com.android.searchlauncher.SearchLauncher} Window{31ce90f u0 com.android.launcher3/com.android.searchlauncher.SearchLauncher} Window{2082a46 u0 com.android.systemui.ImageWallpaper} 
08-14 23:01:44.617  1469  6470 I InputDispatcher: setInputWindows displayId=0 Window{23ab89a u0 ScreenDecorOverlay} Window{7adf0c5 u0 NavigationBar0} Window{5230afb u0 StatusBar} recents_animation_input_consumer com.hirasho.eduTomoTrial/com.unity3d.player.UnityPlayerActivity#0 SurfaceView - com.hirasho.eduTomoTrial/com.unity3d.player.UnityPlayerActivity#0 Window{48ea68f u0 com.android.launcher3/com.android.searchlauncher.SearchLauncher} Window{31ce90f u0 com.android.launcher3/com.android.searchlauncher.SearchLauncher} Window{2082a46 u0 com.android.systemui.ImageWallpaper} 
08-14 23:01:44.626  1469  5478 I InputDispatcher: setInputWindows displayId=0 Window{23ab89a u0 ScreenDecorOverlay} Window{7adf0c5 u0 NavigationBar0} Window{5230afb u0 StatusBar} recents_animation_input_consumer com.hirasho.eduTomoTrial/com.unity3d.player.UnityPlayerActivity#0 SurfaceView - com.hirasho.eduTomoTrial/com.unity3d.player.UnityPlayerActivity#0 Window{48ea68f u0 com.android.launcher3/com.android.searchlauncher.SearchLauncher} Window{31ce90f u0 com.android.launcher3/com.android.searchlauncher.SearchLauncher} Window{2082a46 u0 com.android.systemui.ImageWallpaper} 
08-14 23:01:44.627   658   658 I SurfaceFlinger: operator()(), mtkRenderCntDebug 48715, screenshot (com.android.systemui.ImageWallpaper#0)
08-14 23:01:44.627   658   658 I SurfaceFlinger: operator()(), mtkRenderCntDebug 48715, screenshot (com.android.launcher3/com.android.searchlauncher.SearchLauncher#1)
08-14 23:01:44.632  1469  1486 W Looper  : Slow dispatch took 109ms android.ui h=com.android.server.wm.DisplayPolicy$PolicyHandler c=com.android.server.wm.-$$Lambda$DisplayPolicy$HbdRZfPpJ53Wnk7_Ueb0ycyz_AQ@9d5a197 m=0
08-14 23:01:44.637   658   785 I BufferQueueProducer: [com.android.launcher3/com.android.searchlauncher.SearchLauncher#1](id:292000006f0,api:1,p:2075,c:658) disconnect(): api=1
08-14 23:01:44.638   658  1511 I BufferQueueProducer: [com.android.launcher3/com.android.searchlauncher.SearchLauncher#1](id:292000006f0,api:1,p:2075,c:658) connect(): api=1 producerControlledByApp=false
08-14 23:01:44.642   658   786 I BpBinder: onLastStrongRef automatically unlinking death recipients: <uncached descriptor>
08-14 23:01:44.643   638   737 I libPowerHal: [perfNotifyAppState] pack:com.google.android.apps.nbu.files, pid:29785, STATE_DEAD
08-14 23:01:44.643   638   737 D RilUtility: notify_rild_crash_pid_set certPid:-1, crash:29785, scn:0x0
08-14 23:01:44.645  1469  5522 I InputDispatcher: setInputWindows displayId=0 Window{23ab89a u0 ScreenDecorOverlay} Window{7adf0c5 u0 NavigationBar0} Window{5230afb u0 StatusBar} recents_animation_input_consumer com.hirasho.eduTomoTrial/com.unity3d.player.UnityPlayerActivity#0 SurfaceView - com.hirasho.eduTomoTrial/com.unity3d.player.UnityPlayerActivity#0 Window{48ea68f u0 com.android.launcher3/com.android.searchlauncher.SearchLauncher} Window{31ce90f u0 com.android.launcher3/com.android.searchlauncher.SearchLauncher} Window{2082a46 u0 com.android.systemui.ImageWallpaper} 
08-14 23:01:44.659  1469  5522 I InputDispatcher: setInputWindows displayId=0 Window{23ab89a u0 ScreenDecorOverlay} Window{7adf0c5 u0 NavigationBar0} Window{5230afb u0 StatusBar} recents_animation_input_consumer com.hirasho.eduTomoTrial/com.unity3d.player.UnityPlayerActivity#0 SurfaceView - com.hirasho.eduTomoTrial/com.unity3d.player.UnityPlayerActivity#0 Window{48ea68f u0 com.android.launcher3/com.android.searchlauncher.SearchLauncher} Window{31ce90f u0 com.android.launcher3/com.android.searchlauncher.SearchLauncher} Window{2082a46 u0 com.android.systemui.ImageWallpaper} 
08-14 23:01:44.674  1469  7014 I InputDispatcher: setInputWindows displayId=0 Window{23ab89a u0 ScreenDecorOverlay} Window{7adf0c5 u0 NavigationBar0} Window{5230afb u0 StatusBar} recents_animation_input_consumer com.hirasho.eduTomoTrial/com.unity3d.player.UnityPlayerActivity#0 SurfaceView - com.hirasho.eduTomoTrial/com.unity3d.player.UnityPlayerActivity#0 Window{48ea68f u0 com.android.launcher3/com.android.searchlauncher.SearchLauncher} Window{31ce90f u0 com.android.launcher3/com.android.searchlauncher.SearchLauncher} Window{2082a46 u0 com.android.systemui.ImageWallpaper} 
08-14 23:01:44.687 29765 30396 I GED     : ged_boost_gpu_freq, level 100, eOrigin 2, final_idx 2, oppidx_max 2, oppidx_min 0
08-14 23:01:44.707   658   658 I BufferQueueConsumer: [com.hirasho.eduTomoTrial/com.unity3d.player.UnityPlayerActivity#0](id:292000006eb,api:0,p:-1,c:658) disconnect()
08-14 23:01:44.707   658   658 I BufferQueue: [com.hirasho.eduTomoTrial/com.unity3d.player.UnityPlayerActivity#0](this:0xb400007585878238,id:1771,api:2,p:-1,c:-1) onDestructor()
08-14 23:01:44.708   658   658 I BufferQueueConsumer: [SurfaceView - com.hirasho.eduTomoTrial/com.unity3d.player.UnityPlayerActivity#0](id:292000006ec,api:0,p:-1,c:658) disconnect()
08-14 23:01:44.708   658   658 I BufferQueue: [SurfaceView - com.hirasho.eduTomoTrial/com.unity3d.player.UnityPlayerActivity#0](this:0xb4000075858721d8,id:1772,api:1,p:-1,c:-1) onDestructor()
08-14 23:01:44.710 18818 18818 I Finsky  : [2] oai.onTrimMemory(1): Memory trim requested to level 80
08-14 23:01:44.711 18818 18818 I Finsky  : [2] lmk.accept(9): Flushing in-memory image cache
08-14 23:01:44.711  1469  7014 I InputDispatcher: setInputWindows displayId=0 Window{23ab89a u0 ScreenDecorOverlay} Window{7adf0c5 u0 NavigationBar0} Window{5230afb u0 StatusBar} recents_animation_input_consumer Window{48ea68f u0 com.android.launcher3/com.android.searchlauncher.SearchLauncher} Window{31ce90f u0 com.android.launcher3/com.android.searchlauncher.SearchLauncher} Window{2082a46 u0 com.android.systemui.ImageWallpaper} 
08-14 23:01:44.711  1469  7014 I InputDispatcher: Window went away: com.hirasho.eduTomoTrial/com.unity3d.player.UnityPlayerActivity#0
08-14 23:01:44.711  1469  7014 I InputDispatcher: Window went away: SurfaceView - com.hirasho.eduTomoTrial/com.unity3d.player.UnityPlayerActivity#0
08-14 23:01:44.713   610   768 I hwcomposer: [HWCDisplay] [Display_0 (type:1)] fps:40.855350,dur:1003.54,max:316.77,min:5.00  
08-14 23:01:44.730  1469  1488 I InputManager-JNI: Viewport [0] to add: local:0, isActive: true
08-14 23:01:44.731 29765 30396 I GED     : ged_boost_gpu_freq, level 100, eOrigin 2, final_idx 2, oppidx_max 2, oppidx_min 0
08-14 23:01:44.733  1469 21554 I GED     : ged_boost_gpu_freq, level 100, eOrigin 2, final_idx 2, oppidx_max 2, oppidx_min 0
08-14 23:01:44.752 19831 19831 I NgaVisSearch: onConfigurationChanged
08-14 23:01:44.800  1469  1549 I InputReader: Reconfiguring input devices, changes=DISPLAY_INFO | 
08-14 23:01:44.800  1469  1549 I InputReader: Device reconfigured: id=6, name='mtk-tpd', size 1080x2280, orientation 0, mode 1, display id 0
08-14 23:01:44.822  1469  1549 I InputReader: Device reconfigured: id=5, name='cyttsp5_mt', size 1080x2280, orientation 0, mode 1, display id 0
08-14 23:01:44.838  1469  1575 E WifiVendorHal: getWifiLinkLayerStats_1_3_Internal(l.973) failed {.code = ERROR_NOT_SUPPORTED, .description = }
08-14 23:01:44.845  1469  1575 I WiFi quality Report: ssid="C0F8DA875363" bssid=c0:f8:da:8b:10:e4 rssi=-49 freq=2412 link=65Mbps txGood=1.24 txRetry=0.00 txBad=0.00 rxGood=1.90
08-14 23:01:44.879   638   737 I libPowerHal: [perfLockAcq] idx:0 hdl:7484 hint:25 pid:638 duration:10000 => ret_hdl:7484
08-14 23:01:44.879   638   737 I libPowerHal: [PE] scn:0 hdl:7484 hint:25 comm:mtkpower@1.0-se pid:638
08-14 23:01:44.880   638   737 I libPowerHal: [PE] MTKPOWER_HINT_APP_TOUCH update cmd:3408600 param:1
08-14 23:01:44.938   658  1184 I BufferQueueProducer: [ScreenDecorOverlay#0](id:29200000003,api:1,p:1659,c:658) disconnect(): api=1
08-14 23:01:44.939   658  1184 I BufferQueueProducer: [ScreenDecorOverlay#0](id:29200000003,api:1,p:1659,c:658) connect(): api=1 producerControlledByApp=false
08-14 23:01:44.940   638   737 I libPowerHal: [perfLockRel] hdl:7484, idx:0
08-14 23:01:44.940   638   737 I libPowerHal: [PD] scn:0 hdl:7484 hint:25 comm:mtkpower@1.0-se pid:638
08-14 23:01:44.940   638   737 I libPowerHal: [PD] MTKPOWER_HINT_APP_TOUCH update cmd:3408600 param:0
08-14 23:01:44.952   658  1511 I BufferQueueProducer: [ScreenDecorOverlay#0](id:29200000003,api:1,p:1659,c:658) disconnect(): api=1
08-14 23:01:44.953   658  1511 I BufferQueueProducer: [ScreenDecorOverlay#0](id:29200000003,api:1,p:1659,c:658) connect(): api=1 producerControlledByApp=false
08-14 23:01:44.958  1659  1659 D StatusBar: disable<e i a s b h r c s > disable2<q i n >
08-14 23:01:44.966   658   786 I BufferQueueProducer: [ScreenDecorOverlay#0](this:0xb400007585832de8,id:3,api:1,p:1659,c:658) queueBuffer: fps=0.02 dur=53581.85 max=53581.85 min=53581.85
08-14 23:01:44.969 19831 19831 I A       : (REDACTED) onApplyWindowInsets: systemWindowInsets=%s
08-14 23:01:44.969 19831 19831 I A       : (REDACTED) onApplyWindowInsets: systemWindowInsets=%s
08-14 23:01:44.973  1469  5501 I InputDispatcher: setInputWindows displayId=0 Window{23ab89a u0 ScreenDecorOverlay} Window{7adf0c5 u0 NavigationBar0} Window{5230afb u0 StatusBar} recents_animation_input_consumer Window{48ea68f u0 com.android.launcher3/com.android.searchlauncher.SearchLauncher} Window{31ce90f u0 com.android.launcher3/com.android.searchlauncher.SearchLauncher} Window{2082a46 u0 com.android.systemui.ImageWallpaper} 
08-14 23:01:44.985  1469  7012 I InputDispatcher: setInputWindows displayId=0 Window{23ab89a u0 ScreenDecorOverlay} Window{7adf0c5 u0 NavigationBar0} Window{5230afb u0 StatusBar} recents_animation_input_consumer Window{48ea68f u0 com.android.launcher3/com.android.searchlauncher.SearchLauncher} Window{31ce90f u0 com.android.launcher3/com.android.searchlauncher.SearchLauncher} Window{2082a46 u0 com.android.systemui.ImageWallpaper} 
08-14 23:01:44.991   658  1511 I BufferQueueProducer: [com.android.launcher3/com.android.searchlauncher.SearchLauncher#0](id:292000006ef,api:1,p:19831,c:658) disconnect(): api=1
08-14 23:01:44.993   658   785 I BufferQueueProducer: [com.android.launcher3/com.android.searchlauncher.SearchLauncher#0](id:292000006ef,api:1,p:19831,c:658) connect(): api=1 producerControlledByApp=false
08-14 23:01:45.002  1469  5522 I InputDispatcher: setInputWindows displayId=0 Window{23ab89a u0 ScreenDecorOverlay} Window{7adf0c5 u0 NavigationBar0} Window{5230afb u0 StatusBar} recents_animation_input_consumer Window{48ea68f u0 com.android.launcher3/com.android.searchlauncher.SearchLauncher} Window{31ce90f u0 com.android.launcher3/com.android.searchlauncher.SearchLauncher} Window{2082a46 u0 com.android.systemui.ImageWallpaper} 
08-14 23:01:45.007   658  1184 I BufferQueueProducer: [com.android.launcher3/com.android.searchlauncher.SearchLauncher#0](this:0xb4000075858701b8,id:1775,api:1,p:19831,c:658) queueBuffer: fps=0.33 dur=2995.62 max=2995.62 min=2995.62
08-14 23:01:45.024  1659  1659 D View    : [Warning] assignParent to null: this = com.android.systemui.assist.AssistOrbContainer{d556e84 G.E...... ......ID 0,0-2193,656}
08-14 23:01:45.068   658   786 I SurfaceFlinger: [SF client] NEW(0xb4000074d582c930) for (1659:com.android.systemui)
08-14 23:01:45.095   658   786 I BufferQueueProducer: [com.android.launcher3/com.android.searchlauncher.SearchLauncher#1](this:0xb400007585876218,id:1776,api:1,p:2075,c:658) queueBuffer: fps=23.99 dur=1000.26 max=277.52 min=12.79
08-14 23:01:45.103  1659  1659 D ViewRootImpl[AssistPreviewPanel]: hardware acceleration = true , fakeHwAccelerated = false, sRendererDisabled = false, forceHwAccelerated = false, sSystemRendererDisabled = false
08-14 23:01:45.117   669   728 D ccci_mdinit: (1):monitor_time_update_thread round:14251 ########
08-14 23:01:45.124  1469  5501 I InputDispatcher: setInputWindows displayId=0 Window{23ab89a u0 ScreenDecorOverlay} Window{7adf0c5 u0 NavigationBar0} Window{5230afb u0 StatusBar} recents_animation_input_consumer Window{48ea68f u0 com.android.launcher3/com.android.searchlauncher.SearchLauncher} Window{31ce90f u0 com.android.launcher3/com.android.searchlauncher.SearchLauncher} Window{2082a46 u0 com.android.systemui.ImageWallpaper} 
08-14 23:01:45.176  1469  5501 I InputDispatcher: setInputWindows displayId=0 Window{23ab89a u0 ScreenDecorOverlay} Window{7adf0c5 u0 NavigationBar0} Window{5230afb u0 StatusBar} recents_animation_input_consumer Window{48ea68f u0 com.android.launcher3/com.android.searchlauncher.SearchLauncher} Window{31ce90f u0 com.android.launcher3/com.android.searchlauncher.SearchLauncher} Window{2082a46 u0 com.android.systemui.ImageWallpaper} 
08-14 23:01:45.185 32051 32051 I DeviceModeUtil: DeviceModeUtil.getDeviceMode():121 Get device mode phone by ui mode:1 and smallestScreenWidthDp:411
08-14 23:01:45.193  1469  7014 I InputDispatcher: setInputWindows displayId=0 Window{23ab89a u0 ScreenDecorOverlay} Window{7adf0c5 u0 NavigationBar0} Window{5230afb u0 StatusBar} recents_animation_input_consumer Window{48ea68f u0 com.android.launcher3/com.android.searchlauncher.SearchLauncher} Window{31ce90f u0 com.android.launcher3/com.android.searchlauncher.SearchLauncher} Window{2082a46 u0 com.android.systemui.ImageWallpaper} 
08-14 23:01:45.211  1469  7014 I InputDispatcher: setInputWindows displayId=0 Window{23ab89a u0 ScreenDecorOverlay} Window{7adf0c5 u0 NavigationBar0} Window{5230afb u0 StatusBar} recents_animation_input_consumer Window{48ea68f u0 com.android.launcher3/com.android.searchlauncher.SearchLauncher} Window{31ce90f u0 com.android.launcher3/com.android.searchlauncher.SearchLauncher} Window{2082a46 u0 com.android.systemui.ImageWallpaper} 
08-14 23:01:45.222  1659  1659 I InputTransport: Create ARC handle: 0xb4000072814f95d0
08-14 23:01:45.238 32051 32051 W GoogleInputMethodService: GoogleInputMethodService.onConfigurationChanged():1643 onConfigurationChanged() : NewConfig = {1.0 440mcc20mnc [ja_JP,en_US] ldltr sw411dp w411dp h818dp 420dpi nrml long port finger -keyb/v/h -nav/h winConfig={ mBounds=Rect(0, 0 - 1080, 2280) mAppBounds=Rect(0, 87 - 1080, 2238) mWindowingMode=fullscreen mDisplayWindowingMode=fullscreen mActivityType=undefined mAlwaysOnTop=undefined mRotation=ROTATION_0} s.10164}
08-14 23:01:45.249 32051 32051 I AbstractOpenableExtension: AbstractOpenableExtension.maybeDestroyExistingKeyboardGroupManager():512 Destroy existing keyboard group manager in eas
08-14 23:01:45.250 32051 32051 I AbstractOpenableExtension: AbstractOpenableExtension.createKeyboardGroupManagerListenableFuture():124 Create keyboard group manager listenable future in eas
08-14 23:01:45.250 32051 32051 I AbstractOpenableExtension: AbstractOpenableExtension.maybeDestroyExistingKeyboardGroupManager():512 Destroy existing keyboard group manager in cni
08-14 23:01:45.251 32051 32051 I AbstractOpenableExtension: AbstractOpenableExtension.createKeyboardGroupManagerListenableFuture():124 Create keyboard group manager listenable future in cni
08-14 23:01:45.251 32051 32051 I AbstractOpenableExtension: AbstractOpenableExtension.maybeDestroyExistingKeyboardGroupManager():512 Destroy existing keyboard group manager in ecd
08-14 23:01:45.251 32051 32051 I AbstractOpenableExtension: AbstractOpenableExtension.createKeyboardGroupManagerListenableFuture():124 Create keyboard group manager listenable future in ecd
08-14 23:01:45.252 32051 32051 I DeviceModeUtil: DeviceModeUtil.getDeviceMode():121 Get device mode phone by ui mode:1 and smallestScreenWidthDp:411
08-14 23:01:45.254 32051 32051 I NormalModeController: NormalModeController.getKeyboardBodyViewHolderPaddingBottom():111 currentPrimeKeyboardType:SOFT systemPaddingBottom:-1
08-14 23:01:45.255  1659  1659 E libc    : Access denied finding property "ro.vendor.pref_scale_resolution"
08-14 23:01:45.268  1659  1659 E libc    : Access denied finding property "ro.vendor.pref_scale_resolution"
08-14 23:01:45.288 32051 29120 I KeyboardGroupDefParser: KeyboardGroupDefParser.parseKeyboardGroupDef():87 parseKeyboardGroupDef() 2132214030 -> 0_resource_name_obfuscated : WaitTime = 6 ms : RunTime = 25 ms
08-14 23:01:45.301 28625 28837 W Bugle   : TextClassifierLibManagerImpl: Reclaiming memory at level: 60
08-14 23:01:45.323  1659  1659 I Choreographer: Skipped 39 frames!  The application may be doing too much work on its main thread.
08-14 23:01:45.324  1469  5522 I WindowManager: Relayout Window{4854998 u0 SecondaryHomeHandle0}: oldVis=8 newVis=0 focusMayChange = true
08-14 23:01:45.328   658  1184 I BufferQueueConsumer: [](id:292000006f1,api:0,p:0,c:658) connect(): controlledByApp=false
08-14 23:01:45.328   658  1184 I BufferQueue: [unnamed-658-1777](this:0xb400007585877228,id:1777,api:0,p:-1,c:-1) BufferQueue core=(658:/system/bin/surfaceflinger)
08-14 23:01:45.329 32051 29099 I KeyboardGroupDefParser: KeyboardGroupDefParser.parseKeyboardGroupDef():87 parseKeyboardGroupDef() 2132214022 -> 0_resource_name_obfuscated : WaitTime = 7 ms : RunTime = 72 ms
08-14 23:01:45.329 32051 29853 I KeyboardGroupDefParser: KeyboardGroupDefParser.parseKeyboardGroupDef():87 parseKeyboardGroupDef() 2132214031 -> 0_resource_name_obfuscated : WaitTime = 6 ms : RunTime = 71 ms
08-14 23:01:45.332  1469  7014 I InputDispatcher: setInputWindows displayId=0 Window{23ab89a u0 ScreenDecorOverlay} SecondaryHomeHandle0#0 Window{7adf0c5 u0 NavigationBar0} Window{5230afb u0 StatusBar} recents_animation_input_consumer Window{48ea68f u0 com.android.launcher3/com.android.searchlauncher.SearchLauncher} Window{31ce90f u0 com.android.launcher3/com.android.searchlauncher.SearchLauncher} Window{2082a46 u0 com.android.systemui.ImageWallpaper} 
08-14 23:01:45.335   658   786 I BpBinder: onLastStrongRef automatically unlinking death recipients: <uncached descriptor>
08-14 23:01:45.335   658  1184 I BufferQueueProducer: [SecondaryHomeHandle0#0](id:292000006f1,api:1,p:1659,c:658) connect(): api=1 producerControlledByApp=false
08-14 23:01:45.338 32051 32051 I DeviceModeUtil: DeviceModeUtil.getDeviceMode():121 Get device mode phone by ui mode:1 and smallestScreenWidthDp:411
08-14 23:01:45.340 32051 32051 I chatty  : uid=10142(com.google.android.inputmethod.latin) identical 2 lines
08-14 23:01:45.340 32051 32051 I DeviceModeUtil: DeviceModeUtil.getDeviceMode():121 Get device mode phone by ui mode:1 and smallestScreenWidthDp:411
08-14 23:01:45.340 32051 32051 I GoogleInputMethodService: GoogleInputMethodService.initializeKeyboardTheme():1433 Apply keyboard theme: theme_border_bottom4dp_stylesheet_googleblue_materiallight_phone_400_builtin_google_blue_light.binarypb_port
08-14 23:01:45.349  1469  5522 I InputDispatcher: setInputWindows displayId=0 Window{23ab89a u0 ScreenDecorOverlay} Window{4854998 u0 SecondaryHomeHandle0} Window{7adf0c5 u0 NavigationBar0} Window{5230afb u0 StatusBar} recents_animation_input_consumer Window{48ea68f u0 com.android.launcher3/com.android.searchlauncher.SearchLauncher} Window{31ce90f u0 com.android.launcher3/com.android.searchlauncher.SearchLauncher} Window{2082a46 u0 com.android.systemui.ImageWallpaper} 
08-14 23:01:45.349  1469  5522 I InputDispatcher: Window went away: SecondaryHomeHandle0#0
08-14 23:01:45.351 32051 32051 I DeviceModeUtil: DeviceModeUtil.getDeviceMode():121 Get device mode phone by ui mode:1 and smallestScreenWidthDp:411
08-14 23:01:45.357 29765 29765 I Process : Sending signal. PID: 29765 SIG: 9
08-14 23:01:45.364 32051 32051 I InputMethodEntryManager: InputMethodEntryManager.startLoadingInputMethodEntrySettings():773 Start loading input method entry settings: [LanguageTagVariantTuple{languageTag=ja-JP, variant=godan}, LanguageTagVariantTuple{languageTag=en-US, variant=qwerty}]
08-14 23:01:45.367  1469  7014 I InputDispatcher: setInputWindows displayId=0 Window{23ab89a u0 ScreenDecorOverlay} Window{4854998 u0 SecondaryHomeHandle0} Window{7adf0c5 u0 NavigationBar0} Window{5230afb u0 StatusBar} recents_animation_input_consumer Window{48ea68f u0 com.android.launcher3/com.android.searchlauncher.SearchLauncher} Window{31ce90f u0 com.android.launcher3/com.android.searchlauncher.SearchLauncher} Window{2082a46 u0 com.android.systemui.ImageWallpaper} 
08-14 23:01:45.368 32051 32051 I InputMethodEntryManager: InputMethodEntryManager.updateInputMethodEntrySettingsLoadingTask():861 update loading task with resetImplicitlyEnabledEntries is false
08-14 23:01:45.370 32051 32051 I NormalModeController: NormalModeController.getKeyboardBodyViewHolderPaddingBottom():111 currentPrimeKeyboardType:SOFT systemPaddingBottom:-1
08-14 23:01:45.371   658   658 I SurfaceFlinger: operator()(), mtkRenderCntDebug 48720, screenshot (com.android.systemui.ImageWallpaper#0)
08-14 23:01:45.372   658   658 I SurfaceFlinger: operator()(), mtkRenderCntDebug 48720, screenshot (com.android.launcher3/com.android.searchlauncher.SearchLauncher#1)
08-14 23:01:45.377   658  1184 I BufferQueueProducer: [NavigationBar0#0](id:29200000005,api:1,p:1659,c:658) disconnect(): api=1
08-14 23:01:45.378   658   785 I BufferQueueProducer: [NavigationBar0#0](id:29200000005,api:1,p:1659,c:658) connect(): api=1 producerControlledByApp=false
08-14 23:01:45.385  1469  5501 I InputDispatcher: setInputWindows displayId=0 Window{23ab89a u0 ScreenDecorOverlay} Window{4854998 u0 SecondaryHomeHandle0} Window{7adf0c5 u0 NavigationBar0} Window{5230afb u0 StatusBar} recents_animation_input_consumer Window{48ea68f u0 com.android.launcher3/com.android.searchlauncher.SearchLauncher} Window{31ce90f u0 com.android.launcher3/com.android.searchlauncher.SearchLauncher} Window{2082a46 u0 com.android.systemui.ImageWallpaper} 
08-14 23:01:45.389   658   786 I BufferQueueProducer: [NavigationBar0#0](this:0xb400007585837e38,id:5,api:1,p:1659,c:658) queueBuffer: fps=4.90 dur=2042.24 max=1241.26 min=15.60
08-14 23:01:45.389  1659  2168 I OpenGLRenderer: Davey! duration=722ms; Flags=1, IntendedVsync=124594236925884, Vsync=124594897942812, OldestInputEvent=9223372036854775807, NewestInputEvent=0, HandleInputStart=124594904671655, AnimationStart=124594904676193, PerformTraversalsStart=124594904930885, DrawStart=124594954832116, SyncQueued=124594954881732, SyncStart=124594966752809, IssueDrawCommandsStart=124594967592732, SwapBuffers=124594969820116, FrameCompleted=124594971372885, DequeueBufferDuration=0, QueueBufferDuration=864692, GpuCompleted=124586583289654, 
08-14 23:01:45.391  1469  1488 I ActivityManager: Killing 29765:com.hirasho.eduTomoTrial/u0a327 (adj 915): remove task
08-14 23:01:45.402  1469  5522 I InputDispatcher: setInputWindows displayId=0 Window{23ab89a u0 ScreenDecorOverlay} Window{4854998 u0 SecondaryHomeHandle0} Window{7adf0c5 u0 NavigationBar0} Window{5230afb u0 StatusBar} recents_animation_input_consumer Window{48ea68f u0 com.android.launcher3/com.android.searchlauncher.SearchLauncher} Window{31ce90f u0 com.android.launcher3/com.android.searchlauncher.SearchLauncher} Window{2082a46 u0 com.android.systemui.ImageWallpaper} 
08-14 23:01:45.415 19044 30338 W NetworkScheduler: Error inserting flex_time=3533000 job_id=-1 period=7067000 source=16 requires_charging=0 preferred_network_type=1 target_class=com.google.android.gms.measurement.PackageMeasurementTaskService user_id=0 target_package=com.google.android.gms tag=Measurement.PackageMeasurementTaskService.UPLOAD_TASK_TAG task_type=0 required_idleness_state=0 service_kind=0 source_version=222615000 persistence_level=1 preferred_charging_state=1 required_network_type=0 runtime=1660485705373 retry_strategy={"maximum_backoff_seconds":{"3600":0},"initial_backoff_seconds":{"30":0},"retry_policy":{"0":0}} last_runtime=0 [CONTEXT service_id=218 ]
08-14 23:01:45.415 19044 30338 W NetworkScheduler: android.database.sqlite.SQLiteConstraintException: UNIQUE constraint failed: pending_ops.tag, pending_ops.target_class, pending_ops.target_package, pending_ops.user_id (code 2067 SQLITE_CONSTRAINT_UNIQUE)
08-14 23:01:45.415 19044 30338 W NetworkScheduler: 	at android.database.sqlite.SQLiteConnection.nativeExecuteForLastInsertedRowId(Native Method)
08-14 23:01:45.415 19044 30338 W NetworkScheduler: 	at android.database.sqlite.SQLiteConnection.executeForLastInsertedRowId(SQLiteConnection.java:938)
08-14 23:01:45.415 19044 30338 W NetworkScheduler: 	at android.database.sqlite.SQLiteSession.executeForLastInsertedRowId(SQLiteSession.java:790)
08-14 23:01:45.415 19044 30338 W NetworkScheduler: 	at android.database.sqlite.SQLiteStatement.executeInsert(SQLiteStatement.java:88)
08-14 23:01:45.415 19044 30338 W NetworkScheduler: 	at android.database.sqlite.SQLiteDatabase.insertWithOnConflict(SQLiteDatabase.java:1701)
08-14 23:01:45.415 19044 30338 W NetworkScheduler: 	at android.database.sqlite.SQLiteDatabase.insertOrThrow(SQLiteDatabase.java:1596)
08-14 23:01:45.415 19044 30338 W NetworkScheduler: 	at bexn.g(:com.google.android.gms@222615037@22.26.15 (150400-461192076):52)
08-14 23:01:45.415 19044 30338 W NetworkScheduler: 	at bewg.n(:com.google.android.gms@222615037@22.26.15 (150400-461192076):3)
08-14 23:01:45.415 19044 30338 W NetworkScheduler: 	at bewg.u(:com.google.android.gms@222615037@22.26.15 (150400-461192076):20)
08-14 23:01:45.415 19044 30338 W NetworkScheduler: 	at bewg.h(:com.google.android.gms@222615037@22.26.15 (150400-461192076):3)
08-14 23:01:45.415 19044 30338 W NetworkScheduler: 	at berx.run(:com.google.android.gms@222615037@22.26.15 (150400-461192076):9)
08-14 23:01:45.415 19044 30338 W NetworkScheduler: 	at xoc.c(:com.google.android.gms@222615037@22.26.15 (150400-461192076):6)
08-14 23:01:45.415 19044 30338 W NetworkScheduler: 	at xoc.run(:com.google.android.gms@222615037@22.26.15 (150400-461192076):7)
08-14 23:01:45.415 19044 30338 W NetworkScheduler: 	at java.util.concurrent.ThreadPoolExecutor.runWorker(ThreadPoolExecutor.java:1167)
08-14 23:01:45.415 19044 30338 W NetworkScheduler: 	at java.util.concurrent.ThreadPoolExecutor$Worker.run(ThreadPoolExecutor.java:641)
08-14 23:01:45.415 19044 30338 W NetworkScheduler: 	at xth.run(:com.google.android.gms@222615037@22.26.15 (150400-461192076):0)
08-14 23:01:45.415 19044 30338 W NetworkScheduler: 	at java.lang.Thread.run(Thread.java:923)
08-14 23:01:45.418  1469  5522 I InputDispatcher: setInputWindows displayId=0 Window{23ab89a u0 ScreenDecorOverlay} Window{4854998 u0 SecondaryHomeHandle0} Window{7adf0c5 u0 NavigationBar0} Window{5230afb u0 StatusBar} recents_animation_input_consumer Window{48ea68f u0 com.android.launcher3/com.android.searchlauncher.SearchLauncher} Window{31ce90f u0 com.android.launcher3/com.android.searchlauncher.SearchLauncher} Window{2082a46 u0 com.android.systemui.ImageWallpaper} 
08-14 23:01:45.433 32051 32051 I KeyboardViewUtil: KeyboardViewUtil.getKeyboardHeightRatio():168 systemKeyboardHeightRatio:1.000000; userKeyboardHeightRatio:1.000000.
08-14 23:01:45.443 32051 32051 I chatty  : uid=10142(com.google.android.inputmethod.latin) identical 2 lines
08-14 23:01:45.443 32051 32051 I KeyboardViewUtil: KeyboardViewUtil.getKeyboardHeightRatio():168 systemKeyboardHeightRatio:1.000000; userKeyboardHeightRatio:1.000000.
08-14 23:01:45.456 32051 32051 I DeviceModeUtil: DeviceModeUtil.getDeviceMode():121 Get device mode phone by ui mode:1 and smallestScreenWidthDp:411
08-14 23:01:45.458 32051 32051 I KeyboardViewUtil: KeyboardViewUtil.getKeyboardHeightRatio():168 systemKeyboardHeightRatio:1.000000; userKeyboardHeightRatio:1.000000.
08-14 23:01:45.462  1469  6470 V ActivityManager: Death received in com.android.server.am.ActivityManagerService$AppDeathRecipient@ecc17f for thread android.os.BinderProxy@efd454c
08-14 23:01:45.463   592   592 I Zygote  : Process 29765 exited due to signal 9 (Killed)
08-14 23:01:45.463  1469  7012 I WindowManager: WIN DEATH: Window{eef1cca u0 com.hirasho.eduTomoTrial/com.unity3d.player.UnityPlayerActivity}
08-14 23:01:45.463   646   995 V AudioPolicyIntefaceImpl: releaseOutput()
08-14 23:01:45.464  1469  7012 W InputDispatcher: Attempted to unregister already unregistered input channel 'eef1cca com.hirasho.eduTomoTrial/com.unity3d.player.UnityPlayerActivity (server)'
08-14 23:01:45.466   646   921 V AudioPolicyIntefaceImpl: doReleaseOutput from tid 921
08-14 23:01:45.469   646   921 D APM_AudioPolicyManager: [MTK_APM_Output]releaseOutput() 13 portId 456
08-14 23:01:45.471  1469  5481 I InputDispatcher: setInputWindows displayId=0 Window{23ab89a u0 ScreenDecorOverlay} Window{4854998 u0 SecondaryHomeHandle0} Window{7adf0c5 u0 NavigationBar0} Window{5230afb u0 StatusBar} Window{48ea68f u0 com.android.launcher3/com.android.searchlauncher.SearchLauncher} Window{31ce90f u0 com.android.launcher3/com.android.searchlauncher.SearchLauncher} Window{2082a46 u0 com.android.systemui.ImageWallpaper} 
08-14 23:01:45.471  1469  5481 I InputDispatcher: Window went away: recents_animation_input_consumer
08-14 23:01:45.473   658   658 I SurfaceFlinger: operator()(), mtkRenderCntDebug 48721, screenshot (com.android.systemui.ImageWallpaper#0)
08-14 23:01:45.473   658   658 I SurfaceFlinger: operator()(), mtkRenderCntDebug 48721, screenshot (com.android.launcher3/com.android.searchlauncher.SearchLauncher#1)
08-14 23:01:45.479  1469  1497 I libprocessgroup: Successfully killed process cgroup uid 10327 pid 29765 in 86ms
08-14 23:01:45.479 15954 15954 D BoundBrokerSvc: onUnbind: Intent { act=com.google.android.gms.measurement.START pkg=com.google.android.gms }
08-14 23:01:45.481 28625 28837 W Bugle   : TextClassifierLibManagerImpl: Reclaiming memory at level: 80
08-14 23:01:45.482   638   737 I libPowerHal: [perfNotifyAppState] pack:com.hirasho.eduTomoTrial, pid:29765, STATE_DEAD
08-14 23:01:45.482   638   737 D RilUtility: notify_rild_crash_pid_set certPid:-1, crash:29765, scn:0x0
08-14 23:01:45.487  1469  5481 I InputDispatcher: setInputWindows displayId=0 Window{23ab89a u0 ScreenDecorOverlay} Window{4854998 u0 SecondaryHomeHandle0} Window{7adf0c5 u0 NavigationBar0} Window{5230afb u0 StatusBar} Window{48ea68f u0 com.android.launcher3/com.android.searchlauncher.SearchLauncher} Window{31ce90f u0 com.android.launcher3/com.android.searchlauncher.SearchLauncher} Window{2082a46 u0 com.android.systemui.ImageWallpaper} 
08-14 23:01:45.505  1469  5522 D skia    : SkJpegCodec::onGetPixels +
08-14 23:01:45.505  1469  5522 D libjpeg-alpha-oal: SWIP_INIT return
08-14 23:01:45.506 19044 27533 I NearbyDiscovery: FastPair: AudioEventListener stopped playback is SASS_VOIP_APP_LIST app, audio mode=MODE_NORMAL, usage=USAGE_VOICE_COMMUNICATION [CONTEXT service_id=49 ]
