08-28 17:40:36.491  9756  9803 I Unity   : TransformToRtScreen: 196 216
08-28 17:40:36.576  9756  9803 D MLKit   : input 384x158 pixelCount=60672 id=149
08-28 17:40:36.628  9756  9756 D MLKit   : parseText 27Kg 1
08-28 17:40:36.628  9756  9756 D MLKit   : parseTextBlock 27Kg 1 (242,15) - (382,61)
08-28 17:40:36.628  9756  9756 D MLKit   : parseLine 27Kg 1 (241,15) - (382,60)
08-28 17:40:36.628  9756  9756 D MLKit   : parseElement 27Kg (241,15) - (382,60)
08-28 17:40:36.633  9756  9803 I Unity   : MLKitWrapper.OnComplete: json
08-28 17:40:36.633  9756  9803 I Unity   : {"requestId":148,"text":{"text":"27Kg","textBlocks":[{"boundingBox":{"bottom":61,"left":242,"right":382,"top":15},"cornerPoints":[{"x":243,"y":15},{"x":382,"y":18},{"x":381,"y":61},{"x":242,"y":57}],"lines":[{"boundingBox":{"bottom":60,"left":241,"right":382,"top":15},"cornerPoints":[{"x":243,"y":15},{"x":382,"y":18},{"x":380,"y":60},{"x":241,"y":57}],"elements":[{"boundingBox":{"bottom":60,"left":241,"right":382,"top":15},"cornerPoints":[{"x":243,"y":15},{"x":382,"y":18},{"x":380,"y":60},{"x":241,"y":57}],"recognizedLanguage":"und-Latn","text":"27Kg"}],"recognizedLanguage":"und-Latn","text":"27Kg"}],"recognizedLanguage":"und-Latn","text":"27Kg"}]}}
08-28 17:40:36.640  9756  9803 I Unity   : GetResult : True 148
08-28 17:40:36.641  9756  9803 I Unity   : TransformToRtScreen: 384 157
08-28 17:40:36.754  9756  9803 D MLKit   : input 384x199 pixelCount=76416 id=150
08-28 17:40:36.780  9756  9756 D MLKit   : parseText 27Kg 1
08-28 17:40:36.780  9756  9756 D MLKit   : parseTextBlock 27Kg 1 (243,15) - (381,61)
08-28 17:40:36.780  9756  9756 D MLKit   : parseLine 27Kg 1 (242,15) - (381,60)
08-28 17:40:36.780  9756  9756 D MLKit   : parseElement 27Kg (242,15) - (381,60)
08-28 17:40:36.787  9756  9803 I Unity   : MLKitWrapper.OnComplete: json
08-28 17:40:36.787  9756  9803 I Unity   : {"requestId":149,"text":{"text":"27Kg","textBlocks":[{"boundingBox":{"bottom":61,"left":243,"right":381,"top":15},"cornerPoints":[{"x":244,"y":15},{"x":381,"y":18},{"x":380,"y":61},{"x":243,"y":57}],"lines":[{"boundingBox":{"bottom":60,"left":242,"right":381,"top":15},"cornerPoints":[{"x":244,"y":15},{"x":381,"y":18},{"x":379,"y":60},{"x":242,"y":57}],"elements":[{"boundingBox":{"bottom":60,"left":242,"right":381,"top":15},"cornerPoints":[{"x":244,"y":15},{"x":381,"y":18},{"x":379,"y":60},{"x":242,"y":57}],"recognizedLanguage":"und-Latn","text":"27Kg"}],"recognizedLanguage":"und-Latn","text":"27Kg"}],"recognizedLanguage":"und-Latn","text":"27Kg"}]}}
08-28 17:40:36.803  9756  9803 I Unity   : GetResult : True 149
08-28 17:40:36.803  9756  9803 I Unity   : TransformToRtScreen: 384 158
08-28 17:40:36.867  9756  9803 D MLKit   : input 286x216 pixelCount=61776 id=151
08-28 17:40:36.943  9756  9756 D MLKit   : parseText 27Kg 1
08-28 17:40:36.943  9756  9756 D MLKit   : parseTextBlock 27Kg 1 (240,17) - (382,79)
08-28 17:40:36.943  9756  9756 D MLKit   : parseLine 27Kg 1 (239,17) - (382,78)
08-28 17:40:36.943  9756  9756 D MLKit   : parseElement 27Kg (239,17) - (382,78)
08-28 17:40:36.956  9756  9803 I Unity   : MLKitWrapper.OnComplete: json
08-28 17:40:36.956  9756  9803 I Unity   : {"requestId":150,"text":{"text":"27Kg","textBlocks":[{"boundingBox":{"bottom":79,"left":240,"right":382,"top":17},"cornerPoints":[{"x":243,"y":17},{"x":382,"y":25},{"x":379,"y":79},{"x":240,"y":70}],"lines":[{"boundingBox":{"bottom":78,"left":239,"right":382,"top":17},"cornerPoints":[{"x":243,"y":17},{"x":382,"y":25},{"x":378,"y":78},{"x":239,"y":70}],"elements":[{"boundingBox":{"bottom":78,"left":239,"right":382,"top":17},"cornerPoints":[{"x":243,"y":17},{"x":382,"y":25},{"x":378,"y":78},{"x":239,"y":70}],"recognizedLanguage":"und-Latn","text":"27Kg"}],"recognizedLanguage":"und-Latn","text":"27Kg"}],"recognizedLanguage":"und-Latn","text":"27Kg"}]}}
08-28 17:40:36.982  9756  9803 I Unity   : GetResult : True 150
08-28 17:40:36.983  9756  9803 I Unity   : TransformToRtScreen: 384 199
08-28 17:40:36.985  9756  9803 I Unity   : Cont. 60.255206/400	11/30-40
08-28 17:40:37.252  9756  9756 D MLKit   : parseText 27Kg 1
08-28 17:40:37.252  9756  9756 D MLKit   : parseTextBlock 27Kg 1 (180,24) - (284,84)
08-28 17:40:37.252  9756  9756 D MLKit   : parseLine 27Kg 1 (180,24) - (284,84)
08-28 17:40:37.252  9756  9756 D MLKit   : parseElement 27Kg (180,24) - (284,84)
08-28 17:40:37.268  9756  9803 I Unity   : MLKitWrapper.OnComplete: json
08-28 17:40:37.268  9756  9803 I Unity   : {"requestId":151,"text":{"text":"27Kg","textBlocks":[{"boundingBox":{"bottom":84,"left":180,"right":284,"top":24},"cornerPoints":[{"x":180,"y":24},{"x":284,"y":24},{"x":284,"y":84},{"x":180,"y":84}],"lines":[{"boundingBox":{"bottom":84,"left":180,"right":284,"top":24},"cornerPoints":[{"x":180,"y":24},{"x":284,"y":24},{"x":284,"y":84},{"x":180,"y":84}],"elements":[{"boundingBox":{"bottom":84,"left":180,"right":284,"top":24},"cornerPoints":[{"x":180,"y":24},{"x":284,"y":24},{"x":284,"y":84},{"x":180,"y":84}],"recognizedLanguage":"und-Latn","text":"27Kg"}],"recognizedLanguage":"und-Latn","text":"27Kg"}],"recognizedLanguage":"und-Latn","text":"27Kg"}]}}
08-28 17:40:37.283  9756  9803 I Unity   : GetResult : True 151
08-28 17:40:37.284  9756  9803 I Unity   : TransformToRtScreen: 286 216
08-28 17:40:37.932  9756  9803 D MLKit   : input 293x216 pixelCount=63288 id=152
08-28 17:40:38.221  9756  9756 D MLKit   : parseText 27Kg 1
08-28 17:40:38.221  9756  9756 D MLKit   : parseTextBlock 27Kg 1 (184,26) - (290,84)
08-28 17:40:38.221  9756  9756 D MLKit   : parseLine 27Kg 1 (184,26) - (290,84)
08-28 17:40:38.221  9756  9756 D MLKit   : parseElement 27Kg (184,26) - (290,84)
08-28 17:40:38.224  9756  9803 I Unity   : MLKitWrapper.OnComplete: json
08-28 17:40:38.224  9756  9803 I Unity   : {"requestId":152,"text":{"text":"27Kg","textBlocks":[{"boundingBox":{"bottom":84,"left":184,"right":290,"top":26},"cornerPoints":[{"x":184,"y":26},{"x":290,"y":26},{"x":290,"y":84},{"x":184,"y":84}],"lines":[{"boundingBox":{"bottom":84,"left":184,"right":290,"top":26},"cornerPoints":[{"x":184,"y":26},{"x":290,"y":26},{"x":290,"y":84},{"x":184,"y":84}],"elements":[{"boundingBox":{"bottom":84,"left":184,"right":290,"top":26},"cornerPoints":[{"x":184,"y":26},{"x":290,"y":26},{"x":290,"y":84},{"x":184,"y":84}],"recognizedLanguage":"und-Latn","text":"27Kg"}],"recognizedLanguage":"und-Latn","text":"27Kg"}],"recognizedLanguage":"und-Latn","text":"27Kg"}]}}
08-28 17:40:38.233  9756  9803 I Unity   : GetResult : True 152
08-28 17:40:38.233  9756  9803 I Unity   : TransformToRtScreen: 293 216
08-28 17:40:38.317  9756  9803 D MLKit   : input 384x196 pixelCount=75264 id=153
08-28 17:40:38.497  9756  9756 D MLKit   : parseText 27Kg
08-28 17:40:38.497  9756  9756 D MLKit   : J 2
08-28 17:40:38.497  9756  9756 D MLKit   : parseTextBlock 27Kg 1 (242,18) - (382,76)
08-28 17:40:38.497  9756  9756 D MLKit   : parseLine 27Kg 1 (241,18) - (382,75)
08-28 17:40:38.497  9756  9756 D MLKit   : parseElement 27Kg (241,18) - (382,75)
08-28 17:40:38.497  9756  9756 D MLKit   : parseTextBlock J 1 (277,96) - (323,130)
08-28 17:40:38.497  9756  9756 D MLKit   : parseLine J 1 (277,96) - (323,130)
08-28 17:40:38.498  9756  9756 D MLKit   : parseElement J (277,96) - (323,130)
08-28 17:40:38.513  9756  9803 I Unity   : MLKitWrapper.OnComplete: json
08-28 17:40:38.513  9756  9803 I Unity   : {"requestId":153,"text":{"text":"27Kg\nJ","textBlocks":[{"boundingBox":{"bottom":76,"left":242,"right":382,"top":18},"cornerPoints":[{"x":244,"y":18},{"x":382,"y":23},{"x":380,"y":76},{"x":242,"y":70}],"lines":[{"boundingBox":{"bottom":75,"left":241,"right":382,"top":18},"cornerPoints":[{"x":244,"y":18},{"x":382,"y":23},{"x":379,"y":75},{"x":241,"y":70}],"elements":[{"boundingBox":{"bottom":75,"left":241,"right":382,"top":18},"cornerPoints":[{"x":244,"y":18},{"x":382,"y":23},{"x":379,"y":75},{"x":241,"y":70}],"recognizedLanguage":"und-Latn","text":"27Kg"}],"recognizedLanguage":"und-Latn","text":"27Kg"}],"recognizedLanguage":"und-Latn","text":"27Kg"},{"boundingBox":{"bottom":130,"left":277,"right":323,"top":96},"cornerPoints":[{"x":277,"y":130},{"x":277,"y":96},{"x":323,"y":96},{"x":323,"y":130}],"lines":[{"boundingBox":{"bottom":130,"left":277,"right":323,"top":96},"cornerPoints":[{"x":277,"y":130},{"x":277,"y":96},{"x":323,"y":96},{"x":323,"y":130}],"elements":[{"boundingBox":{
08-28 17:40:38.527  9756  9803 I Unity   : GetResult : True 153
08-28 17:40:38.527  9756  9803 I Unity   : TransformToRtScreen: 384 196
08-28 17:40:38.610  9756  9803 D MLKit   : input 384x166 pixelCount=63744 id=154
08-28 17:40:38.766  9756  9756 D MLKit   : parseText 27Kg 1
08-28 17:40:38.766  9756  9756 D MLKit   : parseTextBlock 27Kg 1 (240,12) - (382,67)
08-28 17:40:38.766  9756  9756 D MLKit   : parseLine 27Kg 1 (239,12) - (382,66)
08-28 17:40:38.766  9756  9756 D MLKit   : parseElement 27Kg (239,12) - (382,66)
08-28 17:40:38.773  9756  9803 D MLKit   : input 384x150 pixelCount=57600 id=155
08-28 17:40:38.778  9756  9803 I Unity   : MLKitWrapper.OnComplete: json
08-28 17:40:38.778  9756  9803 I Unity   : {"requestId":154,"text":{"text":"27Kg","textBlocks":[{"boundingBox":{"bottom":67,"left":240,"right":382,"top":12},"cornerPoints":[{"x":243,"y":12},{"x":382,"y":21},{"x":379,"y":67},{"x":240,"y":57}],"lines":[{"boundingBox":{"bottom":66,"left":239,"right":382,"top":12},"cornerPoints":[{"x":243,"y":12},{"x":382,"y":21},{"x":378,"y":66},{"x":239,"y":57}],"elements":[{"boundingBox":{"bottom":66,"left":239,"right":382,"top":12},"cornerPoints":[{"x":243,"y":12},{"x":382,"y":21},{"x":378,"y":66},{"x":239,"y":57}],"recognizedLanguage":"und-Latn","text":"27Kg"}],"recognizedLanguage":"und-Latn","text":"27Kg"}],"recognizedLanguage":"und-Latn","text":"27Kg"}]}}
08-28 17:40:38.792  9756  9803 I Unity   : GetResult : True 154
08-28 17:40:38.793  9756  9803 I Unity   : TransformToRtScreen: 384 166
08-28 17:40:38.858  9756  9803 D MLKit   : input 317x216 pixelCount=68472 id=156
08-28 17:40:38.932  9756  9756 D MLKit   : parseText 27Kg 1
08-28 17:40:38.932  9756  9756 D MLKit   : parseTextBlock 27Kg 1 (243,16) - (382,60)
08-28 17:40:38.932  9756  9756 D MLKit   : parseLine 27Kg 1 (242,16) - (382,59)
08-28 17:40:38.932  9756  9756 D MLKit   : parseElement 27Kg (242,16) - (382,59)
08-28 17:40:38.944  9756  9803 I Unity   : MLKitWrapper.OnComplete: json
08-28 17:40:38.944  9756  9803 I Unity   : {"requestId":155,"text":{"text":"27Kg","textBlocks":[{"boundingBox":{"bottom":60,"left":243,"right":382,"top":16},"cornerPoints":[{"x":244,"y":16},{"x":382,"y":20},{"x":381,"y":60},{"x":243,"y":55}],"lines":[{"boundingBox":{"bottom":59,"left":242,"right":382,"top":16},"cornerPoints":[{"x":244,"y":16},{"x":382,"y":20},{"x":380,"y":59},{"x":242,"y":55}],"elements":[{"boundingBox":{"bottom":59,"left":242,"right":382,"top":16},"cornerPoints":[{"x":244,"y":16},{"x":382,"y":20},{"x":380,"y":59},{"x":242,"y":55}],"recognizedLanguage":"und-Latn","text":"27Kg"}],"recognizedLanguage":"und-Latn","text":"27Kg"}],"recognizedLanguage":"und-Latn","text":"27Kg"}]}}
08-28 17:40:38.960  9756  9803 I Unity   : GetResult : True 155
08-28 17:40:38.961  9756  9803 I Unity   : TransformToRtScreen: 384 150
08-28 17:40:39.041  9756  9803 D MLKit   : input 246x216 pixelCount=53136 id=157
08-28 17:40:39.278  9756  9756 D MLKit   : parseText 27Kg
08-28 17:40:39.278  9756  9756 D MLKit   : 3 1
08-28 17:40:39.278  9756  9756 D MLKit   : parseTextBlock 27Kg
08-28 17:40:39.278  9756  9756 D MLKit   : 3 2 (195,23) - (315,195)
08-28 17:40:39.278  9756  9756 D MLKit   : parseLine 27Kg 1 (198,23) - (315,84)
08-28 17:40:39.278  9756  9756 D MLKit   : parseElement 27Kg (198,23) - (315,84)
08-28 17:40:39.278  9756  9756 D MLKit   : parseLine 3 1 (228,107) - (275,193)
08-28 17:40:39.278  9756  9756 D MLKit   : parseElement 3 (228,107) - (275,193)
08-28 17:40:39.289  9756  9803 I Unity   : MLKitWrapper.OnComplete: json
08-28 17:40:39.289  9756  9803 I Unity   : {"requestId":156,"text":{"text":"27Kg\n3","textBlocks":[{"boundingBox":{"bottom":195,"left":195,"right":315,"top":23},"cornerPoints":[{"x":200,"y":23},{"x":315,"y":26},{"x":310,"y":195},{"x":195,"y":191}],"lines":[{"boundingBox":{"bottom":84,"left":198,"right":315,"top":23},"cornerPoints":[{"x":200,"y":23},{"x":315,"y":26},{"x":313,"y":84},{"x":198,"y":81}],"elements":[{"boundingBox":{"bottom":84,"left":198,"right":315,"top":23},"cornerPoints":[{"x":200,"y":23},{"x":315,"y":26},{"x":313,"y":84},{"x":198,"y":81}],"recognizedLanguage":"und-Latn","text":"27Kg"}],"recognizedLanguage":"und-Latn","text":"27Kg"},{"boundingBox":{"bottom":193,"left":228,"right":275,"top":107},"cornerPoints":[{"x":228,"y":107},{"x":275,"y":107},{"x":275,"y":193},{"x":228,"y":193}],"elements":[{"boundingBox":{"bottom":193,"left":228,"right":275,"top":107},"cornerPoints":[{"x":228,"y":107},{"x":275,"y":107},{"x":275,"y":193},{"x":228,"y":193}],"recognizedLanguage":"und-Latn","text":"3"}],"recognizedLanguage
08-28 17:40:39.309  9756  9803 I Unity   : GetResult : True 156
08-28 17:40:39.310  9756  9803 I Unity   : TransformToRtScreen: 317 216
08-28 17:40:39.406  9756  9803 D MLKit   : input 325x216 pixelCount=70200 id=158
08-28 17:40:39.608  9756  9756 D MLKit   : parseText 27Kg
08-28 17:40:39.608  9756  9756 D MLKit   : 3 2
08-28 17:40:39.608  9756  9756 D MLKit   : parseTextBlock 27Kg 1 (156,24) - (244,84)
08-28 17:40:39.608  9756  9756 D MLKit   : parseLine 27Kg 1 (155,24) - (244,83)
08-28 17:40:39.608  9756  9756 D MLKit   : parseElement 27Kg (155,24) - (244,83)
08-28 17:40:39.608  9756  9756 D MLKit   : parseTextBlock 3 1 (164,103) - (224,201)
08-28 17:40:39.608  9756  9756 D MLKit   : parseLine 3 1 (164,103) - (224,201)
08-28 17:40:39.608  9756  9756 D MLKit   : parseElement 3 (164,103) - (224,201)
08-28 17:40:39.619  9756  9803 I Unity   : MLKitWrapper.OnComplete: json
08-28 17:40:39.619  9756  9803 I Unity   : {"requestId":157,"text":{"text":"27Kg\n3","textBlocks":[{"boundingBox":{"bottom":84,"left":156,"right":244,"top":24},"cornerPoints":[{"x":156,"y":24},{"x":244,"y":25},{"x":244,"y":84},{"x":156,"y":82}],"lines":[{"boundingBox":{"bottom":83,"left":155,"right":244,"top":24},"cornerPoints":[{"x":156,"y":24},{"x":244,"y":25},{"x":243,"y":83},{"x":155,"y":82}],"elements":[{"boundingBox":{"bottom":83,"left":155,"right":244,"top":24},"cornerPoints":[{"x":156,"y":24},{"x":244,"y":25},{"x":243,"y":83},{"x":155,"y":82}],"recognizedLanguage":"und-Latn","text":"27Kg"}],"recognizedLanguage":"und-Latn","text":"27Kg"}],"recognizedLanguage":"und-Latn","text":"27Kg"},{"boundingBox":{"bottom":201,"left":164,"right":224,"top":103},"cornerPoints":[{"x":164,"y":103},{"x":224,"y":103},{"x":224,"y":201},{"x":164,"y":201}],"lines":[{"boundingBox":{"bottom":201,"left":164,"right":224,"top":103},"cornerPoints":[{"x":164,"y":103},{"x":224,"y":103},{"x":224,"y":201},{"x":164,"y":201}],"elements":[{"bounding
08-28 17:40:39.640  9756  9803 I Unity   : GetResult : True 157
08-28 17:40:39.640  9756  9803 I Unity   : TransformToRtScreen: 246 216
08-28 17:40:39.712  9756  9803 D MLKit   : input 384x158 pixelCount=60672 id=159
08-28 17:40:39.801  9756  9756 D MLKit   : parseText 27Kg
08-28 17:40:39.801  9756  9756 D MLKit   : 3 2
08-28 17:40:39.801  9756  9756 D MLKit   : parseTextBlock 27Kg 1 (199,15) - (327,87)
08-28 17:40:39.801  9756  9756 D MLKit   : parseLine 27Kg 1 (198,15) - (327,87)
08-28 17:40:39.801  9756  9756 D MLKit   : parseElement 27Kg (198,15) - (327,87)
08-28 17:40:39.801  9756  9756 D MLKit   : parseTextBlock 3 1 (234,107) - (282,193)
08-28 17:40:39.801  9756  9756 D MLKit   : parseLine 3 1 (234,107) - (282,193)
08-28 17:40:39.801  9756  9756 D MLKit   : parseElement 3 (234,107) - (282,193)
08-28 17:40:39.808  9756  9803 I Unity   : Cont. 63.077952/400	12/30-40
08-28 17:40:39.814  9756  9803 I Unity   : MLKitWrapper.OnComplete: json
08-28 17:40:39.814  9756  9803 I Unity   : {"requestId":158,"text":{"text":"27Kg\n3","textBlocks":[{"boundingBox":{"bottom":87,"left":199,"right":327,"top":15},"cornerPoints":[{"x":206,"y":15},{"x":327,"y":30},{"x":319,"y":87},{"x":199,"y":72}],"lines":[{"boundingBox":{"bottom":87,"left":198,"right":327,"top":15},"cornerPoints":[{"x":206,"y":15},{"x":327,"y":30},{"x":319,"y":87},{"x":198,"y":72}],"elements":[{"boundingBox":{"bottom":87,"left":198,"right":327,"top":15},"cornerPoints":[{"x":206,"y":15},{"x":327,"y":30},{"x":319,"y":87},{"x":198,"y":72}],"recognizedLanguage":"und-Latn","text":"27Kg"}],"recognizedLanguage":"und-Latn","text":"27Kg"}],"recognizedLanguage":"und-Latn","text":"27Kg"},{"boundingBox":{"bottom":193,"left":234,"right":282,"top":107},"cornerPoints":[{"x":234,"y":107},{"x":282,"y":107},{"x":282,"y":193},{"x":234,"y":193}],"lines":[{"boundingBox":{"bottom":193,"left":234,"right":282,"top":107},"cornerPoints":[{"x":234,"y":107},{"x":282,"y":107},{"x":282,"y":193},{"x":234,"y":193}],"elements":[{"bounding
08-28 17:40:39.835  9756  9803 I Unity   : GetResult : True 158
08-28 17:40:39.835  9756  9803 I Unity   : TransformToRtScreen: 325 216
08-28 17:40:39.997  9756  9756 D MLKit   : parseText 27Kg
08-28 17:40:39.997  9756  9756 D MLKit   : 3 2
08-28 17:40:39.998  9756  9756 D MLKit   : parseTextBlock 27Kg 1 (242,15) - (382,62)
08-28 17:40:39.998  9756  9756 D MLKit   : parseLine 27Kg 1 (241,15) - (382,61)
08-28 17:40:39.998  9756  9756 D MLKit   : parseElement 27Kg (241,15) - (382,61)
08-28 17:40:39.998  9756  9756 D MLKit   : parseTextBlock 3 1 (244,74) - (368,150)
08-28 17:40:39.998  9756  9756 D MLKit   : parseLine 3 1 (244,74) - (368,150)
08-28 17:40:39.998  9756  9756 D MLKit   : parseElement 3 (244,74) - (368,150)
08-28 17:40:40.000  9756  9803 I Unity   : MLKitWrapper.OnComplete: json
08-28 17:40:40.000  9756  9803 I Unity   : {"requestId":159,"text":{"text":"27Kg\n3","textBlocks":[{"boundingBox":{"bottom":62,"left":242,"right":382,"top":15},"cornerPoints":[{"x":243,"y":15},{"x":382,"y":18},{"x":381,"y":62},{"x":242,"y":58}],"lines":[{"boundingBox":{"bottom":61,"left":241,"right":382,"top":15},"cornerPoints":[{"x":243,"y":15},{"x":382,"y":18},{"x":380,"y":61},{"x":241,"y":58}],"elements":[{"boundingBox":{"bottom":61,"left":241,"right":382,"top":15},"cornerPoints":[{"x":243,"y":15},{"x":382,"y":18},{"x":380,"y":61},{"x":241,"y":58}],"recognizedLanguage":"und-Latn","text":"27Kg"}],"recognizedLanguage":"und-Latn","text":"27Kg"}],"recognizedLanguage":"und-Latn","text":"27Kg"},{"boundingBox":{"bottom":150,"left":244,"right":368,"top":74},"cornerPoints":[{"x":244,"y":74},{"x":368,"y":74},{"x":368,"y":150},{"x":244,"y":150}],"lines":[{"boundingBox":{"bottom":150,"left":244,"right":368,"top":74},"cornerPoints":[{"x":244,"y":74},{"x":368,"y":74},{"x":368,"y":150},{"x":244,"y":150}],"elements":[{"boundingBox":{
08-28 17:40:40.013  9756  9803 I Unity   : GetResult : True 159
08-28 17:40:40.014  9756  9803 I Unity   : TransformToRtScreen: 384 158
08-28 17:40:40.799  9756  9803 D MLKit   : input 209x216 pixelCount=45144 id=160
08-28 17:40:41.017  9756  9756 D MLKit   : parseText 27Kg 1
08-28 17:40:41.017  9756  9756 D MLKit   : parseTextBlock 27Kg 1 (130,22) - (208,85)
08-28 17:40:41.017  9756  9756 D MLKit   : parseLine 27Kg 1 (129,22) - (208,84)
08-28 17:40:41.018  9756  9756 D MLKit   : parseElement 27Kg (129,22) - (208,84)
08-28 17:40:41.021  9756  9803 I Unity   : MLKitWrapper.OnComplete: json
08-28 17:40:41.021  9756  9803 I Unity   : {"requestId":160,"text":{"text":"27Kg","textBlocks":[{"boundingBox":{"bottom":85,"left":130,"right":208,"top":22},"cornerPoints":[{"x":132,"y":22},{"x":208,"y":25},{"x":205,"y":85},{"x":130,"y":81}],"lines":[{"boundingBox":{"bottom":84,"left":129,"right":208,"top":22},"cornerPoints":[{"x":132,"y":22},{"x":208,"y":25},{"x":205,"y":84},{"x":129,"y":81}],"elements":[{"boundingBox":{"bottom":84,"left":129,"right":208,"top":22},"cornerPoints":[{"x":132,"y":22},{"x":208,"y":25},{"x":205,"y":84},{"x":129,"y":81}],"recognizedLanguage":"und-Latn","text":"27Kg"}],"recognizedLanguage":"und-Latn","text":"27Kg"}],"recognizedLanguage":"und-Latn","text":"27Kg"}]}}
08-28 17:40:41.035  9756  9803 I Unity   : GetResult : True 160
08-28 17:40:41.036  9756  9803 I Unity   : TransformToRtScreen: 209 216
08-28 17:40:41.110  9756  9803 D MLKit   : input 204x216 pixelCount=44064 id=161
08-28 17:40:41.337  9756  9756 D MLKit   : parseText  0
08-28 17:40:41.349  9756  9803 I Unity   : MLKitWrapper.OnComplete: json
08-28 17:40:41.349  9756  9803 I Unity   : {"requestId":161,"text":{"text":"","textBlocks":[]}}
08-28 17:40:41.410  9756  9803 D MLKit   : input 370x216 pixelCount=79920 id=162
08-28 17:40:41.415  9756  9803 I Unity   : GetResult : True 161
08-28 17:40:41.415  9756  9803 I Unity   : TransformToRtScreen: 204 216
08-28 17:40:41.460  9756  9803 D MLKit   : input 221x216 pixelCount=47736 id=163
08-28 17:40:41.613  9756  9756 D MLKit   : parseText 27Kg 1
08-28 17:40:41.613  9756  9756 D MLKit   : parseTextBlock 27Kg 1 (232,20) - (368,85)
08-28 17:40:41.613  9756  9756 D MLKit   : parseLine 27Kg 1 (231,20) - (368,84)
08-28 17:40:41.613  9756  9756 D MLKit   : parseElement 27Kg (231,20) - (368,84)
08-28 17:40:41.624  9756  9803 I Unity   : MLKitWrapper.OnComplete: json
08-28 17:40:41.624  9756  9803 I Unity   : {"requestId":162,"text":{"text":"27Kg","textBlocks":[{"boundingBox":{"bottom":85,"left":232,"right":368,"top":20},"cornerPoints":[{"x":234,"y":20},{"x":368,"y":26},{"x":366,"y":85},{"x":232,"y":78}],"lines":[{"boundingBox":{"bottom":84,"left":231,"right":368,"top":20},"cornerPoints":[{"x":234,"y":20},{"x":368,"y":26},{"x":365,"y":84},{"x":231,"y":78}],"elements":[{"boundingBox":{"bottom":84,"left":231,"right":368,"top":20},"cornerPoints":[{"x":234,"y":20},{"x":368,"y":26},{"x":365,"y":84},{"x":231,"y":78}],"recognizedLanguage":"und-Latn","text":"27Kg"}],"recognizedLanguage":"und-Latn","text":"27Kg"}],"recognizedLanguage":"und-Latn","text":"27Kg"}]}}
08-28 17:40:41.646  9756  9803 I Unity   : GetResult : True 162
08-28 17:40:41.651  9756  9803 I Unity   : TransformToRtScreen: 370 216
08-28 17:40:41.719  9756  9803 D MLKit   : input 253x216 pixelCount=54648 id=164
08-28 17:40:41.943  9756  9756 D MLKit   : parseText 27Kg 1
08-28 17:40:41.943  9756  9756 D MLKit   : parseTextBlock 27Kg 1 (139,23) - (219,85)
08-28 17:40:41.944  9756  9756 D MLKit   : parseLine 27Kg 1 (138,23) - (219,84)
08-28 17:40:41.944  9756  9756 D MLKit   : parseElement 27Kg (138,23) - (219,84)
08-28 17:40:41.952  9756  9803 I Unity   : MLKitWrapper.OnComplete: json
08-28 17:40:41.952  9756  9803 I Unity   : {"requestId":163,"text":{"text":"27Kg","textBlocks":[{"boundingBox":{"bottom":85,"left":139,"right":219,"top":23},"cornerPoints":[{"x":140,"y":23},{"x":219,"y":25},{"x":217,"y":85},{"x":139,"y":82}],"lines":[{"boundingBox":{"bottom":84,"left":138,"right":219,"top":23},"cornerPoints":[{"x":140,"y":23},{"x":219,"y":25},{"x":217,"y":84},{"x":138,"y":82}],"elements":[{"boundingBox":{"bottom":84,"left":138,"right":219,"top":23},"cornerPoints":[{"x":140,"y":23},{"x":219,"y":25},{"x":217,"y":84},{"x":138,"y":82}],"recognizedLanguage":"und-Latn","text":"27Kg"}],"recognizedLanguage":"und-Latn","text":"27Kg"}],"recognizedLanguage":"und-Latn","text":"27Kg"}]}}
08-28 17:40:41.967  9756  9803 I Unity   : GetResult : True 163
08-28 17:40:41.968  9756  9803 I Unity   : TransformToRtScreen: 221 216
08-28 17:40:42.052  9756  9803 D MLKit   : input 247x216 pixelCount=53352 id=165
08-28 17:40:42.229  9756  9756 D MLKit   : parseText 27Kg 1
08-28 17:40:42.229  9756  9756 D MLKit   : parseTextBlock 27Kg 1 (158,22) - (252,85)
08-28 17:40:42.229  9756  9756 D MLKit   : parseLine 27Kg 1 (157,22) - (252,84)
08-28 17:40:42.229  9756  9756 D MLKit   : parseElement 27Kg (157,22) - (252,84)
08-28 17:40:42.246  9756  9803 I Unity   : MLKitWrapper.OnComplete: json
08-28 17:40:42.246  9756  9803 I Unity   : {"requestId":164,"text":{"text":"27Kg","textBlocks":[{"boundingBox":{"bottom":85,"left":158,"right":252,"top":22},"cornerPoints":[{"x":160,"y":22},{"x":252,"y":26},{"x":249,"y":85},{"x":158,"y":80}],"lines":[{"boundingBox":{"bottom":84,"left":157,"right":252,"top":22},"cornerPoints":[{"x":160,"y":22},{"x":252,"y":26},{"x":249,"y":84},{"x":157,"y":80}],"elements":[{"boundingBox":{"bottom":84,"left":157,"right":252,"top":22},"cornerPoints":[{"x":160,"y":22},{"x":252,"y":26},{"x":249,"y":84},{"x":157,"y":80}],"recognizedLanguage":"und-Latn","text":"27Kg"}],"recognizedLanguage":"und-Latn","text":"27Kg"}],"recognizedLanguage":"und-Latn","text":"27Kg"}]}}
08-28 17:40:42.268  9756  9803 I Unity   : GetResult : True 164
08-28 17:40:42.274  9756  9803 I Unity   : TransformToRtScreen: 253 216
08-28 17:40:42.339  9756  9803 D MLKit   : input 215x216 pixelCount=46440 id=166
08-28 17:40:42.510  9756  9756 D MLKit   : parseText 27Kg
08-28 17:40:42.510  9756  9756 D MLKit   : 2 2
08-28 17:40:42.510  9756  9756 D MLKit   : parseTextBlock 27Kg 1 (155,23) - (245,85)
08-28 17:40:42.510  9756  9756 D MLKit   : parseLine 27Kg 1 (154,23) - (245,84)
08-28 17:40:42.510  9756  9756 D MLKit   : parseElement 27Kg (154,23) - (245,84)
08-28 17:40:42.510  9756  9756 D MLKit   : parseTextBlock 2 1 (172,105) - (221,177)
08-28 17:40:42.510  9756  9756 D MLKit   : parseLine 2 1 (172,105) - (221,177)
08-28 17:40:42.510  9756  9756 D MLKit   : parseElement 2 (172,105) - (221,177)
08-28 17:40:42.523  9756  9803 I Unity   : MLKitWrapper.OnComplete: json
08-28 17:40:42.523  9756  9803 I Unity   : {"requestId":165,"text":{"text":"27Kg\n2","textBlocks":[{"boundingBox":{"bottom":85,"left":155,"right":245,"top":23},"cornerPoints":[{"x":156,"y":23},{"x":245,"y":24},{"x":244,"y":85},{"x":155,"y":83}],"lines":[{"boundingBox":{"bottom":84,"left":154,"right":245,"top":23},"cornerPoints":[{"x":156,"y":23},{"x":245,"y":24},{"x":243,"y":84},{"x":154,"y":83}],"elements":[{"boundingBox":{"bottom":84,"left":154,"right":245,"top":23},"cornerPoints":[{"x":156,"y":23},{"x":245,"y":24},{"x":243,"y":84},{"x":154,"y":83}],"recognizedLanguage":"und-Latn","text":"27Kg"}],"recognizedLanguage":"und-Latn","text":"27Kg"}],"recognizedLanguage":"und-Latn","text":"27Kg"},{"boundingBox":{"bottom":177,"left":172,"right":221,"top":105},"cornerPoints":[{"x":172,"y":105},{"x":221,"y":105},{"x":221,"y":177},{"x":172,"y":177}],"lines":[{"boundingBox":{"bottom":177,"left":172,"right":221,"top":105},"cornerPoints":[{"x":172,"y":105},{"x":221,"y":105},{"x":221,"y":177},{"x":172,"y":177}],"elements":[{"bounding
08-28 17:40:42.547  9756  9803 I Unity   : GetResult : True 165
08-28 17:40:42.547  9756  9803 I Unity   : TransformToRtScreen: 247 216
08-28 17:40:42.612  9756  9803 D MLKit   : input 384x151 pixelCount=57984 id=167
08-28 17:40:42.853  9756  9756 D MLKit   : parseText 27Kg 1
08-28 17:40:42.853  9756  9756 D MLKit   : parseTextBlock 27Kg 1 (135,23) - (213,84)
08-28 17:40:42.853  9756  9756 D MLKit   : parseLine 27Kg 1 (134,23) - (213,83)
08-28 17:40:42.853  9756  9756 D MLKit   : parseElement 27Kg (134,23) - (213,83)
08-28 17:40:42.870  9756  9803 I Unity   : MLKitWrapper.OnComplete: json
08-28 17:40:42.870  9756  9803 I Unity   : {"requestId":166,"text":{"text":"27Kg","textBlocks":[{"boundingBox":{"bottom":84,"left":135,"right":213,"top":23},"cornerPoints":[{"x":136,"y":23},{"x":213,"y":25},{"x":212,"y":84},{"x":135,"y":81}],"lines":[{"boundingBox":{"bottom":83,"left":134,"right":213,"top":23},"cornerPoints":[{"x":136,"y":23},{"x":213,"y":25},{"x":211,"y":83},{"x":134,"y":81}],"elements":[{"boundingBox":{"bottom":83,"left":134,"right":213,"top":23},"cornerPoints":[{"x":136,"y":23},{"x":213,"y":25},{"x":211,"y":83},{"x":134,"y":81}],"recognizedLanguage":"und-Latn","text":"27Kg"}],"recognizedLanguage":"und-Latn","text":"27Kg"}],"recognizedLanguage":"und-Latn","text":"27Kg"}]}}
08-28 17:40:42.882  9756  9803 I Unity   : GetResult : True 166
08-28 17:40:42.883  9756  9803 I Unity   : TransformToRtScreen: 215 216
08-28 17:40:42.982  9756  9803 D MLKit   : input 382x216 pixelCount=82512 id=168
08-28 17:40:43.006  9756  9756 D MLKit   : parseText 27Kg 1
08-28 17:40:43.007  9756  9756 D MLKit   : parseTextBlock 27Kg 1 (243,16) - (382,60)
08-28 17:40:43.007  9756  9756 D MLKit   : parseLine 27Kg 1 (242,16) - (382,59)
08-28 17:40:43.007  9756  9756 D MLKit   : parseElement 27Kg (242,16) - (382,59)
08-28 17:40:43.015  9756  9803 I Unity   : MLKitWrapper.OnComplete: json
08-28 17:40:43.015  9756  9803 I Unity   : {"requestId":167,"text":{"text":"27Kg","textBlocks":[{"boundingBox":{"bottom":60,"left":243,"right":382,"top":16},"cornerPoints":[{"x":244,"y":16},{"x":382,"y":20},{"x":381,"y":60},{"x":243,"y":55}],"lines":[{"boundingBox":{"bottom":59,"left":242,"right":382,"top":16},"cornerPoints":[{"x":244,"y":16},{"x":382,"y":20},{"x":380,"y":59},{"x":242,"y":55}],"elements":[{"boundingBox":{"bottom":59,"left":242,"right":382,"top":16},"cornerPoints":[{"x":244,"y":16},{"x":382,"y":20},{"x":380,"y":59},{"x":242,"y":55}],"recognizedLanguage":"und-Latn","text":"27Kg"}],"recognizedLanguage":"und-Latn","text":"27Kg"}],"recognizedLanguage":"und-Latn","text":"27Kg"}]}}
08-28 17:40:43.028  9756  9803 I Unity   : GetResult : True 167
08-28 17:40:43.028  9756  9803 I Unity   : TransformToRtScreen: 384 151
08-28 17:40:43.091  9756  9803 D MLKit   : input 208x216 pixelCount=44928 id=169
08-28 17:40:43.097  9756  9803 I Unity   : Cont. 66.367844/400	13/30-40
08-28 17:40:43.285  9756  9756 D MLKit   : parseText 27Kg 1
08-28 17:40:43.285  9756  9756 D MLKit   : parseTextBlock 27Kg 1 (238,20) - (380,86)
08-28 17:40:43.285  9756  9756 D MLKit   : parseLine 27Kg 1 (237,20) - (380,85)
08-28 17:40:43.285  9756  9756 D MLKit   : parseElement 27Kg (237,20) - (380,85)
08-28 17:40:43.301  9756  9803 I Unity   : MLKitWrapper.OnComplete: json
08-28 17:40:43.301  9756  9803 I Unity   : {"requestId":168,"text":{"text":"27Kg","textBlocks":[{"boundingBox":{"bottom":86,"left":238,"right":380,"top":20},"cornerPoints":[{"x":241,"y":20},{"x":380,"y":28},{"x":377,"y":86},{"x":238,"y":77}],"lines":[{"boundingBox":{"bottom":85,"left":237,"right":380,"top":20},"cornerPoints":[{"x":241,"y":20},{"x":380,"y":28},{"x":376,"y":85},{"x":237,"y":77}],"elements":[{"boundingBox":{"bottom":85,"left":237,"right":380,"top":20},"cornerPoints":[{"x":241,"y":20},{"x":380,"y":28},{"x":376,"y":85},{"x":237,"y":77}],"recognizedLanguage":"und-Latn","text":"27Kg"}],"recognizedLanguage":"und-Latn","text":"27Kg"}],"recognizedLanguage":"und-Latn","text":"27Kg"}]}}
08-28 17:40:43.323  9756  9803 I Unity   : GetResult : True 168
08-28 17:40:43.323  9756  9803 I Unity   : TransformToRtScreen: 382 216
08-28 17:40:43.543  9756  9756 D MLKit   : parseText  0
08-28 17:40:43.545  9756  9803 I Unity   : MLKitWrapper.OnComplete: json
08-28 17:40:43.545  9756  9803 I Unity   : {"requestId":169,"text":{"text":"","textBlocks":[]}}
08-28 17:40:43.558  9756  9803 I Unity   : GetResult : True 169
08-28 17:40:43.559  9756  9803 I Unity   : TransformToRtScreen: 208 216
08-28 17:40:44.138  9756  9803 D MLKit   : input 384x196 pixelCount=75264 id=170
08-28 17:40:44.313  9756  9756 D MLKit   : parseText 27Kg 1
08-28 17:40:44.314  9756  9756 D MLKit   : parseTextBlock 27Kg 1 (242,18) - (382,78)
08-28 17:40:44.314  9756  9756 D MLKit   : parseLine 27Kg 1 (241,18) - (382,77)
08-28 17:40:44.314  9756  9756 D MLKit   : parseElement 27Kg (241,18) - (382,77)
08-28 17:40:44.321  9756  9803 I Unity   : MLKitWrapper.OnComplete: json
08-28 17:40:44.321  9756  9803 I Unity   : {"requestId":170,"text":{"text":"27Kg","textBlocks":[{"boundingBox":{"bottom":78,"left":242,"right":382,"top":18},"cornerPoints":[{"x":244,"y":18},{"x":382,"y":25},{"x":380,"y":78},{"x":242,"y":70}],"lines":[{"boundingBox":{"bottom":77,"left":241,"right":382,"top":18},"cornerPoints":[{"x":244,"y":18},{"x":382,"y":25},{"x":379,"y":77},{"x":241,"y":70}],"elements":[{"boundingBox":{"bottom":77,"left":241,"right":382,"top":18},"cornerPoints":[{"x":244,"y":18},{"x":382,"y":25},{"x":379,"y":77},{"x":241,"y":70}],"recognizedLanguage":"und-Latn","text":"27Kg"}],"recognizedLanguage":"und-Latn","text":"27Kg"}],"recognizedLanguage":"und-Latn","text":"27Kg"}]}}
08-28 17:40:44.337  9756  9803 I Unity   : GetResult : True 170
08-28 17:40:44.337  9756  9803 I Unity   : TransformToRtScreen: 384 196
08-28 17:40:44.410  9756  9803 D MLKit   : input 384x202 pixelCount=77568 id=171
08-28 17:40:44.592  9756  9756 D MLKit   : parseText 27Kg 1
08-28 17:40:44.592  9756  9756 D MLKit   : parseTextBlock 27Kg 1 (240,17) - (384,79)
08-28 17:40:44.592  9756  9756 D MLKit   : parseLine 27Kg 1 (239,17) - (384,78)
08-28 17:40:44.592  9756  9756 D MLKit   : parseElement 27Kg (239,17) - (384,78)
08-28 17:40:44.596  9756  9803 I Unity   : MLKitWrapper.OnComplete: json
08-28 17:40:44.596  9756  9803 I Unity   : {"requestId":171,"text":{"text":"27Kg","textBlocks":[{"boundingBox":{"bottom":79,"left":240,"right":384,"top":17},"cornerPoints":[{"x":243,"y":17},{"x":384,"y":25},{"x":381,"y":79},{"x":240,"y":70}],"lines":[{"boundingBox":{"bottom":78,"left":239,"right":384,"top":17},"cornerPoints":[{"x":243,"y":17},{"x":384,"y":25},{"x":380,"y":78},{"x":239,"y":70}],"elements":[{"boundingBox":{"bottom":78,"left":239,"right":384,"top":17},"cornerPoints":[{"x":243,"y":17},{"x":384,"y":25},{"x":380,"y":78},{"x":239,"y":70}],"recognizedLanguage":"und-Latn","text":"27Kg"}],"recognizedLanguage":"und-Latn","text":"27Kg"}],"recognizedLanguage":"und-Latn","text":"27Kg"}]}}
08-28 17:40:44.613  9756  9803 I Unity   : GetResult : True 171
08-28 17:40:44.614  9756  9803 I Unity   : TransformToRtScreen: 384 202
08-28 17:40:44.678  9756  9803 D MLKit   : input 384x157 pixelCount=60288 id=172
08-28 17:40:44.862  9756  9756 D MLKit   : parseText 27Kg 1
08-28 17:40:44.862  9756  9756 D MLKit   : parseTextBlock 27Kg 1 (243,15) - (381,63)
08-28 17:40:44.862  9756  9756 D MLKit   : parseLine 27Kg 1 (242,15) - (381,62)
08-28 17:40:44.862  9756  9756 D MLKit   : parseElement 27Kg (242,15) - (381,62)
08-28 17:40:44.875  9756  9803 I Unity   : MLKitWrapper.OnComplete: json
08-28 17:40:44.875  9756  9803 I Unity   : {"requestId":172,"text":{"text":"27Kg","textBlocks":[{"boundingBox":{"bottom":63,"left":243,"right":381,"top":15},"cornerPoints":[{"x":243,"y":15},{"x":381,"y":18},{"x":380,"y":63},{"x":243,"y":59}],"lines":[{"boundingBox":{"bottom":62,"left":242,"right":381,"top":15},"cornerPoints":[{"x":243,"y":15},{"x":381,"y":18},{"x":380,"y":62},{"x":242,"y":59}],"elements":[{"boundingBox":{"bottom":62,"left":242,"right":381,"top":15},"cornerPoints":[{"x":243,"y":15},{"x":381,"y":18},{"x":380,"y":62},{"x":242,"y":59}],"recognizedLanguage":"und-Latn","text":"27Kg"}],"recognizedLanguage":"und-Latn","text":"27Kg"}],"recognizedLanguage":"und-Latn","text":"27Kg"}]}}
08-28 17:40:44.892  9756  9803 I Unity   : GetResult : True 172
08-28 17:40:44.892  9756  9803 I Unity   : TransformToRtScreen: 384 157
08-28 17:40:44.941  9756  9803 D MLKit   : input 268x216 pixelCount=57888 id=173
08-28 17:40:44.984  9756  9803 D MLKit   : input 205x216 pixelCount=44280 id=174
08-28 17:40:45.270  9756  9756 D MLKit   : parseText 27Kg 1
08-28 17:40:45.271  9756  9756 D MLKit   : parseTextBlock 27Kg 1 (168,23) - (266,85)
08-28 17:40:45.271  9756  9756 D MLKit   : parseLine 27Kg 1 (167,23) - (266,84)
08-28 17:40:45.271  9756  9756 D MLKit   : parseElement 27Kg (167,23) - (266,84)
08-28 17:40:45.287  9756  9803 I Unity   : MLKitWrapper.OnComplete: json
08-28 17:40:45.287  9756  9803 I Unity   : {"requestId":173,"text":{"text":"27Kg","textBlocks":[{"boundingBox":{"bottom":85,"left":168,"right":266,"top":23},"cornerPoints":[{"x":169,"y":23},{"x":266,"y":25},{"x":265,"y":85},{"x":168,"y":82}],"lines":[{"boundingBox":{"bottom":84,"left":167,"right":266,"top":23},"cornerPoints":[{"x":169,"y":23},{"x":266,"y":25},{"x":264,"y":84},{"x":167,"y":82}],"elements":[{"boundingBox":{"bottom":84,"left":167,"right":266,"top":23},"cornerPoints":[{"x":169,"y":23},{"x":266,"y":25},{"x":264,"y":84},{"x":167,"y":82}],"recognizedLanguage":"und-Latn","text":"27Kg"}],"recognizedLanguage":"und-Latn","text":"27Kg"}],"recognizedLanguage":"und-Latn","text":"27Kg"}]}}
08-28 17:40:45.303  9756  9803 I Unity   : GetResult : True 173
08-28 17:40:45.303  9756  9803 I Unity   : TransformToRtScreen: 268 216
08-28 17:40:45.391  9756  9803 D MLKit   : input 384x192 pixelCount=73728 id=175
08-28 17:40:45.567  9756  9756 D MLKit   : parseText 27Kg 1
08-28 17:40:45.567  9756  9756 D MLKit   : parseTextBlock 27Kg 1 (128,23) - (203,85)
08-28 17:40:45.567  9756  9756 D MLKit   : parseLine 27Kg 1 (127,23) - (203,84)
08-28 17:40:45.567  9756  9756 D MLKit   : parseElement 27Kg (127,23) - (203,84)
08-28 17:40:45.583  9756  9803 I Unity   : MLKitWrapper.OnComplete: json
08-28 17:40:45.583  9756  9803 I Unity   : {"requestId":174,"text":{"text":"27Kg","textBlocks":[{"boundingBox":{"bottom":85,"left":128,"right":203,"top":23},"cornerPoints":[{"x":130,"y":23},{"x":203,"y":25},{"x":201,"y":85},{"x":128,"y":82}],"lines":[{"boundingBox":{"bottom":84,"left":127,"right":203,"top":23},"cornerPoints":[{"x":130,"y":23},{"x":203,"y":25},{"x":200,"y":84},{"x":127,"y":82}],"elements":[{"boundingBox":{"bottom":84,"left":127,"right":203,"top":23},"cornerPoints":[{"x":130,"y":23},{"x":203,"y":25},{"x":200,"y":84},{"x":127,"y":82}],"recognizedLanguage":"und-Latn","text":"27Kg"}],"recognizedLanguage":"und-Latn","text":"27Kg"}],"recognizedLanguage":"und-Latn","text":"27Kg"}]}}
08-28 17:40:45.597  9756  9803 I Unity   : GetResult : True 174
08-28 17:40:45.598  9756  9803 I Unity   : TransformToRtScreen: 205 216
08-28 17:40:45.691  9756  9803 D MLKit   : input 384x181 pixelCount=69504 id=176
08-28 17:40:45.796  9756  9756 D MLKit   : parseText 27Kg 1
08-28 17:40:45.796  9756  9756 D MLKit   : parseTextBlock 27Kg 1 (241,17) - (383,77)
08-28 17:40:45.797  9756  9756 D MLKit   : parseLine 27Kg 1 (240,17) - (383,76)
08-28 17:40:45.797  9756  9756 D MLKit   : parseElement 27Kg (240,17) - (383,76)
08-28 17:40:45.806  9756  9803 I Unity   : MLKitWrapper.OnComplete: json
08-28 17:40:45.806  9756  9803 I Unity   : {"requestId":175,"text":{"text":"27Kg","textBlocks":[{"boundingBox":{"bottom":77,"left":241,"right":383,"top":17},"cornerPoints":[{"x":244,"y":17},{"x":383,"y":27},{"x":379,"y":77},{"x":241,"y":66}],"lines":[{"boundingBox":{"bottom":76,"left":240,"right":383,"top":17},"cornerPoints":[{"x":244,"y":17},{"x":383,"y":27},{"x":379,"y":76},{"x":240,"y":66}],"elements":[{"boundingBox":{"bottom":76,"left":240,"right":383,"top":17},"cornerPoints":[{"x":244,"y":17},{"x":383,"y":27},{"x":379,"y":76},{"x":240,"y":66}],"recognizedLanguage":"und-Latn","text":"27Kg"}],"recognizedLanguage":"und-Latn","text":"27Kg"}],"recognizedLanguage":"und-Latn","text":"27Kg"}]}}
08-28 17:40:45.826  9756  9803 I Unity   : GetResult : True 175
08-28 17:40:45.827  9756  9803 I Unity   : TransformToRtScreen: 384 192
08-28 17:40:45.896  9756  9803 D MLKit   : input 384x159 pixelCount=61056 id=177
08-28 17:40:45.981  9756  9756 D MLKit   : parseText 27Kg 1
08-28 17:40:45.981  9756  9756 D MLKit   : parseTextBlock 27Kg 1 (242,16) - (382,71)
08-28 17:40:45.981  9756  9756 D MLKit   : parseLine 27Kg 1 (241,16) - (382,70)
08-28 17:40:45.981  9756  9756 D MLKit   : parseElement 27Kg (241,16) - (382,70)
08-28 17:40:46.000  9756  9803 I Unity   : MLKitWrapper.OnComplete: json
08-28 17:40:46.000  9756  9803 I Unity   : {"requestId":176,"text":{"text":"27Kg","textBlocks":[{"boundingBox":{"bottom":71,"left":242,"right":382,"top":16},"cornerPoints":[{"x":244,"y":16},{"x":382,"y":22},{"x":380,"y":71},{"x":242,"y":64}],"lines":[{"boundingBox":{"bottom":70,"left":241,"right":382,"top":16},"cornerPoints":[{"x":244,"y":16},{"x":382,"y":22},{"x":379,"y":70},{"x":241,"y":64}],"elements":[{"boundingBox":{"bottom":70,"left":241,"right":382,"top":16},"cornerPoints":[{"x":244,"y":16},{"x":382,"y":22},{"x":379,"y":70},{"x":241,"y":64}],"recognizedLanguage":"und-Latn","text":"27Kg"}],"recognizedLanguage":"und-Latn","text":"27Kg"}],"recognizedLanguage":"und-Latn","text":"27Kg"}]}}
08-28 17:40:46.013  9756  9803 I Unity   : GetResult : True 176
08-28 17:40:46.013  9756  9803 I Unity   : TransformToRtScreen: 384 181
08-28 17:40:46.093  9756  9803 D MLKit   : input 318x216 pixelCount=68688 id=178
08-28 17:40:46.164  9756  9756 D MLKit   : parseText 27Kg 1
08-28 17:40:46.165  9756  9756 D MLKit   : parseTextBlock 27Kg 1 (242,16) - (382,62)
08-28 17:40:46.165  9756  9756 D MLKit   : parseLine 27Kg 1 (241,16) - (382,61)
08-28 17:40:46.165  9756  9756 D MLKit   : parseElement 27Kg (241,16) - (382,61)
08-28 17:40:46.171  9756  9803 I Unity   : MLKitWrapper.OnComplete: json
08-28 17:40:46.171  9756  9803 I Unity   : {"requestId":177,"text":{"text":"27Kg","textBlocks":[{"boundingBox":{"bottom":62,"left":242,"right":382,"top":16},"cornerPoints":[{"x":243,"y":16},{"x":382,"y":19},{"x":381,"y":62},{"x":242,"y":58}],"lines":[{"boundingBox":{"bottom":61,"left":241,"right":382,"top":16},"cornerPoints":[{"x":243,"y":16},{"x":382,"y":19},{"x":380,"y":61},{"x":241,"y":58}],"elements":[{"boundingBox":{"bottom":61,"left":241,"right":382,"top":16},"cornerPoints":[{"x":243,"y":16},{"x":382,"y":19},{"x":380,"y":61},{"x":241,"y":58}],"recognizedLanguage":"und-Latn","text":"27Kg"}],"recognizedLanguage":"und-Latn","text":"27Kg"}],"recognizedLanguage":"und-Latn","text":"27Kg"}]}}
08-28 17:40:46.186  9756  9803 I Unity   : GetResult : True 177
08-28 17:40:46.186  9756  9803 I Unity   : TransformToRtScreen: 384 159
08-28 17:40:46.262  9756  9803 D MLKit   : input 384x161 pixelCount=61824 id=179
08-28 17:40:46.566  9756  9756 D MLKit   : parseText 27Kg 1
08-28 17:40:46.566  9756  9756 D MLKit   : parseTextBlock 27Kg 1 (199,23) - (315,85)
08-28 17:40:46.567  9756  9756 D MLKit   : parseLine 27Kg 1 (198,23) - (315,84)
08-28 17:40:46.567  9756  9756 D MLKit   : parseElement 27Kg (198,23) - (315,84)
08-28 17:40:46.594  9756  9803 I Unity   : MLKitWrapper.OnComplete: json
08-28 17:40:46.594  9756  9803 I Unity   : {"requestId":178,"text":{"text":"27Kg","textBlocks":[{"boundingBox":{"bottom":85,"left":199,"right":315,"top":23},"cornerPoints":[{"x":201,"y":23},{"x":315,"y":27},{"x":313,"y":85},{"x":199,"y":80}],"lines":[{"boundingBox":{"bottom":84,"left":198,"right":315,"top":23},"cornerPoints":[{"x":201,"y":23},{"x":315,"y":27},{"x":312,"y":84},{"x":198,"y":80}],"elements":[{"boundingBox":{"bottom":84,"left":198,"right":315,"top":23},"cornerPoints":[{"x":201,"y":23},{"x":315,"y":27},{"x":312,"y":84},{"x":198,"y":80}],"recognizedLanguage":"und-Latn","text":"27Kg"}],"recognizedLanguage":"und-Latn","text":"27Kg"}],"recognizedLanguage":"und-Latn","text":"27Kg"}]}}
08-28 17:40:46.605  9756  9803 I Unity   : GetResult : True 178
08-28 17:40:46.605  9756  9803 I Unity   : TransformToRtScreen: 318 216
08-28 17:40:46.692  9756  9803 D MLKit   : input 384x202 pixelCount=77568 id=180
08-28 17:40:46.794  9756  9756 D MLKit   : parseText 27Kg 1
08-28 17:40:46.794  9756  9756 D MLKit   : parseTextBlock 27Kg 1 (242,15) - (382,65)
08-28 17:40:46.795  9756  9756 D MLKit   : parseLine 27Kg 1 (241,15) - (382,64)
08-28 17:40:46.795  9756  9756 D MLKit   : parseElement 27Kg (241,15) - (382,64)
08-28 17:40:46.811  9756  9803 I Unity   : MLKitWrapper.OnComplete: json
08-28 17:40:46.811  9756  9803 I Unity   : {"requestId":179,"text":{"text":"27Kg","textBlocks":[{"boundingBox":{"bottom":65,"left":242,"right":382,"top":15},"cornerPoints":[{"x":243,"y":15},{"x":382,"y":20},{"x":381,"y":65},{"x":242,"y":59}],"lines":[{"boundingBox":{"bottom":64,"left":241,"right":382,"top":15},"cornerPoints":[{"x":243,"y":15},{"x":382,"y":20},{"x":380,"y":64},{"x":241,"y":59}],"elements":[{"boundingBox":{"bottom":64,"left":241,"right":382,"top":15},"cornerPoints":[{"x":243,"y":15},{"x":382,"y":20},{"x":380,"y":64},{"x":241,"y":59}],"recognizedLanguage":"und-Latn","text":"27Kg"}],"recognizedLanguage":"und-Latn","text":"27Kg"}],"recognizedLanguage":"und-Latn","text":"27Kg"}]}}
08-28 17:40:46.824  9756  9803 I Unity   : GetResult : True 179
08-28 17:40:46.824  9756  9803 I Unity   : TransformToRtScreen: 384 161
08-28 17:40:46.909  9756  9803 D MLKit   : input 302x216 pixelCount=65232 id=181
08-28 17:40:47.001  9756  9756 D MLKit   : parseText 27Kg 1
08-28 17:40:47.001  9756  9756 D MLKit   : parseTextBlock 27Kg 1 (239,17) - (384,79)
08-28 17:40:47.001  9756  9756 D MLKit   : parseLine 27Kg 1 (238,17) - (384,78)
08-28 17:40:47.002  9756  9756 D MLKit   : parseElement 27Kg (238,17) - (384,78)
08-28 17:40:47.017  9756  9803 I Unity   : MLKitWrapper.OnComplete: json
08-28 17:40:47.017  9756  9803 I Unity   : {"requestId":180,"text":{"text":"27Kg","textBlocks":[{"boundingBox":{"bottom":79,"left":239,"right":384,"top":17},"cornerPoints":[{"x":243,"y":17},{"x":384,"y":27},{"x":380,"y":79},{"x":239,"y":68}],"lines":[{"boundingBox":{"bottom":78,"left":238,"right":384,"top":17},"cornerPoints":[{"x":243,"y":17},{"x":384,"y":27},{"x":379,"y":78},{"x":238,"y":68}],"elements":[{"boundingBox":{"bottom":78,"left":238,"right":384,"top":17},"cornerPoints":[{"x":243,"y":17},{"x":384,"y":27},{"x":379,"y":78},{"x":238,"y":68}],"recognizedLanguage":"und-Latn","text":"27Kg"}],"recognizedLanguage":"und-Latn","text":"27Kg"}],"recognizedLanguage":"und-Latn","text":"27Kg"}]}}
08-28 17:40:47.045  9756  9803 I Unity   : GetResult : True 180
08-28 17:40:47.045  9756  9803 I Unity   : TransformToRtScreen: 384 202
08-28 17:40:47.112  9756  9803 D MLKit   : input 384x185 pixelCount=71040 id=182
08-28 17:40:47.360  9756  9756 D MLKit   : parseText 27Kg 1
08-28 17:40:47.361  9756  9756 D MLKit   : parseTextBlock 27Kg 1 (190,24) - (300,84)
08-28 17:40:47.361  9756  9756 D MLKit   : parseLine 27Kg 1 (190,24) - (300,84)
08-28 17:40:47.361  9756  9756 D MLKit   : parseElement 27Kg (190,24) - (300,84)
08-28 17:40:47.393  9756  9803 I Unity   : MLKitWrapper.OnComplete: json
08-28 17:40:47.393  9756  9803 I Unity   : {"requestId":181,"text":{"text":"27Kg","textBlocks":[{"boundingBox":{"bottom":84,"left":190,"right":300,"top":24},"cornerPoints":[{"x":190,"y":24},{"x":300,"y":24},{"x":300,"y":84},{"x":190,"y":84}],"lines":[{"boundingBox":{"bottom":84,"left":190,"right":300,"top":24},"cornerPoints":[{"x":190,"y":24},{"x":300,"y":24},{"x":300,"y":84},{"x":190,"y":84}],"elements":[{"boundingBox":{"bottom":84,"left":190,"right":300,"top":24},"cornerPoints":[{"x":190,"y":24},{"x":300,"y":24},{"x":300,"y":84},{"x":190,"y":84}],"recognizedLanguage":"und-Latn","text":"27Kg"}],"recognizedLanguage":"und-Latn","text":"27Kg"}],"recognizedLanguage":"und-Latn","text":"27Kg"}]}}
08-28 17:40:47.402  9756  9803 I Unity   : GetResult : True 181
08-28 17:40:47.403  9756  9803 I Unity   : TransformToRtScreen: 302 216
08-28 17:40:47.479  9756  9803 D MLKit   : input 266x216 pixelCount=57456 id=183
08-28 17:40:47.531  9756  9756 D MLKit   : parseText 27Kg 1
08-28 17:40:47.531  9756  9756 D MLKit   : parseTextBlock 27Kg 1 (242,16) - (382,73)
08-28 17:40:47.531  9756  9756 D MLKit   : parseLine 27Kg 1 (241,16) - (382,72)
08-28 17:40:47.531  9756  9756 D MLKit   : parseElement 27Kg (241,16) - (382,72)
08-28 17:40:47.535  9756  9803 I Unity   : MLKitWrapper.OnComplete: json
08-28 17:40:47.535  9756  9803 I Unity   : {"requestId":182,"text":{"text":"27Kg","textBlocks":[{"boundingBox":{"bottom":73,"left":242,"right":382,"top":16},"cornerPoints":[{"x":244,"y":16},{"x":382,"y":22},{"x":380,"y":73},{"x":242,"y":66}],"lines":[{"boundingBox":{"bottom":72,"left":241,"right":382,"top":16},"cornerPoints":[{"x":244,"y":16},{"x":382,"y":22},{"x":379,"y":72},{"x":241,"y":66}],"elements":[{"boundingBox":{"bottom":72,"left":241,"right":382,"top":16},"cornerPoints":[{"x":244,"y":16},{"x":382,"y":22},{"x":379,"y":72},{"x":241,"y":66}],"recognizedLanguage":"und-Latn","text":"27Kg"}],"recognizedLanguage":"und-Latn","text":"27Kg"}],"recognizedLanguage":"und-Latn","text":"27Kg"}]}}
08-28 17:40:47.550  9756  9803 I Unity   : GetResult : True 182
08-28 17:40:47.551  9756  9803 I Unity   : TransformToRtScreen: 384 185
08-28 17:40:47.632  9756  9803 D MLKit   : input 384x178 pixelCount=68352 id=184
08-28 17:40:47.867  9756  9756 D MLKit   : parseText 27Kg 1
08-28 17:40:47.868  9756  9756 D MLKit   : parseTextBlock 27Kg 1 (168,26) - (264,84)
08-28 17:40:47.868  9756  9756 D MLKit   : parseLine 27Kg 1 (168,26) - (264,84)
08-28 17:40:47.868  9756  9756 D MLKit   : parseElement 27Kg (168,26) - (264,84)
08-28 17:40:47.897  9756  9803 I Unity   : MLKitWrapper.OnComplete: json
08-28 17:40:47.897  9756  9803 I Unity   : {"requestId":183,"text":{"text":"27Kg","textBlocks":[{"boundingBox":{"bottom":84,"left":168,"right":264,"top":26},"cornerPoints":[{"x":168,"y":26},{"x":264,"y":26},{"x":264,"y":84},{"x":168,"y":84}],"lines":[{"boundingBox":{"bottom":84,"left":168,"right":264,"top":26},"cornerPoints":[{"x":168,"y":26},{"x":264,"y":26},{"x":264,"y":84},{"x":168,"y":84}],"elements":[{"boundingBox":{"bottom":84,"left":168,"right":264,"top":26},"cornerPoints":[{"x":168,"y":26},{"x":264,"y":26},{"x":264,"y":84},{"x":168,"y":84}],"recognizedLanguage":"und-Latn","text":"27Kg"}],"recognizedLanguage":"und-Latn","text":"27Kg"}],"recognizedLanguage":"und-Latn","text":"27Kg"}]}}
08-28 17:40:47.909  9756  9803 I Unity   : GetResult : True 183
08-28 17:40:47.909  9756  9803 I Unity   : TransformToRtScreen: 266 216
08-28 17:40:47.979  9756  9803 D MLKit   : input 246x216 pixelCount=53136 id=185
08-28 17:40:48.051  9756  9756 D MLKit   : parseText 27Kg 1
08-28 17:40:48.052  9756  9756 D MLKit   : parseTextBlock 27Kg 1 (242,16) - (382,71)
08-28 17:40:48.052  9756  9756 D MLKit   : parseLine 27Kg 1 (241,16) - (382,70)
08-28 17:40:48.052  9756  9756 D MLKit   : parseElement 27Kg (241,16) - (382,70)
08-28 17:40:48.072  9756  9803 I Unity   : MLKitWrapper.OnComplete: json
