08-28 17:39:56.014  9756  9803 I Unity   : {"requestId":34,"text":{"text":"27Kg","textBlocks":[{"boundingBox":{"bottom":84,"left":158,"right":248,"top":23},"cornerPoints":[{"x":158,"y":23},{"x":248,"y":24},{"x":248,"y":84},{"x":158,"y":82}],"lines":[{"boundingBox":{"bottom":83,"left":157,"right":248,"top":23},"cornerPoints":[{"x":158,"y":23},{"x":248,"y":24},{"x":247,"y":83},{"x":157,"y":82}],"elements":[{"boundingBox":{"bottom":83,"left":157,"right":248,"top":23},"cornerPoints":[{"x":158,"y":23},{"x":248,"y":24},{"x":247,"y":83},{"x":157,"y":82}],"recognizedLanguage":"und-Latn","text":"27Kg"}],"recognizedLanguage":"und-Latn","text":"27Kg"}],"recognizedLanguage":"und-Latn","text":"27Kg"}]}}
08-28 17:39:56.037  9756  9803 I Unity   : GetResult : True 34
08-28 17:39:56.037  9756  9803 I Unity   : TransformToRtScreen: 250 216
08-28 17:39:56.105  9756  9803 D MLKit   : input 352x216 pixelCount=76032 id=36
08-28 17:39:56.302  9756  9756 D MLKit   : parseText 27Kg 1
08-28 17:39:56.302  9756  9756 D MLKit   : parseTextBlock 27Kg 1 (127,22) - (203,84)
08-28 17:39:56.303  9756  9756 D MLKit   : parseLine 27Kg 1 (126,22) - (203,83)
08-28 17:39:56.303  9756  9756 D MLKit   : parseElement 27Kg (126,22) - (203,83)
08-28 17:39:56.309  9756  9803 I Unity   : MLKitWrapper.OnComplete: json
08-28 17:39:56.309  9756  9803 I Unity   : {"requestId":35,"text":{"text":"27Kg","textBlocks":[{"boundingBox":{"bottom":84,"left":127,"right":203,"top":22},"cornerPoints":[{"x":129,"y":22},{"x":203,"y":25},{"x":200,"y":84},{"x":127,"y":80}],"lines":[{"boundingBox":{"bottom":83,"left":126,"right":203,"top":22},"cornerPoints":[{"x":129,"y":22},{"x":203,"y":25},{"x":200,"y":83},{"x":126,"y":80}],"elements":[{"boundingBox":{"bottom":83,"left":126,"right":203,"top":22},"cornerPoints":[{"x":129,"y":22},{"x":203,"y":25},{"x":200,"y":83},{"x":126,"y":80}],"recognizedLanguage":"und-Latn","text":"27Kg"}],"recognizedLanguage":"und-Latn","text":"27Kg"}],"recognizedLanguage":"und-Latn","text":"27Kg"}]}}
08-28 17:39:56.330  9756  9803 I Unity   : GetResult : True 35
08-28 17:39:56.330  9756  9803 I Unity   : TransformToRtScreen: 204 216
08-28 17:39:56.433  9756  9756 D MLKit   : parseText 27Kg 1
08-28 17:39:56.433  9756  9756 D MLKit   : parseTextBlock 27Kg 1 (222,24) - (348,84)
08-28 17:39:56.434  9756  9756 D MLKit   : parseLine 27Kg 1 (222,24) - (348,84)
08-28 17:39:56.434  9756  9756 D MLKit   : parseElement 27Kg (222,24) - (348,84)
08-28 17:39:56.453  9756  9803 D MLKit   : input 384x216 pixelCount=82944 id=37
08-28 17:39:56.459  9756  9803 I Unity   : MLKitWrapper.OnComplete: json
08-28 17:39:56.459  9756  9803 I Unity   : {"requestId":36,"text":{"text":"27Kg","textBlocks":[{"boundingBox":{"bottom":84,"left":222,"right":348,"top":24},"cornerPoints":[{"x":222,"y":24},{"x":348,"y":24},{"x":348,"y":84},{"x":222,"y":84}],"lines":[{"boundingBox":{"bottom":84,"left":222,"right":348,"top":24},"cornerPoints":[{"x":222,"y":24},{"x":348,"y":24},{"x":348,"y":84},{"x":222,"y":84}],"elements":[{"boundingBox":{"bottom":84,"left":222,"right":348,"top":24},"cornerPoints":[{"x":222,"y":24},{"x":348,"y":24},{"x":348,"y":84},{"x":222,"y":84}],"recognizedLanguage":"und-Latn","text":"27Kg"}],"recognizedLanguage":"und-Latn","text":"27Kg"}],"recognizedLanguage":"und-Latn","text":"27Kg"}]}}
08-28 17:39:56.464  9756  9803 I Unity   : GetResult : True 36
08-28 17:39:56.464  9756  9803 I Unity   : TransformToRtScreen: 352 216
08-28 17:39:56.542  9756  9803 D MLKit   : input 384x215 pixelCount=82560 id=38
08-28 17:39:56.661  9756  9756 D MLKit   : parseText 27Kg 1
08-28 17:39:56.662  9756  9756 D MLKit   : parseTextBlock 27Kg 1 (240,20) - (382,86)
08-28 17:39:56.662  9756  9756 D MLKit   : parseLine 27Kg 1 (239,20) - (382,85)
08-28 17:39:56.662  9756  9756 D MLKit   : parseElement 27Kg (239,20) - (382,85)
08-28 17:39:56.674  9756  9803 I Unity   : MLKitWrapper.OnComplete: json
08-28 17:39:56.674  9756  9803 I Unity   : {"requestId":37,"text":{"text":"27Kg","textBlocks":[{"boundingBox":{"bottom":86,"left":240,"right":382,"top":20},"cornerPoints":[{"x":243,"y":20},{"x":382,"y":27},{"x":379,"y":86},{"x":240,"y":78}],"lines":[{"boundingBox":{"bottom":85,"left":239,"right":382,"top":20},"cornerPoints":[{"x":243,"y":20},{"x":382,"y":27},{"x":378,"y":85},{"x":239,"y":78}],"elements":[{"boundingBox":{"bottom":85,"left":239,"right":382,"top":20},"cornerPoints":[{"x":243,"y":20},{"x":382,"y":27},{"x":378,"y":85},{"x":239,"y":78}],"recognizedLanguage":"und-Latn","text":"27Kg"}],"recognizedLanguage":"und-Latn","text":"27Kg"}],"recognizedLanguage":"und-Latn","text":"27Kg"}]}}
08-28 17:39:56.691  9756  9803 I Unity   : GetResult : True 37
08-28 17:39:56.691  9756  9803 I Unity   : TransformToRtScreen: 384 216
08-28 17:39:56.762  9756  9803 D MLKit   : input 384x157 pixelCount=60288 id=39
08-28 17:39:56.851  9756  9756 D MLKit   : parseText 27Kg 1
08-28 17:39:56.852  9756  9756 D MLKit   : parseTextBlock 27Kg 1 (242,21) - (382,85)
08-28 17:39:56.852  9756  9756 D MLKit   : parseLine 27Kg 1 (241,21) - (382,84)
08-28 17:39:56.852  9756  9756 D MLKit   : parseElement 27Kg (241,21) - (382,84)
08-28 17:39:56.869  9756  9803 I Unity   : MLKitWrapper.OnComplete: json
08-28 17:39:56.869  9756  9803 I Unity   : {"requestId":38,"text":{"text":"27Kg","textBlocks":[{"boundingBox":{"bottom":85,"left":242,"right":382,"top":21},"cornerPoints":[{"x":244,"y":21},{"x":382,"y":27},{"x":379,"y":85},{"x":242,"y":78}],"lines":[{"boundingBox":{"bottom":84,"left":241,"right":382,"top":21},"cornerPoints":[{"x":244,"y":21},{"x":382,"y":27},{"x":379,"y":84},{"x":241,"y":78}],"elements":[{"boundingBox":{"bottom":84,"left":241,"right":382,"top":21},"cornerPoints":[{"x":244,"y":21},{"x":382,"y":27},{"x":379,"y":84},{"x":241,"y":78}],"recognizedLanguage":"und-Latn","text":"27Kg"}],"recognizedLanguage":"und-Latn","text":"27Kg"}],"recognizedLanguage":"und-Latn","text":"27Kg"}]}}
08-28 17:39:56.880  9756  9803 I Unity   : GetResult : True 38
08-28 17:39:56.881  9756  9803 I Unity   : TransformToRtScreen: 384 215
08-28 17:39:56.951  9756  9803 D MLKit   : input 244x216 pixelCount=52704 id=40
08-28 17:39:57.050  9756  9756 D MLKit   : parseText 27Kg 1
08-28 17:39:57.051  9756  9756 D MLKit   : parseTextBlock 27Kg 1 (242,17) - (382,63)
08-28 17:39:57.051  9756  9756 D MLKit   : parseLine 27Kg 1 (241,17) - (382,62)
08-28 17:39:57.051  9756  9756 D MLKit   : parseElement 27Kg (241,17) - (382,62)
08-28 17:39:57.056  9756  9803 I Unity   : MLKitWrapper.OnComplete: json
08-28 17:39:57.056  9756  9803 I Unity   : {"requestId":39,"text":{"text":"27Kg","textBlocks":[{"boundingBox":{"bottom":63,"left":242,"right":382,"top":17},"cornerPoints":[{"x":243,"y":17},{"x":382,"y":21},{"x":381,"y":63},{"x":242,"y":58}],"lines":[{"boundingBox":{"bottom":62,"left":241,"right":382,"top":17},"cornerPoints":[{"x":243,"y":17},{"x":382,"y":21},{"x":380,"y":62},{"x":241,"y":58}],"elements":[{"boundingBox":{"bottom":62,"left":241,"right":382,"top":17},"cornerPoints":[{"x":243,"y":17},{"x":382,"y":21},{"x":380,"y":62},{"x":241,"y":58}],"recognizedLanguage":"und-Latn","text":"27Kg"}],"recognizedLanguage":"und-Latn","text":"27Kg"}],"recognizedLanguage":"und-Latn","text":"27Kg"}]}}
08-28 17:39:57.068  9756  9803 I Unity   : GetResult : True 39
08-28 17:39:57.068  9756  9803 I Unity   : TransformToRtScreen: 384 157
08-28 17:39:57.142  9756  9803 D MLKit   : input 384x194 pixelCount=74496 id=41
08-28 17:39:57.364  9756  9756 D MLKit   : parseText 27Kg 1
08-28 17:39:57.364  9756  9756 D MLKit   : parseTextBlock 27Kg 1 (153,23) - (243,85)
08-28 17:39:57.364  9756  9756 D MLKit   : parseLine 27Kg 1 (152,23) - (243,84)
08-28 17:39:57.365  9756  9756 D MLKit   : parseElement 27Kg (152,23) - (243,84)
08-28 17:39:57.370  9756  9803 I Unity   : MLKitWrapper.OnComplete: json
08-28 17:39:57.370  9756  9803 I Unity   : {"requestId":40,"text":{"text":"27Kg","textBlocks":[{"boundingBox":{"bottom":85,"left":153,"right":243,"top":23},"cornerPoints":[{"x":154,"y":23},{"x":243,"y":25},{"x":242,"y":85},{"x":153,"y":82}],"lines":[{"boundingBox":{"bottom":84,"left":152,"right":243,"top":23},"cornerPoints":[{"x":154,"y":23},{"x":243,"y":25},{"x":241,"y":84},{"x":152,"y":82}],"elements":[{"boundingBox":{"bottom":84,"left":152,"right":243,"top":23},"cornerPoints":[{"x":154,"y":23},{"x":243,"y":25},{"x":241,"y":84},{"x":152,"y":82}],"recognizedLanguage":"und-Latn","text":"27Kg"}],"recognizedLanguage":"und-Latn","text":"27Kg"}],"recognizedLanguage":"und-Latn","text":"27Kg"}]}}
08-28 17:39:57.395  9756  9803 I Unity   : GetResult : True 40
08-28 17:39:57.395  9756  9803 I Unity   : TransformToRtScreen: 244 216
08-28 17:39:57.467  9756  9803 D MLKit   : input 384x205 pixelCount=78720 id=42
08-28 17:39:57.572  9756  9756 D MLKit   : parseText 27Kg 1
08-28 17:39:57.572  9756  9756 D MLKit   : parseTextBlock 27Kg 1 (243,20) - (383,77)
08-28 17:39:57.572  9756  9756 D MLKit   : parseLine 27Kg 1 (242,20) - (383,76)
08-28 17:39:57.572  9756  9756 D MLKit   : parseElement 27Kg (242,20) - (383,76)
08-28 17:39:57.590  9756  9803 I Unity   : MLKitWrapper.OnComplete: json
08-28 17:39:57.590  9756  9803 I Unity   : {"requestId":41,"text":{"text":"27Kg","textBlocks":[{"boundingBox":{"bottom":77,"left":243,"right":383,"top":20},"cornerPoints":[{"x":244,"y":20},{"x":383,"y":24},{"x":382,"y":77},{"x":243,"y":72}],"lines":[{"boundingBox":{"bottom":76,"left":242,"right":383,"top":20},"cornerPoints":[{"x":244,"y":20},{"x":383,"y":24},{"x":381,"y":76},{"x":242,"y":72}],"elements":[{"boundingBox":{"bottom":76,"left":242,"right":383,"top":20},"cornerPoints":[{"x":244,"y":20},{"x":383,"y":24},{"x":381,"y":76},{"x":242,"y":72}],"recognizedLanguage":"und-Latn","text":"27Kg"}],"recognizedLanguage":"und-Latn","text":"27Kg"}],"recognizedLanguage":"und-Latn","text":"27Kg"}]}}
08-28 17:39:57.603  9756  9803 I Unity   : GetResult : True 41
08-28 17:39:57.604  9756  9803 I Unity   : TransformToRtScreen: 384 194
08-28 17:39:57.673  9756  9803 D MLKit   : input 242x216 pixelCount=52272 id=43
08-28 17:39:57.791  9756  9756 D MLKit   : parseText 27Kg 1
08-28 17:39:57.791  9756  9756 D MLKit   : parseTextBlock 27Kg 1 (239,17) - (384,82)
08-28 17:39:57.792  9756  9756 D MLKit   : parseLine 27Kg 1 (238,17) - (384,81)
08-28 17:39:57.792  9756  9756 D MLKit   : parseElement 27Kg (238,17) - (384,81)
08-28 17:39:57.798  9756  9803 I Unity   : MLKitWrapper.OnComplete: json
08-28 17:39:57.798  9756  9803 I Unity   : {"requestId":42,"text":{"text":"27Kg","textBlocks":[{"boundingBox":{"bottom":82,"left":239,"right":384,"top":17},"cornerPoints":[{"x":243,"y":17},{"x":384,"y":27},{"x":380,"y":82},{"x":239,"y":71}],"lines":[{"boundingBox":{"bottom":81,"left":238,"right":384,"top":17},"cornerPoints":[{"x":243,"y":17},{"x":384,"y":27},{"x":379,"y":81},{"x":238,"y":71}],"elements":[{"boundingBox":{"bottom":81,"left":238,"right":384,"top":17},"cornerPoints":[{"x":243,"y":17},{"x":384,"y":27},{"x":379,"y":81},{"x":238,"y":71}],"recognizedLanguage":"und-Latn","text":"27Kg"}],"recognizedLanguage":"und-Latn","text":"27Kg"}],"recognizedLanguage":"und-Latn","text":"27Kg"}]}}
08-28 17:39:57.812  9756  9803 I Unity   : GetResult : True 42
08-28 17:39:57.812  9756  9803 I Unity   : TransformToRtScreen: 384 205
08-28 17:39:57.889  9756  9803 D MLKit   : input 323x216 pixelCount=69768 id=44
08-28 17:39:58.151  9756  9756 D MLKit   : parseText 27Kg 1
08-28 17:39:58.151  9756  9756 D MLKit   : parseTextBlock 27Kg 1 (151,22) - (240,85)
08-28 17:39:58.151  9756  9756 D MLKit   : parseLine 27Kg 1 (150,22) - (240,84)
08-28 17:39:58.151  9756  9756 D MLKit   : parseElement 27Kg (150,22) - (240,84)
08-28 17:39:58.160  9756  9803 I Unity   : MLKitWrapper.OnComplete: json
08-28 17:39:58.160  9756  9803 I Unity   : {"requestId":43,"text":{"text":"27Kg","textBlocks":[{"boundingBox":{"bottom":85,"left":151,"right":240,"top":22},"cornerPoints":[{"x":153,"y":22},{"x":240,"y":25},{"x":238,"y":85},{"x":151,"y":81}],"lines":[{"boundingBox":{"bottom":84,"left":150,"right":240,"top":22},"cornerPoints":[{"x":153,"y":22},{"x":240,"y":25},{"x":237,"y":84},{"x":150,"y":81}],"elements":[{"boundingBox":{"bottom":84,"left":150,"right":240,"top":22},"cornerPoints":[{"x":153,"y":22},{"x":240,"y":25},{"x":237,"y":84},{"x":150,"y":81}],"recognizedLanguage":"und-Latn","text":"27Kg"}],"recognizedLanguage":"und-Latn","text":"27Kg"}],"recognizedLanguage":"und-Latn","text":"27Kg"}]}}
08-28 17:39:58.183  9756  9803 I Unity   : GetResult : True 43
08-28 17:39:58.183  9756  9803 I Unity   : TransformToRtScreen: 242 216
08-28 17:39:58.249  9756  9803 D MLKit   : input 193x216 pixelCount=41688 id=45
08-28 17:39:58.318  9756  9756 D MLKit   : parseText 27K8 1
08-28 17:39:58.319  9756  9756 D MLKit   : parseTextBlock 27K8 1 (199,12) - (327,88)
08-28 17:39:58.319  9756  9756 D MLKit   : parseLine 27K8 1 (198,12) - (327,87)
08-28 17:39:58.319  9756  9756 D MLKit   : parseElement 27K8 (198,12) - (327,87)
08-28 17:39:58.333  9756  9803 I Unity   : MLKitWrapper.OnComplete: json
08-28 17:39:58.333  9756  9803 I Unity   : {"requestId":44,"text":{"text":"27K8","textBlocks":[{"boundingBox":{"bottom":88,"left":199,"right":327,"top":12},"cornerPoints":[{"x":208,"y":12},{"x":327,"y":31},{"x":317,"y":88},{"x":199,"y":68}],"lines":[{"boundingBox":{"bottom":87,"left":198,"right":327,"top":12},"cornerPoints":[{"x":208,"y":12},{"x":327,"y":31},{"x":317,"y":87},{"x":198,"y":68}],"elements":[{"boundingBox":{"bottom":87,"left":198,"right":327,"top":12},"cornerPoints":[{"x":208,"y":12},{"x":327,"y":31},{"x":317,"y":87},{"x":198,"y":68}],"recognizedLanguage":"und-Latn","text":"27K8"}],"recognizedLanguage":"und-Latn","text":"27K8"}],"recognizedLanguage":"und-Latn","text":"27K8"}]}}
08-28 17:39:58.355  9756  9803 I Unity   : GetResult : True 44
08-28 17:39:58.356  9756  9803 I Unity   : TransformToRtScreen: 323 216
08-28 17:39:58.421  9756  9803 D MLKit   : input 384x175 pixelCount=67200 id=46
08-28 17:39:58.599  9756  9756 D MLKit   : parseText 27Kg 1
08-28 17:39:58.599  9756  9756 D MLKit   : parseTextBlock 27Kg 1 (120,23) - (191,85)
08-28 17:39:58.599  9756  9756 D MLKit   : parseLine 27Kg 1 (119,23) - (191,84)
08-28 17:39:58.600  9756  9756 D MLKit   : parseElement 27Kg (119,23) - (191,84)
08-28 17:39:58.609  9756  9803 I Unity   : MLKitWrapper.OnComplete: json
08-28 17:39:58.609  9756  9803 I Unity   : {"requestId":45,"text":{"text":"27Kg","textBlocks":[{"boundingBox":{"bottom":85,"left":120,"right":191,"top":23},"cornerPoints":[{"x":122,"y":23},{"x":191,"y":26},{"x":189,"y":85},{"x":120,"y":81}],"lines":[{"boundingBox":{"bottom":84,"left":119,"right":191,"top":23},"cornerPoints":[{"x":122,"y":23},{"x":191,"y":26},{"x":188,"y":84},{"x":119,"y":81}],"elements":[{"boundingBox":{"bottom":84,"left":119,"right":191,"top":23},"cornerPoints":[{"x":122,"y":23},{"x":191,"y":26},{"x":188,"y":84},{"x":119,"y":81}],"recognizedLanguage":"und-Latn","text":"27Kg"}],"recognizedLanguage":"und-Latn","text":"27Kg"}],"recognizedLanguage":"und-Latn","text":"27Kg"}]}}
08-28 17:39:58.627  9756  9803 I Unity   : GetResult : True 45
08-28 17:39:58.627  9756  9803 I Unity   : TransformToRtScreen: 193 216
08-28 17:39:58.713  9756  9803 D MLKit   : input 316x216 pixelCount=68256 id=47
08-28 17:39:58.714  9756  9756 D MLKit   : parseText 27Kg 1
08-28 17:39:58.714  9756  9756 D MLKit   : parseTextBlock 27Kg 1 (242,14) - (382,69)
08-28 17:39:58.714  9756  9756 D MLKit   : parseLine 27Kg 1 (241,14) - (382,68)
08-28 17:39:58.714  9756  9756 D MLKit   : parseElement 27Kg (241,14) - (382,68)
08-28 17:39:58.720  9756  9803 I Unity   : MLKitWrapper.OnComplete: json
08-28 17:39:58.720  9756  9803 I Unity   : {"requestId":46,"text":{"text":"27Kg","textBlocks":[{"boundingBox":{"bottom":69,"left":242,"right":382,"top":14},"cornerPoints":[{"x":244,"y":14},{"x":382,"y":22},{"x":379,"y":69},{"x":242,"y":60}],"lines":[{"boundingBox":{"bottom":68,"left":241,"right":382,"top":14},"cornerPoints":[{"x":244,"y":14},{"x":382,"y":22},{"x":379,"y":68},{"x":241,"y":60}],"elements":[{"boundingBox":{"bottom":68,"left":241,"right":382,"top":14},"cornerPoints":[{"x":244,"y":14},{"x":382,"y":22},{"x":379,"y":68},{"x":241,"y":60}],"recognizedLanguage":"und-Latn","text":"27Kg"}],"recognizedLanguage":"und-Latn","text":"27Kg"}],"recognizedLanguage":"und-Latn","text":"27Kg"}]}}
08-28 17:39:58.725  9756  9803 I Unity   : GetResult : True 46
08-28 17:39:58.725  9756  9803 I Unity   : TransformToRtScreen: 384 175
08-28 17:39:58.786  9756  9803 D MLKit   : input 215x216 pixelCount=46440 id=48
08-28 17:39:59.201  9756  9756 D MLKit   : parseText 27Kg 1
08-28 17:39:59.201  9756  9756 D MLKit   : parseTextBlock 27Kg 1 (199,23) - (314,84)
08-28 17:39:59.201  9756  9756 D MLKit   : parseLine 27Kg 1 (198,23) - (314,83)
08-28 17:39:59.201  9756  9756 D MLKit   : parseElement 27Kg (198,23) - (314,83)
08-28 17:39:59.215  9756  9803 I Unity   : MLKitWrapper.OnComplete: json
08-28 17:39:59.215  9756  9803 I Unity   : {"requestId":47,"text":{"text":"27Kg","textBlocks":[{"boundingBox":{"bottom":84,"left":199,"right":314,"top":23},"cornerPoints":[{"x":200,"y":23},{"x":314,"y":25},{"x":313,"y":84},{"x":199,"y":81}],"lines":[{"boundingBox":{"bottom":83,"left":198,"right":314,"top":23},"cornerPoints":[{"x":200,"y":23},{"x":314,"y":25},{"x":312,"y":83},{"x":198,"y":81}],"elements":[{"boundingBox":{"bottom":83,"left":198,"right":314,"top":23},"cornerPoints":[{"x":200,"y":23},{"x":314,"y":25},{"x":312,"y":83},{"x":198,"y":81}],"recognizedLanguage":"und-Latn","text":"27Kg"}],"recognizedLanguage":"und-Latn","text":"27Kg"}],"recognizedLanguage":"und-Latn","text":"27Kg"}]}}
08-28 17:39:59.235  9756  9803 I Unity   : GetResult : True 47
08-28 17:39:59.235  9756  9803 I Unity   : TransformToRtScreen: 316 216
08-28 17:39:59.310  9756  9803 D MLKit   : input 252x216 pixelCount=54432 id=49
08-28 17:39:59.522  9756  9756 D MLKit   : parseText 27Kg 1
08-28 17:39:59.522  9756  9756 D MLKit   : parseTextBlock 27Kg 1 (135,23) - (214,85)
08-28 17:39:59.522  9756  9756 D MLKit   : parseLine 27Kg 1 (134,23) - (214,84)
08-28 17:39:59.523  9756  9756 D MLKit   : parseElement 27Kg (134,23) - (214,84)
08-28 17:39:59.542  9756  9803 I Unity   : MLKitWrapper.OnComplete: json
08-28 17:39:59.542  9756  9803 I Unity   : {"requestId":48,"text":{"text":"27Kg","textBlocks":[{"boundingBox":{"bottom":85,"left":135,"right":214,"top":23},"cornerPoints":[{"x":136,"y":23},{"x":214,"y":25},{"x":213,"y":85},{"x":135,"y":82}],"lines":[{"boundingBox":{"bottom":84,"left":134,"right":214,"top":23},"cornerPoints":[{"x":136,"y":23},{"x":214,"y":25},{"x":212,"y":84},{"x":134,"y":82}],"elements":[{"boundingBox":{"bottom":84,"left":134,"right":214,"top":23},"cornerPoints":[{"x":136,"y":23},{"x":214,"y":25},{"x":212,"y":84},{"x":134,"y":82}],"recognizedLanguage":"und-Latn","text":"27Kg"}],"recognizedLanguage":"und-Latn","text":"27Kg"}],"recognizedLanguage":"und-Latn","text":"27Kg"}]}}
08-28 17:39:59.564  9756  9803 I Unity   : GetResult : True 48
08-28 17:39:59.565  9756  9803 I Unity   : TransformToRtScreen: 215 216
08-28 17:39:59.646  9756  9803 D MLKit   : input 203x216 pixelCount=43848 id=50
08-28 17:39:59.824  9756  9756 D MLKit   : parseText 27Kg 1
08-28 17:39:59.824  9756  9756 D MLKit   : parseTextBlock 27Kg 1 (157,23) - (250,84)
08-28 17:39:59.824  9756  9756 D MLKit   : parseLine 27Kg 1 (156,23) - (250,83)
08-28 17:39:59.824  9756  9756 D MLKit   : parseElement 27Kg (156,23) - (250,83)
08-28 17:39:59.835  9756  9803 I Unity   : MLKitWrapper.OnComplete: json
08-28 17:39:59.835  9756  9803 I Unity   : {"requestId":49,"text":{"text":"27Kg","textBlocks":[{"boundingBox":{"bottom":84,"left":157,"right":250,"top":23},"cornerPoints":[{"x":159,"y":23},{"x":250,"y":26},{"x":248,"y":84},{"x":157,"y":80}],"lines":[{"boundingBox":{"bottom":83,"left":156,"right":250,"top":23},"cornerPoints":[{"x":159,"y":23},{"x":250,"y":26},{"x":247,"y":83},{"x":156,"y":80}],"elements":[{"boundingBox":{"bottom":83,"left":156,"right":250,"top":23},"cornerPoints":[{"x":159,"y":23},{"x":250,"y":26},{"x":247,"y":83},{"x":156,"y":80}],"recognizedLanguage":"und-Latn","text":"27Kg"}],"recognizedLanguage":"und-Latn","text":"27Kg"}],"recognizedLanguage":"und-Latn","text":"27Kg"}]}}
08-28 17:39:59.866  9756  9803 I Unity   : GetResult : True 49
08-28 17:39:59.866  9756  9803 I Unity   : TransformToRtScreen: 252 216
08-28 17:39:59.924  9756  9803 D MLKit   : input 272x216 pixelCount=58752 id=51
08-28 17:40:00.101  9756  9756 D MLKit   : parseText 27Kg 1
08-28 17:40:00.101  9756  9756 D MLKit   : parseTextBlock 27Kg 1 (128,24) - (202,84)
08-28 17:40:00.102  9756  9756 D MLKit   : parseLine 27Kg 1 (127,24) - (202,83)
08-28 17:40:00.102  9756  9756 D MLKit   : parseElement 27Kg (127,24) - (202,83)
08-28 17:40:00.114  9756  9803 I Unity   : MLKitWrapper.OnComplete: json
08-28 17:40:00.114  9756  9803 I Unity   : {"requestId":50,"text":{"text":"27Kg","textBlocks":[{"boundingBox":{"bottom":84,"left":128,"right":202,"top":24},"cornerPoints":[{"x":129,"y":24},{"x":202,"y":26},{"x":201,"y":84},{"x":128,"y":81}],"lines":[{"boundingBox":{"bottom":83,"left":127,"right":202,"top":24},"cornerPoints":[{"x":129,"y":24},{"x":202,"y":26},{"x":200,"y":83},{"x":127,"y":81}],"elements":[{"boundingBox":{"bottom":83,"left":127,"right":202,"top":24},"cornerPoints":[{"x":129,"y":24},{"x":202,"y":26},{"x":200,"y":83},{"x":127,"y":81}],"recognizedLanguage":"und-Latn","text":"27Kg"}],"recognizedLanguage":"und-Latn","text":"27Kg"}],"recognizedLanguage":"und-Latn","text":"27Kg"}]}}
08-28 17:40:00.128  9756  9803 I Unity   : GetResult : True 50
08-28 17:40:00.129  9756  9803 I Unity   : TransformToRtScreen: 203 216
08-28 17:40:00.192  9756  9803 D MLKit   : input 229x216 pixelCount=49464 id=52
08-28 17:40:00.450  9756  9756 D MLKit   : parseText 27Kg 1
08-28 17:40:00.451  9756  9756 D MLKit   : parseTextBlock 27Kg 1 (171,22) - (270,85)
08-28 17:40:00.451  9756  9756 D MLKit   : parseLine 27Kg 1 (170,22) - (270,84)
08-28 17:40:00.451  9756  9756 D MLKit   : parseElement 27Kg (170,22) - (270,84)
08-28 17:40:00.458  9756  9803 I Unity   : MLKitWrapper.OnComplete: json
08-28 17:40:00.458  9756  9803 I Unity   : {"requestId":51,"text":{"text":"27Kg","textBlocks":[{"boundingBox":{"bottom":85,"left":171,"right":270,"top":22},"cornerPoints":[{"x":172,"y":22},{"x":270,"y":25},{"x":269,"y":85},{"x":171,"y":81}],"lines":[{"boundingBox":{"bottom":84,"left":170,"right":270,"top":22},"cornerPoints":[{"x":172,"y":22},{"x":270,"y":25},{"x":268,"y":84},{"x":170,"y":81}],"elements":[{"boundingBox":{"bottom":84,"left":170,"right":270,"top":22},"cornerPoints":[{"x":172,"y":22},{"x":270,"y":25},{"x":268,"y":84},{"x":170,"y":81}],"recognizedLanguage":"und-Latn","text":"27Kg"}],"recognizedLanguage":"und-Latn","text":"27Kg"}],"recognizedLanguage":"und-Latn","text":"27Kg"}]}}
08-28 17:40:00.472  9756  9803 I Unity   : GetResult : True 51
08-28 17:40:00.473  9756  9803 I Unity   : TransformToRtScreen: 272 216
08-28 17:40:00.565  9756  9803 D MLKit   : input 367x216 pixelCount=79272 id=53
08-28 17:40:00.825  9756  9756 D MLKit   : parseText 27Kg 1
08-28 17:40:00.825  9756  9756 D MLKit   : parseTextBlock 27Kg 1 (144,23) - (228,84)
08-28 17:40:00.825  9756  9756 D MLKit   : parseLine 27Kg 1 (143,23) - (228,83)
08-28 17:40:00.825  9756  9756 D MLKit   : parseElement 27Kg (143,23) - (228,83)
08-28 17:40:00.838  9756  9803 I Unity   : MLKitWrapper.OnComplete: json
08-28 17:40:00.838  9756  9803 I Unity   : {"requestId":52,"text":{"text":"27Kg","textBlocks":[{"boundingBox":{"bottom":84,"left":144,"right":228,"top":23},"cornerPoints":[{"x":145,"y":23},{"x":228,"y":25},{"x":227,"y":84},{"x":144,"y":81}],"lines":[{"boundingBox":{"bottom":83,"left":143,"right":228,"top":23},"cornerPoints":[{"x":145,"y":23},{"x":228,"y":25},{"x":226,"y":83},{"x":143,"y":81}],"elements":[{"boundingBox":{"bottom":83,"left":143,"right":228,"top":23},"cornerPoints":[{"x":145,"y":23},{"x":228,"y":25},{"x":226,"y":83},{"x":143,"y":81}],"recognizedLanguage":"und-Latn","text":"27Kg"}],"recognizedLanguage":"und-Latn","text":"27Kg"}],"recognizedLanguage":"und-Latn","text":"27Kg"}]}}
08-28 17:40:00.853  9756  9803 I Unity   : GetResult : True 52
08-28 17:40:00.853  9756  9803 I Unity   : TransformToRtScreen: 229 216
08-28 17:40:00.952  9756  9756 D MLKit   : parseText 27Kg 1
08-28 17:40:00.953  9756  9756 D MLKit   : parseTextBlock 27Kg 1 (231,22) - (364,84)
08-28 17:40:00.953  9756  9756 D MLKit   : parseLine 27Kg 1 (230,22) - (364,83)
08-28 17:40:00.953  9756  9756 D MLKit   : parseElement 27Kg (230,22) - (364,83)
08-28 17:40:00.961  9756  9803 D MLKit   : input 352x216 pixelCount=76032 id=54
08-28 17:40:00.968  9756  9803 I Unity   : MLKitWrapper.OnComplete: json
08-28 17:40:00.968  9756  9803 I Unity   : {"requestId":53,"text":{"text":"27Kg","textBlocks":[{"boundingBox":{"bottom":84,"left":231,"right":364,"top":22},"cornerPoints":[{"x":232,"y":22},{"x":364,"y":25},{"x":363,"y":84},{"x":231,"y":80}],"lines":[{"boundingBox":{"bottom":83,"left":230,"right":364,"top":22},"cornerPoints":[{"x":232,"y":22},{"x":364,"y":25},{"x":362,"y":83},{"x":230,"y":80}],"elements":[{"boundingBox":{"bottom":83,"left":230,"right":364,"top":22},"cornerPoints":[{"x":232,"y":22},{"x":364,"y":25},{"x":362,"y":83},{"x":230,"y":80}],"recognizedLanguage":"und-Latn","text":"27Kg"}],"recognizedLanguage":"und-Latn","text":"27Kg"}],"recognizedLanguage":"und-Latn","text":"27Kg"}]}}
08-28 17:40:00.976  9756  9803 I Unity   : GetResult : True 53
08-28 17:40:00.976  9756  9803 I Unity   : TransformToRtScreen: 367 216
08-28 17:40:01.031  9756  9803 D MLKit   : input 209x216 pixelCount=45144 id=55
08-28 17:40:01.167  9756  9756 D MLKit   : parseText  0
08-28 17:40:01.186  9756  9803 I Unity   : MLKitWrapper.OnComplete: json
08-28 17:40:01.186  9756  9803 I Unity   : {"requestId":54,"text":{"text":"","textBlocks":[]}}
08-28 17:40:01.224  9756  9803 I Unity   : GetResult : True 54
08-28 17:40:01.224  9756  9803 I Unity   : TransformToRtScreen: 352 216
08-28 17:40:01.303  9756  9803 D MLKit   : input 362x216 pixelCount=78192 id=56
08-28 17:40:01.433  9756  9756 D MLKit   : parseText 27Kg 1
08-28 17:40:01.433  9756  9756 D MLKit   : parseTextBlock 27Kg 1 (130,23) - (208,85)
08-28 17:40:01.433  9756  9756 D MLKit   : parseLine 27Kg 1 (129,23) - (208,84)
08-28 17:40:01.433  9756  9756 D MLKit   : parseElement 27Kg (129,23) - (208,84)
08-28 17:40:01.444  9756  9803 I Unity   : MLKitWrapper.OnComplete: json
08-28 17:40:01.444  9756  9803 I Unity   : {"requestId":55,"text":{"text":"27Kg","textBlocks":[{"boundingBox":{"bottom":85,"left":130,"right":208,"top":23},"cornerPoints":[{"x":132,"y":23},{"x":208,"y":25},{"x":206,"y":85},{"x":130,"y":82}],"lines":[{"boundingBox":{"bottom":84,"left":129,"right":208,"top":23},"cornerPoints":[{"x":132,"y":23},{"x":208,"y":25},{"x":205,"y":84},{"x":129,"y":82}],"elements":[{"boundingBox":{"bottom":84,"left":129,"right":208,"top":23},"cornerPoints":[{"x":132,"y":23},{"x":208,"y":25},{"x":205,"y":84},{"x":129,"y":82}],"recognizedLanguage":"und-Latn","text":"27Kg"}],"recognizedLanguage":"und-Latn","text":"27Kg"}],"recognizedLanguage":"und-Latn","text":"27Kg"}]}}
08-28 17:40:01.465  9756  9803 I Unity   : GetResult : True 55
08-28 17:40:01.465  9756  9803 I Unity   : TransformToRtScreen: 209 216
08-28 17:40:01.533  9756  9803 D MLKit   : input 201x216 pixelCount=43416 id=57
08-28 17:40:01.609  9756  9756 D MLKit   : parseText 27Kg 1
08-28 17:40:01.609  9756  9756 D MLKit   : parseTextBlock 27Kg 1 (228,24) - (360,84)
08-28 17:40:01.609  9756  9756 D MLKit   : parseLine 27Kg 1 (228,24) - (360,84)
08-28 17:40:01.609  9756  9756 D MLKit   : parseElement 27Kg (228,24) - (360,84)
08-28 17:40:01.616  9756  9803 I Unity   : MLKitWrapper.OnComplete: json
08-28 17:40:01.616  9756  9803 I Unity   : {"requestId":56,"text":{"text":"27Kg","textBlocks":[{"boundingBox":{"bottom":84,"left":228,"right":360,"top":24},"cornerPoints":[{"x":228,"y":24},{"x":360,"y":24},{"x":360,"y":84},{"x":228,"y":84}],"lines":[{"boundingBox":{"bottom":84,"left":228,"right":360,"top":24},"cornerPoints":[{"x":228,"y":24},{"x":360,"y":24},{"x":360,"y":84},{"x":228,"y":84}],"elements":[{"boundingBox":{"bottom":84,"left":228,"right":360,"top":24},"cornerPoints":[{"x":228,"y":24},{"x":360,"y":24},{"x":360,"y":84},{"x":228,"y":84}],"recognizedLanguage":"und-Latn","text":"27Kg"}],"recognizedLanguage":"und-Latn","text":"27Kg"}],"recognizedLanguage":"und-Latn","text":"27Kg"}]}}
08-28 17:40:01.633  9756  9803 I Unity   : GetResult : True 56
08-28 17:40:01.633  9756  9803 I Unity   : TransformToRtScreen: 362 216
08-28 17:40:01.706  9756  9803 D MLKit   : input 265x216 pixelCount=57240 id=58
08-28 17:40:01.869  9756  9756 D MLKit   : parseText 27Kg 1
08-28 17:40:01.870  9756  9756 D MLKit   : parseTextBlock 27Kg 1 (126,23) - (200,84)
08-28 17:40:01.870  9756  9756 D MLKit   : parseLine 27Kg 1 (125,23) - (200,83)
08-28 17:40:01.870  9756  9756 D MLKit   : parseElement 27Kg (125,23) - (200,83)
08-28 17:40:01.877  9756  9803 I Unity   : MLKitWrapper.OnComplete: json
08-28 17:40:01.877  9756  9803 I Unity   : {"requestId":57,"text":{"text":"27Kg","textBlocks":[{"boundingBox":{"bottom":84,"left":126,"right":200,"top":23},"cornerPoints":[{"x":127,"y":23},{"x":200,"y":25},{"x":199,"y":84},{"x":126,"y":81}],"lines":[{"boundingBox":{"bottom":83,"left":125,"right":200,"top":23},"cornerPoints":[{"x":127,"y":23},{"x":200,"y":25},{"x":198,"y":83},{"x":125,"y":81}],"elements":[{"boundingBox":{"bottom":83,"left":125,"right":200,"top":23},"cornerPoints":[{"x":127,"y":23},{"x":200,"y":25},{"x":198,"y":83},{"x":125,"y":81}],"recognizedLanguage":"und-Latn","text":"27Kg"}],"recognizedLanguage":"und-Latn","text":"27Kg"}],"recognizedLanguage":"und-Latn","text":"27Kg"}]}}
08-28 17:40:01.891  9756  9803 I Unity   : GetResult : True 57
08-28 17:40:01.892  9756  9803 I Unity   : TransformToRtScreen: 201 216
08-28 17:40:01.989  9756  9803 D MLKit   : input 351x216 pixelCount=75816 id=59
08-28 17:40:02.159  9756  9756 D MLKit   : parseText 27Kg 1
08-28 17:40:02.159  9756  9756 D MLKit   : parseTextBlock 27Kg 1 (166,26) - (262,84)
08-28 17:40:02.159  9756  9756 D MLKit   : parseLine 27Kg 1 (166,26) - (262,84)
08-28 17:40:02.159  9756  9756 D MLKit   : parseElement 27Kg (166,26) - (262,84)
08-28 17:40:02.170  9756  9803 I Unity   : MLKitWrapper.OnComplete: json
08-28 17:40:02.170  9756  9803 I Unity   : {"requestId":58,"text":{"text":"27Kg","textBlocks":[{"boundingBox":{"bottom":84,"left":166,"right":262,"top":26},"cornerPoints":[{"x":166,"y":26},{"x":262,"y":26},{"x":262,"y":84},{"x":166,"y":84}],"lines":[{"boundingBox":{"bottom":84,"left":166,"right":262,"top":26},"cornerPoints":[{"x":166,"y":26},{"x":262,"y":26},{"x":262,"y":84},{"x":166,"y":84}],"elements":[{"boundingBox":{"bottom":84,"left":166,"right":262,"top":26},"cornerPoints":[{"x":166,"y":26},{"x":262,"y":26},{"x":262,"y":84},{"x":166,"y":84}],"recognizedLanguage":"und-Latn","text":"27Kg"}],"recognizedLanguage":"und-Latn","text":"27Kg"}],"recognizedLanguage":"und-Latn","text":"27Kg"}]}}
08-28 17:40:02.184  9756  9803 I Unity   : GetResult : True 58
08-28 17:40:02.184  9756  9803 I Unity   : TransformToRtScreen: 265 216
08-28 17:40:02.263  9756  9803 D MLKit   : input 384x146 pixelCount=56064 id=60
08-28 17:40:02.381  9756  9756 D MLKit   : parseText 27Kg 1
08-28 17:40:02.381  9756  9756 D MLKit   : parseTextBlock 27Kg 1 (221,23) - (349,85)
08-28 17:40:02.382  9756  9756 D MLKit   : parseLine 27Kg 1 (220,23) - (349,84)
08-28 17:40:02.382  9756  9756 D MLKit   : parseElement 27Kg (220,23) - (349,84)
08-28 17:40:02.396  9756  9803 I Unity   : MLKitWrapper.OnComplete: json
08-28 17:40:02.396  9756  9803 I Unity   : {"requestId":59,"text":{"text":"27Kg","textBlocks":[{"boundingBox":{"bottom":85,"left":221,"right":349,"top":23},"cornerPoints":[{"x":222,"y":23},{"x":349,"y":27},{"x":348,"y":85},{"x":221,"y":80}],"lines":[{"boundingBox":{"bottom":84,"left":220,"right":349,"top":23},"cornerPoints":[{"x":222,"y":23},{"x":349,"y":27},{"x":347,"y":84},{"x":220,"y":80}],"elements":[{"boundingBox":{"bottom":84,"left":220,"right":349,"top":23},"cornerPoints":[{"x":222,"y":23},{"x":349,"y":27},{"x":347,"y":84},{"x":220,"y":80}],"recognizedLanguage":"und-Latn","text":"27Kg"}],"recognizedLanguage":"und-Latn","text":"27Kg"}],"recognizedLanguage":"und-Latn","text":"27Kg"}]}}
08-28 17:40:02.410  9756  9803 I Unity   : GetResult : True 59
08-28 17:40:02.410  9756  9803 I Unity   : TransformToRtScreen: 351 216
08-28 17:40:02.480  9756  9803 D MLKit   : input 282x216 pixelCount=60912 id=61
08-28 17:40:02.578  9756  9756 D MLKit   : parseText 27Kg 1
08-28 17:40:02.578  9756  9756 D MLKit   : parseTextBlock 27Kg 1 (243,14) - (382,57)
08-28 17:40:02.578  9756  9756 D MLKit   : parseLine 27Kg 1 (242,14) - (382,56)
08-28 17:40:02.578  9756  9756 D MLKit   : parseElement 27Kg (242,14) - (382,56)
08-28 17:40:02.586  9756  9803 I Unity   : MLKitWrapper.OnComplete: json
08-28 17:40:02.586  9756  9803 I Unity   : {"requestId":60,"text":{"text":"27Kg","textBlocks":[{"boundingBox":{"bottom":57,"left":243,"right":382,"top":14},"cornerPoints":[{"x":244,"y":14},{"x":382,"y":18},{"x":381,"y":57},{"x":243,"y":52}],"lines":[{"boundingBox":{"bottom":56,"left":242,"right":382,"top":14},"cornerPoints":[{"x":244,"y":14},{"x":382,"y":18},{"x":380,"y":56},{"x":242,"y":52}],"elements":[{"boundingBox":{"bottom":56,"left":242,"right":382,"top":14},"cornerPoints":[{"x":244,"y":14},{"x":382,"y":18},{"x":380,"y":56},{"x":242,"y":52}],"recognizedLanguage":"und-Latn","text":"27Kg"}],"recognizedLanguage":"und-Latn","text":"27Kg"}],"recognizedLanguage":"und-Latn","text":"27Kg"}]}}
08-28 17:40:02.600  9756  9803 I Unity   : GetResult : True 60
08-28 17:40:02.601  9756  9803 I Unity   : TransformToRtScreen: 384 146
08-28 17:40:02.702  9756  9803 D MLKit   : input 384x184 pixelCount=70656 id=62
08-28 17:40:02.965  9756  9756 D MLKit   : parseText 27Kg 1
08-28 17:40:02.966  9756  9756 D MLKit   : parseTextBlock 27Kg 1 (177,23) - (280,85)
08-28 17:40:02.966  9756  9756 D MLKit   : parseLine 27Kg 1 (176,23) - (280,84)
08-28 17:40:02.966  9756  9756 D MLKit   : parseElement 27Kg (176,23) - (280,84)
08-28 17:40:02.992  9756  9803 I Unity   : MLKitWrapper.OnComplete: json
08-28 17:40:02.992  9756  9803 I Unity   : {"requestId":61,"text":{"text":"27Kg","textBlocks":[{"boundingBox":{"bottom":85,"left":177,"right":280,"top":23},"cornerPoints":[{"x":178,"y":23},{"x":280,"y":25},{"x":279,"y":85},{"x":177,"y":82}],"lines":[{"boundingBox":{"bottom":84,"left":176,"right":280,"top":23},"cornerPoints":[{"x":178,"y":23},{"x":280,"y":25},{"x":278,"y":84},{"x":176,"y":82}],"elements":[{"boundingBox":{"bottom":84,"left":176,"right":280,"top":23},"cornerPoints":[{"x":178,"y":23},{"x":280,"y":25},{"x":278,"y":84},{"x":176,"y":82}],"recognizedLanguage":"und-Latn","text":"27Kg"}],"recognizedLanguage":"und-Latn","text":"27Kg"}],"recognizedLanguage":"und-Latn","text":"27Kg"}]}}
08-28 17:40:03.023  9756  9803 I Unity   : GetResult : True 61
08-28 17:40:03.024  9756  9803 I Unity   : TransformToRtScreen: 282 216
08-28 17:40:03.079  9756  9803 D MLKit   : input 193x216 pixelCount=41688 id=63
08-28 17:40:03.160  9756  9756 D MLKit   : parseText 27Kg 1
08-28 17:40:03.161  9756  9756 D MLKit   : parseTextBlock 27Kg 1 (242,16) - (382,73)
08-28 17:40:03.161  9756  9756 D MLKit   : parseLine 27Kg 1 (241,16) - (382,72)
08-28 17:40:03.161  9756  9756 D MLKit   : parseElement 27Kg (241,16) - (382,72)
08-28 17:40:03.172  9756  9803 I Unity   : MLKitWrapper.OnComplete: json
08-28 17:40:03.172  9756  9803 I Unity   : {"requestId":62,"text":{"text":"27Kg","textBlocks":[{"boundingBox":{"bottom":73,"left":242,"right":382,"top":16},"cornerPoints":[{"x":244,"y":16},{"x":382,"y":22},{"x":380,"y":73},{"x":242,"y":66}],"lines":[{"boundingBox":{"bottom":72,"left":241,"right":382,"top":16},"cornerPoints":[{"x":244,"y":16},{"x":382,"y":22},{"x":379,"y":72},{"x":241,"y":66}],"elements":[{"boundingBox":{"bottom":72,"left":241,"right":382,"top":16},"cornerPoints":[{"x":244,"y":16},{"x":382,"y":22},{"x":379,"y":72},{"x":241,"y":66}],"recognizedLanguage":"und-Latn","text":"27Kg"}],"recognizedLanguage":"und-Latn","text":"27Kg"}],"recognizedLanguage":"und-Latn","text":"27Kg"}]}}
08-28 17:40:03.196  9756  9803 I Unity   : GetResult : True 62
08-28 17:40:03.197  9756  9803 I Unity   : TransformToRtScreen: 384 184
08-28 17:40:03.263  9756  9803 D MLKit   : input 237x216 pixelCount=51192 id=64
08-28 17:40:03.429  9756  9756 D MLKit   : parseText 27Kg
08-28 17:40:03.429  9756  9756 D MLKit   : o 2
08-28 17:40:03.429  9756  9756 D MLKit   : parseTextBlock 27Kg 1 (120,23) - (191,85)
08-28 17:40:03.429  9756  9756 D MLKit   : parseLine 27Kg 1 (119,23) - (191,84)
08-28 17:40:03.430  9756  9756 D MLKit   : parseElement 27Kg (119,23) - (191,84)
08-28 17:40:03.430  9756  9756 D MLKit   : parseTextBlock o 1 (128,108) - (189,180)
08-28 17:40:03.430  9756  9756 D MLKit   : parseLine o 1 (128,107) - (188,180)
08-28 17:40:03.430  9756  9756 D MLKit   : parseElement o (128,107) - (188,180)
08-28 17:40:03.450  9756  9803 I Unity   : MLKitWrapper.OnComplete: json
08-28 17:40:03.450  9756  9803 I Unity   : {"requestId":63,"text":{"text":"27Kg\no","textBlocks":[{"boundingBox":{"bottom":85,"left":120,"right":191,"top":23},"cornerPoints":[{"x":122,"y":23},{"x":191,"y":25},{"x":189,"y":85},{"x":120,"y":82}],"lines":[{"boundingBox":{"bottom":84,"left":119,"right":191,"top":23},"cornerPoints":[{"x":122,"y":23},{"x":191,"y":25},{"x":188,"y":84},{"x":119,"y":82}],"elements":[{"boundingBox":{"bottom":84,"left":119,"right":191,"top":23},"cornerPoints":[{"x":122,"y":23},{"x":191,"y":25},{"x":188,"y":84},{"x":119,"y":82}],"recognizedLanguage":"und-Latn","text":"27Kg"}],"recognizedLanguage":"und-Latn","text":"27Kg"}],"recognizedLanguage":"und-Latn","text":"27Kg"},{"boundingBox":{"bottom":180,"left":128,"right":189,"top":108},"cornerPoints":[{"x":128,"y":108},{"x":188,"y":108},{"x":189,"y":180},{"x":128,"y":180}],"lines":[{"boundingBox":{"bottom":180,"left":128,"right":188,"top":107},"cornerPoints":[{"x":128,"y":108},{"x":188,"y":107},{"x":188,"y":179},{"x":128,"y":180}],"elements":[{"boundingB
08-28 17:40:03.473  9756  9803 I Unity   : GetResult : True 63
08-28 17:40:03.473  9756  9803 I Unity   : TransformToRtScreen: 193 216
08-28 17:40:03.559  9756  9803 D MLKit   : input 384x154 pixelCount=59136 id=65
08-28 17:40:03.816  9756  9756 D MLKit   : parseText 27Kg 1
08-28 17:40:03.816  9756  9756 D MLKit   : parseTextBlock 27Kg 1 (148,23) - (235,85)
08-28 17:40:03.816  9756  9756 D MLKit   : parseLine 27Kg 1 (147,23) - (235,84)
08-28 17:40:03.816  9756  9756 D MLKit   : parseElement 27Kg (147,23) - (235,84)
08-28 17:40:03.837  9756  9803 I Unity   : MLKitWrapper.OnComplete: json
08-28 17:40:03.837  9756  9803 I Unity   : {"requestId":64,"text":{"text":"27Kg","textBlocks":[{"boundingBox":{"bottom":85,"left":148,"right":235,"top":23},"cornerPoints":[{"x":150,"y":23},{"x":235,"y":26},{"x":233,"y":85},{"x":148,"y":81}],"lines":[{"boundingBox":{"bottom":84,"left":147,"right":235,"top":23},"cornerPoints":[{"x":150,"y":23},{"x":235,"y":26},{"x":232,"y":84},{"x":147,"y":81}],"elements":[{"boundingBox":{"bottom":84,"left":147,"right":235,"top":23},"cornerPoints":[{"x":150,"y":23},{"x":235,"y":26},{"x":232,"y":84},{"x":147,"y":81}],"recognizedLanguage":"und-Latn","text":"27Kg"}],"recognizedLanguage":"und-Latn","text":"27Kg"}],"recognizedLanguage":"und-Latn","text":"27Kg"}]}}
08-28 17:40:03.847  9756  9803 I Unity   : GetResult : True 64
08-28 17:40:03.847  9756  9803 I Unity   : TransformToRtScreen: 237 216
08-28 17:40:03.915  9756  9803 D MLKit   : input 202x216 pixelCount=43632 id=66
08-28 17:40:04.011  9756  9756 D MLKit   : parseText 27Kg 1
08-28 17:40:04.012  9756  9756 D MLKit   : parseTextBlock 27Kg 1 (243,14) - (382,62)
08-28 17:40:04.012  9756  9756 D MLKit   : parseLine 27Kg 1 (242,14) - (382,61)
08-28 17:40:04.012  9756  9756 D MLKit   : parseElement 27Kg (242,14) - (382,61)
08-28 17:40:04.021  9756  9803 I Unity   : MLKitWrapper.OnComplete: json
08-28 17:40:04.021  9756  9803 I Unity   : {"requestId":65,"text":{"text":"27Kg","textBlocks":[{"boundingBox":{"bottom":62,"left":243,"right":382,"top":14},"cornerPoints":[{"x":244,"y":14},{"x":382,"y":19},{"x":381,"y":62},{"x":243,"y":56}],"lines":[{"boundingBox":{"bottom":61,"left":242,"right":382,"top":14},"cornerPoints":[{"x":244,"y":14},{"x":382,"y":19},{"x":380,"y":61},{"x":242,"y":56}],"elements":[{"boundingBox":{"bottom":61,"left":242,"right":382,"top":14},"cornerPoints":[{"x":244,"y":14},{"x":382,"y":19},{"x":380,"y":61},{"x":242,"y":56}],"recognizedLanguage":"und-Latn","text":"27Kg"}],"recognizedLanguage":"und-Latn","text":"27Kg"}],"recognizedLanguage":"und-Latn","text":"27Kg"}]}}
08-28 17:40:04.035  9756  9803 I Unity   : GetResult : True 65
08-28 17:40:04.035  9756  9803 I Unity   : TransformToRtScreen: 384 154
08-28 17:40:04.118  9756  9803 D MLKit   : input 384x172 pixelCount=66048 id=67
08-28 17:40:04.359  9756  9756 D MLKit   : parseText 27Kg 1
08-28 17:40:04.359  9756  9756 D MLKit   : parseTextBlock 27Kg 1 (126,22) - (201,85)
08-28 17:40:04.359  9756  9756 D MLKit   : parseLine 27Kg 1 (125,22) - (201,84)
08-28 17:40:04.359  9756  9756 D MLKit   : parseElement 27Kg (125,22) - (201,84)
08-28 17:40:04.375  9756  9803 I Unity   : MLKitWrapper.OnComplete: json
08-28 17:40:04.375  9756  9803 I Unity   : {"requestId":66,"text":{"text":"27Kg","textBlocks":[{"boundingBox":{"bottom":85,"left":126,"right":201,"top":22},"cornerPoints":[{"x":128,"y":22},{"x":201,"y":25},{"x":199,"y":85},{"x":126,"y":81}],"lines":[{"boundingBox":{"bottom":84,"left":125,"right":201,"top":22},"cornerPoints":[{"x":128,"y":22},{"x":201,"y":25},{"x":198,"y":84},{"x":125,"y":81}],"elements":[{"boundingBox":{"bottom":84,"left":125,"right":201,"top":22},"cornerPoints":[{"x":128,"y":22},{"x":201,"y":25},{"x":198,"y":84},{"x":125,"y":81}],"recognizedLanguage":"und-Latn","text":"27Kg"}],"recognizedLanguage":"und-Latn","text":"27Kg"}],"recognizedLanguage":"und-Latn","text":"27Kg"}]}}
08-28 17:40:04.389  9756  9803 I Unity   : GetResult : True 66
08-28 17:40:04.390  9756  9803 I Unity   : TransformToRtScreen: 202 216
08-28 17:40:04.457  9756  9803 D MLKit   : input 384x154 pixelCount=59136 id=68
08-28 17:40:04.629  9756  9756 D MLKit   : parseText 27Kg 1
08-28 17:40:04.629  9756  9756 D MLKit   : parseTextBlock 27Kg 1 (240,13) - (384,70)
08-28 17:40:04.630  9756  9756 D MLKit   : parseLine 27Kg 1 (239,13) - (384,69)
08-28 17:40:04.630  9756  9756 D MLKit   : parseElement 27Kg (239,13) - (384,69)
08-28 17:40:04.644  9756  9803 I Unity   : MLKitWrapper.OnComplete: json
08-28 17:40:04.644  9756  9803 I Unity   : {"requestId":67,"text":{"text":"27Kg","textBlocks":[{"boundingBox":{"bottom":70,"left":240,"right":384,"top":13},"cornerPoints":[{"x":243,"y":13},{"x":384,"y":23},{"x":381,"y":70},{"x":240,"y":59}],"lines":[{"boundingBox":{"bottom":69,"left":239,"right":384,"top":13},"cornerPoints":[{"x":243,"y":13},{"x":384,"y":23},{"x":380,"y":69},{"x":239,"y":59}],"elements":[{"boundingBox":{"bottom":69,"left":239,"right":384,"top":13},"cornerPoints":[{"x":243,"y":13},{"x":384,"y":23},{"x":380,"y":69},{"x":239,"y":59}],"recognizedLanguage":"und-Latn","text":"27Kg"}],"recognizedLanguage":"und-Latn","text":"27Kg"}],"recognizedLanguage":"und-Latn","text":"27Kg"}]}}
08-28 17:40:04.657  9756  9803 I Unity   : GetResult : True 67
08-28 17:40:04.657  9756  9803 I Unity   : TransformToRtScreen: 384 172
08-28 17:40:04.729  9756  9803 D MLKit   : input 203x216 pixelCount=43848 id=69
08-28 17:40:04.827  9756  9756 D MLKit   : parseText 27Kg 1
08-28 17:40:04.828  9756  9756 D MLKit   : parseTextBlock 27Kg 1 (243,14) - (383,62)
08-28 17:40:04.828  9756  9756 D MLKit   : parseLine 27Kg 1 (242,14) - (383,61)
08-28 17:40:04.828  9756  9756 D MLKit   : parseElement 27Kg (242,14) - (383,61)
08-28 17:40:04.834  9756  9803 I Unity   : MLKitWrapper.OnComplete: json
08-28 17:40:04.834  9756  9803 I Unity   : {"requestId":68,"text":{"text":"27Kg","textBlocks":[{"boundingBox":{"bottom":62,"left":243,"right":383,"top":14},"cornerPoints":[{"x":244,"y":14},{"x":383,"y":20},{"x":381,"y":62},{"x":243,"y":55}],"lines":[{"boundingBox":{"bottom":61,"left":242,"right":383,"top":14},"cornerPoints":[{"x":244,"y":14},{"x":383,"y":20},{"x":381,"y":61},{"x":242,"y":55}],"elements":[{"boundingBox":{"bottom":61,"left":242,"right":383,"top":14},"cornerPoints":[{"x":244,"y":14},{"x":383,"y":20},{"x":381,"y":61},{"x":242,"y":55}],"recognizedLanguage":"und-Latn","text":"27Kg"}],"recognizedLanguage":"und-Latn","text":"27Kg"}],"recognizedLanguage":"und-Latn","text":"27Kg"}]}}
08-28 17:40:04.847  9756  9803 I Unity   : GetResult : True 68
08-28 17:40:04.848  9756  9803 I Unity   : TransformToRtScreen: 384 154
08-28 17:40:04.921  9756  9803 D MLKit   : input 384x201 pixelCount=77184 id=70
08-28 17:40:05.109  9756  9756 D MLKit   : parseText 27Kg 1
08-28 17:40:05.109  9756  9756 D MLKit   : parseTextBlock 27Kg 1 (127,23) - (202,85)
08-28 17:40:05.109  9756  9756 D MLKit   : parseLine 27Kg 1 (126,23) - (202,84)
08-28 17:40:05.109  9756  9756 D MLKit   : parseElement 27Kg (126,23) - (202,84)
08-28 17:40:05.126  9756  9803 I Unity   : MLKitWrapper.OnComplete: json
08-28 17:40:05.126  9756  9803 I Unity   : {"requestId":69,"text":{"text":"27Kg","textBlocks":[{"boundingBox":{"bottom":85,"left":127,"right":202,"top":23},"cornerPoints":[{"x":129,"y":23},{"x":202,"y":26},{"x":200,"y":85},{"x":127,"y":81}],"lines":[{"boundingBox":{"bottom":84,"left":126,"right":202,"top":23},"cornerPoints":[{"x":129,"y":23},{"x":202,"y":26},{"x":199,"y":84},{"x":126,"y":81}],"elements":[{"boundingBox":{"bottom":84,"left":126,"right":202,"top":23},"cornerPoints":[{"x":129,"y":23},{"x":202,"y":26},{"x":199,"y":84},{"x":126,"y":81}],"recognizedLanguage":"und-Latn","text":"27Kg"}],"recognizedLanguage":"und-Latn","text":"27Kg"}],"recognizedLanguage":"und-Latn","text":"27Kg"}]}}
08-28 17:40:05.141  9756  9803 I Unity   : GetResult : True 69
08-28 17:40:05.142  9756  9803 I Unity   : TransformToRtScreen: 203 216
08-28 17:40:05.241  9756  9756 D MLKit   : parseText 27Kg 1
08-28 17:40:05.241  9756  9756 D MLKit   : parseTextBlock 27Kg 1 (242,17) - (382,79)
08-28 17:40:05.241  9756  9756 D MLKit   : parseLine 27Kg 1 (241,17) - (382,78)
08-28 17:40:05.241  9756  9756 D MLKit   : parseElement 27Kg (241,17) - (382,78)
08-28 17:40:05.242  9756  9803 D MLKit   : input 318x216 pixelCount=68688 id=71
08-28 17:40:05.249  9756  9803 I Unity   : MLKitWrapper.OnComplete: json
08-28 17:40:05.249  9756  9803 I Unity   : {"requestId":70,"text":{"text":"27Kg","textBlocks":[{"boundingBox":{"bottom":79,"left":242,"right":382,"top":17},"cornerPoints":[{"x":244,"y":17},{"x":382,"y":23},{"x":380,"y":79},{"x":242,"y":72}],"lines":[{"boundingBox":{"bottom":78,"left":241,"right":382,"top":17},"cornerPoints":[{"x":244,"y":17},{"x":382,"y":23},{"x":379,"y":78},{"x":241,"y":72}],"elements":[{"boundingBox":{"bottom":78,"left":241,"right":382,"top":17},"cornerPoints":[{"x":244,"y":17},{"x":382,"y":23},{"x":379,"y":78},{"x":241,"y":72}],"recognizedLanguage":"und-Latn","text":"27Kg"}],"recognizedLanguage":"und-Latn","text":"27Kg"}],"recognizedLanguage":"und-Latn","text":"27Kg"}]}}
08-28 17:40:05.255  9756  9803 I Unity   : GetResult : True 70
08-28 17:40:05.255  9756  9803 I Unity   : TransformToRtScreen: 384 201
08-28 17:40:05.313  9756  9803 D MLKit   : input 343x216 pixelCount=74088 id=72
08-28 17:40:05.776  9756  9756 D MLKit   : parseText 27Kg 1
08-28 17:40:05.777  9756  9756 D MLKit   : parseTextBlock 27Kg 1 (199,23) - (315,85)
08-28 17:40:05.777  9756  9756 D MLKit   : parseLine 27Kg 1 (198,23) - (315,84)
08-28 17:40:05.777  9756  9756 D MLKit   : parseElement 27Kg (198,23) - (315,84)
08-28 17:40:05.787  9756  9803 I Unity   : MLKitWrapper.OnComplete: json
08-28 17:40:05.787  9756  9803 I Unity   : {"requestId":71,"text":{"text":"27Kg","textBlocks":[{"boundingBox":{"bottom":85,"left":199,"right":315,"top":23},"cornerPoints":[{"x":201,"y":23},{"x":315,"y":27},{"x":313,"y":85},{"x":199,"y":80}],"lines":[{"boundingBox":{"bottom":84,"left":198,"right":315,"top":23},"cornerPoints":[{"x":201,"y":23},{"x":315,"y":27},{"x":312,"y":84},{"x":198,"y":80}],"elements":[{"boundingBox":{"bottom":84,"left":198,"right":315,"top":23},"cornerPoints":[{"x":201,"y":23},{"x":315,"y":27},{"x":312,"y":84},{"x":198,"y":80}],"recognizedLanguage":"und-Latn","text":"27Kg"}],"recognizedLanguage":"und-Latn","text":"27Kg"}],"recognizedLanguage":"und-Latn","text":"27Kg"}]}}
08-28 17:40:05.812  9756  9803 I Unity   : GetResult : True 71
08-28 17:40:05.812  9756  9803 I Unity   : TransformToRtScreen: 318 216
08-28 17:40:05.881  9756  9803 D MLKit   : input 384x162 pixelCount=62208 id=73
08-28 17:40:06.049  9756  9756 D MLKit   : parseText 27Kg 1
08-28 17:40:06.049  9756  9756 D MLKit   : parseTextBlock 27Kg 1 (194,21) - (364,90)
08-28 17:40:06.049  9756  9756 D MLKit   : parseLine 27Kg 1 (193,21) - (364,89)
08-28 17:40:06.049  9756  9756 D MLKit   : parseElement 27Kg (193,21) - (364,89)
08-28 17:40:06.067  9756  9803 I Unity   : MLKitWrapper.OnComplete: json
08-28 17:40:06.067  9756  9803 I Unity   : {"requestId":72,"text":{"text":"27Kg","textBlocks":[{"boundingBox":{"bottom":90,"left":194,"right":364,"top":21},"cornerPoints":[{"x":195,"y":21},{"x":364,"y":24},{"x":363,"y":90},{"x":194,"y":86}],"lines":[{"boundingBox":{"bottom":89,"left":193,"right":364,"top":21},"cornerPoints":[{"x":195,"y":21},{"x":364,"y":24},{"x":362,"y":89},{"x":193,"y":86}],"elements":[{"boundingBox":{"bottom":89,"left":193,"right":364,"top":21},"cornerPoints":[{"x":195,"y":21},{"x":364,"y":24},{"x":362,"y":89},{"x":193,"y":86}],"recognizedLanguage":"und-Latn","text":"27Kg"}],"recognizedLanguage":"und-Latn","text":"27Kg"}],"recognizedLanguage":"und-Latn","text":"27Kg"}]}}
08-28 17:40:06.088  9756  9803 I Unity   : GetResult : True 72
08-28 17:40:06.088  9756  9803 I Unity   : TransformToRtScreen: 343 216
08-28 17:40:06.151  9756  9803 D MLKit   : input 210x216 pixelCount=45360 id=74
08-28 17:40:06.253  9756  9756 D MLKit   : parseText 27Kg 1
