08-28 17:40:06.253  9756  9756 D MLKit   : parseTextBlock 27Kg 1 (243,15) - (382,65)
08-28 17:40:06.253  9756  9756 D MLKit   : parseLine 27Kg 1 (242,15) - (382,64)
08-28 17:40:06.253  9756  9756 D MLKit   : parseElement 27Kg (242,15) - (382,64)
08-28 17:40:06.270  9756  9803 I Unity   : MLKitWrapper.OnComplete: json
08-28 17:40:06.270  9756  9803 I Unity   : {"requestId":73,"text":{"text":"27Kg","textBlocks":[{"boundingBox":{"bottom":65,"left":243,"right":382,"top":15},"cornerPoints":[{"x":244,"y":15},{"x":382,"y":20},{"x":381,"y":65},{"x":243,"y":59}],"lines":[{"boundingBox":{"bottom":64,"left":242,"right":382,"top":15},"cornerPoints":[{"x":244,"y":15},{"x":382,"y":20},{"x":380,"y":64},{"x":242,"y":59}],"elements":[{"boundingBox":{"bottom":64,"left":242,"right":382,"top":15},"cornerPoints":[{"x":244,"y":15},{"x":382,"y":20},{"x":380,"y":64},{"x":242,"y":59}],"recognizedLanguage":"und-Latn","text":"27Kg"}],"recognizedLanguage":"und-Latn","text":"27Kg"}],"recognizedLanguage":"und-Latn","text":"27Kg"}]}}
08-28 17:40:06.285  9756  9803 I Unity   : GetResult : True 73
08-28 17:40:06.286  9756  9803 I Unity   : TransformToRtScreen: 384 162
08-28 17:40:06.349  9756  9803 D MLKit   : input 194x216 pixelCount=41904 id=75
08-28 17:40:06.596  9756  9756 D MLKit   : parseText 27Kg 1
08-28 17:40:06.597  9756  9756 D MLKit   : parseTextBlock 27Kg 1 (132,23) - (209,84)
08-28 17:40:06.597  9756  9756 D MLKit   : parseLine 27Kg 1 (131,23) - (209,83)
08-28 17:40:06.597  9756  9756 D MLKit   : parseElement 27Kg (131,23) - (209,83)
08-28 17:40:06.617  9756  9803 I Unity   : MLKitWrapper.OnComplete: json
08-28 17:40:06.617  9756  9803 I Unity   : {"requestId":74,"text":{"text":"27Kg","textBlocks":[{"boundingBox":{"bottom":84,"left":132,"right":209,"top":23},"cornerPoints":[{"x":133,"y":23},{"x":209,"y":25},{"x":208,"y":84},{"x":132,"y":81}],"lines":[{"boundingBox":{"bottom":83,"left":131,"right":209,"top":23},"cornerPoints":[{"x":133,"y":23},{"x":209,"y":25},{"x":207,"y":83},{"x":131,"y":81}],"elements":[{"boundingBox":{"bottom":83,"left":131,"right":209,"top":23},"cornerPoints":[{"x":133,"y":23},{"x":209,"y":25},{"x":207,"y":83},{"x":131,"y":81}],"recognizedLanguage":"und-Latn","text":"27Kg"}],"recognizedLanguage":"und-Latn","text":"27Kg"}],"recognizedLanguage":"und-Latn","text":"27Kg"}]}}
08-28 17:40:06.641  9756  9803 I Unity   : GetResult : True 74
08-28 17:40:06.641  9756  9803 I Unity   : TransformToRtScreen: 210 216
08-28 17:40:06.719  9756  9803 D MLKit   : input 310x216 pixelCount=66960 id=76
08-28 17:40:06.926  9756  9756 D MLKit   : parseText  0
08-28 17:40:06.932  9756  9803 I Unity   : MLKitWrapper.OnComplete: json
08-28 17:40:06.932  9756  9803 I Unity   : {"requestId":75,"text":{"text":"","textBlocks":[]}}
08-28 17:40:06.940  9756  9803 I Unity   : GetResult : True 75
08-28 17:40:06.940  9756  9803 I Unity   : TransformToRtScreen: 194 216
08-28 17:40:07.035  9756  9803 D MLKit   : input 301x216 pixelCount=65016 id=77
08-28 17:40:07.326  9756  9756 D MLKit   : parseText 0, 1
08-28 17:40:07.326  9756  9756 D MLKit   : parseTextBlock 0, 1 (181,100) - (293,170)
08-28 17:40:07.326  9756  9756 D MLKit   : parseLine 0, 1 (180,99) - (293,170)
08-28 17:40:07.326  9756  9756 D MLKit   : parseElement 0, (180,99) - (293,170)
08-28 17:40:07.341  9756  9803 I Unity   : MLKitWrapper.OnComplete: json
08-28 17:40:07.341  9756  9803 I Unity   : {"requestId":76,"text":{"text":"0,","textBlocks":[{"boundingBox":{"bottom":170,"left":181,"right":293,"top":100},"cornerPoints":[{"x":283,"y":170},{"x":181,"y":149},{"x":191,"y":100},{"x":293,"y":122}],"lines":[{"boundingBox":{"bottom":170,"left":180,"right":293,"top":99},"cornerPoints":[{"x":283,"y":170},{"x":180,"y":148},{"x":190,"y":99},{"x":293,"y":121}],"elements":[{"boundingBox":{"bottom":170,"left":180,"right":293,"top":99},"cornerPoints":[{"x":283,"y":170},{"x":180,"y":148},{"x":190,"y":99},{"x":293,"y":121}],"recognizedLanguage":"und-Latn","text":"0,"}],"recognizedLanguage":"und-Latn","text":"0,"}],"recognizedLanguage":"und-Latn","text":"0,"}]}}
08-28 17:40:07.357  9756  9803 I Unity   : GetResult : True 76
08-28 17:40:07.359  9756  9803 I Unity   : TransformToRtScreen: 310 216
08-28 17:40:07.471  9756  9803 D MLKit   : input 266x216 pixelCount=57456 id=78
08-28 17:40:07.740  9756  9756 D MLKit   : parseText 27Kg
08-28 17:40:07.740  9756  9756 D MLKit   : 10 2
08-28 17:40:07.740  9756  9756 D MLKit   : parseTextBlock 27Kg 1 (190,22) - (300,84)
08-28 17:40:07.740  9756  9756 D MLKit   : parseLine 27Kg 1 (189,22) - (300,83)
08-28 17:40:07.740  9756  9756 D MLKit   : parseElement 27Kg (189,22) - (300,83)
08-28 17:40:07.740  9756  9756 D MLKit   : parseTextBlock 10 1 (171,102) - (273,184)
08-28 17:40:07.741  9756  9756 D MLKit   : parseLine 10 1 (170,102) - (273,184)
08-28 17:40:07.741  9756  9756 D MLKit   : parseElement 10 (170,102) - (273,184)
08-28 17:40:07.760  9756  9803 I Unity   : MLKitWrapper.OnComplete: json
08-28 17:40:07.760  9756  9803 I Unity   : {"requestId":77,"text":{"text":"27Kg\n10","textBlocks":[{"boundingBox":{"bottom":84,"left":190,"right":300,"top":22},"cornerPoints":[{"x":191,"y":22},{"x":300,"y":25},{"x":299,"y":84},{"x":190,"y":80}],"lines":[{"boundingBox":{"bottom":83,"left":189,"right":300,"top":22},"cornerPoints":[{"x":191,"y":22},{"x":300,"y":25},{"x":298,"y":83},{"x":189,"y":80}],"elements":[{"boundingBox":{"bottom":83,"left":189,"right":300,"top":22},"cornerPoints":[{"x":191,"y":22},{"x":300,"y":25},{"x":298,"y":83},{"x":189,"y":80}],"recognizedLanguage":"und-Latn","text":"27Kg"}],"recognizedLanguage":"und-Latn","text":"27Kg"}],"recognizedLanguage":"und-Latn","text":"27Kg"},{"boundingBox":{"bottom":184,"left":171,"right":273,"top":102},"cornerPoints":[{"x":182,"y":102},{"x":273,"y":117},{"x":262,"y":184},{"x":171,"y":169}],"lines":[{"boundingBox":{"bottom":184,"left":170,"right":273,"top":102},"cornerPoints":[{"x":182,"y":102},{"x":273,"y":117},{"x":261,"y":184},{"x":170,"y":169}],"elements":[{"bounding
08-28 17:40:07.780  9756  9803 I Unity   : GetResult : True 77
08-28 17:40:07.780  9756  9803 I Unity   : TransformToRtScreen: 301 216
08-28 17:40:07.875  9756  9803 D MLKit   : input 343x216 pixelCount=74088 id=79
08-28 17:40:08.294  9756  9756 D MLKit   : parseText 27Kg 1
08-28 17:40:08.294  9756  9803 I Unity   : Cont. 31.564101/400	5/30-40
08-28 17:40:08.294  9756  9756 D MLKit   : parseTextBlock 27Kg 1 (168,24) - (264,84)
08-28 17:40:08.294  9756  9756 D MLKit   : parseLine 27Kg 1 (168,24) - (264,84)
08-28 17:40:08.294  9756  9756 D MLKit   : parseElement 27Kg (168,24) - (264,84)
08-28 17:40:08.312  9756  9803 I Unity   : MLKitWrapper.OnComplete: json
08-28 17:40:08.312  9756  9803 I Unity   : {"requestId":78,"text":{"text":"27Kg","textBlocks":[{"boundingBox":{"bottom":84,"left":168,"right":264,"top":24},"cornerPoints":[{"x":168,"y":24},{"x":264,"y":24},{"x":264,"y":84},{"x":168,"y":84}],"lines":[{"boundingBox":{"bottom":84,"left":168,"right":264,"top":24},"cornerPoints":[{"x":168,"y":24},{"x":264,"y":24},{"x":264,"y":84},{"x":168,"y":84}],"elements":[{"boundingBox":{"bottom":84,"left":168,"right":264,"top":24},"cornerPoints":[{"x":168,"y":24},{"x":264,"y":24},{"x":264,"y":84},{"x":168,"y":84}],"recognizedLanguage":"und-Latn","text":"27Kg"}],"recognizedLanguage":"und-Latn","text":"27Kg"}],"recognizedLanguage":"und-Latn","text":"27Kg"}]}}
08-28 17:40:08.330  9756  9803 I Unity   : GetResult : True 78
08-28 17:40:08.331  9756  9803 I Unity   : TransformToRtScreen: 266 216
08-28 17:40:08.579  9756  9756 D MLKit   : parseText 27Kg
08-28 17:40:08.579  9756  9756 D MLKit   : 10 1
08-28 17:40:08.579  9756  9756 D MLKit   : parseTextBlock 27Kg
08-28 17:40:08.579  9756  9756 D MLKit   : 10 2 (213,23) - (341,177)
08-28 17:40:08.579  9756  9756 D MLKit   : parseLine 27Kg 1 (215,23) - (341,84)
08-28 17:40:08.579  9756  9756 D MLKit   : parseElement 27Kg (215,23) - (341,84)
08-28 17:40:08.579  9756  9756 D MLKit   : parseLine 10 1 (228,107) - (308,178)
08-28 17:40:08.580  9756  9756 D MLKit   : parseElement 10 (228,107) - (308,178)
08-28 17:40:08.585  9756  9803 I Unity   : MLKitWrapper.OnComplete: json
08-28 17:40:08.585  9756  9803 I Unity   : {"requestId":79,"text":{"text":"27Kg\n10","textBlocks":[{"boundingBox":{"bottom":177,"left":213,"right":341,"top":23},"cornerPoints":[{"x":217,"y":23},{"x":341,"y":26},{"x":337,"y":177},{"x":213,"y":173}],"lines":[{"boundingBox":{"bottom":84,"left":215,"right":341,"top":23},"cornerPoints":[{"x":217,"y":23},{"x":341,"y":26},{"x":339,"y":84},{"x":215,"y":81}],"elements":[{"boundingBox":{"bottom":84,"left":215,"right":341,"top":23},"cornerPoints":[{"x":217,"y":23},{"x":341,"y":26},{"x":339,"y":84},{"x":215,"y":81}],"recognizedLanguage":"und-Latn","text":"27Kg"}],"recognizedLanguage":"und-Latn","text":"27Kg"},{"boundingBox":{"bottom":178,"left":228,"right":308,"top":107},"cornerPoints":[{"x":232,"y":107},{"x":308,"y":111},{"x":304,"y":178},{"x":228,"y":174}],"elements":[{"boundingBox":{"bottom":178,"left":228,"right":308,"top":107},"cornerPoints":[{"x":232,"y":107},{"x":308,"y":111},{"x":304,"y":178},{"x":228,"y":174}],"recognizedLanguage":"und-Latn","text":"10"}],"recognizedLanguag
08-28 17:40:08.603  9756  9803 I Unity   : GetResult : True 79
08-28 17:40:08.603  9756  9803 I Unity   : TransformToRtScreen: 343 216
08-28 17:40:09.377  9756  9803 D MLKit   : input 384x171 pixelCount=65664 id=80
08-28 17:40:09.547  9756  9756 D MLKit   : parseText 27Kg 1
08-28 17:40:09.547  9756  9756 D MLKit   : parseTextBlock 27Kg 1 (243,17) - (382,67)
08-28 17:40:09.547  9756  9756 D MLKit   : parseLine 27Kg 1 (242,17) - (382,66)
08-28 17:40:09.547  9756  9756 D MLKit   : parseElement 27Kg (242,17) - (382,66)
08-28 17:40:09.554  9756  9803 I Unity   : MLKitWrapper.OnComplete: json
08-28 17:40:09.554  9756  9803 I Unity   : {"requestId":80,"text":{"text":"27Kg","textBlocks":[{"boundingBox":{"bottom":67,"left":243,"right":382,"top":17},"cornerPoints":[{"x":244,"y":17},{"x":382,"y":21},{"x":381,"y":67},{"x":243,"y":62}],"lines":[{"boundingBox":{"bottom":66,"left":242,"right":382,"top":17},"cornerPoints":[{"x":244,"y":17},{"x":382,"y":21},{"x":380,"y":66},{"x":242,"y":62}],"elements":[{"boundingBox":{"bottom":66,"left":242,"right":382,"top":17},"cornerPoints":[{"x":244,"y":17},{"x":382,"y":21},{"x":380,"y":66},{"x":242,"y":62}],"recognizedLanguage":"und-Latn","text":"27Kg"}],"recognizedLanguage":"und-Latn","text":"27Kg"}],"recognizedLanguage":"und-Latn","text":"27Kg"}]}}
08-28 17:40:09.571  9756  9803 I Unity   : GetResult : True 80
08-28 17:40:09.571  9756  9803 I Unity   : TransformToRtScreen: 384 171
08-28 17:40:09.635  9756  9803 D MLKit   : input 201x216 pixelCount=43416 id=81
08-28 17:40:09.920  9756  9756 D MLKit   : parseText 27Kg 1
08-28 17:40:09.920  9756  9756 D MLKit   : parseTextBlock 27Kg 1 (126,23) - (200,84)
08-28 17:40:09.920  9756  9756 D MLKit   : parseLine 27Kg 1 (125,23) - (200,83)
08-28 17:40:09.920  9756  9756 D MLKit   : parseElement 27Kg (125,23) - (200,83)
08-28 17:40:09.936  9756  9803 I Unity   : MLKitWrapper.OnComplete: json
08-28 17:40:09.936  9756  9803 I Unity   : {"requestId":81,"text":{"text":"27Kg","textBlocks":[{"boundingBox":{"bottom":84,"left":126,"right":200,"top":23},"cornerPoints":[{"x":127,"y":23},{"x":200,"y":25},{"x":199,"y":84},{"x":126,"y":81}],"lines":[{"boundingBox":{"bottom":83,"left":125,"right":200,"top":23},"cornerPoints":[{"x":127,"y":23},{"x":200,"y":25},{"x":198,"y":83},{"x":125,"y":81}],"elements":[{"boundingBox":{"bottom":83,"left":125,"right":200,"top":23},"cornerPoints":[{"x":127,"y":23},{"x":200,"y":25},{"x":198,"y":83},{"x":125,"y":81}],"recognizedLanguage":"und-Latn","text":"27Kg"}],"recognizedLanguage":"und-Latn","text":"27Kg"}],"recognizedLanguage":"und-Latn","text":"27Kg"}]}}
08-28 17:40:09.991  9756  9803 D MLKit   : input 229x216 pixelCount=49464 id=82
08-28 17:40:10.001  9756  9803 I Unity   : GetResult : True 81
08-28 17:40:10.001  9756  9803 I Unity   : TransformToRtScreen: 201 216
08-28 17:40:10.076  9756  9803 D MLKit   : input 384x201 pixelCount=77184 id=83
08-28 17:40:10.259  9756  9756 D MLKit   : parseText 27Kg 1
08-28 17:40:10.260  9756  9756 D MLKit   : parseTextBlock 27Kg 1 (144,23) - (227,85)
08-28 17:40:10.260  9756  9756 D MLKit   : parseLine 27Kg 1 (143,23) - (227,84)
08-28 17:40:10.260  9756  9756 D MLKit   : parseElement 27Kg (143,23) - (227,84)
08-28 17:40:10.263  9756  9803 I Unity   : MLKitWrapper.OnComplete: json
08-28 17:40:10.263  9756  9803 I Unity   : {"requestId":82,"text":{"text":"27Kg","textBlocks":[{"boundingBox":{"bottom":85,"left":144,"right":227,"top":23},"cornerPoints":[{"x":145,"y":23},{"x":227,"y":24},{"x":226,"y":85},{"x":144,"y":83}],"lines":[{"boundingBox":{"bottom":84,"left":143,"right":227,"top":23},"cornerPoints":[{"x":145,"y":23},{"x":227,"y":24},{"x":225,"y":84},{"x":143,"y":83}],"elements":[{"boundingBox":{"bottom":84,"left":143,"right":227,"top":23},"cornerPoints":[{"x":145,"y":23},{"x":227,"y":24},{"x":225,"y":84},{"x":143,"y":83}],"recognizedLanguage":"und-Latn","text":"27Kg"}],"recognizedLanguage":"und-Latn","text":"27Kg"}],"recognizedLanguage":"und-Latn","text":"27Kg"}]}}
08-28 17:40:10.288  9756  9803 I Unity   : GetResult : True 82
08-28 17:40:10.289  9756  9803 I Unity   : TransformToRtScreen: 229 216
08-28 17:40:10.356  9756  9803 D MLKit   : input 202x216 pixelCount=43632 id=84
08-28 17:40:10.497  9756  9756 D MLKit   : parseText 27Kg 1
08-28 17:40:10.497  9756  9756 D MLKit   : parseTextBlock 27Kg 1 (242,18) - (382,79)
08-28 17:40:10.498  9756  9756 D MLKit   : parseLine 27Kg 1 (241,18) - (382,78)
08-28 17:40:10.498  9756  9756 D MLKit   : parseElement 27Kg (241,18) - (382,78)
08-28 17:40:10.506  9756  9803 I Unity   : MLKitWrapper.OnComplete: json
08-28 17:40:10.506  9756  9803 I Unity   : {"requestId":83,"text":{"text":"27Kg","textBlocks":[{"boundingBox":{"bottom":79,"left":242,"right":382,"top":18},"cornerPoints":[{"x":244,"y":18},{"x":382,"y":24},{"x":380,"y":79},{"x":242,"y":72}],"lines":[{"boundingBox":{"bottom":78,"left":241,"right":382,"top":18},"cornerPoints":[{"x":244,"y":18},{"x":382,"y":24},{"x":379,"y":78},{"x":241,"y":72}],"elements":[{"boundingBox":{"bottom":78,"left":241,"right":382,"top":18},"cornerPoints":[{"x":244,"y":18},{"x":382,"y":24},{"x":379,"y":78},{"x":241,"y":72}],"recognizedLanguage":"und-Latn","text":"27Kg"}],"recognizedLanguage":"und-Latn","text":"27Kg"}],"recognizedLanguage":"und-Latn","text":"27Kg"}]}}
08-28 17:40:10.521  9756  9803 I Unity   : GetResult : True 83
08-28 17:40:10.521  9756  9803 I Unity   : TransformToRtScreen: 384 201
08-28 17:40:10.611  9756  9803 D MLKit   : input 384x211 pixelCount=81024 id=85
08-28 17:40:10.966  9756  9756 D MLKit   : parseText 27Kg 1
08-28 17:40:10.966  9756  9756 D MLKit   : parseTextBlock 27Kg 1 (126,23) - (201,85)
08-28 17:40:10.966  9756  9756 D MLKit   : parseLine 27Kg 1 (125,23) - (201,84)
08-28 17:40:10.966  9756  9756 D MLKit   : parseElement 27Kg (125,23) - (201,84)
08-28 17:40:10.972  9756  9803 I Unity   : MLKitWrapper.OnComplete: json
08-28 17:40:10.972  9756  9803 I Unity   : {"requestId":84,"text":{"text":"27Kg","textBlocks":[{"boundingBox":{"bottom":85,"left":126,"right":201,"top":23},"cornerPoints":[{"x":128,"y":23},{"x":201,"y":25},{"x":199,"y":85},{"x":126,"y":82}],"lines":[{"boundingBox":{"bottom":84,"left":125,"right":201,"top":23},"cornerPoints":[{"x":128,"y":23},{"x":201,"y":25},{"x":198,"y":84},{"x":125,"y":82}],"elements":[{"boundingBox":{"bottom":84,"left":125,"right":201,"top":23},"cornerPoints":[{"x":128,"y":23},{"x":201,"y":25},{"x":198,"y":84},{"x":125,"y":82}],"recognizedLanguage":"und-Latn","text":"27Kg"}],"recognizedLanguage":"und-Latn","text":"27Kg"}],"recognizedLanguage":"und-Latn","text":"27Kg"}]}}
08-28 17:40:10.994  9756  9803 I Unity   : GetResult : True 84
08-28 17:40:10.994  9756  9803 I Unity   : TransformToRtScreen: 202 216
08-28 17:40:11.089  9756  9803 D MLKit   : input 289x216 pixelCount=62424 id=86
08-28 17:40:11.335  9756  9756 D MLKit   : parseText 27Kg 1
08-28 17:40:11.336  9756  9756 D MLKit   : parseTextBlock 27Kg 1 (242,20) - (382,84)
08-28 17:40:11.336  9756  9756 D MLKit   : parseLine 27Kg 1 (241,20) - (382,83)
08-28 17:40:11.336  9756  9756 D MLKit   : parseElement 27Kg (241,20) - (382,83)
08-28 17:40:11.353  9756  9803 I Unity   : MLKitWrapper.OnComplete: json
08-28 17:40:11.353  9756  9803 I Unity   : {"requestId":85,"text":{"text":"27Kg","textBlocks":[{"boundingBox":{"bottom":84,"left":242,"right":382,"top":20},"cornerPoints":[{"x":244,"y":20},{"x":382,"y":27},{"x":379,"y":84},{"x":242,"y":76}],"lines":[{"boundingBox":{"bottom":83,"left":241,"right":382,"top":20},"cornerPoints":[{"x":244,"y":20},{"x":382,"y":27},{"x":379,"y":83},{"x":241,"y":76}],"elements":[{"boundingBox":{"bottom":83,"left":241,"right":382,"top":20},"cornerPoints":[{"x":244,"y":20},{"x":382,"y":27},{"x":379,"y":83},{"x":241,"y":76}],"recognizedLanguage":"und-Latn","text":"27Kg"}],"recognizedLanguage":"und-Latn","text":"27Kg"}],"recognizedLanguage":"und-Latn","text":"27Kg"}]}}
08-28 17:40:11.369  9756  9803 I Unity   : GetResult : True 85
08-28 17:40:11.370  9756  9803 I Unity   : TransformToRtScreen: 384 211
08-28 17:40:11.457  9756  9803 D MLKit   : input 211x216 pixelCount=45576 id=87
08-28 17:40:11.765  9756  9756 D MLKit   : parseText 27Kg 1
08-28 17:40:11.765  9756  9756 D MLKit   : parseTextBlock 27Kg 1 (182,24) - (286,84)
08-28 17:40:11.765  9756  9756 D MLKit   : parseLine 27Kg 1 (182,24) - (286,84)
08-28 17:40:11.765  9756  9756 D MLKit   : parseElement 27Kg (182,24) - (286,84)
08-28 17:40:11.769  9756  9803 I Unity   : MLKitWrapper.OnComplete: json
08-28 17:40:11.769  9756  9803 I Unity   : {"requestId":86,"text":{"text":"27Kg","textBlocks":[{"boundingBox":{"bottom":84,"left":182,"right":286,"top":24},"cornerPoints":[{"x":182,"y":24},{"x":286,"y":24},{"x":286,"y":84},{"x":182,"y":84}],"lines":[{"boundingBox":{"bottom":84,"left":182,"right":286,"top":24},"cornerPoints":[{"x":182,"y":24},{"x":286,"y":24},{"x":286,"y":84},{"x":182,"y":84}],"elements":[{"boundingBox":{"bottom":84,"left":182,"right":286,"top":24},"cornerPoints":[{"x":182,"y":24},{"x":286,"y":24},{"x":286,"y":84},{"x":182,"y":84}],"recognizedLanguage":"und-Latn","text":"27Kg"}],"recognizedLanguage":"und-Latn","text":"27Kg"}],"recognizedLanguage":"und-Latn","text":"27Kg"}]}}
08-28 17:40:11.781  9756  9803 I Unity   : GetResult : True 86
08-28 17:40:11.782  9756  9803 I Unity   : TransformToRtScreen: 289 216
08-28 17:40:11.865  9756  9803 D MLKit   : input 225x216 pixelCount=48600 id=88
08-28 17:40:12.105  9756  9756 D MLKit   : parseText 27Kg 1
08-28 17:40:12.105  9756  9756 D MLKit   : parseTextBlock 27Kg 1 (131,22) - (209,85)
08-28 17:40:12.105  9756  9756 D MLKit   : parseLine 27Kg 1 (130,22) - (209,84)
08-28 17:40:12.105  9756  9756 D MLKit   : parseElement 27Kg (130,22) - (209,84)
08-28 17:40:12.112  9756  9803 I Unity   : MLKitWrapper.OnComplete: json
08-28 17:40:12.112  9756  9803 I Unity   : {"requestId":87,"text":{"text":"27Kg","textBlocks":[{"boundingBox":{"bottom":85,"left":131,"right":209,"top":22},"cornerPoints":[{"x":133,"y":22},{"x":209,"y":25},{"x":207,"y":85},{"x":131,"y":81}],"lines":[{"boundingBox":{"bottom":84,"left":130,"right":209,"top":22},"cornerPoints":[{"x":133,"y":22},{"x":209,"y":25},{"x":206,"y":84},{"x":130,"y":81}],"elements":[{"boundingBox":{"bottom":84,"left":130,"right":209,"top":22},"cornerPoints":[{"x":133,"y":22},{"x":209,"y":25},{"x":206,"y":84},{"x":130,"y":81}],"recognizedLanguage":"und-Latn","text":"27Kg"}],"recognizedLanguage":"und-Latn","text":"27Kg"}],"recognizedLanguage":"und-Latn","text":"27Kg"}]}}
08-28 17:40:12.126  9756  9803 I Unity   : GetResult : True 87
08-28 17:40:12.127  9756  9803 I Unity   : TransformToRtScreen: 211 216
08-28 17:40:12.211  9756  9803 D MLKit   : input 384x152 pixelCount=58368 id=89
08-28 17:40:12.463  9756  9756 D MLKit   : parseText 27Kg 1
08-28 17:40:12.463  9756  9756 D MLKit   : parseTextBlock 27Kg 1 (141,23) - (223,85)
08-28 17:40:12.463  9756  9756 D MLKit   : parseLine 27Kg 1 (140,23) - (223,84)
08-28 17:40:12.463  9756  9756 D MLKit   : parseElement 27Kg (140,23) - (223,84)
08-28 17:40:12.476  9756  9803 I Unity   : MLKitWrapper.OnComplete: json
08-28 17:40:12.476  9756  9803 I Unity   : {"requestId":88,"text":{"text":"27Kg","textBlocks":[{"boundingBox":{"bottom":85,"left":141,"right":223,"top":23},"cornerPoints":[{"x":142,"y":23},{"x":223,"y":24},{"x":222,"y":85},{"x":141,"y":83}],"lines":[{"boundingBox":{"bottom":84,"left":140,"right":223,"top":23},"cornerPoints":[{"x":142,"y":23},{"x":223,"y":24},{"x":221,"y":84},{"x":140,"y":83}],"elements":[{"boundingBox":{"bottom":84,"left":140,"right":223,"top":23},"cornerPoints":[{"x":142,"y":23},{"x":223,"y":24},{"x":221,"y":84},{"x":140,"y":83}],"recognizedLanguage":"und-Latn","text":"27Kg"}],"recognizedLanguage":"und-Latn","text":"27Kg"}],"recognizedLanguage":"und-Latn","text":"27Kg"}]}}
08-28 17:40:12.490  9756  9803 I Unity   : GetResult : True 88
08-28 17:40:12.491  9756  9803 I Unity   : TransformToRtScreen: 225 216
08-28 17:40:12.596  9756  9803 D MLKit   : input 364x216 pixelCount=78624 id=90
08-28 17:40:12.631  9756  9756 D MLKit   : parseText 27Kg 1
08-28 17:40:12.631  9756  9756 D MLKit   : parseTextBlock 27Kg 1 (243,13) - (382,61)
08-28 17:40:12.631  9756  9756 D MLKit   : parseLine 27Kg 1 (242,13) - (382,60)
08-28 17:40:12.631  9756  9756 D MLKit   : parseElement 27Kg (242,13) - (382,60)
08-28 17:40:12.634  9756  9803 I Unity   : MLKitWrapper.OnComplete: json
08-28 17:40:12.634  9756  9803 I Unity   : {"requestId":89,"text":{"text":"27Kg","textBlocks":[{"boundingBox":{"bottom":61,"left":243,"right":382,"top":13},"cornerPoints":[{"x":244,"y":13},{"x":382,"y":18},{"x":381,"y":61},{"x":243,"y":55}],"lines":[{"boundingBox":{"bottom":60,"left":242,"right":382,"top":13},"cornerPoints":[{"x":244,"y":13},{"x":382,"y":18},{"x":380,"y":60},{"x":242,"y":55}],"elements":[{"boundingBox":{"bottom":60,"left":242,"right":382,"top":13},"cornerPoints":[{"x":244,"y":13},{"x":382,"y":18},{"x":380,"y":60},{"x":242,"y":55}],"recognizedLanguage":"und-Latn","text":"27Kg"}],"recognizedLanguage":"und-Latn","text":"27Kg"}],"recognizedLanguage":"und-Latn","text":"27Kg"}]}}
08-28 17:40:12.639  9756  9803 I Unity   : GetResult : True 89
08-28 17:40:12.639  9756  9803 I Unity   : TransformToRtScreen: 384 152
08-28 17:40:12.704  9756  9803 D MLKit   : input 217x216 pixelCount=46872 id=91
08-28 17:40:12.827  9756  9756 D MLKit   : parseText 27Kg 1
08-28 17:40:12.828  9756  9756 D MLKit   : parseTextBlock 27Kg 1 (228,20) - (361,85)
08-28 17:40:12.828  9756  9756 D MLKit   : parseLine 27Kg 1 (227,20) - (361,84)
08-28 17:40:12.828  9756  9756 D MLKit   : parseElement 27Kg (227,20) - (361,84)
08-28 17:40:12.839  9756  9803 I Unity   : MLKitWrapper.OnComplete: json
08-28 17:40:12.839  9756  9803 I Unity   : {"requestId":90,"text":{"text":"27Kg","textBlocks":[{"boundingBox":{"bottom":85,"left":228,"right":361,"top":20},"cornerPoints":[{"x":230,"y":20},{"x":361,"y":26},{"x":359,"y":85},{"x":228,"y":78}],"lines":[{"boundingBox":{"bottom":84,"left":227,"right":361,"top":20},"cornerPoints":[{"x":230,"y":20},{"x":361,"y":26},{"x":358,"y":84},{"x":227,"y":78}],"elements":[{"boundingBox":{"bottom":84,"left":227,"right":361,"top":20},"cornerPoints":[{"x":230,"y":20},{"x":361,"y":26},{"x":358,"y":84},{"x":227,"y":78}],"recognizedLanguage":"und-Latn","text":"27Kg"}],"recognizedLanguage":"und-Latn","text":"27Kg"}],"recognizedLanguage":"und-Latn","text":"27Kg"}]}}
08-28 17:40:12.854  9756  9803 I Unity   : GetResult : True 90
08-28 17:40:12.855  9756  9803 I Unity   : TransformToRtScreen: 364 216
08-28 17:40:12.935  9756  9803 D MLKit   : input 279x216 pixelCount=60264 id=92
08-28 17:40:13.207  9756  9756 D MLKit   : parseText 27Kg 1
08-28 17:40:13.207  9756  9756 D MLKit   : parseTextBlock 27Kg 1 (132,20) - (217,85)
08-28 17:40:13.208  9756  9756 D MLKit   : parseLine 27Kg 1 (131,20) - (217,84)
08-28 17:40:13.208  9756  9756 D MLKit   : parseElement 27Kg (131,20) - (217,84)
08-28 17:40:13.219  9756  9803 I Unity   : MLKitWrapper.OnComplete: json
08-28 17:40:13.219  9756  9803 I Unity   : {"requestId":91,"text":{"text":"27Kg","textBlocks":[{"boundingBox":{"bottom":85,"left":132,"right":217,"top":20},"cornerPoints":[{"x":137,"y":20},{"x":217,"y":26},{"x":212,"y":85},{"x":132,"y":78}],"lines":[{"boundingBox":{"bottom":84,"left":131,"right":217,"top":20},"cornerPoints":[{"x":137,"y":20},{"x":217,"y":26},{"x":211,"y":84},{"x":131,"y":78}],"elements":[{"boundingBox":{"bottom":84,"left":131,"right":217,"top":20},"cornerPoints":[{"x":137,"y":20},{"x":217,"y":26},{"x":211,"y":84},{"x":131,"y":78}],"recognizedLanguage":"und-Latn","text":"27Kg"}],"recognizedLanguage":"und-Latn","text":"27Kg"}],"recognizedLanguage":"und-Latn","text":"27Kg"}]}}
08-28 17:40:13.233  9756  9803 I Unity   : GetResult : True 91
08-28 17:40:13.233  9756  9803 I Unity   : TransformToRtScreen: 217 216
08-28 17:40:13.333  9756  9803 D MLKit   : input 384x174 pixelCount=66816 id=93
08-28 17:40:13.617  9756  9756 D MLKit   : parseText 27Kg 1
08-28 17:40:13.617  9756  9756 D MLKit   : parseTextBlock 27Kg 1 (175,23) - (275,84)
08-28 17:40:13.617  9756  9756 D MLKit   : parseLine 27Kg 1 (174,23) - (275,83)
08-28 17:40:13.617  9756  9756 D MLKit   : parseElement 27Kg (174,23) - (275,83)
08-28 17:40:13.635  9756  9803 I Unity   : MLKitWrapper.OnComplete: json
08-28 17:40:13.635  9756  9803 I Unity   : {"requestId":92,"text":{"text":"27Kg","textBlocks":[{"boundingBox":{"bottom":84,"left":175,"right":275,"top":23},"cornerPoints":[{"x":177,"y":23},{"x":275,"y":26},{"x":273,"y":84},{"x":175,"y":80}],"lines":[{"boundingBox":{"bottom":83,"left":174,"right":275,"top":23},"cornerPoints":[{"x":177,"y":23},{"x":275,"y":26},{"x":272,"y":83},{"x":174,"y":80}],"elements":[{"boundingBox":{"bottom":83,"left":174,"right":275,"top":23},"cornerPoints":[{"x":177,"y":23},{"x":275,"y":26},{"x":272,"y":83},{"x":174,"y":80}],"recognizedLanguage":"und-Latn","text":"27Kg"}],"recognizedLanguage":"und-Latn","text":"27Kg"}],"recognizedLanguage":"und-Latn","text":"27Kg"}]}}
08-28 17:40:13.649  9756  9803 I Unity   : GetResult : True 92
08-28 17:40:13.649  9756  9803 I Unity   : TransformToRtScreen: 279 216
08-28 17:40:13.733  9756  9803 D MLKit   : input 263x216 pixelCount=56808 id=94
08-28 17:40:13.825  9756  9756 D MLKit   : parseText 27Kg 1
08-28 17:40:13.825  9756  9756 D MLKit   : parseTextBlock 27Kg 1 (242,16) - (382,70)
08-28 17:40:13.825  9756  9756 D MLKit   : parseLine 27Kg 1 (241,16) - (382,69)
08-28 17:40:13.826  9756  9756 D MLKit   : parseElement 27Kg (241,16) - (382,69)
08-28 17:40:13.841  9756  9803 I Unity   : MLKitWrapper.OnComplete: json
08-28 17:40:13.841  9756  9803 I Unity   : {"requestId":93,"text":{"text":"27Kg","textBlocks":[{"boundingBox":{"bottom":70,"left":242,"right":382,"top":16},"cornerPoints":[{"x":244,"y":16},{"x":382,"y":23},{"x":380,"y":70},{"x":242,"y":62}],"lines":[{"boundingBox":{"bottom":69,"left":241,"right":382,"top":16},"cornerPoints":[{"x":244,"y":16},{"x":382,"y":23},{"x":379,"y":69},{"x":241,"y":62}],"elements":[{"boundingBox":{"bottom":69,"left":241,"right":382,"top":16},"cornerPoints":[{"x":244,"y":16},{"x":382,"y":23},{"x":379,"y":69},{"x":241,"y":62}],"recognizedLanguage":"und-Latn","text":"27Kg"}],"recognizedLanguage":"und-Latn","text":"27Kg"}],"recognizedLanguage":"und-Latn","text":"27Kg"}]}}
08-28 17:40:13.858  9756  9803 I Unity   : GetResult : True 93
08-28 17:40:13.858  9756  9803 I Unity   : TransformToRtScreen: 384 174
08-28 17:40:13.929  9756  9803 D MLKit   : input 210x216 pixelCount=45360 id=95
08-28 17:40:14.203  9756  9756 D MLKit   : parseText 27Kg 1
08-28 17:40:14.203  9756  9756 D MLKit   : parseTextBlock 27Kg 1 (166,26) - (262,84)
08-28 17:40:14.204  9756  9756 D MLKit   : parseLine 27Kg 1 (166,26) - (262,84)
08-28 17:40:14.204  9756  9756 D MLKit   : parseElement 27Kg (166,26) - (262,84)
08-28 17:40:14.221  9756  9803 I Unity   : MLKitWrapper.OnComplete: json
08-28 17:40:14.221  9756  9803 I Unity   : {"requestId":94,"text":{"text":"27Kg","textBlocks":[{"boundingBox":{"bottom":84,"left":166,"right":262,"top":26},"cornerPoints":[{"x":166,"y":26},{"x":262,"y":26},{"x":262,"y":84},{"x":166,"y":84}],"lines":[{"boundingBox":{"bottom":84,"left":166,"right":262,"top":26},"cornerPoints":[{"x":166,"y":26},{"x":262,"y":26},{"x":262,"y":84},{"x":166,"y":84}],"elements":[{"boundingBox":{"bottom":84,"left":166,"right":262,"top":26},"cornerPoints":[{"x":166,"y":26},{"x":262,"y":26},{"x":262,"y":84},{"x":166,"y":84}],"recognizedLanguage":"und-Latn","text":"27Kg"}],"recognizedLanguage":"und-Latn","text":"27Kg"}],"recognizedLanguage":"und-Latn","text":"27Kg"}]}}
08-28 17:40:14.242  9756  9803 I Unity   : GetResult : True 94
08-28 17:40:14.242  9756  9803 I Unity   : TransformToRtScreen: 263 216
08-28 17:40:14.324  9756  9803 D MLKit   : input 290x216 pixelCount=62640 id=96
08-28 17:40:14.492  9756  9756 D MLKit   : parseText 27Kg 1
08-28 17:40:14.492  9756  9756 D MLKit   : parseTextBlock 27Kg 1 (131,22) - (209,85)
08-28 17:40:14.492  9756  9756 D MLKit   : parseLine 27Kg 1 (130,22) - (209,84)
08-28 17:40:14.492  9756  9756 D MLKit   : parseElement 27Kg (130,22) - (209,84)
08-28 17:40:14.497  9756  9803 I Unity   : MLKitWrapper.OnComplete: json
08-28 17:40:14.497  9756  9803 I Unity   : {"requestId":95,"text":{"text":"27Kg","textBlocks":[{"boundingBox":{"bottom":85,"left":131,"right":209,"top":22},"cornerPoints":[{"x":133,"y":22},{"x":209,"y":25},{"x":206,"y":85},{"x":131,"y":81}],"lines":[{"boundingBox":{"bottom":84,"left":130,"right":209,"top":22},"cornerPoints":[{"x":133,"y":22},{"x":209,"y":25},{"x":206,"y":84},{"x":130,"y":81}],"elements":[{"boundingBox":{"bottom":84,"left":130,"right":209,"top":22},"cornerPoints":[{"x":133,"y":22},{"x":209,"y":25},{"x":206,"y":84},{"x":130,"y":81}],"recognizedLanguage":"und-Latn","text":"27Kg"}],"recognizedLanguage":"und-Latn","text":"27Kg"}],"recognizedLanguage":"und-Latn","text":"27Kg"}]}}
08-28 17:40:14.513  9756  9803 I Unity   : GetResult : True 95
08-28 17:40:14.514  9756  9803 I Unity   : TransformToRtScreen: 210 216
08-28 17:40:14.584  9756  9803 D MLKit   : input 203x216 pixelCount=43848 id=97
08-28 17:40:14.853  9756  9756 D MLKit   : parseText 27Kg 1
08-28 17:40:14.853  9756  9756 D MLKit   : parseTextBlock 27Kg 1 (181,20) - (289,85)
08-28 17:40:14.854  9756  9756 D MLKit   : parseLine 27Kg 1 (180,20) - (289,84)
08-28 17:40:14.854  9756  9756 D MLKit   : parseElement 27Kg (180,20) - (289,84)
08-28 17:40:14.862  9756  9803 I Unity   : MLKitWrapper.OnComplete: json
08-28 17:40:14.862  9756  9803 I Unity   : {"requestId":96,"text":{"text":"27Kg","textBlocks":[{"boundingBox":{"bottom":85,"left":181,"right":289,"top":20},"cornerPoints":[{"x":184,"y":20},{"x":289,"y":26},{"x":286,"y":85},{"x":181,"y":78}],"lines":[{"boundingBox":{"bottom":84,"left":180,"right":289,"top":20},"cornerPoints":[{"x":184,"y":20},{"x":289,"y":26},{"x":285,"y":84},{"x":180,"y":78}],"elements":[{"boundingBox":{"bottom":84,"left":180,"right":289,"top":20},"cornerPoints":[{"x":184,"y":20},{"x":289,"y":26},{"x":285,"y":84},{"x":180,"y":78}],"recognizedLanguage":"und-Latn","text":"27Kg"}],"recognizedLanguage":"und-Latn","text":"27Kg"}],"recognizedLanguage":"und-Latn","text":"27Kg"}]}}
08-28 17:40:14.877  9756  9803 I Unity   : GetResult : True 96
08-28 17:40:14.877  9756  9803 I Unity   : TransformToRtScreen: 290 216
08-28 17:40:14.952  9756  9803 D MLKit   : input 275x216 pixelCount=59400 id=98
08-28 17:40:15.143  9756  9756 D MLKit   : parseText 27Kg 1
08-28 17:40:15.143  9756  9756 D MLKit   : parseTextBlock 27Kg 1 (127,23) - (203,85)
08-28 17:40:15.143  9756  9756 D MLKit   : parseLine 27Kg 1 (126,23) - (203,84)
08-28 17:40:15.143  9756  9756 D MLKit   : parseElement 27Kg (126,23) - (203,84)
08-28 17:40:15.157  9756  9803 I Unity   : MLKitWrapper.OnComplete: json
08-28 17:40:15.157  9756  9803 I Unity   : {"requestId":97,"text":{"text":"27Kg","textBlocks":[{"boundingBox":{"bottom":85,"left":127,"right":203,"top":23},"cornerPoints":[{"x":128,"y":23},{"x":203,"y":25},{"x":202,"y":85},{"x":127,"y":82}],"lines":[{"boundingBox":{"bottom":84,"left":126,"right":203,"top":23},"cornerPoints":[{"x":128,"y":23},{"x":203,"y":25},{"x":201,"y":84},{"x":126,"y":82}],"elements":[{"boundingBox":{"bottom":84,"left":126,"right":203,"top":23},"cornerPoints":[{"x":128,"y":23},{"x":203,"y":25},{"x":201,"y":84},{"x":126,"y":82}],"recognizedLanguage":"und-Latn","text":"27Kg"}],"recognizedLanguage":"und-Latn","text":"27Kg"}],"recognizedLanguage":"und-Latn","text":"27Kg"}]}}
08-28 17:40:15.167  9756  9803 I Unity   : GetResult : True 97
08-28 17:40:15.168  9756  9803 I Unity   : TransformToRtScreen: 203 216
08-28 17:40:15.257  9756  9803 D MLKit   : input 298x216 pixelCount=64368 id=99
08-28 17:40:15.581  9756  9756 D MLKit   : parseText 27Kg 1
08-28 17:40:15.581  9756  9756 D MLKit   : parseTextBlock 27Kg 1 (173,23) - (273,84)
08-28 17:40:15.581  9756  9756 D MLKit   : parseLine 27Kg 1 (172,23) - (273,83)
08-28 17:40:15.581  9756  9756 D MLKit   : parseElement 27Kg (172,23) - (273,83)
08-28 17:40:15.586  9756  9803 I Unity   : MLKitWrapper.OnComplete: json
08-28 17:40:15.586  9756  9803 I Unity   : {"requestId":98,"text":{"text":"27Kg","textBlocks":[{"boundingBox":{"bottom":84,"left":173,"right":273,"top":23},"cornerPoints":[{"x":174,"y":23},{"x":273,"y":24},{"x":272,"y":84},{"x":173,"y":82}],"lines":[{"boundingBox":{"bottom":83,"left":172,"right":273,"top":23},"cornerPoints":[{"x":174,"y":23},{"x":273,"y":24},{"x":271,"y":83},{"x":172,"y":82}],"elements":[{"boundingBox":{"bottom":83,"left":172,"right":273,"top":23},"cornerPoints":[{"x":174,"y":23},{"x":273,"y":24},{"x":271,"y":83},{"x":172,"y":82}],"recognizedLanguage":"und-Latn","text":"27Kg"}],"recognizedLanguage":"und-Latn","text":"27Kg"}],"recognizedLanguage":"und-Latn","text":"27Kg"}]}}
08-28 17:40:15.600  9756  9803 I Unity   : GetResult : True 98
08-28 17:40:15.601  9756  9803 I Unity   : TransformToRtScreen: 275 216
08-28 17:40:15.684  9756  9803 D MLKit   : input 213x216 pixelCount=46008 id=100
08-28 17:40:16.336  9756  9756 D MLKit   : parseText 27Kg 1
08-28 17:40:16.336  9756  9756 D MLKit   : parseTextBlock 27Kg 1 (188,26) - (296,84)
08-28 17:40:16.336  9756  9756 D MLKit   : parseLine 27Kg 1 (188,26) - (296,84)
08-28 17:40:16.336  9756  9756 D MLKit   : parseElement 27Kg (188,26) - (296,84)
08-28 17:40:16.351  9756  9803 I Unity   : MLKitWrapper.OnComplete: json
08-28 17:40:16.351  9756  9803 I Unity   : {"requestId":99,"text":{"text":"27Kg","textBlocks":[{"boundingBox":{"bottom":84,"left":188,"right":296,"top":26},"cornerPoints":[{"x":188,"y":26},{"x":296,"y":26},{"x":296,"y":84},{"x":188,"y":84}],"lines":[{"boundingBox":{"bottom":84,"left":188,"right":296,"top":26},"cornerPoints":[{"x":188,"y":26},{"x":296,"y":26},{"x":296,"y":84},{"x":188,"y":84}],"elements":[{"boundingBox":{"bottom":84,"left":188,"right":296,"top":26},"cornerPoints":[{"x":188,"y":26},{"x":296,"y":26},{"x":296,"y":84},{"x":188,"y":84}],"recognizedLanguage":"und-Latn","text":"27Kg"}],"recognizedLanguage":"und-Latn","text":"27Kg"}],"recognizedLanguage":"und-Latn","text":"27Kg"}]}}
08-28 17:40:16.368  9756  9803 I Unity   : GetResult : True 99
08-28 17:40:16.368  9756  9803 I Unity   : TransformToRtScreen: 298 216
08-28 17:40:16.463  9756  9803 D MLKit   : input 251x216 pixelCount=54216 id=101
08-28 17:40:16.948  9756  9756 D MLKit   : parseText 27Kg 1
08-28 17:40:16.948  9756  9756 D MLKit   : parseTextBlock 27Kg 1 (132,22) - (213,85)
08-28 17:40:16.949  9756  9756 D MLKit   : parseLine 27Kg 1 (131,22) - (213,84)
08-28 17:40:16.949  9756  9756 D MLKit   : parseElement 27Kg (131,22) - (213,84)
08-28 17:40:16.954  9756  9803 I Unity   : MLKitWrapper.OnComplete: json
08-28 17:40:16.954  9756  9803 I Unity   : {"requestId":100,"text":{"text":"27Kg","textBlocks":[{"boundingBox":{"bottom":85,"left":132,"right":213,"top":22},"cornerPoints":[{"x":135,"y":22},{"x":213,"y":26},{"x":210,"y":85},{"x":132,"y":80}],"lines":[{"boundingBox":{"bottom":84,"left":131,"right":213,"top":22},"cornerPoints":[{"x":135,"y":22},{"x":213,"y":26},{"x":209,"y":84},{"x":131,"y":80}],"elements":[{"boundingBox":{"bottom":84,"left":131,"right":213,"top":22},"cornerPoints":[{"x":135,"y":22},{"x":213,"y":26},{"x":209,"y":84},{"x":131,"y":80}],"recognizedLanguage":"und-Latn","text":"27Kg"}],"recognizedLanguage":"und-Latn","text":"27Kg"}],"recognizedLanguage":"und-Latn","text":"27Kg"}]}}
08-28 17:40:16.967  9756  9803 I Unity   : GetResult : True 100
08-28 17:40:16.968  9756  9803 I Unity   : TransformToRtScreen: 213 216
08-28 17:40:17.065  9756  9803 D MLKit   : input 256x216 pixelCount=55296 id=102
08-28 17:40:17.585  9756  9756 D MLKit   : parseText 27Kg
08-28 17:40:17.585  9756  9756 D MLKit   : 6 2
08-28 17:40:17.585  9756  9756 D MLKit   : parseTextBlock 27Kg 1 (157,22) - (250,85)
08-28 17:40:17.586  9756  9756 D MLKit   : parseLine 27Kg 1 (156,22) - (250,84)
08-28 17:40:17.586  9756  9756 D MLKit   : parseElement 27Kg (156,22) - (250,84)
08-28 17:40:17.586  9756  9756 D MLKit   : parseTextBlock 6 1 (173,106) - (215,182)
08-28 17:40:17.586  9756  9756 D MLKit   : parseLine 6 1 (173,106) - (215,182)
08-28 17:40:17.586  9756  9756 D MLKit   : parseElement 6 (173,106) - (215,182)
08-28 17:40:17.593  9756  9803 I Unity   : MLKitWrapper.OnComplete: json
08-28 17:40:17.593  9756  9803 I Unity   : {"requestId":101,"text":{"text":"27Kg\n6","textBlocks":[{"boundingBox":{"bottom":85,"left":157,"right":250,"top":22},"cornerPoints":[{"x":159,"y":22},{"x":250,"y":25},{"x":248,"y":85},{"x":157,"y":81}],"lines":[{"boundingBox":{"bottom":84,"left":156,"right":250,"top":22},"cornerPoints":[{"x":159,"y":22},{"x":250,"y":25},{"x":247,"y":84},{"x":156,"y":81}],"elements":[{"boundingBox":{"bottom":84,"left":156,"right":250,"top":22},"cornerPoints":[{"x":159,"y":22},{"x":250,"y":25},{"x":247,"y":84},{"x":156,"y":81}],"recognizedLanguage":"und-Latn","text":"27Kg"}],"recognizedLanguage":"und-Latn","text":"27Kg"}],"recognizedLanguage":"und-Latn","text":"27Kg"},{"boundingBox":{"bottom":182,"left":173,"right":215,"top":106},"cornerPoints":[{"x":173,"y":106},{"x":215,"y":106},{"x":215,"y":182},{"x":173,"y":182}],"lines":[{"boundingBox":{"bottom":182,"left":173,"right":215,"top":106},"cornerPoints":[{"x":173,"y":106},{"x":215,"y":106},{"x":215,"y":182},{"x":173,"y":182}],"elements":[{"bounding
08-28 17:40:17.609  9756  9803 I Unity   : GetResult : True 101
08-28 17:40:17.610  9756  9803 I Unity   : TransformToRtScreen: 251 216
08-28 17:40:17.701  9756  9803 D MLKit   : input 384x150 pixelCount=57600 id=103
08-28 17:40:17.995  9756  9756 D MLKit   : parseText 27Kg 1
08-28 17:40:17.995  9756  9756 D MLKit   : parseTextBlock 27Kg 1 (154,14) - (261,87)
08-28 17:40:17.995  9756  9756 D MLKit   : parseLine 27Kg 1 (153,14) - (261,87)
08-28 17:40:17.995  9756  9756 D MLKit   : parseElement 27Kg (153,14) - (261,87)
08-28 17:40:18.024  9756  9803 I Unity   : MLKitWrapper.OnComplete: json
08-28 17:40:18.024  9756  9803 I Unity   : {"requestId":102,"text":{"text":"27Kg","textBlocks":[{"boundingBox":{"bottom":87,"left":154,"right":261,"top":14},"cornerPoints":[{"x":163,"y":14},{"x":261,"y":31},{"x":251,"y":87},{"x":154,"y":70}],"lines":[{"boundingBox":{"bottom":87,"left":153,"right":261,"top":14},"cornerPoints":[{"x":163,"y":14},{"x":261,"y":31},{"x":251,"y":87},{"x":153,"y":70}],"elements":[{"boundingBox":{"bottom":87,"left":153,"right":261,"top":14},"cornerPoints":[{"x":163,"y":14},{"x":261,"y":31},{"x":251,"y":87},{"x":153,"y":70}],"recognizedLanguage":"und-Latn","text":"27Kg"}],"recognizedLanguage":"und-Latn","text":"27Kg"}],"recognizedLanguage":"und-Latn","text":"27Kg"}]}}
08-28 17:40:18.030  9756  9803 I Unity   : GetResult : True 102
08-28 17:40:18.030  9756  9803 I Unity   : TransformToRtScreen: 256 216
08-28 17:40:18.129  9756  9803 D MLKit   : input 379x216 pixelCount=81864 id=104
08-28 17:40:18.138  9756  9803 I Unity   : Cont. 41.40802/400	6/30-40
08-28 17:40:18.269  9756  9756 D MLKit   : parseText 27Kg 1
08-28 17:40:18.269  9756  9756 D MLKit   : parseTextBlock 27Kg 1 (242,14) - (382,59)
08-28 17:40:18.270  9756  9756 D MLKit   : parseLine 27Kg 1 (241,14) - (382,58)
08-28 17:40:18.270  9756  9756 D MLKit   : parseElement 27Kg (241,14) - (382,58)
08-28 17:40:18.286  9756  9803 I Unity   : MLKitWrapper.OnComplete: json
08-28 17:40:18.286  9756  9803 I Unity   : {"requestId":103,"text":{"text":"27Kg","textBlocks":[{"boundingBox":{"bottom":59,"left":242,"right":382,"top":14},"cornerPoints":[{"x":243,"y":14},{"x":382,"y":18},{"x":381,"y":59},{"x":242,"y":54}],"lines":[{"boundingBox":{"bottom":58,"left":241,"right":382,"top":14},"cornerPoints":[{"x":243,"y":14},{"x":382,"y":18},{"x":380,"y":58},{"x":241,"y":54}],"elements":[{"boundingBox":{"bottom":58,"left":241,"right":382,"top":14},"cornerPoints":[{"x":243,"y":14},{"x":382,"y":18},{"x":380,"y":58},{"x":241,"y":54}],"recognizedLanguage":"und-Latn","text":"27Kg"}],"recognizedLanguage":"und-Latn","text":"27Kg"}],"recognizedLanguage":"und-Latn","text":"27Kg"}]}}
08-28 17:40:18.301  9756  9803 I Unity   : GetResult : True 103
08-28 17:40:18.302  9756  9803 I Unity   : TransformToRtScreen: 384 150
08-28 17:40:18.525  9756  9756 D MLKit   : parseText 27Kg 1
08-28 17:40:18.525  9756  9756 D MLKit   : parseTextBlock 27Kg 1 (237,20) - (377,85)
08-28 17:40:18.525  9756  9756 D MLKit   : parseLine 27Kg 1 (236,20) - (377,84)
08-28 17:40:18.525  9756  9756 D MLKit   : parseElement 27Kg (236,20) - (377,84)
08-28 17:40:18.544  9756  9803 I Unity   : MLKitWrapper.OnComplete: json
08-28 17:40:18.544  9756  9803 I Unity   : {"requestId":104,"text":{"text":"27Kg","textBlocks":[{"boundingBox":{"bottom":85,"left":237,"right":377,"top":20},"cornerPoints":[{"x":240,"y":20},{"x":377,"y":27},{"x":374,"y":85},{"x":237,"y":77}],"lines":[{"boundingBox":{"bottom":84,"left":236,"right":377,"top":20},"cornerPoints":[{"x":240,"y":20},{"x":377,"y":27},{"x":373,"y":84},{"x":236,"y":77}],"elements":[{"boundingBox":{"bottom":84,"left":236,"right":377,"top":20},"cornerPoints":[{"x":240,"y":20},{"x":377,"y":27},{"x":373,"y":84},{"x":236,"y":77}],"recognizedLanguage":"und-Latn","text":"27Kg"}],"recognizedLanguage":"und-Latn","text":"27Kg"}],"recognizedLanguage":"und-Latn","text":"27Kg"}]}}
08-28 17:40:18.560  9756  9803 I Unity   : GetResult : True 104
08-28 17:40:18.560  9756  9803 I Unity   : TransformToRtScreen: 379 216
08-28 17:40:19.204  9756  9803 D MLKit   : input 384x160 pixelCount=61440 id=105
08-28 17:40:19.655  9756  9756 D MLKit   : parseText 27Kg 1
08-28 17:40:19.656  9756  9756 D MLKit   : parseTextBlock 27Kg 1 (219,12) - (392,65)
08-28 17:40:19.656  9756  9756 D MLKit   : parseLine 27Kg 1 (218,12) - (392,64)
08-28 17:40:19.656  9756  9756 D MLKit   : parseElement 27Kg (218,12) - (392,64)
08-28 17:40:19.670  9756  9803 I Unity   : MLKitWrapper.OnComplete: json
08-28 17:40:19.670  9756  9803 I Unity   : {"requestId":105,"text":{"text":"27Kg","textBlocks":[{"boundingBox":{"bottom":65,"left":219,"right":392,"top":12},"cornerPoints":[{"x":220,"y":12},{"x":392,"y":17},{"x":391,"y":65},{"x":219,"y":59}],"lines":[{"boundingBox":{"bottom":64,"left":218,"right":392,"top":12},"cornerPoints":[{"x":220,"y":12},{"x":392,"y":17},{"x":390,"y":64},{"x":218,"y":59}],"elements":[{"boundingBox":{"bottom":64,"left":218,"right":392,"top":12},"cornerPoints":[{"x":220,"y":12},{"x":392,"y":17},{"x":390,"y":64},{"x":218,"y":59}],"recognizedLanguage":"und-Latn","text":"27Kg"}],"recognizedLanguage":"und-Latn","text":"27Kg"}],"recognizedLanguage":"und-Latn","text":"27Kg"}]}}
08-28 17:40:19.685  9756  9803 I Unity   : GetResult : True 105
08-28 17:40:19.685  9756  9803 I Unity   : TransformToRtScreen: 384 160
08-28 17:40:19.764  9756  9803 D MLKit   : input 254x216 pixelCount=54864 id=106
08-28 17:40:19.863  9756  9803 D MLKit   : input 224x216 pixelCount=48384 id=107
08-28 17:40:20.338  9756  9756 D MLKit   : parseText 27Kg
08-28 17:40:20.338  9756  9756 D MLKit   : 7 2
08-28 17:40:20.338  9756  9756 D MLKit   : parseTextBlock 27Kg 1 (159,22) - (252,84)
08-28 17:40:20.338  9756  9756 D MLKit   : parseLine 27Kg 1 (158,22) - (252,83)
08-28 17:40:20.338  9756  9756 D MLKit   : parseElement 27Kg (158,22) - (252,83)
08-28 17:40:20.338  9756  9756 D MLKit   : parseTextBlock 7 1 (168,105) - (223,179)
08-28 17:40:20.339  9756  9756 D MLKit   : parseLine 7 1 (167,105) - (223,179)
08-28 17:40:20.339  9756  9756 D MLKit   : parseElement 7 (167,105) - (223,179)
08-28 17:40:20.348  9756  9803 I Unity   : MLKitWrapper.OnComplete: json
08-28 17:40:20.348  9756  9803 I Unity   : {"requestId":106,"text":{"text":"27Kg\n7","textBlocks":[{"boundingBox":{"bottom":84,"left":159,"right":252,"top":22},"cornerPoints":[{"x":161,"y":22},{"x":252,"y":25},{"x":250,"y":84},{"x":159,"y":80}],"lines":[{"boundingBox":{"bottom":83,"left":158,"right":252,"top":22},"cornerPoints":[{"x":161,"y":22},{"x":252,"y":25},{"x":249,"y":83},{"x":158,"y":80}],"elements":[{"boundingBox":{"bottom":83,"left":158,"right":252,"top":22},"cornerPoints":[{"x":161,"y":22},{"x":252,"y":25},{"x":249,"y":83},{"x":158,"y":80}],"recognizedLanguage":"und-Latn","text":"27Kg"}],"recognizedLanguage":"und-Latn","text":"27Kg"}],"recognizedLanguage":"und-Latn","text":"27Kg"},{"boundingBox":{"bottom":179,"left":168,"right":223,"top":105},"cornerPoints":[{"x":173,"y":105},{"x":223,"y":109},{"x":218,"y":179},{"x":168,"y":175}],"lines":[{"boundingBox":{"bottom":179,"left":167,"right":223,"top":105},"cornerPoints":[{"x":173,"y":105},{"x":223,"y":109},{"x":217,"y":179},{"x":167,"y":175}],"elements":[{"bounding
08-28 17:40:20.363  9756  9803 I Unity   : GetResult : True 106
08-28 17:40:20.363  9756  9803 I Unity   : TransformToRtScreen: 254 216
08-28 17:40:20.490  9756  9803 D MLKit   : input 196x216 pixelCount=42336 id=108
08-28 17:40:20.862  9756  9803 I Unity   : Cont. 44.132323/400	7/30-40
08-28 17:40:21.177  9756  9756 D MLKit   : parseText 27Kg
08-28 17:40:21.177  9756  9756 D MLKit   : 7 2
08-28 17:40:21.177  9756  9756 D MLKit   : parseTextBlock 27Kg 1 (140,22) - (223,84)
08-28 17:40:21.177  9756  9756 D MLKit   : parseLine 27Kg 1 (139,22) - (223,83)
08-28 17:40:21.177  9756  9756 D MLKit   : parseElement 27Kg (139,22) - (223,83)
08-28 17:40:21.178  9756  9756 D MLKit   : parseTextBlock 7 1 (159,115) - (197,193)
08-28 17:40:21.178  9756  9756 D MLKit   : parseLine 7 1 (159,115) - (197,193)
08-28 17:40:21.178  9756  9756 D MLKit   : parseElement 7 (159,115) - (197,193)
08-28 17:40:21.183  9756  9803 I Unity   : MLKitWrapper.OnComplete: json
08-28 17:40:21.183  9756  9803 I Unity   : {"requestId":107,"text":{"text":"27Kg\n7","textBlocks":[{"boundingBox":{"bottom":84,"left":140,"right":223,"top":22},"cornerPoints":[{"x":142,"y":22},{"x":223,"y":25},{"x":221,"y":84},{"x":140,"y":80}],"lines":[{"boundingBox":{"bottom":83,"left":139,"right":223,"top":22},"cornerPoints":[{"x":142,"y":22},{"x":223,"y":25},{"x":220,"y":83},{"x":139,"y":80}],"elements":[{"boundingBox":{"bottom":83,"left":139,"right":223,"top":22},"cornerPoints":[{"x":142,"y":22},{"x":223,"y":25},{"x":220,"y":83},{"x":139,"y":80}],"recognizedLanguage":"und-Latn","text":"27Kg"}],"recognizedLanguage":"und-Latn","text":"27Kg"}],"recognizedLanguage":"und-Latn","text":"27Kg"},{"boundingBox":{"bottom":193,"left":159,"right":197,"top":115},"cornerPoints":[{"x":159,"y":115},{"x":197,"y":115},{"x":197,"y":193},{"x":159,"y":193}],"lines":[{"boundingBox":{"bottom":193,"left":159,"right":197,"top":115},"cornerPoints":[{"x":159,"y":115},{"x":197,"y":115},{"x":197,"y":193},{"x":159,"y":193}],"elements":[{"bounding
08-28 17:40:21.201  9756  9803 I Unity   : GetResult : True 107
08-28 17:40:21.202  9756  9803 I Unity   : TransformToRtScreen: 224 216
08-28 17:40:21.590  9756  9756 D MLKit   : parseText 7 1
08-28 17:40:21.590  9756  9756 D MLKit   : parseTextBlock 7 1 (139,107) - (196,193)
08-28 17:40:21.590  9756  9756 D MLKit   : parseLine 7 1 (139,107) - (196,193)
08-28 17:40:21.590  9756  9756 D MLKit   : parseElement 7 (139,107) - (196,193)
08-28 17:40:21.594  9756  9803 I Unity   : MLKitWrapper.OnComplete: json
08-28 17:40:21.594  9756  9803 I Unity   : {"requestId":108,"text":{"text":"7","textBlocks":[{"boundingBox":{"bottom":193,"left":139,"right":196,"top":107},"cornerPoints":[{"x":139,"y":107},{"x":196,"y":107},{"x":196,"y":193},{"x":139,"y":193}],"lines":[{"boundingBox":{"bottom":193,"left":139,"right":196,"top":107},"cornerPoints":[{"x":139,"y":107},{"x":196,"y":107},{"x":196,"y":193},{"x":139,"y":193}],"elements":[{"boundingBox":{"bottom":193,"left":139,"right":196,"top":107},"cornerPoints":[{"x":139,"y":107},{"x":196,"y":107},{"x":196,"y":193},{"x":139,"y":193}],"recognizedLanguage":"und-Latn","text":"7"}],"recognizedLanguage":"und-Latn","text":"7"}],"recognizedLanguage":"und-Latn","text":"7"}]}}
08-28 17:40:21.604  9756  9803 I Unity   : GetResult : True 108
08-28 17:40:21.604  9756  9803 I Unity   : TransformToRtScreen: 196 216
08-28 17:40:21.926  9756  9803 D MLKit   : input 224x216 pixelCount=48384 id=109
08-28 17:40:22.500  9756  9756 D MLKit   : parseText 27Kg 1
08-28 17:40:22.501  9756  9756 D MLKit   : parseTextBlock 27Kg 1 (139,23) - (223,85)
08-28 17:40:22.501  9756  9756 D MLKit   : parseLine 27Kg 1 (138,23) - (223,84)
08-28 17:40:22.501  9756  9756 D MLKit   : parseElement 27Kg (138,23) - (223,84)
08-28 17:40:22.510  9756  9803 I Unity   : MLKitWrapper.OnComplete: json
