08-21 20:14:23.061  7730  7773 I Unity   : 	Zone: 0 (210.00, 48.00) (384.00, 168.00) collide:False
08-21 20:14:23.062  7730  7773 I Unity   : Word: ABCDEFGHIJKLMNOPQRSTUVXYZ -> (121.00, 5.00) (345.00, 18.00)
08-21 20:14:23.062  7730  7773 I Unity   : 	Zone: 0 (210.00, 48.00) (384.00, 168.00) collide:False
08-21 20:14:23.076  7730  7773 I Unity   : 3419 : CoRequestEvaluation
08-21 20:14:23.122  7730  7773 I Unity   : MLKit Recognize: 384x216 pixelCount=82944 id=69
08-21 20:14:23.145  7730  7773 D MLKit   : input 384x216 pixelCount=82944 id=69
08-21 20:14:23.373  7730  7773 I Unity   : 3434 : CoRequestEvaluation
08-21 20:14:23.415  7730  7773 I Unity   : MLKit Recognize: 384x216 pixelCount=82944 id=70
08-21 20:14:23.416  7730  7773 I Unity   : MLKit: Abort id=69
08-21 20:14:23.447  7730  7773 D MLKit   : input 384x216 pixelCount=82944 id=70
08-21 20:14:23.558  7730  7730 D MLKit   : parseText 0123456789 ABCDEFGHIJKLMNOPQRSTUVXYZ 1
08-21 20:14:23.559  7730  7730 D MLKit   : parseTextBlock 0123456789 ABCDEFGHIJKLMNOPQRSTUVXYZ 1 (39,5) - (345,18)
08-21 20:14:23.559  7730  7730 D MLKit   : parseLine 0123456789 ABCDEFGHIJKLMNOPQRSTUVXYZ 2 (39,5) - (345,18)
08-21 20:14:23.559  7730  7730 D MLKit   : parseElement 0123456789 (39,5) - (117,18)
08-21 20:14:23.559  7730  7730 D MLKit   : parseElement ABCDEFGHIJKLMNOPQRSTUVXYZ (121,5) - (345,18)
08-21 20:14:23.580  7730  7773 I Unity   : MLKitWrapper.OnComplete: json
08-21 20:14:23.580  7730  7773 I Unity   : {"requestId":69,"text":{"text":"0123456789 ABCDEFGHIJKLMNOPQRSTUVXYZ","textBlocks":[{"boundingBox":{"bottom":18,"left":39,"right":345,"top":5},"cornerPoints":[{"x":39,"y":5},{"x":345,"y":5},{"x":345,"y":18},{"x":39,"y":18}],"lines":[{"boundingBox":{"bottom":18,"left":39,"right":345,"top":5},"cornerPoints":[{"x":39,"y":5},{"x":345,"y":5},{"x":345,"y":18},{"x":39,"y":18}],"elements":[{"boundingBox":{"bottom":18,"left":39,"right":117,"top":5},"cornerPoints":[{"x":39,"y":5},{"x":117,"y":5},{"x":117,"y":18},{"x":39,"y":18}],"recognizedLanguage":"en","text":"0123456789"},{"boundingBox":{"bottom":18,"left":121,"right":345,"top":5},"cornerPoints":[{"x":121,"y":5},{"x":345,"y":5},{"x":345,"y":18},{"x":121,"y":18}],"recognizedLanguage":"en","text":"ABCDEFGHIJKLMNOPQRSTUVXYZ"}],"recognizedLanguage":"en","text":"0123456789 ABCDEFGHIJKLMNOPQRSTUVXYZ"}],"recognizedLanguage":"en","text":"0123456789 ABCDEFGHIJKLMNOPQRSTUVXYZ"}]}}
08-21 20:14:23.979  7730  7730 D MLKit   : parseText 0123456789 ABCDEFGHIJKLMNOPQRSTUVXYZ 1
08-21 20:14:23.979  7730  7730 D MLKit   : parseTextBlock 0123456789 ABCDEFGHIJKLMNOPQRSTUVXYZ 1 (39,5) - (345,18)
08-21 20:14:23.979  7730  7730 D MLKit   : parseLine 0123456789 ABCDEFGHIJKLMNOPQRSTUVXYZ 2 (39,5) - (345,18)
08-21 20:14:23.979  7730  7730 D MLKit   : parseElement 0123456789 (39,5) - (117,18)
08-21 20:14:23.979  7730  7730 D MLKit   : parseElement ABCDEFGHIJKLMNOPQRSTUVXYZ (121,5) - (345,18)
08-21 20:14:23.995  7730  7773 I Unity   : MLKitWrapper.OnComplete: json
08-21 20:14:23.995  7730  7773 I Unity   : {"requestId":70,"text":{"text":"0123456789 ABCDEFGHIJKLMNOPQRSTUVXYZ","textBlocks":[{"boundingBox":{"bottom":18,"left":39,"right":345,"top":5},"cornerPoints":[{"x":39,"y":5},{"x":345,"y":5},{"x":345,"y":18},{"x":39,"y":18}],"lines":[{"boundingBox":{"bottom":18,"left":39,"right":345,"top":5},"cornerPoints":[{"x":39,"y":5},{"x":345,"y":5},{"x":345,"y":18},{"x":39,"y":18}],"elements":[{"boundingBox":{"bottom":18,"left":39,"right":117,"top":5},"cornerPoints":[{"x":39,"y":5},{"x":117,"y":5},{"x":117,"y":18},{"x":39,"y":18}],"recognizedLanguage":"en","text":"0123456789"},{"boundingBox":{"bottom":18,"left":121,"right":345,"top":5},"cornerPoints":[{"x":121,"y":5},{"x":345,"y":5},{"x":345,"y":18},{"x":121,"y":18}],"recognizedLanguage":"en","text":"ABCDEFGHIJKLMNOPQRSTUVXYZ"}],"recognizedLanguage":"en","text":"0123456789 ABCDEFGHIJKLMNOPQRSTUVXYZ"}],"recognizedLanguage":"en","text":"0123456789 ABCDEFGHIJKLMNOPQRSTUVXYZ"}]}}
08-21 20:14:23.997  7730  7773 E Unity   : 	Success 1 0123456789 ABCDEFGHIJKLMNOPQRSTUVXYZ
08-21 20:14:23.997  7730  7773 E Unity   : MLKitWrapper:OnComplete(String)
08-21 20:14:23.997  7730  7773 E Unity   : 
08-21 20:14:24.010  7730  7773 I Unity   : MLKit: GetResult() : id=-2147483648
08-21 20:14:24.012  7730  7773 I Unity   : MLKit: Abort id=-2147483648
08-21 20:14:24.012  7730  7773 I Unity   : Evaluation: words=2 zones=1 5 5
08-21 20:14:24.013  7730  7773 I Unity   : Word: 0123456789 -> (39.00, 5.00) (117.00, 18.00)
08-21 20:14:24.013  7730  7773 I Unity   : 	Zone: 0 (210.00, 48.00) (384.00, 168.00) collide:False
08-21 20:14:24.014  7730  7773 I Unity   : Word: ABCDEFGHIJKLMNOPQRSTUVXYZ -> (121.00, 5.00) (345.00, 18.00)
08-21 20:14:24.014  7730  7773 I Unity   : 	Zone: 0 (210.00, 48.00) (384.00, 168.00) collide:False
08-21 20:14:24.029  7730  7773 I Unity   : 3470 : CoRequestEvaluation
08-21 20:14:24.073  7730  7773 I Unity   : MLKit Recognize: 384x216 pixelCount=82944 id=71
08-21 20:14:24.097  7730  7773 D MLKit   : input 384x216 pixelCount=82944 id=71
08-21 20:14:24.380  7730  7730 D MLKit   : parseText 0123456789 ABCDEFGHIJKLMNOPQRSTUVXYZ 1
08-21 20:14:24.380  7730  7730 D MLKit   : parseTextBlock 0123456789 ABCDEFGHIJKLMNOPQRSTUVXYZ 1 (39,5) - (345,18)
08-21 20:14:24.380  7730  7730 D MLKit   : parseLine 0123456789 ABCDEFGHIJKLMNOPQRSTUVXYZ 2 (39,5) - (345,18)
08-21 20:14:24.380  7730  7730 D MLKit   : parseElement 0123456789 (39,5) - (117,18)
08-21 20:14:24.380  7730  7730 D MLKit   : parseElement ABCDEFGHIJKLMNOPQRSTUVXYZ (121,5) - (345,18)
08-21 20:14:24.391  7730  7773 I Unity   : MLKitWrapper.OnComplete: json
08-21 20:14:24.391  7730  7773 I Unity   : {"requestId":71,"text":{"text":"0123456789 ABCDEFGHIJKLMNOPQRSTUVXYZ","textBlocks":[{"boundingBox":{"bottom":18,"left":39,"right":345,"top":5},"cornerPoints":[{"x":39,"y":5},{"x":345,"y":5},{"x":345,"y":18},{"x":39,"y":18}],"lines":[{"boundingBox":{"bottom":18,"left":39,"right":345,"top":5},"cornerPoints":[{"x":39,"y":5},{"x":345,"y":5},{"x":345,"y":18},{"x":39,"y":18}],"elements":[{"boundingBox":{"bottom":18,"left":39,"right":117,"top":5},"cornerPoints":[{"x":39,"y":5},{"x":117,"y":5},{"x":117,"y":18},{"x":39,"y":18}],"recognizedLanguage":"en","text":"0123456789"},{"boundingBox":{"bottom":18,"left":121,"right":345,"top":5},"cornerPoints":[{"x":121,"y":5},{"x":345,"y":5},{"x":345,"y":18},{"x":121,"y":18}],"recognizedLanguage":"en","text":"ABCDEFGHIJKLMNOPQRSTUVXYZ"}],"recognizedLanguage":"en","text":"0123456789 ABCDEFGHIJKLMNOPQRSTUVXYZ"}],"recognizedLanguage":"en","text":"0123456789 ABCDEFGHIJKLMNOPQRSTUVXYZ"}]}}
08-21 20:14:24.393  7730  7773 E Unity   : 	Success 1 0123456789 ABCDEFGHIJKLMNOPQRSTUVXYZ
08-21 20:14:24.393  7730  7773 E Unity   : MLKitWrapper:OnComplete(String)
08-21 20:14:24.393  7730  7773 E Unity   : 
08-21 20:14:24.406  7730  7773 I Unity   : MLKit: GetResult() : id=-2147483648
08-21 20:14:24.407  7730  7773 I Unity   : MLKit: Abort id=-2147483648
08-21 20:14:24.407  7730  7773 I Unity   : Evaluation: words=2 zones=1 5 5
08-21 20:14:24.408  7730  7773 I Unity   : Word: 0123456789 -> (39.00, 5.00) (117.00, 18.00)
08-21 20:14:24.408  7730  7773 I Unity   : 	Zone: 0 (210.00, 48.00) (384.00, 168.00) collide:False
08-21 20:14:24.408  7730  7773 I Unity   : Word: ABCDEFGHIJKLMNOPQRSTUVXYZ -> (121.00, 5.00) (345.00, 18.00)
08-21 20:14:24.409  7730  7773 I Unity   : 	Zone: 0 (210.00, 48.00) (384.00, 168.00) collide:False
08-21 20:14:24.422  7730  7773 I Unity   : 3491 : CoRequestEvaluation
08-21 20:14:24.469  7730  7773 I Unity   : MLKit Recognize: 384x216 pixelCount=82944 id=72
08-21 20:14:24.492  7730  7773 D MLKit   : input 384x216 pixelCount=82944 id=72
08-21 20:14:24.634  7730  7773 I Unity   : 3501 : CoRequestEvaluation
08-21 20:14:24.675  7730  7773 I Unity   : MLKit Recognize: 384x216 pixelCount=82944 id=73
08-21 20:14:24.676  7730  7773 I Unity   : MLKit: Abort id=72
08-21 20:14:24.720  7730  7773 D MLKit   : input 384x216 pixelCount=82944 id=73
08-21 20:14:24.904  7730  7730 D MLKit   : parseText 0123456789 ABCDEFGHIJKLMNOPQRSTUVXYZ 1
08-21 20:14:24.904  7730  7730 D MLKit   : parseTextBlock 0123456789 ABCDEFGHIJKLMNOPQRSTUVXYZ 1 (39,5) - (345,18)
08-21 20:14:24.904  7730  7730 D MLKit   : parseLine 0123456789 ABCDEFGHIJKLMNOPQRSTUVXYZ 2 (39,5) - (345,18)
08-21 20:14:24.904  7730  7730 D MLKit   : parseElement 0123456789 (39,5) - (117,18)
08-21 20:14:24.904  7730  7730 D MLKit   : parseElement ABCDEFGHIJKLMNOPQRSTUVXYZ (121,5) - (345,18)
08-21 20:14:24.922  7730  7773 I Unity   : MLKitWrapper.OnComplete: json
08-21 20:14:24.922  7730  7773 I Unity   : {"requestId":72,"text":{"text":"0123456789 ABCDEFGHIJKLMNOPQRSTUVXYZ","textBlocks":[{"boundingBox":{"bottom":18,"left":39,"right":345,"top":5},"cornerPoints":[{"x":39,"y":5},{"x":345,"y":5},{"x":345,"y":18},{"x":39,"y":18}],"lines":[{"boundingBox":{"bottom":18,"left":39,"right":345,"top":5},"cornerPoints":[{"x":39,"y":5},{"x":345,"y":5},{"x":345,"y":18},{"x":39,"y":18}],"elements":[{"boundingBox":{"bottom":18,"left":39,"right":117,"top":5},"cornerPoints":[{"x":39,"y":5},{"x":117,"y":5},{"x":117,"y":18},{"x":39,"y":18}],"recognizedLanguage":"en","text":"0123456789"},{"boundingBox":{"bottom":18,"left":121,"right":345,"top":5},"cornerPoints":[{"x":121,"y":5},{"x":345,"y":5},{"x":345,"y":18},{"x":121,"y":18}],"recognizedLanguage":"en","text":"ABCDEFGHIJKLMNOPQRSTUVXYZ"}],"recognizedLanguage":"en","text":"0123456789 ABCDEFGHIJKLMNOPQRSTUVXYZ"}],"recognizedLanguage":"en","text":"0123456789 ABCDEFGHIJKLMNOPQRSTUVXYZ"}]}}
08-21 20:14:25.285  7730  7730 D MLKit   : parseText 0123456789 ABCDEFGHIJKLMNOPQRSTUVXYZ 1
08-21 20:14:25.285  7730  7730 D MLKit   : parseTextBlock 0123456789 ABCDEFGHIJKLMNOPQRSTUVXYZ 1 (39,5) - (345,18)
08-21 20:14:25.285  7730  7730 D MLKit   : parseLine 0123456789 ABCDEFGHIJKLMNOPQRSTUVXYZ 2 (39,5) - (345,18)
08-21 20:14:25.285  7730  7730 D MLKit   : parseElement 0123456789 (39,5) - (117,18)
08-21 20:14:25.286  7730  7730 D MLKit   : parseElement ABCDEFGHIJKLMNOPQRSTUVXYZ (121,5) - (345,18)
08-21 20:14:25.293  7730  7773 I Unity   : MLKitWrapper.OnComplete: json
08-21 20:14:25.293  7730  7773 I Unity   : {"requestId":73,"text":{"text":"0123456789 ABCDEFGHIJKLMNOPQRSTUVXYZ","textBlocks":[{"boundingBox":{"bottom":18,"left":39,"right":345,"top":5},"cornerPoints":[{"x":39,"y":5},{"x":345,"y":5},{"x":345,"y":18},{"x":39,"y":18}],"lines":[{"boundingBox":{"bottom":18,"left":39,"right":345,"top":5},"cornerPoints":[{"x":39,"y":5},{"x":345,"y":5},{"x":345,"y":18},{"x":39,"y":18}],"elements":[{"boundingBox":{"bottom":18,"left":39,"right":117,"top":5},"cornerPoints":[{"x":39,"y":5},{"x":117,"y":5},{"x":117,"y":18},{"x":39,"y":18}],"recognizedLanguage":"en","text":"0123456789"},{"boundingBox":{"bottom":18,"left":121,"right":345,"top":5},"cornerPoints":[{"x":121,"y":5},{"x":345,"y":5},{"x":345,"y":18},{"x":121,"y":18}],"recognizedLanguage":"en","text":"ABCDEFGHIJKLMNOPQRSTUVXYZ"}],"recognizedLanguage":"en","text":"0123456789 ABCDEFGHIJKLMNOPQRSTUVXYZ"}],"recognizedLanguage":"en","text":"0123456789 ABCDEFGHIJKLMNOPQRSTUVXYZ"}]}}
08-21 20:14:25.295  7730  7773 E Unity   : 	Success 1 0123456789 ABCDEFGHIJKLMNOPQRSTUVXYZ
08-21 20:14:25.295  7730  7773 E Unity   : MLKitWrapper:OnComplete(String)
08-21 20:14:25.295  7730  7773 E Unity   : 
08-21 20:14:25.308  7730  7773 I Unity   : MLKit: GetResult() : id=-2147483648
08-21 20:14:25.309  7730  7773 I Unity   : MLKit: Abort id=-2147483648
08-21 20:14:25.309  7730  7773 I Unity   : Evaluation: words=2 zones=1 5 5
08-21 20:14:25.310  7730  7773 I Unity   : Word: 0123456789 -> (39.00, 5.00) (117.00, 18.00)
08-21 20:14:25.310  7730  7773 I Unity   : 	Zone: 0 (210.00, 48.00) (384.00, 168.00) collide:False
08-21 20:14:25.311  7730  7773 I Unity   : Word: ABCDEFGHIJKLMNOPQRSTUVXYZ -> (121.00, 5.00) (345.00, 18.00)
08-21 20:14:25.311  7730  7773 I Unity   : 	Zone: 0 (210.00, 48.00) (384.00, 168.00) collide:False
08-21 20:14:25.323  7730  7773 I Unity   : 3537 : CoRequestEvaluation
08-21 20:14:25.371  7730  7773 I Unity   : MLKit Recognize: 384x216 pixelCount=82944 id=74
08-21 20:14:25.395  7730  7773 D MLKit   : input 384x216 pixelCount=82944 id=74
08-21 20:14:25.768  7730  7730 D MLKit   : parseText 0123456789 ABCDEFGHIJKLMNOPQRSTUVXYZ 1
08-21 20:14:25.769  7730  7730 D MLKit   : parseTextBlock 0123456789 ABCDEFGHIJKLMNOPQRSTUVXYZ 1 (39,5) - (345,18)
08-21 20:14:25.769  7730  7730 D MLKit   : parseLine 0123456789 ABCDEFGHIJKLMNOPQRSTUVXYZ 2 (39,5) - (345,18)
08-21 20:14:25.769  7730  7730 D MLKit   : parseElement 0123456789 (39,5) - (117,18)
08-21 20:14:25.769  7730  7730 D MLKit   : parseElement ABCDEFGHIJKLMNOPQRSTUVXYZ (121,5) - (345,18)
08-21 20:14:25.778  7730  7773 I Unity   : MLKitWrapper.OnComplete: json
08-21 20:14:25.778  7730  7773 I Unity   : {"requestId":74,"text":{"text":"0123456789 ABCDEFGHIJKLMNOPQRSTUVXYZ","textBlocks":[{"boundingBox":{"bottom":18,"left":39,"right":345,"top":5},"cornerPoints":[{"x":39,"y":5},{"x":345,"y":5},{"x":345,"y":18},{"x":39,"y":18}],"lines":[{"boundingBox":{"bottom":18,"left":39,"right":345,"top":5},"cornerPoints":[{"x":39,"y":5},{"x":345,"y":5},{"x":345,"y":18},{"x":39,"y":18}],"elements":[{"boundingBox":{"bottom":18,"left":39,"right":117,"top":5},"cornerPoints":[{"x":39,"y":5},{"x":117,"y":5},{"x":117,"y":18},{"x":39,"y":18}],"recognizedLanguage":"en","text":"0123456789"},{"boundingBox":{"bottom":18,"left":121,"right":345,"top":5},"cornerPoints":[{"x":121,"y":5},{"x":345,"y":5},{"x":345,"y":18},{"x":121,"y":18}],"recognizedLanguage":"en","text":"ABCDEFGHIJKLMNOPQRSTUVXYZ"}],"recognizedLanguage":"en","text":"0123456789 ABCDEFGHIJKLMNOPQRSTUVXYZ"}],"recognizedLanguage":"en","text":"0123456789 ABCDEFGHIJKLMNOPQRSTUVXYZ"}]}}
08-21 20:14:25.780  7730  7773 E Unity   : 	Success 1 0123456789 ABCDEFGHIJKLMNOPQRSTUVXYZ
08-21 20:14:25.780  7730  7773 E Unity   : MLKitWrapper:OnComplete(String)
08-21 20:14:25.780  7730  7773 E Unity   : 
08-21 20:14:25.791  7730  7773 I Unity   : MLKit: GetResult() : id=-2147483648
08-21 20:14:25.791  7730  7773 I Unity   : MLKit: Abort id=-2147483648
08-21 20:14:25.792  7730  7773 I Unity   : Evaluation: words=2 zones=1 5 5
08-21 20:14:25.792  7730  7773 I Unity   : Word: 0123456789 -> (39.00, 5.00) (117.00, 18.00)
08-21 20:14:25.793  7730  7773 I Unity   : 	Zone: 0 (210.00, 48.00) (384.00, 168.00) collide:False
08-21 20:14:25.793  7730  7773 I Unity   : Word: ABCDEFGHIJKLMNOPQRSTUVXYZ -> (121.00, 5.00) (345.00, 18.00)
08-21 20:14:25.793  7730  7773 I Unity   : 	Zone: 0 (210.00, 48.00) (384.00, 168.00) collide:False
08-21 20:14:25.807  7730  7773 I Unity   : 3563 : CoRequestEvaluation
08-21 20:14:25.852  7730  7773 I Unity   : MLKit Recognize: 384x216 pixelCount=82944 id=75
08-21 20:14:25.876  7730  7773 D MLKit   : input 384x216 pixelCount=82944 id=75
08-21 20:14:26.357  7730  7730 D MLKit   : parseText 0123456789 ABCDEFGHIJKLMNOPQRSTUVXYZ 1
08-21 20:14:26.357  7730  7730 D MLKit   : parseTextBlock 0123456789 ABCDEFGHIJKLMNOPQRSTUVXYZ 1 (39,5) - (345,18)
08-21 20:14:26.357  7730  7730 D MLKit   : parseLine 0123456789 ABCDEFGHIJKLMNOPQRSTUVXYZ 2 (39,5) - (345,18)
08-21 20:14:26.358  7730  7730 D MLKit   : parseElement 0123456789 (39,5) - (117,18)
08-21 20:14:26.358  7730  7730 D MLKit   : parseElement ABCDEFGHIJKLMNOPQRSTUVXYZ (121,5) - (345,18)
08-21 20:14:26.363  7730  7773 I Unity   : MLKitWrapper.OnComplete: json
08-21 20:14:26.363  7730  7773 I Unity   : {"requestId":75,"text":{"text":"0123456789 ABCDEFGHIJKLMNOPQRSTUVXYZ","textBlocks":[{"boundingBox":{"bottom":18,"left":39,"right":345,"top":5},"cornerPoints":[{"x":39,"y":5},{"x":345,"y":5},{"x":345,"y":18},{"x":39,"y":18}],"lines":[{"boundingBox":{"bottom":18,"left":39,"right":345,"top":5},"cornerPoints":[{"x":39,"y":5},{"x":345,"y":5},{"x":345,"y":18},{"x":39,"y":18}],"elements":[{"boundingBox":{"bottom":18,"left":39,"right":117,"top":5},"cornerPoints":[{"x":39,"y":5},{"x":117,"y":5},{"x":117,"y":18},{"x":39,"y":18}],"recognizedLanguage":"en","text":"0123456789"},{"boundingBox":{"bottom":18,"left":121,"right":345,"top":5},"cornerPoints":[{"x":121,"y":5},{"x":345,"y":5},{"x":345,"y":18},{"x":121,"y":18}],"recognizedLanguage":"en","text":"ABCDEFGHIJKLMNOPQRSTUVXYZ"}],"recognizedLanguage":"en","text":"0123456789 ABCDEFGHIJKLMNOPQRSTUVXYZ"}],"recognizedLanguage":"en","text":"0123456789 ABCDEFGHIJKLMNOPQRSTUVXYZ"}]}}
08-21 20:14:26.364  7730  7773 E Unity   : 	Success 1 0123456789 ABCDEFGHIJKLMNOPQRSTUVXYZ
08-21 20:14:26.364  7730  7773 E Unity   : MLKitWrapper:OnComplete(String)
08-21 20:14:26.364  7730  7773 E Unity   : 
08-21 20:14:26.376  7730  7773 I Unity   : MLKit: GetResult() : id=-2147483648
08-21 20:14:26.377  7730  7773 I Unity   : MLKit: Abort id=-2147483648
08-21 20:14:26.378  7730  7773 I Unity   : Evaluation: words=2 zones=1 5 5
08-21 20:14:26.379  7730  7773 I Unity   : Word: 0123456789 -> (39.00, 5.00) (117.00, 18.00)
08-21 20:14:26.380  7730  7773 I Unity   : 	Zone: 0 (210.00, 48.00) (384.00, 168.00) collide:False
08-21 20:14:26.380  7730  7773 I Unity   : Word: ABCDEFGHIJKLMNOPQRSTUVXYZ -> (121.00, 5.00) (345.00, 18.00)
08-21 20:14:26.381  7730  7773 I Unity   : 	Zone: 0 (210.00, 48.00) (384.00, 168.00) collide:False
08-21 20:14:26.395  7730  7773 I Unity   : 3595 : CoRequestEvaluation
08-21 20:14:26.441  7730  7773 I Unity   : MLKit Recognize: 384x216 pixelCount=82944 id=76
08-21 20:14:26.464  7730  7773 D MLKit   : input 384x216 pixelCount=82944 id=76
08-21 20:14:26.940  7730  7730 D MLKit   : parseText 0123456789 ABCDEFGHIJKLMNOPQRSTUVXYZ 1
08-21 20:14:26.940  7730  7730 D MLKit   : parseTextBlock 0123456789 ABCDEFGHIJKLMNOPQRSTUVXYZ 1 (39,5) - (345,18)
08-21 20:14:26.940  7730  7730 D MLKit   : parseLine 0123456789 ABCDEFGHIJKLMNOPQRSTUVXYZ 2 (39,5) - (345,18)
08-21 20:14:26.940  7730  7730 D MLKit   : parseElement 0123456789 (39,5) - (117,18)
08-21 20:14:26.940  7730  7730 D MLKit   : parseElement ABCDEFGHIJKLMNOPQRSTUVXYZ (121,5) - (345,18)
08-21 20:14:26.950  7730  7773 I Unity   : MLKitWrapper.OnComplete: json
08-21 20:14:26.950  7730  7773 I Unity   : {"requestId":76,"text":{"text":"0123456789 ABCDEFGHIJKLMNOPQRSTUVXYZ","textBlocks":[{"boundingBox":{"bottom":18,"left":39,"right":345,"top":5},"cornerPoints":[{"x":39,"y":5},{"x":345,"y":5},{"x":345,"y":18},{"x":39,"y":18}],"lines":[{"boundingBox":{"bottom":18,"left":39,"right":345,"top":5},"cornerPoints":[{"x":39,"y":5},{"x":345,"y":5},{"x":345,"y":18},{"x":39,"y":18}],"elements":[{"boundingBox":{"bottom":18,"left":39,"right":117,"top":5},"cornerPoints":[{"x":39,"y":5},{"x":117,"y":5},{"x":117,"y":18},{"x":39,"y":18}],"recognizedLanguage":"en","text":"0123456789"},{"boundingBox":{"bottom":18,"left":121,"right":345,"top":5},"cornerPoints":[{"x":121,"y":5},{"x":345,"y":5},{"x":345,"y":18},{"x":121,"y":18}],"recognizedLanguage":"en","text":"ABCDEFGHIJKLMNOPQRSTUVXYZ"}],"recognizedLanguage":"en","text":"0123456789 ABCDEFGHIJKLMNOPQRSTUVXYZ"}],"recognizedLanguage":"en","text":"0123456789 ABCDEFGHIJKLMNOPQRSTUVXYZ"}]}}
08-21 20:14:26.953  7730  7773 E Unity   : 	Success 1 0123456789 ABCDEFGHIJKLMNOPQRSTUVXYZ
08-21 20:14:26.953  7730  7773 E Unity   : MLKitWrapper:OnComplete(String)
08-21 20:14:26.953  7730  7773 E Unity   : 
08-21 20:14:26.964  7730  7773 I Unity   : MLKit: GetResult() : id=-2147483648
08-21 20:14:26.965  7730  7773 I Unity   : MLKit: Abort id=-2147483648
08-21 20:14:26.965  7730  7773 I Unity   : Evaluation: words=2 zones=1 5 5
08-21 20:14:26.966  7730  7773 I Unity   : Word: 0123456789 -> (39.00, 5.00) (117.00, 18.00)
08-21 20:14:26.966  7730  7773 I Unity   : 	Zone: 0 (210.00, 48.00) (384.00, 168.00) collide:False
08-21 20:14:26.966  7730  7773 I Unity   : Word: ABCDEFGHIJKLMNOPQRSTUVXYZ -> (121.00, 5.00) (345.00, 18.00)
08-21 20:14:26.966  7730  7773 I Unity   : 	Zone: 0 (210.00, 48.00) (384.00, 168.00) collide:False
08-21 20:14:26.985  7730  7773 I Unity   : 3628 : CoRequestEvaluation
08-21 20:14:27.027  7730  7773 I Unity   : MLKit Recognize: 384x216 pixelCount=82944 id=77
08-21 20:14:27.050  7730  7773 D MLKit   : input 384x216 pixelCount=82944 id=77
08-21 20:14:27.454  7730  7730 D MLKit   : parseText 0123456789 ABCDEFGHIJKLMNOPQRSTUVXYZ 1
08-21 20:14:27.455  7730  7730 D MLKit   : parseTextBlock 0123456789 ABCDEFGHIJKLMNOPQRSTUVXYZ 1 (39,5) - (345,18)
08-21 20:14:27.455  7730  7730 D MLKit   : parseLine 0123456789 ABCDEFGHIJKLMNOPQRSTUVXYZ 2 (39,5) - (345,18)
08-21 20:14:27.455  7730  7730 D MLKit   : parseElement 0123456789 (39,5) - (117,18)
08-21 20:14:27.455  7730  7730 D MLKit   : parseElement ABCDEFGHIJKLMNOPQRSTUVXYZ (121,5) - (345,18)
08-21 20:14:27.469  7730  7773 I Unity   : MLKitWrapper.OnComplete: json
08-21 20:14:27.469  7730  7773 I Unity   : {"requestId":77,"text":{"text":"0123456789 ABCDEFGHIJKLMNOPQRSTUVXYZ","textBlocks":[{"boundingBox":{"bottom":18,"left":39,"right":345,"top":5},"cornerPoints":[{"x":39,"y":5},{"x":345,"y":5},{"x":345,"y":18},{"x":39,"y":18}],"lines":[{"boundingBox":{"bottom":18,"left":39,"right":345,"top":5},"cornerPoints":[{"x":39,"y":5},{"x":345,"y":5},{"x":345,"y":18},{"x":39,"y":18}],"elements":[{"boundingBox":{"bottom":18,"left":39,"right":117,"top":5},"cornerPoints":[{"x":39,"y":5},{"x":117,"y":5},{"x":117,"y":18},{"x":39,"y":18}],"recognizedLanguage":"en","text":"0123456789"},{"boundingBox":{"bottom":18,"left":121,"right":345,"top":5},"cornerPoints":[{"x":121,"y":5},{"x":345,"y":5},{"x":345,"y":18},{"x":121,"y":18}],"recognizedLanguage":"en","text":"ABCDEFGHIJKLMNOPQRSTUVXYZ"}],"recognizedLanguage":"en","text":"0123456789 ABCDEFGHIJKLMNOPQRSTUVXYZ"}],"recognizedLanguage":"en","text":"0123456789 ABCDEFGHIJKLMNOPQRSTUVXYZ"}]}}
08-21 20:14:27.470  7730  7773 E Unity   : 	Success 1 0123456789 ABCDEFGHIJKLMNOPQRSTUVXYZ
08-21 20:14:27.470  7730  7773 E Unity   : MLKitWrapper:OnComplete(String)
08-21 20:14:27.470  7730  7773 E Unity   : 
08-21 20:14:27.484  7730  7773 I Unity   : MLKit: GetResult() : id=-2147483648
08-21 20:14:27.485  7730  7773 I Unity   : MLKit: Abort id=-2147483648
08-21 20:14:27.485  7730  7773 I Unity   : Evaluation: words=2 zones=1 5 5
08-21 20:14:27.486  7730  7773 I Unity   : Word: 0123456789 -> (39.00, 5.00) (117.00, 18.00)
08-21 20:14:27.486  7730  7773 I Unity   : 	Zone: 0 (210.00, 48.00) (384.00, 168.00) collide:False
08-21 20:14:27.486  7730  7773 I Unity   : Word: ABCDEFGHIJKLMNOPQRSTUVXYZ -> (121.00, 5.00) (345.00, 18.00)
08-21 20:14:27.486  7730  7773 I Unity   : 	Zone: 0 (210.00, 48.00) (384.00, 168.00) collide:False
08-21 20:14:27.501  7730  7773 I Unity   : 3656 : CoRequestEvaluation
08-21 20:14:27.545  7730  7773 I Unity   : MLKit Recognize: 384x216 pixelCount=82944 id=78
08-21 20:14:27.570  7730  7773 D MLKit   : input 384x216 pixelCount=82944 id=78
08-21 20:14:27.766  7730  7730 D MLKit   : parseText 0123456789 ABCDEFGHIJKLMNOPQRSTUVXYZ 1
08-21 20:14:27.766  7730  7730 D MLKit   : parseTextBlock 0123456789 ABCDEFGHIJKLMNOPQRSTUVXYZ 1 (39,5) - (345,18)
08-21 20:14:27.766  7730  7730 D MLKit   : parseLine 0123456789 ABCDEFGHIJKLMNOPQRSTUVXYZ 2 (39,5) - (345,18)
08-21 20:14:27.767  7730  7730 D MLKit   : parseElement 0123456789 (39,5) - (117,18)
08-21 20:14:27.767  7730  7730 D MLKit   : parseElement ABCDEFGHIJKLMNOPQRSTUVXYZ (121,5) - (345,18)
08-21 20:14:27.779  7730  7773 I Unity   : MLKitWrapper.OnComplete: json
08-21 20:14:27.779  7730  7773 I Unity   : {"requestId":78,"text":{"text":"0123456789 ABCDEFGHIJKLMNOPQRSTUVXYZ","textBlocks":[{"boundingBox":{"bottom":18,"left":39,"right":345,"top":5},"cornerPoints":[{"x":39,"y":5},{"x":345,"y":5},{"x":345,"y":18},{"x":39,"y":18}],"lines":[{"boundingBox":{"bottom":18,"left":39,"right":345,"top":5},"cornerPoints":[{"x":39,"y":5},{"x":345,"y":5},{"x":345,"y":18},{"x":39,"y":18}],"elements":[{"boundingBox":{"bottom":18,"left":39,"right":117,"top":5},"cornerPoints":[{"x":39,"y":5},{"x":117,"y":5},{"x":117,"y":18},{"x":39,"y":18}],"recognizedLanguage":"en","text":"0123456789"},{"boundingBox":{"bottom":18,"left":121,"right":345,"top":5},"cornerPoints":[{"x":121,"y":5},{"x":345,"y":5},{"x":345,"y":18},{"x":121,"y":18}],"recognizedLanguage":"en","text":"ABCDEFGHIJKLMNOPQRSTUVXYZ"}],"recognizedLanguage":"en","text":"0123456789 ABCDEFGHIJKLMNOPQRSTUVXYZ"}],"recognizedLanguage":"en","text":"0123456789 ABCDEFGHIJKLMNOPQRSTUVXYZ"}]}}
08-21 20:14:27.781  7730  7773 E Unity   : 	Success 1 0123456789 ABCDEFGHIJKLMNOPQRSTUVXYZ
08-21 20:14:27.781  7730  7773 E Unity   : MLKitWrapper:OnComplete(String)
08-21 20:14:27.781  7730  7773 E Unity   : 
08-21 20:14:27.794  7730  7773 I Unity   : MLKit: GetResult() : id=-2147483648
08-21 20:14:27.795  7730  7773 I Unity   : MLKit: Abort id=-2147483648
08-21 20:14:27.796  7730  7773 I Unity   : Evaluation: words=2 zones=1 5 5
08-21 20:14:27.796  7730  7773 I Unity   : Word: 0123456789 -> (39.00, 5.00) (117.00, 18.00)
08-21 20:14:27.796  7730  7773 I Unity   : 	Zone: 0 (210.00, 48.00) (384.00, 168.00) collide:False
08-21 20:14:27.797  7730  7773 I Unity   : Word: ABCDEFGHIJKLMNOPQRSTUVXYZ -> (121.00, 5.00) (345.00, 18.00)
08-21 20:14:27.797  7730  7773 I Unity   : 	Zone: 0 (210.00, 48.00) (384.00, 168.00) collide:False
08-21 20:14:27.813  7730  7773 I Unity   : 3672 : CoRequestEvaluation
08-21 20:14:27.860  7730  7773 I Unity   : MLKit Recognize: 384x216 pixelCount=82944 id=79
08-21 20:14:27.896  7730  7773 D MLKit   : input 384x216 pixelCount=82944 id=79
08-21 20:14:28.069  7730  7730 D MLKit   : parseText 0123456789 ABCDEFGHIJKLMNOPQRSTUVXYZ 1
08-21 20:14:28.070  7730  7730 D MLKit   : parseTextBlock 0123456789 ABCDEFGHIJKLMNOPQRSTUVXYZ 1 (39,5) - (345,18)
08-21 20:14:28.070  7730  7730 D MLKit   : parseLine 0123456789 ABCDEFGHIJKLMNOPQRSTUVXYZ 2 (39,5) - (345,18)
08-21 20:14:28.070  7730  7730 D MLKit   : parseElement 0123456789 (39,5) - (117,18)
08-21 20:14:28.070  7730  7730 D MLKit   : parseElement ABCDEFGHIJKLMNOPQRSTUVXYZ (121,5) - (345,18)
08-21 20:14:28.074  7730  7773 I Unity   : MLKitWrapper.OnComplete: json
08-21 20:14:28.074  7730  7773 I Unity   : {"requestId":79,"text":{"text":"0123456789 ABCDEFGHIJKLMNOPQRSTUVXYZ","textBlocks":[{"boundingBox":{"bottom":18,"left":39,"right":345,"top":5},"cornerPoints":[{"x":39,"y":5},{"x":345,"y":5},{"x":345,"y":18},{"x":39,"y":18}],"lines":[{"boundingBox":{"bottom":18,"left":39,"right":345,"top":5},"cornerPoints":[{"x":39,"y":5},{"x":345,"y":5},{"x":345,"y":18},{"x":39,"y":18}],"elements":[{"boundingBox":{"bottom":18,"left":39,"right":117,"top":5},"cornerPoints":[{"x":39,"y":5},{"x":117,"y":5},{"x":117,"y":18},{"x":39,"y":18}],"recognizedLanguage":"en","text":"0123456789"},{"boundingBox":{"bottom":18,"left":121,"right":345,"top":5},"cornerPoints":[{"x":121,"y":5},{"x":345,"y":5},{"x":345,"y":18},{"x":121,"y":18}],"recognizedLanguage":"en","text":"ABCDEFGHIJKLMNOPQRSTUVXYZ"}],"recognizedLanguage":"en","text":"0123456789 ABCDEFGHIJKLMNOPQRSTUVXYZ"}],"recognizedLanguage":"en","text":"0123456789 ABCDEFGHIJKLMNOPQRSTUVXYZ"}]}}
08-21 20:14:28.076  7730  7773 E Unity   : 	Success 1 0123456789 ABCDEFGHIJKLMNOPQRSTUVXYZ
08-21 20:14:28.076  7730  7773 E Unity   : MLKitWrapper:OnComplete(String)
08-21 20:14:28.076  7730  7773 E Unity   : 
08-21 20:14:28.090  7730  7773 I Unity   : MLKit: GetResult() : id=-2147483648
08-21 20:14:28.090  7730  7773 I Unity   : MLKit: Abort id=-2147483648
08-21 20:14:28.091  7730  7773 I Unity   : Evaluation: words=2 zones=1 5 5
08-21 20:14:28.091  7730  7773 I Unity   : Word: 0123456789 -> (39.00, 5.00) (117.00, 18.00)
08-21 20:14:28.091  7730  7773 I Unity   : 	Zone: 0 (210.00, 48.00) (384.00, 168.00) collide:False
08-21 20:14:28.092  7730  7773 I Unity   : Word: ABCDEFGHIJKLMNOPQRSTUVXYZ -> (121.00, 5.00) (345.00, 18.00)
08-21 20:14:28.092  7730  7773 I Unity   : 	Zone: 0 (210.00, 48.00) (384.00, 168.00) collide:False
08-21 20:14:28.107  7730  7773 I Unity   : 3687 : CoRequestEvaluation
08-21 20:14:28.154  7730  7773 I Unity   : MLKit Recognize: 384x216 pixelCount=82944 id=80
08-21 20:14:28.189  7730  7773 D MLKit   : input 384x216 pixelCount=82944 id=80
08-21 20:14:28.367  7730  7730 D MLKit   : parseText 0123456789 ABCDEFGHIJKLMNOPQRSTUVXYZ 1
08-21 20:14:28.367  7730  7730 D MLKit   : parseTextBlock 0123456789 ABCDEFGHIJKLMNOPQRSTUVXYZ 1 (39,5) - (345,18)
08-21 20:14:28.367  7730  7730 D MLKit   : parseLine 0123456789 ABCDEFGHIJKLMNOPQRSTUVXYZ 2 (39,5) - (345,18)
08-21 20:14:28.367  7730  7730 D MLKit   : parseElement 0123456789 (39,5) - (117,18)
08-21 20:14:28.367  7730  7730 D MLKit   : parseElement ABCDEFGHIJKLMNOPQRSTUVXYZ (121,5) - (345,18)
08-21 20:14:28.387  7730  7773 I Unity   : MLKitWrapper.OnComplete: json
08-21 20:14:28.387  7730  7773 I Unity   : {"requestId":80,"text":{"text":"0123456789 ABCDEFGHIJKLMNOPQRSTUVXYZ","textBlocks":[{"boundingBox":{"bottom":18,"left":39,"right":345,"top":5},"cornerPoints":[{"x":39,"y":5},{"x":345,"y":5},{"x":345,"y":18},{"x":39,"y":18}],"lines":[{"boundingBox":{"bottom":18,"left":39,"right":345,"top":5},"cornerPoints":[{"x":39,"y":5},{"x":345,"y":5},{"x":345,"y":18},{"x":39,"y":18}],"elements":[{"boundingBox":{"bottom":18,"left":39,"right":117,"top":5},"cornerPoints":[{"x":39,"y":5},{"x":117,"y":5},{"x":117,"y":18},{"x":39,"y":18}],"recognizedLanguage":"en","text":"0123456789"},{"boundingBox":{"bottom":18,"left":121,"right":345,"top":5},"cornerPoints":[{"x":121,"y":5},{"x":345,"y":5},{"x":345,"y":18},{"x":121,"y":18}],"recognizedLanguage":"en","text":"ABCDEFGHIJKLMNOPQRSTUVXYZ"}],"recognizedLanguage":"en","text":"0123456789 ABCDEFGHIJKLMNOPQRSTUVXYZ"}],"recognizedLanguage":"en","text":"0123456789 ABCDEFGHIJKLMNOPQRSTUVXYZ"}]}}
08-21 20:14:28.389  7730  7773 E Unity   : 	Success 1 0123456789 ABCDEFGHIJKLMNOPQRSTUVXYZ
08-21 20:14:28.389  7730  7773 E Unity   : MLKitWrapper:OnComplete(String)
08-21 20:14:28.389  7730  7773 E Unity   : 
08-21 20:14:28.401  7730  7773 I Unity   : MLKit: GetResult() : id=-2147483648
08-21 20:14:28.401  7730  7773 I Unity   : MLKit: Abort id=-2147483648
08-21 20:14:28.402  7730  7773 I Unity   : Evaluation: words=2 zones=1 5 5
08-21 20:14:28.403  7730  7773 I Unity   : Word: 0123456789 -> (39.00, 5.00) (117.00, 18.00)
08-21 20:14:28.403  7730  7773 I Unity   : 	Zone: 0 (210.00, 48.00) (384.00, 168.00) collide:False
08-21 20:14:28.403  7730  7773 I Unity   : Word: ABCDEFGHIJKLMNOPQRSTUVXYZ -> (121.00, 5.00) (345.00, 18.00)
08-21 20:14:28.403  7730  7773 I Unity   : 	Zone: 0 (210.00, 48.00) (384.00, 168.00) collide:False
08-21 20:14:28.418  7730  7773 I Unity   : 3703 : CoRequestEvaluation
08-21 20:14:28.467  7730  7773 I Unity   : MLKit Recognize: 384x216 pixelCount=82944 id=81
08-21 20:14:28.500  7730  7773 D MLKit   : input 384x216 pixelCount=82944 id=81
08-21 20:14:28.505  7730  7773 I Unity   : 3704 : CoRequestEvaluation
08-21 20:14:28.536  7730  7773 I Unity   : MLKit Recognize: 384x216 pixelCount=82944 id=82
08-21 20:14:28.537  7730  7773 I Unity   : MLKit: Abort id=81
08-21 20:14:28.560  7730  7773 D MLKit   : input 384x216 pixelCount=82944 id=82
08-21 20:14:28.688  7730  7730 D MLKit   : parseText 0123456789 ABCDEFGHIJKLMNOPQRSTUVXYZ 1
08-21 20:14:28.688  7730  7730 D MLKit   : parseTextBlock 0123456789 ABCDEFGHIJKLMNOPQRSTUVXYZ 1 (39,5) - (345,18)
08-21 20:14:28.688  7730  7730 D MLKit   : parseLine 0123456789 ABCDEFGHIJKLMNOPQRSTUVXYZ 2 (39,5) - (345,18)
08-21 20:14:28.688  7730  7730 D MLKit   : parseElement 0123456789 (39,5) - (117,18)
08-21 20:14:28.688  7730  7730 D MLKit   : parseElement ABCDEFGHIJKLMNOPQRSTUVXYZ (121,5) - (345,18)
08-21 20:14:28.695  7730  7773 I Unity   : MLKitWrapper.OnComplete: json
08-21 20:14:28.695  7730  7773 I Unity   : {"requestId":81,"text":{"text":"0123456789 ABCDEFGHIJKLMNOPQRSTUVXYZ","textBlocks":[{"boundingBox":{"bottom":18,"left":39,"right":345,"top":5},"cornerPoints":[{"x":39,"y":5},{"x":345,"y":5},{"x":345,"y":18},{"x":39,"y":18}],"lines":[{"boundingBox":{"bottom":18,"left":39,"right":345,"top":5},"cornerPoints":[{"x":39,"y":5},{"x":345,"y":5},{"x":345,"y":18},{"x":39,"y":18}],"elements":[{"boundingBox":{"bottom":18,"left":39,"right":117,"top":5},"cornerPoints":[{"x":39,"y":5},{"x":117,"y":5},{"x":117,"y":18},{"x":39,"y":18}],"recognizedLanguage":"en","text":"0123456789"},{"boundingBox":{"bottom":18,"left":121,"right":345,"top":5},"cornerPoints":[{"x":121,"y":5},{"x":345,"y":5},{"x":345,"y":18},{"x":121,"y":18}],"recognizedLanguage":"en","text":"ABCDEFGHIJKLMNOPQRSTUVXYZ"}],"recognizedLanguage":"en","text":"0123456789 ABCDEFGHIJKLMNOPQRSTUVXYZ"}],"recognizedLanguage":"en","text":"0123456789 ABCDEFGHIJKLMNOPQRSTUVXYZ"}]}}
08-21 20:14:28.855  7730  7730 D MLKit   : parseText 0123456789 ABCDEFGHIJKLMNOPQRSTUVXYZ 1
08-21 20:14:28.855  7730  7730 D MLKit   : parseTextBlock 0123456789 ABCDEFGHIJKLMNOPQRSTUVXYZ 1 (39,6) - (345,18)
08-21 20:14:28.855  7730  7730 D MLKit   : parseLine 0123456789 ABCDEFGHIJKLMNOPQRSTUVXYZ 2 (39,6) - (345,18)
08-21 20:14:28.855  7730  7730 D MLKit   : parseElement 0123456789 (39,6) - (117,18)
08-21 20:14:28.855  7730  7730 D MLKit   : parseElement ABCDEFGHIJKLMNOPQRSTUVXYZ (121,6) - (345,18)
08-21 20:14:28.869  7730  7773 I Unity   : MLKitWrapper.OnComplete: json
08-21 20:14:28.869  7730  7773 I Unity   : {"requestId":82,"text":{"text":"0123456789 ABCDEFGHIJKLMNOPQRSTUVXYZ","textBlocks":[{"boundingBox":{"bottom":18,"left":39,"right":345,"top":6},"cornerPoints":[{"x":39,"y":6},{"x":345,"y":6},{"x":345,"y":18},{"x":39,"y":18}],"lines":[{"boundingBox":{"bottom":18,"left":39,"right":345,"top":6},"cornerPoints":[{"x":39,"y":6},{"x":345,"y":6},{"x":345,"y":18},{"x":39,"y":18}],"elements":[{"boundingBox":{"bottom":18,"left":39,"right":117,"top":6},"cornerPoints":[{"x":39,"y":6},{"x":117,"y":6},{"x":117,"y":18},{"x":39,"y":18}],"recognizedLanguage":"en","text":"0123456789"},{"boundingBox":{"bottom":18,"left":121,"right":345,"top":6},"cornerPoints":[{"x":121,"y":6},{"x":345,"y":6},{"x":345,"y":18},{"x":121,"y":18}],"recognizedLanguage":"en","text":"ABCDEFGHIJKLMNOPQRSTUVXYZ"}],"recognizedLanguage":"en","text":"0123456789 ABCDEFGHIJKLMNOPQRSTUVXYZ"}],"recognizedLanguage":"en","text":"0123456789 ABCDEFGHIJKLMNOPQRSTUVXYZ"}]}}
08-21 20:14:28.871  7730  7773 E Unity   : 	Success 1 0123456789 ABCDEFGHIJKLMNOPQRSTUVXYZ
08-21 20:14:28.871  7730  7773 E Unity   : MLKitWrapper:OnComplete(String)
08-21 20:14:28.871  7730  7773 E Unity   : 
08-21 20:14:28.885  7730  7773 I Unity   : MLKit: GetResult() : id=-2147483648
08-21 20:14:28.886  7730  7773 I Unity   : MLKit: Abort id=-2147483648
08-21 20:14:28.887  7730  7773 I Unity   : Evaluation: words=2 zones=1 5 5
08-21 20:14:28.887  7730  7773 I Unity   : Word: 0123456789 -> (39.00, 6.00) (117.00, 18.00)
08-21 20:14:28.888  7730  7773 I Unity   : 	Zone: 0 (210.00, 48.00) (384.00, 168.00) collide:False
08-21 20:14:28.888  7730  7773 I Unity   : Word: ABCDEFGHIJKLMNOPQRSTUVXYZ -> (121.00, 6.00) (345.00, 18.00)
08-21 20:14:28.888  7730  7773 I Unity   : 	Zone: 0 (210.00, 48.00) (384.00, 168.00) collide:False
08-21 20:14:28.902  7730  7773 I Unity   : 3726 : CoRequestEvaluation
08-21 20:14:28.947  7730  7773 I Unity   : MLKit Recognize: 384x216 pixelCount=82944 id=83
08-21 20:14:28.980  7730  7773 D MLKit   : input 384x216 pixelCount=82944 id=83
08-21 20:14:29.154  7730  7730 D MLKit   : parseText 0123456789 ABCDEFGHIJKLMNOPQRSTUVXYZ 1
08-21 20:14:29.154  7730  7730 D MLKit   : parseTextBlock 0123456789 ABCDEFGHIJKLMNOPQRSTUVXYZ 1 (39,5) - (345,18)
08-21 20:14:29.154  7730  7730 D MLKit   : parseLine 0123456789 ABCDEFGHIJKLMNOPQRSTUVXYZ 2 (39,5) - (345,18)
08-21 20:14:29.154  7730  7730 D MLKit   : parseElement 0123456789 (39,5) - (117,18)
08-21 20:14:29.154  7730  7730 D MLKit   : parseElement ABCDEFGHIJKLMNOPQRSTUVXYZ (121,5) - (345,18)
08-21 20:14:29.162  7730  7773 I Unity   : MLKitWrapper.OnComplete: json
08-21 20:14:29.162  7730  7773 I Unity   : {"requestId":83,"text":{"text":"0123456789 ABCDEFGHIJKLMNOPQRSTUVXYZ","textBlocks":[{"boundingBox":{"bottom":18,"left":39,"right":345,"top":5},"cornerPoints":[{"x":39,"y":5},{"x":345,"y":5},{"x":345,"y":18},{"x":39,"y":18}],"lines":[{"boundingBox":{"bottom":18,"left":39,"right":345,"top":5},"cornerPoints":[{"x":39,"y":5},{"x":345,"y":5},{"x":345,"y":18},{"x":39,"y":18}],"elements":[{"boundingBox":{"bottom":18,"left":39,"right":117,"top":5},"cornerPoints":[{"x":39,"y":5},{"x":117,"y":5},{"x":117,"y":18},{"x":39,"y":18}],"recognizedLanguage":"en","text":"0123456789"},{"boundingBox":{"bottom":18,"left":121,"right":345,"top":5},"cornerPoints":[{"x":121,"y":5},{"x":345,"y":5},{"x":345,"y":18},{"x":121,"y":18}],"recognizedLanguage":"en","text":"ABCDEFGHIJKLMNOPQRSTUVXYZ"}],"recognizedLanguage":"en","text":"0123456789 ABCDEFGHIJKLMNOPQRSTUVXYZ"}],"recognizedLanguage":"en","text":"0123456789 ABCDEFGHIJKLMNOPQRSTUVXYZ"}]}}
08-21 20:14:29.164  7730  7773 E Unity   : 	Success 1 0123456789 ABCDEFGHIJKLMNOPQRSTUVXYZ
08-21 20:14:29.164  7730  7773 E Unity   : MLKitWrapper:OnComplete(String)
08-21 20:14:29.164  7730  7773 E Unity   : 
08-21 20:14:29.179  7730  7773 I Unity   : MLKit: GetResult() : id=-2147483648
08-21 20:14:29.180  7730  7773 I Unity   : MLKit: Abort id=-2147483648
08-21 20:14:29.181  7730  7773 I Unity   : Evaluation: words=2 zones=1 5 5
08-21 20:14:29.181  7730  7773 I Unity   : Word: 0123456789 -> (39.00, 5.00) (117.00, 18.00)
08-21 20:14:29.182  7730  7773 I Unity   : 	Zone: 0 (210.00, 48.00) (384.00, 168.00) collide:False
08-21 20:14:29.182  7730  7773 I Unity   : Word: ABCDEFGHIJKLMNOPQRSTUVXYZ -> (121.00, 5.00) (345.00, 18.00)
08-21 20:14:29.182  7730  7773 I Unity   : 	Zone: 0 (210.00, 48.00) (384.00, 168.00) collide:False
08-21 20:14:29.194  7730  7773 I Unity   : 3741 : CoRequestEvaluation
08-21 20:14:29.243  7730  7773 I Unity   : MLKit Recognize: 384x216 pixelCount=82944 id=84
08-21 20:14:29.274  7730  7773 D MLKit   : input 384x216 pixelCount=82944 id=84
08-21 20:14:29.458  7730  7730 D MLKit   : parseText 0123456789 ABCDEFGHIJKLMNOPQRSTUVXYZ 1
08-21 20:14:29.459  7730  7730 D MLKit   : parseTextBlock 0123456789 ABCDEFGHIJKLMNOPQRSTUVXYZ 1 (39,5) - (345,18)
08-21 20:14:29.459  7730  7730 D MLKit   : parseLine 0123456789 ABCDEFGHIJKLMNOPQRSTUVXYZ 2 (39,5) - (345,18)
08-21 20:14:29.459  7730  7730 D MLKit   : parseElement 0123456789 (39,5) - (117,18)
08-21 20:14:29.459  7730  7730 D MLKit   : parseElement ABCDEFGHIJKLMNOPQRSTUVXYZ (121,5) - (345,18)
08-21 20:14:29.470  7730  7773 I Unity   : MLKitWrapper.OnComplete: json
08-21 20:14:29.470  7730  7773 I Unity   : {"requestId":84,"text":{"text":"0123456789 ABCDEFGHIJKLMNOPQRSTUVXYZ","textBlocks":[{"boundingBox":{"bottom":18,"left":39,"right":345,"top":5},"cornerPoints":[{"x":39,"y":5},{"x":345,"y":5},{"x":345,"y":18},{"x":39,"y":18}],"lines":[{"boundingBox":{"bottom":18,"left":39,"right":345,"top":5},"cornerPoints":[{"x":39,"y":5},{"x":345,"y":5},{"x":345,"y":18},{"x":39,"y":18}],"elements":[{"boundingBox":{"bottom":18,"left":39,"right":117,"top":5},"cornerPoints":[{"x":39,"y":5},{"x":117,"y":5},{"x":117,"y":18},{"x":39,"y":18}],"recognizedLanguage":"en","text":"0123456789"},{"boundingBox":{"bottom":18,"left":121,"right":345,"top":5},"cornerPoints":[{"x":121,"y":5},{"x":345,"y":5},{"x":345,"y":18},{"x":121,"y":18}],"recognizedLanguage":"en","text":"ABCDEFGHIJKLMNOPQRSTUVXYZ"}],"recognizedLanguage":"en","text":"0123456789 ABCDEFGHIJKLMNOPQRSTUVXYZ"}],"recognizedLanguage":"en","text":"0123456789 ABCDEFGHIJKLMNOPQRSTUVXYZ"}]}}
08-21 20:14:29.472  7730  7773 E Unity   : 	Success 1 0123456789 ABCDEFGHIJKLMNOPQRSTUVXYZ
08-21 20:14:29.472  7730  7773 E Unity   : MLKitWrapper:OnComplete(String)
08-21 20:14:29.472  7730  7773 E Unity   : 
08-21 20:14:29.487  7730  7773 I Unity   : MLKit: GetResult() : id=-2147483648
08-21 20:14:29.487  7730  7773 I Unity   : MLKit: Abort id=-2147483648
08-21 20:14:29.487  7730  7773 I Unity   : Evaluation: words=2 zones=1 5 5
08-21 20:14:29.487  7730  7773 I Unity   : Word: 0123456789 -> (39.00, 5.00) (117.00, 18.00)
08-21 20:14:29.487  7730  7773 I Unity   : 	Zone: 0 (210.00, 48.00) (384.00, 168.00) collide:False
08-21 20:14:29.487  7730  7773 I Unity   : Word: ABCDEFGHIJKLMNOPQRSTUVXYZ -> (121.00, 5.00) (345.00, 18.00)
08-21 20:14:29.488  7730  7773 I Unity   : 	Zone: 0 (210.00, 48.00) (384.00, 168.00) collide:False
08-21 20:14:29.507  7730  7773 I Unity   : 3757 : CoRequestEvaluation
08-21 20:14:29.555  7730  7773 I Unity   : MLKit Recognize: 384x216 pixelCount=82944 id=85
08-21 20:14:29.591  7730  7773 D MLKit   : input 384x216 pixelCount=82944 id=85
08-21 20:14:29.830  7730  7730 D MLKit   : parseText 0123456789 ABCDEFGHIJKLMNOPQRSTUVXYZ
08-21 20:14:29.830  7730  7730 D MLKit   : 6 2
08-21 20:14:29.830  7730  7730 D MLKit   : parseTextBlock 0123456789 ABCDEFGHIJKLMNOPQRSTUVXYZ 1 (39,5) - (345,18)
08-21 20:14:29.830  7730  7730 D MLKit   : parseLine 0123456789 ABCDEFGHIJKLMNOPQRSTUVXYZ 2 (39,5) - (345,18)
08-21 20:14:29.830  7730  7730 D MLKit   : parseElement 0123456789 (39,5) - (117,18)
08-21 20:14:29.830  7730  7730 D MLKit   : parseElement ABCDEFGHIJKLMNOPQRSTUVXYZ (121,5) - (345,18)
08-21 20:14:29.830  7730  7730 D MLKit   : parseTextBlock 6 1 (268,63) - (308,151)
08-21 20:14:29.830  7730  7730 D MLKit   : parseLine 6 1 (267,63) - (308,151)
08-21 20:14:29.830  7730  7730 D MLKit   : parseElement 6 (267,63) - (308,151)
08-21 20:14:29.838  7730  7773 I Unity   : MLKitWrapper.OnComplete: json
08-21 20:14:29.838  7730  7773 I Unity   : {"requestId":85,"text":{"text":"0123456789 ABCDEFGHIJKLMNOPQRSTUVXYZ\n6","textBlocks":[{"boundingBox":{"bottom":18,"left":39,"right":345,"top":5},"cornerPoints":[{"x":39,"y":5},{"x":345,"y":5},{"x":345,"y":18},{"x":39,"y":18}],"lines":[{"boundingBox":{"bottom":18,"left":39,"right":345,"top":5},"cornerPoints":[{"x":39,"y":5},{"x":345,"y":5},{"x":345,"y":18},{"x":39,"y":18}],"elements":[{"boundingBox":{"bottom":18,"left":39,"right":117,"top":5},"cornerPoints":[{"x":39,"y":5},{"x":117,"y":5},{"x":117,"y":18},{"x":39,"y":18}],"recognizedLanguage":"en","text":"0123456789"},{"boundingBox":{"bottom":18,"left":121,"right":345,"top":5},"cornerPoints":[{"x":121,"y":5},{"x":345,"y":5},{"x":345,"y":18},{"x":121,"y":18}],"recognizedLanguage":"en","text":"ABCDEFGHIJKLMNOPQRSTUVXYZ"}],"recognizedLanguage":"en","text":"0123456789 ABCDEFGHIJKLMNOPQRSTUVXYZ"}],"recognizedLanguage":"en","text":"0123456789 ABCDEFGHIJKLMNOPQRSTUVXYZ"},{"boundingBox":{"bottom":151,"left":268,"right":308,"top":63},"co
08-21 20:14:29.839  7730  7773 E Unity   : 	Success 2 0123456789 ABCDEFGHIJKLMNOPQRSTUVXYZ
08-21 20:14:29.839  7730  7773 E Unity   : 6
08-21 20:14:29.839  7730  7773 E Unity   : MLKitWrapper:OnComplete(String)
08-21 20:14:29.839  7730  7773 E Unity   : 
08-21 20:14:29.854  7730  7773 I Unity   : MLKit: GetResult() : id=-2147483648
08-21 20:14:29.855  7730  7773 I Unity   : MLKit: Abort id=-2147483648
08-21 20:14:29.855  7730  7773 I Unity   : Evaluation: words=3 zones=1 5 5
08-21 20:14:29.855  7730  7773 I Unity   : Word: 0123456789 -> (39.00, 5.00) (117.00, 18.00)
08-21 20:14:29.856  7730  7773 I Unity   : 	Zone: 0 (210.00, 48.00) (384.00, 168.00) collide:False
08-21 20:14:29.856  7730  7773 I Unity   : Word: ABCDEFGHIJKLMNOPQRSTUVXYZ -> (121.00, 5.00) (345.00, 18.00)
08-21 20:14:29.856  7730  7773 I Unity   : 	Zone: 0 (210.00, 48.00) (384.00, 168.00) collide:False
08-21 20:14:29.856  7730  7773 I Unity   : Word: 6 -> (267.00, 63.00) (308.00, 151.00)
08-21 20:14:29.856  7730  7773 I Unity   : 	Zone: 0 (210.00, 48.00) (384.00, 168.00) collide:True
08-21 20:14:29.856  7730  7773 I Unity   : 6 -> 0 9.552473 6
08-21 20:14:29.873  7730  7773 I Unity   : 3776 : CoRequestEvaluation
08-21 20:14:29.922  7730  7773 I Unity   : MLKit Recognize: 384x216 pixelCount=82944 id=86
08-21 20:14:29.954  7730  7773 D MLKit   : input 384x216 pixelCount=82944 id=86
08-21 20:14:29.959  7730  7773 I Unity   : 3777 : CoRequestEvaluation
08-21 20:14:29.999  7730  7773 I Unity   : MLKit Recognize: 384x216 pixelCount=82944 id=87
08-21 20:14:30.000  7730  7773 I Unity   : MLKit: Abort id=86
08-21 20:14:30.032  7730  7773 D MLKit   : input 384x216 pixelCount=82944 id=87
08-21 20:14:30.150  7730  7730 D MLKit   : parseText 0123456789 ABCDEFGHIJKLMNOPQRSTUVXYZ 1
08-21 20:14:30.150  7730  7730 D MLKit   : parseTextBlock 0123456789 ABCDEFGHIJKLMNOPQRSTUVXYZ 1 (39,5) - (345,18)
08-21 20:14:30.151  7730  7730 D MLKit   : parseLine 0123456789 ABCDEFGHIJKLMNOPQRSTUVXYZ 2 (39,5) - (345,18)
08-21 20:14:30.151  7730  7730 D MLKit   : parseElement 0123456789 (39,5) - (117,18)
08-21 20:14:30.151  7730  7730 D MLKit   : parseElement ABCDEFGHIJKLMNOPQRSTUVXYZ (121,5) - (345,18)
08-21 20:14:30.164  7730  7773 I Unity   : MLKitWrapper.OnComplete: json
08-21 20:14:30.164  7730  7773 I Unity   : {"requestId":86,"text":{"text":"0123456789 ABCDEFGHIJKLMNOPQRSTUVXYZ","textBlocks":[{"boundingBox":{"bottom":18,"left":39,"right":345,"top":5},"cornerPoints":[{"x":39,"y":5},{"x":345,"y":5},{"x":345,"y":18},{"x":39,"y":18}],"lines":[{"boundingBox":{"bottom":18,"left":39,"right":345,"top":5},"cornerPoints":[{"x":39,"y":5},{"x":345,"y":5},{"x":345,"y":18},{"x":39,"y":18}],"elements":[{"boundingBox":{"bottom":18,"left":39,"right":117,"top":5},"cornerPoints":[{"x":39,"y":5},{"x":117,"y":5},{"x":117,"y":18},{"x":39,"y":18}],"recognizedLanguage":"en","text":"0123456789"},{"boundingBox":{"bottom":18,"left":121,"right":345,"top":5},"cornerPoints":[{"x":121,"y":5},{"x":345,"y":5},{"x":345,"y":18},{"x":121,"y":18}],"recognizedLanguage":"en","text":"ABCDEFGHIJKLMNOPQRSTUVXYZ"}],"recognizedLanguage":"en","text":"0123456789 ABCDEFGHIJKLMNOPQRSTUVXYZ"}],"recognizedLanguage":"en","text":"0123456789 ABCDEFGHIJKLMNOPQRSTUVXYZ"}]}}
08-21 20:14:30.316  7730  7730 D MLKit   : parseText 0123456789 ABCDEFGHIJKLMNOPQRSTUVXYZ 1
08-21 20:14:30.317  7730  7730 D MLKit   : parseTextBlock 0123456789 ABCDEFGHIJKLMNOPQRSTUVXYZ 1 (39,5) - (345,18)
08-21 20:14:30.317  7730  7730 D MLKit   : parseLine 0123456789 ABCDEFGHIJKLMNOPQRSTUVXYZ 2 (39,5) - (345,18)
08-21 20:14:30.317  7730  7730 D MLKit   : parseElement 0123456789 (39,5) - (117,18)
08-21 20:14:30.317  7730  7730 D MLKit   : parseElement ABCDEFGHIJKLMNOPQRSTUVXYZ (121,5) - (345,18)
08-21 20:14:30.324  7730  7773 I Unity   : MLKitWrapper.OnComplete: json
08-21 20:14:30.324  7730  7773 I Unity   : {"requestId":87,"text":{"text":"0123456789 ABCDEFGHIJKLMNOPQRSTUVXYZ","textBlocks":[{"boundingBox":{"bottom":18,"left":39,"right":345,"top":5},"cornerPoints":[{"x":39,"y":5},{"x":345,"y":5},{"x":345,"y":18},{"x":39,"y":18}],"lines":[{"boundingBox":{"bottom":18,"left":39,"right":345,"top":5},"cornerPoints":[{"x":39,"y":5},{"x":345,"y":5},{"x":345,"y":18},{"x":39,"y":18}],"elements":[{"boundingBox":{"bottom":18,"left":39,"right":117,"top":5},"cornerPoints":[{"x":39,"y":5},{"x":117,"y":5},{"x":117,"y":18},{"x":39,"y":18}],"recognizedLanguage":"en","text":"0123456789"},{"boundingBox":{"bottom":18,"left":121,"right":345,"top":5},"cornerPoints":[{"x":121,"y":5},{"x":345,"y":5},{"x":345,"y":18},{"x":121,"y":18}],"recognizedLanguage":"en","text":"ABCDEFGHIJKLMNOPQRSTUVXYZ"}],"recognizedLanguage":"en","text":"0123456789 ABCDEFGHIJKLMNOPQRSTUVXYZ"}],"recognizedLanguage":"en","text":"0123456789 ABCDEFGHIJKLMNOPQRSTUVXYZ"}]}}
08-21 20:14:30.326  7730  7773 E Unity   : 	Success 1 0123456789 ABCDEFGHIJKLMNOPQRSTUVXYZ
08-21 20:14:30.326  7730  7773 E Unity   : MLKitWrapper:OnComplete(String)
08-21 20:14:30.326  7730  7773 E Unity   : 
08-21 20:14:30.335  7730  7773 I Unity   : MLKit: GetResult() : id=-2147483648
08-21 20:14:30.335  7730  7773 I Unity   : MLKit: Abort id=-2147483648
08-21 20:14:30.336  7730  7773 I Unity   : Evaluation: words=2 zones=1 5 5
08-21 20:14:30.337  7730  7773 I Unity   : Word: 0123456789 -> (39.00, 5.00) (117.00, 18.00)
08-21 20:14:30.337  7730  7773 I Unity   : 	Zone: 0 (210.00, 48.00) (384.00, 168.00) collide:False
08-21 20:14:30.337  7730  7773 I Unity   : Word: ABCDEFGHIJKLMNOPQRSTUVXYZ -> (121.00, 5.00) (345.00, 18.00)
08-21 20:14:30.337  7730  7773 I Unity   : 	Zone: 0 (210.00, 48.00) (384.00, 168.00) collide:False
08-21 20:14:30.353  7730  7773 I Unity   : 3798 : CoRequestEvaluation
08-21 20:14:30.354  7730  7773 I Unity   : Cont. 29.34487/800	6/75-80
08-21 20:14:30.419  7730  7773 I Unity   : MLKit Recognize: 384x216 pixelCount=82944 id=88
08-21 20:14:30.450  7730  7773 D MLKit   : input 384x216 pixelCount=82944 id=88
08-21 20:14:30.645  7730  7730 D MLKit   : parseText 0123456789 ABCDEFGHIJKLMNOPQRSTUVXYZ 1
08-21 20:14:30.645  7730  7730 D MLKit   : parseTextBlock 0123456789 ABCDEFGHIJKLMNOPQRSTUVXYZ 1 (39,5) - (345,18)
08-21 20:14:30.645  7730  7730 D MLKit   : parseLine 0123456789 ABCDEFGHIJKLMNOPQRSTUVXYZ 2 (39,5) - (345,18)
08-21 20:14:30.645  7730  7730 D MLKit   : parseElement 0123456789 (39,5) - (117,18)
08-21 20:14:30.645  7730  7730 D MLKit   : parseElement ABCDEFGHIJKLMNOPQRSTUVXYZ (121,5) - (345,18)
08-21 20:14:30.651  7730  7773 I Unity   : MLKitWrapper.OnComplete: json
08-21 20:14:30.651  7730  7773 I Unity   : {"requestId":88,"text":{"text":"0123456789 ABCDEFGHIJKLMNOPQRSTUVXYZ","textBlocks":[{"boundingBox":{"bottom":18,"left":39,"right":345,"top":5},"cornerPoints":[{"x":39,"y":5},{"x":345,"y":5},{"x":345,"y":18},{"x":39,"y":18}],"lines":[{"boundingBox":{"bottom":18,"left":39,"right":345,"top":5},"cornerPoints":[{"x":39,"y":5},{"x":345,"y":5},{"x":345,"y":18},{"x":39,"y":18}],"elements":[{"boundingBox":{"bottom":18,"left":39,"right":117,"top":5},"cornerPoints":[{"x":39,"y":5},{"x":117,"y":5},{"x":117,"y":18},{"x":39,"y":18}],"recognizedLanguage":"en","text":"0123456789"},{"boundingBox":{"bottom":18,"left":121,"right":345,"top":5},"cornerPoints":[{"x":121,"y":5},{"x":345,"y":5},{"x":345,"y":18},{"x":121,"y":18}],"recognizedLanguage":"en","text":"ABCDEFGHIJKLMNOPQRSTUVXYZ"}],"recognizedLanguage":"en","text":"0123456789 ABCDEFGHIJKLMNOPQRSTUVXYZ"}],"recognizedLanguage":"en","text":"0123456789 ABCDEFGHIJKLMNOPQRSTUVXYZ"}]}}
08-21 20:14:30.652  7730  7773 E Unity   : 	Success 1 0123456789 ABCDEFGHIJKLMNOPQRSTUVXYZ
08-21 20:14:30.652  7730  7773 E Unity   : MLKitWrapper:OnComplete(String)
08-21 20:14:30.652  7730  7773 E Unity   : 
08-21 20:14:30.666  7730  7773 I Unity   : MLKit: GetResult() : id=-2147483648
08-21 20:14:30.666  7730  7773 I Unity   : MLKit: Abort id=-2147483648
08-21 20:14:30.684  7730  7773 I Unity   : 3814 : CoRequestEvaluation
