08-14 23:01:34.851  1469  1487 E NotiHistoryDatabase: Cannot open /data/system_ce/0/notification_history/history/1660099495995
08-14 23:01:34.851  1469  1487 E NotiHistoryDatabase: java.io.FileNotFoundException: /data/system_ce/0/notification_history/history/1660099495995: open failed: ENOENT (No such file or directory)
08-14 23:01:34.851  1469  1487 E NotiHistoryDatabase: 	at libcore.io.IoBridge.open(IoBridge.java:492)
08-14 23:01:34.851  1469  1487 E NotiHistoryDatabase: 	at java.io.FileInputStream.<init>(FileInputStream.java:160)
08-14 23:01:34.851  1469  1487 E NotiHistoryDatabase: 	at android.util.AtomicFile.openRead(AtomicFile.java:234)
08-14 23:01:34.851  1469  1487 E NotiHistoryDatabase: 	at com.android.server.notification.NotificationHistoryDatabase.readLocked(NotificationHistoryDatabase.java:320)
08-14 23:01:34.851  1469  1487 E NotiHistoryDatabase: 	at com.android.server.notification.NotificationHistoryDatabase.access$600(NotificationHistoryDatabase.java:60)
08-14 23:01:34.851  1469  1487 E NotiHistoryDatabase: 	at com.android.server.notification.NotificationHistoryDatabase$RemoveConversationRunnable.run(NotificationHistoryDatabase.java:497)
08-14 23:01:34.851  1469  1487 E NotiHistoryDatabase: 	at android.os.Handler.handleCallback(Handler.java:938)
08-14 23:01:34.851  1469  1487 E NotiHistoryDatabase: 	at android.os.Handler.dispatchMessage(Handler.java:99)
08-14 23:01:34.851  1469  1487 E NotiHistoryDatabase: 	at android.os.Looper.loop(Looper.java:223)
08-14 23:01:34.851  1469  1487 E NotiHistoryDatabase: 	at android.os.HandlerThread.run(HandlerThread.java:67)
08-14 23:01:34.851  1469  1487 E NotiHistoryDatabase: 	at com.android.server.ServiceThread.run(ServiceThread.java:44)
08-14 23:01:34.851  1469  1487 E NotiHistoryDatabase: Caused by: android.system.ErrnoException: open failed: ENOENT (No such file or directory)
08-14 23:01:34.851  1469  1487 E NotiHistoryDatabase: 	at libcore.io.Linux.open(Native Method)
08-14 23:01:34.851  1469  1487 E NotiHistoryDatabase: 	at libcore.io.ForwardingOs.open(ForwardingOs.java:166)
08-14 23:01:34.851  1469  1487 E NotiHistoryDatabase: 	at libcore.io.BlockGuardOs.open(BlockGuardOs.java:254)
08-14 23:01:34.851  1469  1487 E NotiHistoryDatabase: 	at libcore.io.IoBridge.open(IoBridge.java:478)
08-14 23:01:34.851  1469  1487 E NotiHistoryDatabase: 	... 10 more
08-14 23:01:34.851  1469  1487 E NotiHistoryDatabase: Cannot clean up file on conversation removal 1660099495995
08-14 23:01:34.851  1469  1487 E NotiHistoryDatabase: java.io.FileNotFoundException: /data/system_ce/0/notification_history/history/1660099495995: open failed: ENOENT (No such file or directory)
08-14 23:01:34.851  1469  1487 E NotiHistoryDatabase: 	at libcore.io.IoBridge.open(IoBridge.java:492)
08-14 23:01:34.851  1469  1487 E NotiHistoryDatabase: 	at java.io.FileInputStream.<init>(FileInputStream.java:160)
08-14 23:01:34.851  1469  1487 E NotiHistoryDatabase: 	at android.util.AtomicFile.openRead(AtomicFile.java:234)
08-14 23:01:34.851  1469  1487 E NotiHistoryDatabase: 	at com.android.server.notification.NotificationHistoryDatabase.readLocked(NotificationHistoryDatabase.java:320)
08-14 23:01:34.851  1469  1487 E NotiHistoryDatabase: 	at com.android.server.notification.NotificationHistoryDatabase.access$600(NotificationHistoryDatabase.java:60)
08-14 23:01:34.851  1469  1487 E NotiHistoryDatabase: 	at com.android.server.notification.NotificationHistoryDatabase$RemoveConversationRunnable.run(NotificationHistoryDatabase.java:497)
08-14 23:01:34.851  1469  1487 E NotiHistoryDatabase: 	at android.os.Handler.handleCallback(Handler.java:938)
08-14 23:01:34.851  1469  1487 E NotiHistoryDatabase: 	at android.os.Handler.dispatchMessage(Handler.java:99)
08-14 23:01:34.851  1469  1487 E NotiHistoryDatabase: 	at android.os.Looper.loop(Looper.java:223)
08-14 23:01:34.851  1469  1487 E NotiHistoryDatabase: 	at android.os.HandlerThread.run(HandlerThread.java:67)
08-14 23:01:34.851  1469  1487 E NotiHistoryDatabase: 	at com.android.server.ServiceThread.run(ServiceThread.java:44)
08-14 23:01:34.851  1469  1487 E NotiHistoryDatabase: Caused by: android.system.ErrnoException: open failed: ENOENT (No such file or directory)
08-14 23:01:34.851  1469  1487 E NotiHistoryDatabase: 	at libcore.io.Linux.open(Native Method)
08-14 23:01:34.851  1469  1487 E NotiHistoryDatabase: 	at libcore.io.ForwardingOs.open(ForwardingOs.java:166)
08-14 23:01:34.851  1469  1487 E NotiHistoryDatabase: 	at libcore.io.BlockGuardOs.open(BlockGuardOs.java:254)
08-14 23:01:34.851  1469  1487 E NotiHistoryDatabase: 	at libcore.io.IoBridge.open(IoBridge.java:478)
08-14 23:01:34.851  1469  1487 E NotiHistoryDatabase: 	... 10 more
08-14 23:01:34.852  1469  1487 E NotiHistoryDatabase: Cannot open /data/system_ce/0/notification_history/history/1660092948487
08-14 23:01:34.852  1469  1487 E NotiHistoryDatabase: java.io.FileNotFoundException: /data/system_ce/0/notification_history/history/1660092948487: open failed: ENOENT (No such file or directory)
08-14 23:01:34.852  1469  1487 E NotiHistoryDatabase: 	at libcore.io.IoBridge.open(IoBridge.java:492)
08-14 23:01:34.852  1469  1487 E NotiHistoryDatabase: 	at java.io.FileInputStream.<init>(FileInputStream.java:160)
08-14 23:01:34.852  1469  1487 E NotiHistoryDatabase: 	at android.util.AtomicFile.openRead(AtomicFile.java:234)
08-14 23:01:34.852  1469  1487 E NotiHistoryDatabase: 	at com.android.server.notification.NotificationHistoryDatabase.readLocked(NotificationHistoryDatabase.java:320)
08-14 23:01:34.852  1469  1487 E NotiHistoryDatabase: 	at com.android.server.notification.NotificationHistoryDatabase.access$600(NotificationHistoryDatabase.java:60)
08-14 23:01:34.852  1469  1487 E NotiHistoryDatabase: 	at com.android.server.notification.NotificationHistoryDatabase$RemoveConversationRunnable.run(NotificationHistoryDatabase.java:497)
08-14 23:01:34.852  1469  1487 E NotiHistoryDatabase: 	at android.os.Handler.handleCallback(Handler.java:938)
08-14 23:01:34.852  1469  1487 E NotiHistoryDatabase: 	at android.os.Handler.dispatchMessage(Handler.java:99)
08-14 23:01:34.852  1469  1487 E NotiHistoryDatabase: 	at android.os.Looper.loop(Looper.java:223)
08-14 23:01:34.852  1469  1487 E NotiHistoryDatabase: 	at android.os.HandlerThread.run(HandlerThread.java:67)
08-14 23:01:34.852  1469  1487 E NotiHistoryDatabase: 	at com.android.server.ServiceThread.run(ServiceThread.java:44)
08-14 23:01:34.852  1469  1487 E NotiHistoryDatabase: Caused by: android.system.ErrnoException: open failed: ENOENT (No such file or directory)
08-14 23:01:34.852  1469  1487 E NotiHistoryDatabase: 	at libcore.io.Linux.open(Native Method)
08-14 23:01:34.852  1469  1487 E NotiHistoryDatabase: 	at libcore.io.ForwardingOs.open(ForwardingOs.java:166)
08-14 23:01:34.852  1469  1487 E NotiHistoryDatabase: 	at libcore.io.BlockGuardOs.open(BlockGuardOs.java:254)
08-14 23:01:34.852  1469  1487 E NotiHistoryDatabase: 	at libcore.io.IoBridge.open(IoBridge.java:478)
08-14 23:01:34.852  1469  1487 E NotiHistoryDatabase: 	... 10 more
08-14 23:01:34.852  1469  1487 E NotiHistoryDatabase: Cannot clean up file on conversation removal 1660092948487
08-14 23:01:34.852  1469  1487 E NotiHistoryDatabase: java.io.FileNotFoundException: /data/system_ce/0/notification_history/history/1660092948487: open failed: ENOENT (No such file or directory)
08-14 23:01:34.852  1469  1487 E NotiHistoryDatabase: 	at libcore.io.IoBridge.open(IoBridge.java:492)
08-14 23:01:34.852  1469  1487 E NotiHistoryDatabase: 	at java.io.FileInputStream.<init>(FileInputStream.java:160)
08-14 23:01:34.852  1469  1487 E NotiHistoryDatabase: 	at android.util.AtomicFile.openRead(AtomicFile.java:234)
08-14 23:01:34.852  1469  1487 E NotiHistoryDatabase: 	at com.android.server.notification.NotificationHistoryDatabase.readLocked(NotificationHistoryDatabase.java:320)
08-14 23:01:34.852  1469  1487 E NotiHistoryDatabase: 	at com.android.server.notification.NotificationHistoryDatabase.access$600(NotificationHistoryDatabase.java:60)
08-14 23:01:34.852  1469  1487 E NotiHistoryDatabase: 	at com.android.server.notification.NotificationHistoryDatabase$RemoveConversationRunnable.run(NotificationHistoryDatabase.java:497)
08-14 23:01:34.852  1469  1487 E NotiHistoryDatabase: 	at android.os.Handler.handleCallback(Handler.java:938)
08-14 23:01:34.852  1469  1487 E NotiHistoryDatabase: 	at android.os.Handler.dispatchMessage(Handler.java:99)
08-14 23:01:34.852  1469  1487 E NotiHistoryDatabase: 	at android.os.Looper.loop(Looper.java:223)
08-14 23:01:34.852  1469  1487 E NotiHistoryDatabase: 	at android.os.HandlerThread.run(HandlerThread.java:67)
08-14 23:01:34.852  1469  1487 E NotiHistoryDatabase: 	at com.android.server.ServiceThread.run(ServiceThread.java:44)
08-14 23:01:34.852  1469  1487 E NotiHistoryDatabase: Caused by: android.system.ErrnoException: open failed: ENOENT (No such file or directory)
08-14 23:01:34.852  1469  1487 E NotiHistoryDatabase: 	at libcore.io.Linux.open(Native Method)
08-14 23:01:34.852  1469  1487 E NotiHistoryDatabase: 	at libcore.io.ForwardingOs.open(ForwardingOs.java:166)
08-14 23:01:34.852  1469  1487 E NotiHistoryDatabase: 	at libcore.io.BlockGuardOs.open(BlockGuardOs.java:254)
08-14 23:01:34.852  1469  1487 E NotiHistoryDatabase: 	at libcore.io.IoBridge.open(IoBridge.java:478)
08-14 23:01:34.852  1469  1487 E NotiHistoryDatabase: 	... 10 more
08-14 23:01:34.853  1469  1487 E NotiHistoryDatabase: Cannot open /data/system_ce/0/notification_history/history/1660048746669
08-14 23:01:34.853  1469  1487 E NotiHistoryDatabase: java.io.FileNotFoundException: /data/system_ce/0/notification_history/history/1660048746669: open failed: ENOENT (No such file or directory)
08-14 23:01:34.853  1469  1487 E NotiHistoryDatabase: 	at libcore.io.IoBridge.open(IoBridge.java:492)
08-14 23:01:34.853  1469  1487 E NotiHistoryDatabase: 	at java.io.FileInputStream.<init>(FileInputStream.java:160)
08-14 23:01:34.853  1469  1487 E NotiHistoryDatabase: 	at android.util.AtomicFile.openRead(AtomicFile.java:234)
08-14 23:01:34.853  1469  1487 E NotiHistoryDatabase: 	at com.android.server.notification.NotificationHistoryDatabase.readLocked(NotificationHistoryDatabase.java:320)
08-14 23:01:34.853  1469  1487 E NotiHistoryDatabase: 	at com.android.server.notification.NotificationHistoryDatabase.access$600(NotificationHistoryDatabase.java:60)
08-14 23:01:34.853  1469  1487 E NotiHistoryDatabase: 	at com.android.server.notification.NotificationHistoryDatabase$RemoveConversationRunnable.run(NotificationHistoryDatabase.java:497)
08-14 23:01:34.853  1469  1487 E NotiHistoryDatabase: 	at android.os.Handler.handleCallback(Handler.java:938)
08-14 23:01:34.853  1469  1487 E NotiHistoryDatabase: 	at android.os.Handler.dispatchMessage(Handler.java:99)
08-14 23:01:34.853  1469  1487 E NotiHistoryDatabase: 	at android.os.Looper.loop(Looper.java:223)
08-14 23:01:34.853  1469  1487 E NotiHistoryDatabase: 	at android.os.HandlerThread.run(HandlerThread.java:67)
08-14 23:01:34.853  1469  1487 E NotiHistoryDatabase: 	at com.android.server.ServiceThread.run(ServiceThread.java:44)
08-14 23:01:34.853  1469  1487 E NotiHistoryDatabase: Caused by: android.system.ErrnoException: open failed: ENOENT (No such file or directory)
08-14 23:01:34.853  1469  1487 E NotiHistoryDatabase: 	at libcore.io.Linux.open(Native Method)
08-14 23:01:34.853  1469  1487 E NotiHistoryDatabase: 	at libcore.io.ForwardingOs.open(ForwardingOs.java:166)
08-14 23:01:34.853  1469  1487 E NotiHistoryDatabase: 	at libcore.io.BlockGuardOs.open(BlockGuardOs.java:254)
08-14 23:01:34.853  1469  1487 E NotiHistoryDatabase: 	at libcore.io.IoBridge.open(IoBridge.java:478)
08-14 23:01:34.853  1469  1487 E NotiHistoryDatabase: 	... 10 more
08-14 23:01:34.854  1469  1487 E NotiHistoryDatabase: Cannot clean up file on conversation removal 1660048746669
08-14 23:01:34.854  1469  1487 E NotiHistoryDatabase: java.io.FileNotFoundException: /data/system_ce/0/notification_history/history/1660048746669: open failed: ENOENT (No such file or directory)
08-14 23:01:34.854  1469  1487 E NotiHistoryDatabase: 	at libcore.io.IoBridge.open(IoBridge.java:492)
08-14 23:01:34.854  1469  1487 E NotiHistoryDatabase: 	at java.io.FileInputStream.<init>(FileInputStream.java:160)
08-14 23:01:34.854  1469  1487 E NotiHistoryDatabase: 	at android.util.AtomicFile.openRead(AtomicFile.java:234)
08-14 23:01:34.854  1469  1487 E NotiHistoryDatabase: 	at com.android.server.notification.NotificationHistoryDatabase.readLocked(NotificationHistoryDatabase.java:320)
08-14 23:01:34.854  1469  1487 E NotiHistoryDatabase: 	at com.android.server.notification.NotificationHistoryDatabase.access$600(NotificationHistoryDatabase.java:60)
08-14 23:01:34.854  1469  1487 E NotiHistoryDatabase: 	at com.android.server.notification.NotificationHistoryDatabase$RemoveConversationRunnable.run(NotificationHistoryDatabase.java:497)
08-14 23:01:34.854  1469  1487 E NotiHistoryDatabase: 	at android.os.Handler.handleCallback(Handler.java:938)
08-14 23:01:34.854  1469  1487 E NotiHistoryDatabase: 	at android.os.Handler.dispatchMessage(Handler.java:99)
08-14 23:01:34.854  1469  1487 E NotiHistoryDatabase: 	at android.os.Looper.loop(Looper.java:223)
08-14 23:01:34.854  1469  1487 E NotiHistoryDatabase: 	at android.os.HandlerThread.run(HandlerThread.java:67)
08-14 23:01:34.854  1469  1487 E NotiHistoryDatabase: 	at com.android.server.ServiceThread.run(ServiceThread.java:44)
08-14 23:01:34.854  1469  1487 E NotiHistoryDatabase: Caused by: android.system.ErrnoException: open failed: ENOENT (No such file or directory)
08-14 23:01:34.854  1469  1487 E NotiHistoryDatabase: 	at libcore.io.Linux.open(Native Method)
08-14 23:01:34.854  1469  1487 E NotiHistoryDatabase: 	at libcore.io.ForwardingOs.open(ForwardingOs.java:166)
08-14 23:01:34.854  1469  1487 E NotiHistoryDatabase: 	at libcore.io.BlockGuardOs.open(BlockGuardOs.java:254)
08-14 23:01:34.854  1469  1487 E NotiHistoryDatabase: 	at libcore.io.IoBridge.open(IoBridge.java:478)
08-14 23:01:34.854  1469  1487 E NotiHistoryDatabase: 	... 10 more
08-14 23:01:34.854  1469  1487 E NotiHistoryDatabase: Cannot open /data/system_ce/0/notification_history/history/1660043374594
08-14 23:01:34.854  1469  1487 E NotiHistoryDatabase: java.io.FileNotFoundException: /data/system_ce/0/notification_history/history/1660043374594: open failed: ENOENT (No such file or directory)
08-14 23:01:34.854  1469  1487 E NotiHistoryDatabase: 	at libcore.io.IoBridge.open(IoBridge.java:492)
08-14 23:01:34.854  1469  1487 E NotiHistoryDatabase: 	at java.io.FileInputStream.<init>(FileInputStream.java:160)
08-14 23:01:34.854  1469  1487 E NotiHistoryDatabase: 	at android.util.AtomicFile.openRead(AtomicFile.java:234)
08-14 23:01:34.854  1469  1487 E NotiHistoryDatabase: 	at com.android.server.notification.NotificationHistoryDatabase.readLocked(NotificationHistoryDatabase.java:320)
08-14 23:01:34.854  1469  1487 E NotiHistoryDatabase: 	at com.android.server.notification.NotificationHistoryDatabase.access$600(NotificationHistoryDatabase.java:60)
08-14 23:01:34.854  1469  1487 E NotiHistoryDatabase: 	at com.android.server.notification.NotificationHistoryDatabase$RemoveConversationRunnable.run(NotificationHistoryDatabase.java:497)
08-14 23:01:34.854  1469  1487 E NotiHistoryDatabase: 	at android.os.Handler.handleCallback(Handler.java:938)
08-14 23:01:34.854  1469  1487 E NotiHistoryDatabase: 	at android.os.Handler.dispatchMessage(Handler.java:99)
08-14 23:01:34.854  1469  1487 E NotiHistoryDatabase: 	at android.os.Looper.loop(Looper.java:223)
08-14 23:01:34.854  1469  1487 E NotiHistoryDatabase: 	at android.os.HandlerThread.run(HandlerThread.java:67)
08-14 23:01:34.854  1469  1487 E NotiHistoryDatabase: 	at com.android.server.ServiceThread.run(ServiceThread.java:44)
08-14 23:01:34.854  1469  1487 E NotiHistoryDatabase: Caused by: android.system.ErrnoException: open failed: ENOENT (No such file or directory)
08-14 23:01:34.854  1469  1487 E NotiHistoryDatabase: 	at libcore.io.Linux.open(Native Method)
08-14 23:01:34.854  1469  1487 E NotiHistoryDatabase: 	at libcore.io.ForwardingOs.open(ForwardingOs.java:166)
08-14 23:01:34.854  1469  1487 E NotiHistoryDatabase: 	at libcore.io.BlockGuardOs.open(BlockGuardOs.java:254)
08-14 23:01:34.854  1469  1487 E NotiHistoryDatabase: 	at libcore.io.IoBridge.open(IoBridge.java:478)
08-14 23:01:34.854  1469  1487 E NotiHistoryDatabase: 	... 10 more
08-14 23:01:34.855  1469  1487 E NotiHistoryDatabase: Cannot clean up file on conversation removal 1660043374594
08-14 23:01:34.855  1469  1487 E NotiHistoryDatabase: java.io.FileNotFoundException: /data/system_ce/0/notification_history/history/1660043374594: open failed: ENOENT (No such file or directory)
08-14 23:01:34.855  1469  1487 E NotiHistoryDatabase: 	at libcore.io.IoBridge.open(IoBridge.java:492)
08-14 23:01:34.855  1469  1487 E NotiHistoryDatabase: 	at java.io.FileInputStream.<init>(FileInputStream.java:160)
08-14 23:01:34.855  1469  1487 E NotiHistoryDatabase: 	at android.util.AtomicFile.openRead(AtomicFile.java:234)
08-14 23:01:34.855  1469  1487 E NotiHistoryDatabase: 	at com.android.server.notification.NotificationHistoryDatabase.readLocked(NotificationHistoryDatabase.java:320)
08-14 23:01:34.855  1469  1487 E NotiHistoryDatabase: 	at com.android.server.notification.NotificationHistoryDatabase.access$600(NotificationHistoryDatabase.java:60)
08-14 23:01:34.855  1469  1487 E NotiHistoryDatabase: 	at com.android.server.notification.NotificationHistoryDatabase$RemoveConversationRunnable.run(NotificationHistoryDatabase.java:497)
08-14 23:01:34.855  1469  1487 E NotiHistoryDatabase: 	at android.os.Handler.handleCallback(Handler.java:938)
08-14 23:01:34.855  1469  1487 E NotiHistoryDatabase: 	at android.os.Handler.dispatchMessage(Handler.java:99)
08-14 23:01:34.855  1469  1487 E NotiHistoryDatabase: 	at android.os.Looper.loop(Looper.java:223)
08-14 23:01:34.855  1469  1487 E NotiHistoryDatabase: 	at android.os.HandlerThread.run(HandlerThread.java:67)
08-14 23:01:34.855  1469  1487 E NotiHistoryDatabase: 	at com.android.server.ServiceThread.run(ServiceThread.java:44)
08-14 23:01:34.855  1469  1487 E NotiHistoryDatabase: Caused by: android.system.ErrnoException: open failed: ENOENT (No such file or directory)
08-14 23:01:34.855  1469  1487 E NotiHistoryDatabase: 	at libcore.io.Linux.open(Native Method)
08-14 23:01:34.855  1469  1487 E NotiHistoryDatabase: 	at libcore.io.ForwardingOs.open(ForwardingOs.java:166)
08-14 23:01:34.855  1469  1487 E NotiHistoryDatabase: 	at libcore.io.BlockGuardOs.open(BlockGuardOs.java:254)
08-14 23:01:34.855  1469  1487 E NotiHistoryDatabase: 	at libcore.io.IoBridge.open(IoBridge.java:478)
08-14 23:01:34.855  1469  1487 E NotiHistoryDatabase: 	... 10 more
08-14 23:01:34.856  1469  1487 E NotiHistoryDatabase: Cannot open /data/system_ce/0/notification_history/history/1660038153823
08-14 23:01:34.856  1469  1487 E NotiHistoryDatabase: java.io.FileNotFoundException: /data/system_ce/0/notification_history/history/1660038153823: open failed: ENOENT (No such file or directory)
08-14 23:01:34.856  1469  1487 E NotiHistoryDatabase: 	at libcore.io.IoBridge.open(IoBridge.java:492)
08-14 23:01:34.856  1469  1487 E NotiHistoryDatabase: 	at java.io.FileInputStream.<init>(FileInputStream.java:160)
08-14 23:01:34.856  1469  1487 E NotiHistoryDatabase: 	at android.util.AtomicFile.openRead(AtomicFile.java:234)
08-14 23:01:34.856  1469  1487 E NotiHistoryDatabase: 	at com.android.server.notification.NotificationHistoryDatabase.readLocked(NotificationHistoryDatabase.java:320)
08-14 23:01:34.856  1469  1487 E NotiHistoryDatabase: 	at com.android.server.notification.NotificationHistoryDatabase.access$600(NotificationHistoryDatabase.java:60)
08-14 23:01:34.856  1469  1487 E NotiHistoryDatabase: 	at com.android.server.notification.NotificationHistoryDatabase$RemoveConversationRunnable.run(NotificationHistoryDatabase.java:497)
08-14 23:01:34.856  1469  1487 E NotiHistoryDatabase: 	at android.os.Handler.handleCallback(Handler.java:938)
08-14 23:01:34.856  1469  1487 E NotiHistoryDatabase: 	at android.os.Handler.dispatchMessage(Handler.java:99)
08-14 23:01:34.856  1469  1487 E NotiHistoryDatabase: 	at android.os.Looper.loop(Looper.java:223)
08-14 23:01:34.856  1469  1487 E NotiHistoryDatabase: 	at android.os.HandlerThread.run(HandlerThread.java:67)
08-14 23:01:34.856  1469  1487 E NotiHistoryDatabase: 	at com.android.server.ServiceThread.run(ServiceThread.java:44)
08-14 23:01:34.856  1469  1487 E NotiHistoryDatabase: Caused by: android.system.ErrnoException: open failed: ENOENT (No such file or directory)
08-14 23:01:34.856  1469  1487 E NotiHistoryDatabase: 	at libcore.io.Linux.open(Native Method)
08-14 23:01:34.856  1469  1487 E NotiHistoryDatabase: 	at libcore.io.ForwardingOs.open(ForwardingOs.java:166)
08-14 23:01:34.856  1469  1487 E NotiHistoryDatabase: 	at libcore.io.BlockGuardOs.open(BlockGuardOs.java:254)
08-14 23:01:34.856  1469  1487 E NotiHistoryDatabase: 	at libcore.io.IoBridge.open(IoBridge.java:478)
08-14 23:01:34.856  1469  1487 E NotiHistoryDatabase: 	... 10 more
08-14 23:01:34.856  1469  1487 E NotiHistoryDatabase: Cannot clean up file on conversation removal 1660038153823
08-14 23:01:34.856  1469  1487 E NotiHistoryDatabase: java.io.FileNotFoundException: /data/system_ce/0/notification_history/history/1660038153823: open failed: ENOENT (No such file or directory)
08-14 23:01:34.856  1469  1487 E NotiHistoryDatabase: 	at libcore.io.IoBridge.open(IoBridge.java:492)
08-14 23:01:34.856  1469  1487 E NotiHistoryDatabase: 	at java.io.FileInputStream.<init>(FileInputStream.java:160)
08-14 23:01:34.856  1469  1487 E NotiHistoryDatabase: 	at android.util.AtomicFile.openRead(AtomicFile.java:234)
08-14 23:01:34.856  1469  1487 E NotiHistoryDatabase: 	at com.android.server.notification.NotificationHistoryDatabase.readLocked(NotificationHistoryDatabase.java:320)
08-14 23:01:34.856  1469  1487 E NotiHistoryDatabase: 	at com.android.server.notification.NotificationHistoryDatabase.access$600(NotificationHistoryDatabase.java:60)
08-14 23:01:34.856  1469  1487 E NotiHistoryDatabase: 	at com.android.server.notification.NotificationHistoryDatabase$RemoveConversationRunnable.run(NotificationHistoryDatabase.java:497)
08-14 23:01:34.856  1469  1487 E NotiHistoryDatabase: 	at android.os.Handler.handleCallback(Handler.java:938)
08-14 23:01:34.856  1469  1487 E NotiHistoryDatabase: 	at android.os.Handler.dispatchMessage(Handler.java:99)
08-14 23:01:34.856  1469  1487 E NotiHistoryDatabase: 	at android.os.Looper.loop(Looper.java:223)
08-14 23:01:34.856  1469  1487 E NotiHistoryDatabase: 	at android.os.HandlerThread.run(HandlerThread.java:67)
08-14 23:01:34.856  1469  1487 E NotiHistoryDatabase: 	at com.android.server.ServiceThread.run(ServiceThread.java:44)
08-14 23:01:34.856  1469  1487 E NotiHistoryDatabase: Caused by: android.system.ErrnoException: open failed: ENOENT (No such file or directory)
08-14 23:01:34.856  1469  1487 E NotiHistoryDatabase: 	at libcore.io.Linux.open(Native Method)
08-14 23:01:34.856  1469  1487 E NotiHistoryDatabase: 	at libcore.io.ForwardingOs.open(ForwardingOs.java:166)
08-14 23:01:34.856  1469  1487 E NotiHistoryDatabase: 	at libcore.io.BlockGuardOs.open(BlockGuardOs.java:254)
08-14 23:01:34.856  1469  1487 E NotiHistoryDatabase: 	at libcore.io.IoBridge.open(IoBridge.java:478)
08-14 23:01:34.856  1469  1487 E NotiHistoryDatabase: 	... 10 more
08-14 23:01:34.857  1469  1487 E NotiHistoryDatabase: Cannot open /data/system_ce/0/notification_history/history/1660007951572
08-14 23:01:34.857  1469  1487 E NotiHistoryDatabase: java.io.FileNotFoundException: /data/system_ce/0/notification_history/history/1660007951572: open failed: ENOENT (No such file or directory)
08-14 23:01:34.857  1469  1487 E NotiHistoryDatabase: 	at libcore.io.IoBridge.open(IoBridge.java:492)
08-14 23:01:34.857  1469  1487 E NotiHistoryDatabase: 	at java.io.FileInputStream.<init>(FileInputStream.java:160)
08-14 23:01:34.857  1469  1487 E NotiHistoryDatabase: 	at android.util.AtomicFile.openRead(AtomicFile.java:234)
08-14 23:01:34.857  1469  1487 E NotiHistoryDatabase: 	at com.android.server.notification.NotificationHistoryDatabase.readLocked(NotificationHistoryDatabase.java:320)
08-14 23:01:34.857  1469  1487 E NotiHistoryDatabase: 	at com.android.server.notification.NotificationHistoryDatabase.access$600(NotificationHistoryDatabase.java:60)
08-14 23:01:34.857  1469  1487 E NotiHistoryDatabase: 	at com.android.server.notification.NotificationHistoryDatabase$RemoveConversationRunnable.run(NotificationHistoryDatabase.java:497)
08-14 23:01:34.857  1469  1487 E NotiHistoryDatabase: 	at android.os.Handler.handleCallback(Handler.java:938)
08-14 23:01:34.857  1469  1487 E NotiHistoryDatabase: 	at android.os.Handler.dispatchMessage(Handler.java:99)
08-14 23:01:34.857  1469  1487 E NotiHistoryDatabase: 	at android.os.Looper.loop(Looper.java:223)
08-14 23:01:34.857  1469  1487 E NotiHistoryDatabase: 	at android.os.HandlerThread.run(HandlerThread.java:67)
08-14 23:01:34.857  1469  1487 E NotiHistoryDatabase: 	at com.android.server.ServiceThread.run(ServiceThread.java:44)
08-14 23:01:34.857  1469  1487 E NotiHistoryDatabase: Caused by: android.system.ErrnoException: open failed: ENOENT (No such file or directory)
08-14 23:01:34.857  1469  1487 E NotiHistoryDatabase: 	at libcore.io.Linux.open(Native Method)
08-14 23:01:34.857  1469  1487 E NotiHistoryDatabase: 	at libcore.io.ForwardingOs.open(ForwardingOs.java:166)
08-14 23:01:34.857  1469  1487 E NotiHistoryDatabase: 	at libcore.io.BlockGuardOs.open(BlockGuardOs.java:254)
08-14 23:01:34.857  1469  1487 E NotiHistoryDatabase: 	at libcore.io.IoBridge.open(IoBridge.java:478)
08-14 23:01:34.857  1469  1487 E NotiHistoryDatabase: 	... 10 more
08-14 23:01:34.857  1469  1487 E NotiHistoryDatabase: Cannot clean up file on conversation removal 1660007951572
08-14 23:01:34.857  1469  1487 E NotiHistoryDatabase: java.io.FileNotFoundException: /data/system_ce/0/notification_history/history/1660007951572: open failed: ENOENT (No such file or directory)
08-14 23:01:34.857  1469  1487 E NotiHistoryDatabase: 	at libcore.io.IoBridge.open(IoBridge.java:492)
08-14 23:01:34.857  1469  1487 E NotiHistoryDatabase: 	at java.io.FileInputStream.<init>(FileInputStream.java:160)
08-14 23:01:34.857  1469  1487 E NotiHistoryDatabase: 	at android.util.AtomicFile.openRead(AtomicFile.java:234)
08-14 23:01:34.857  1469  1487 E NotiHistoryDatabase: 	at com.android.server.notification.NotificationHistoryDatabase.readLocked(NotificationHistoryDatabase.java:320)
08-14 23:01:34.857  1469  1487 E NotiHistoryDatabase: 	at com.android.server.notification.NotificationHistoryDatabase.access$600(NotificationHistoryDatabase.java:60)
08-14 23:01:34.857  1469  1487 E NotiHistoryDatabase: 	at com.android.server.notification.NotificationHistoryDatabase$RemoveConversationRunnable.run(NotificationHistoryDatabase.java:497)
08-14 23:01:34.857  1469  1487 E NotiHistoryDatabase: 	at android.os.Handler.handleCallback(Handler.java:938)
08-14 23:01:34.857  1469  1487 E NotiHistoryDatabase: 	at android.os.Handler.dispatchMessage(Handler.java:99)
08-14 23:01:34.857  1469  1487 E NotiHistoryDatabase: 	at android.os.Looper.loop(Looper.java:223)
08-14 23:01:34.857  1469  1487 E NotiHistoryDatabase: 	at android.os.HandlerThread.run(HandlerThread.java:67)
08-14 23:01:34.857  1469  1487 E NotiHistoryDatabase: 	at com.android.server.ServiceThread.run(ServiceThread.java:44)
08-14 23:01:34.857  1469  1487 E NotiHistoryDatabase: Caused by: android.system.ErrnoException: open failed: ENOENT (No such file or directory)
08-14 23:01:34.857  1469  1487 E NotiHistoryDatabase: 	at libcore.io.Linux.open(Native Method)
08-14 23:01:34.857  1469  1487 E NotiHistoryDatabase: 	at libcore.io.ForwardingOs.open(ForwardingOs.java:166)
08-14 23:01:34.857  1469  1487 E NotiHistoryDatabase: 	at libcore.io.BlockGuardOs.open(BlockGuardOs.java:254)
08-14 23:01:34.857  1469  1487 E NotiHistoryDatabase: 	at libcore.io.IoBridge.open(IoBridge.java:478)
08-14 23:01:34.857  1469  1487 E NotiHistoryDatabase: 	... 10 more
08-14 23:01:34.858  1469  1487 E NotiHistoryDatabase: Cannot open /data/system_ce/0/notification_history/history/1659956984616
08-14 23:01:34.858  1469  1487 E NotiHistoryDatabase: java.io.FileNotFoundException: /data/system_ce/0/notification_history/history/1659956984616: open failed: ENOENT (No such file or directory)
08-14 23:01:34.858  1469  1487 E NotiHistoryDatabase: 	at libcore.io.IoBridge.open(IoBridge.java:492)
08-14 23:01:34.858  1469  1487 E NotiHistoryDatabase: 	at java.io.FileInputStream.<init>(FileInputStream.java:160)
08-14 23:01:34.858  1469  1487 E NotiHistoryDatabase: 	at android.util.AtomicFile.openRead(AtomicFile.java:234)
08-14 23:01:34.858  1469  1487 E NotiHistoryDatabase: 	at com.android.server.notification.NotificationHistoryDatabase.readLocked(NotificationHistoryDatabase.java:320)
08-14 23:01:34.858  1469  1487 E NotiHistoryDatabase: 	at com.android.server.notification.NotificationHistoryDatabase.access$600(NotificationHistoryDatabase.java:60)
08-14 23:01:34.858  1469  1487 E NotiHistoryDatabase: 	at com.android.server.notification.NotificationHistoryDatabase$RemoveConversationRunnable.run(NotificationHistoryDatabase.java:497)
08-14 23:01:34.858  1469  1487 E NotiHistoryDatabase: 	at android.os.Handler.handleCallback(Handler.java:938)
08-14 23:01:34.858  1469  1487 E NotiHistoryDatabase: 	at android.os.Handler.dispatchMessage(Handler.java:99)
08-14 23:01:34.858  1469  1487 E NotiHistoryDatabase: 	at android.os.Looper.loop(Looper.java:223)
08-14 23:01:34.858  1469  1487 E NotiHistoryDatabase: 	at android.os.HandlerThread.run(HandlerThread.java:67)
08-14 23:01:34.858  1469  1487 E NotiHistoryDatabase: 	at com.android.server.ServiceThread.run(ServiceThread.java:44)
08-14 23:01:34.858  1469  1487 E NotiHistoryDatabase: Caused by: android.system.ErrnoException: open failed: ENOENT (No such file or directory)
08-14 23:01:34.858  1469  1487 E NotiHistoryDatabase: 	at libcore.io.Linux.open(Native Method)
08-14 23:01:34.858  1469  1487 E NotiHistoryDatabase: 	at libcore.io.ForwardingOs.open(ForwardingOs.java:166)
08-14 23:01:34.858  1469  1487 E NotiHistoryDatabase: 	at libcore.io.BlockGuardOs.open(BlockGuardOs.java:254)
08-14 23:01:34.858  1469  1487 E NotiHistoryDatabase: 	at libcore.io.IoBridge.open(IoBridge.java:478)
08-14 23:01:34.858  1469  1487 E NotiHistoryDatabase: 	... 10 more
08-14 23:01:34.859  1469  1487 E NotiHistoryDatabase: Cannot clean up file on conversation removal 1659956984616
08-14 23:01:34.859  1469  1487 E NotiHistoryDatabase: java.io.FileNotFoundException: /data/system_ce/0/notification_history/history/1659956984616: open failed: ENOENT (No such file or directory)
08-14 23:01:34.859  1469  1487 E NotiHistoryDatabase: 	at libcore.io.IoBridge.open(IoBridge.java:492)
08-14 23:01:34.859  1469  1487 E NotiHistoryDatabase: 	at java.io.FileInputStream.<init>(FileInputStream.java:160)
08-14 23:01:34.859  1469  1487 E NotiHistoryDatabase: 	at android.util.AtomicFile.openRead(AtomicFile.java:234)
08-14 23:01:34.859  1469  1487 E NotiHistoryDatabase: 	at com.android.server.notification.NotificationHistoryDatabase.readLocked(NotificationHistoryDatabase.java:320)
08-14 23:01:34.859  1469  1487 E NotiHistoryDatabase: 	at com.android.server.notification.NotificationHistoryDatabase.access$600(NotificationHistoryDatabase.java:60)
08-14 23:01:34.859  1469  1487 E NotiHistoryDatabase: 	at com.android.server.notification.NotificationHistoryDatabase$RemoveConversationRunnable.run(NotificationHistoryDatabase.java:497)
08-14 23:01:34.859  1469  1487 E NotiHistoryDatabase: 	at android.os.Handler.handleCallback(Handler.java:938)
08-14 23:01:34.859  1469  1487 E NotiHistoryDatabase: 	at android.os.Handler.dispatchMessage(Handler.java:99)
08-14 23:01:34.859  1469  1487 E NotiHistoryDatabase: 	at android.os.Looper.loop(Looper.java:223)
08-14 23:01:34.859  1469  1487 E NotiHistoryDatabase: 	at android.os.HandlerThread.run(HandlerThread.java:67)
08-14 23:01:34.859  1469  1487 E NotiHistoryDatabase: 	at com.android.server.ServiceThread.run(ServiceThread.java:44)
08-14 23:01:34.859  1469  1487 E NotiHistoryDatabase: Caused by: android.system.ErrnoException: open failed: ENOENT (No such file or directory)
08-14 23:01:34.859  1469  1487 E NotiHistoryDatabase: 	at libcore.io.Linux.open(Native Method)
08-14 23:01:34.859  1469  1487 E NotiHistoryDatabase: 	at libcore.io.ForwardingOs.open(ForwardingOs.java:166)
08-14 23:01:34.859  1469  1487 E NotiHistoryDatabase: 	at libcore.io.BlockGuardOs.open(BlockGuardOs.java:254)
08-14 23:01:34.859  1469  1487 E NotiHistoryDatabase: 	at libcore.io.IoBridge.open(IoBridge.java:478)
08-14 23:01:34.859  1469  1487 E NotiHistoryDatabase: 	... 10 more
08-14 23:01:34.888  1469  1493 D DexOptExtImpl: try dex2oat for com.hirasho.eduTomoTrial result=0 cnt = 0
08-14 23:01:35.556  5676 14592 W ContextImpl: Calling a method in the system process without a qualified user: android.app.ContextImpl.sendBroadcast:1111 android.content.ContextWrapper.sendBroadcast:468 jp.kyocera.thermalmonitor.ThermalMonitorService.c:65 jp.kyocera.thermalmonitor.ThermalMonitorService.b:1 jp.kyocera.thermalmonitor.a.run:19 
08-14 23:01:35.710  1469  1486 V WindowOrientationListener: Proposed rotation changed!  mDesiredRotation=0, newRotation=0
08-14 23:01:37.263  1469  5478 I WindowManager: Relayout Window{31d9114 u0 EdgeBackGestureHandler0}: oldVis=8 newVis=0 focusMayChange = true
08-14 23:01:38.179  1469  7007 V WindowManager: Orientation start waiting for draw, mDrawState=DRAW_PENDING in Window{2082a46 u0 com.android.systemui.ImageWallpaper}, surfaceController Surface(name=com.android.systemui.ImageWallpaper)/@0x2a6adfa
08-14 23:01:38.185  1469  2048 I WindowManager: Relayout Window{48ea68f u0 com.android.launcher3/com.android.searchlauncher.SearchLauncher}: oldVis=8 newVis=0 focusMayChange = true
08-14 23:01:39.015  1469  5501 I WindowManager: Relayout Window{31ce90f u0 com.android.launcher3/com.android.searchlauncher.SearchLauncher}: oldVis=8 newVis=0 focusMayChange = true
08-14 23:01:39.215  1469  5501 V ActivityManager: Death received in com.android.server.am.ActivityManagerService$AppDeathRecipient@5595f0e for thread android.os.BinderProxy@4d7ed2f
08-14 23:01:39.216  1469  5501 I ActivityManager: Process com.google.android.inputmethod.japanese (pid 29723) has died: cch+75 CEM 
--------- beginning of main
08-14 23:01:41.958   638   737 I libPowerHal: LAUNCH: cpu_ctrl set cpu freq: 2301000 -1 1800000 -1
08-14 23:01:41.958   638   737 I libPowerHal: [PE] LAUNCH update cmd:1000000, param:0
08-14 23:01:41.959   638   737 I libPowerHal: [PE] LAUNCH update cmd:1408300, param:100
08-14 23:01:41.959   638   737 I libPowerHal: [PE] LAUNCH update cmd:1000000 param:0
08-14 23:01:41.959 29765 29841 I Unity   : MLKit: IsDone True 2
08-14 23:01:41.959 29765 29841 I Unity   : MLKitWrapper:IsDone()
08-14 23:01:41.959 29765 29841 I Unity   : Main:Update()
08-14 23:01:41.959 29765 29841 I Unity   : 
08-14 23:01:41.960  1469  5478 I InputDispatcher: setInputWindows displayId=0 Window{23ab89a u0 ScreenDecorOverlay} Window{7adf0c5 u0 NavigationBar0} Window{5230afb u0 StatusBar} recents_animation_input_consumer Window{eef1cca u0 com.hirasho.eduTomoTrial/com.unity3d.player.UnityPlayerActivity} SurfaceView - com.hirasho.eduTomoTrial/com.unity3d.player.UnityPlayerActivity#0 Window{2082a46 u0 com.android.systemui.ImageWallpaper} 
08-14 23:01:41.969 29765 29841 I Unity   : MLKit: IsDone True 2
08-14 23:01:41.969 29765 29841 I Unity   : MLKitWrapper:IsDone()
08-14 23:01:41.969 29765 29841 I Unity   : Main:Update()
08-14 23:01:41.969 29765 29841 I Unity   : 
08-14 23:01:41.978  1469  2048 I InputDispatcher: setInputWindows displayId=0 Window{23ab89a u0 ScreenDecorOverlay} Window{7adf0c5 u0 NavigationBar0} Window{5230afb u0 StatusBar} recents_animation_input_consumer Window{eef1cca u0 com.hirasho.eduTomoTrial/com.unity3d.player.UnityPlayerActivity} SurfaceView - com.hirasho.eduTomoTrial/com.unity3d.player.UnityPlayerActivity#0 Window{2082a46 u0 com.android.systemui.ImageWallpaper} 
08-14 23:01:41.980  1469  5480 I WindowManager: Relayout Window{48ea68f u0 com.android.launcher3/com.android.searchlauncher.SearchLauncher}: oldVis=8 newVis=0 focusMayChange = true
08-14 23:01:41.981   658   658 I SurfaceFlinger: operator()(), mtkRenderCntDebug 48691, screenshot (com.android.systemui.ImageWallpaper#0)
08-14 23:01:41.981   658   658 I SurfaceFlinger: operator()(), mtkRenderCntDebug 48691, screenshot (Background for -SurfaceView - com.hirasho.eduTomoTrial/com.unity3d.player.UnityPlayerActivity#0)
08-14 23:01:41.981   658   658 I SurfaceFlinger: operator()(), mtkRenderCntDebug 48691, screenshot (SurfaceView - com.hirasho.eduTomoTrial/com.unity3d.player.UnityPlayerActivity#0)
08-14 23:01:41.984   658   785 I BufferQueueConsumer: [](id:292000006ef,api:0,p:0,c:658) connect(): controlledByApp=false
08-14 23:01:41.984   658   785 I BufferQueue: [unnamed-658-1775](this:0xb4000075858701b8,id:1775,api:0,p:-1,c:-1) BufferQueue core=(658:/system/bin/surfaceflinger)
08-14 23:01:41.986 29765 29841 I Unity   : MLKit: IsDone True 2
08-14 23:01:41.986 29765 29841 I Unity   : MLKitWrapper:IsDone()
08-14 23:01:41.986 29765 29841 I Unity   : Main:Update()
08-14 23:01:41.986 29765 29841 I Unity   : 
08-14 23:01:41.992   658   786 I BufferQueueProducer: [com.android.launcher3/com.android.searchlauncher.SearchLauncher#0](id:292000006ef,api:1,p:19831,c:658) connect(): api=1 producerControlledByApp=false
08-14 23:01:41.994  2075  2075 D RecentsOrientedState: current RecentsOrientedState: [this=RecentsOrientedState@5f07d2f mOrientationHandler=LandscapePagedViewHandler@8ea6ac8 mDisplayRotation=1 mTouchRotation=1 mRecentsActivityRotation=0 isRecentsActivityRotationAllowed=false mSystemRotation=true mFlags=43]
08-14 23:01:41.995  2075  2075 D RecentsOrientedState: current RecentsOrientedState: [this=RecentsOrientedState@28cf93e mOrientationHandler=LandscapePagedViewHandler@8ea6ac8 mDisplayRotation=1 mTouchRotation=1 mRecentsActivityRotation=0 isRecentsActivityRotationAllowed=false mSystemRotation=true mFlags=43]
08-14 23:01:41.996  1469  5478 I InputDispatcher: setInputWindows displayId=0 Window{23ab89a u0 ScreenDecorOverlay} Window{7adf0c5 u0 NavigationBar0} Window{5230afb u0 StatusBar} recents_animation_input_consumer Window{eef1cca u0 com.hirasho.eduTomoTrial/com.unity3d.player.UnityPlayerActivity} SurfaceView - com.hirasho.eduTomoTrial/com.unity3d.player.UnityPlayerActivity#0 com.android.launcher3/com.android.searchlauncher.SearchLauncher#0 Window{2082a46 u0 com.android.systemui.ImageWallpaper} 
08-14 23:01:41.998  2075  2075 V PhoneWindow: DecorView setVisiblity: visibility = 0, Parent = android.view.ViewRootImpl@704a8e6, this = DecorView@49c584b[SearchLauncher]
08-14 23:01:42.004  1469  5478 I WindowManager: Relayout Window{31ce90f u0 com.android.launcher3/com.android.searchlauncher.SearchLauncher}: oldVis=4 newVis=0 focusMayChange = true
08-14 23:01:42.006 29765 29841 I Unity   : MLKit: IsDone True 2
08-14 23:01:42.006 29765 29841 I Unity   : MLKitWrapper:IsDone()
08-14 23:01:42.006 29765 29841 I Unity   : Main:Update()
08-14 23:01:42.006 29765 29841 I Unity   : 
08-14 23:01:42.010   658   785 I BufferQueueConsumer: [](id:292000006f0,api:0,p:0,c:658) connect(): controlledByApp=false
08-14 23:01:42.010   658   785 I BufferQueue: [unnamed-658-1776](this:0xb400007585876218,id:1776,api:0,p:-1,c:-1) BufferQueue core=(658:/system/bin/surfaceflinger)
08-14 23:01:42.013  1469  5480 I InputDispatcher: setInputWindows displayId=0 Window{23ab89a u0 ScreenDecorOverlay} Window{7adf0c5 u0 NavigationBar0} Window{5230afb u0 StatusBar} recents_animation_input_consumer Window{eef1cca u0 com.hirasho.eduTomoTrial/com.unity3d.player.UnityPlayerActivity} SurfaceView - com.hirasho.eduTomoTrial/com.unity3d.player.UnityPlayerActivity#0 Window{48ea68f u0 com.android.launcher3/com.android.searchlauncher.SearchLauncher} com.android.launcher3/com.android.searchlauncher.SearchLauncher#1 Window{2082a46 u0 com.android.systemui.ImageWallpaper} 
08-14 23:01:42.014  1469  5480 I InputDispatcher: Window went away: com.android.launcher3/com.android.searchlauncher.SearchLauncher#0
08-14 23:01:42.019   658  1511 I BufferQueueProducer: [com.android.launcher3/com.android.searchlauncher.SearchLauncher#1](id:292000006f0,api:1,p:2075,c:658) connect(): api=1 producerControlledByApp=false
08-14 23:01:42.023 29765 29841 I Unity   : MLKit: IsDone True 2
08-14 23:01:42.023 29765 29841 I Unity   : MLKitWrapper:IsDone()
08-14 23:01:42.023 29765 29841 I Unity   : Main:Update()
08-14 23:01:42.023 29765 29841 I Unity   : 
08-14 23:01:42.030  1469  7014 I InputDispatcher: setInputWindows displayId=0 Window{23ab89a u0 ScreenDecorOverlay} Window{7adf0c5 u0 NavigationBar0} Window{5230afb u0 StatusBar} recents_animation_input_consumer Window{eef1cca u0 com.hirasho.eduTomoTrial/com.unity3d.player.UnityPlayerActivity} SurfaceView - com.hirasho.eduTomoTrial/com.unity3d.player.UnityPlayerActivity#0 Window{48ea68f u0 com.android.launcher3/com.android.searchlauncher.SearchLauncher} Window{31ce90f u0 com.android.launcher3/com.android.searchlauncher.SearchLauncher} Window{2082a46 u0 com.android.systemui.ImageWallpaper} 
08-14 23:01:42.030  1469  7014 I InputDispatcher: Window went away: com.android.launcher3/com.android.searchlauncher.SearchLauncher#1
08-14 23:01:42.046 29765 29841 I Unity   : MLKit: IsDone True 2
08-14 23:01:42.046 29765 29841 I Unity   : MLKitWrapper:IsDone()
08-14 23:01:42.046 29765 29841 I Unity   : Main:Update()
08-14 23:01:42.046 29765 29841 I Unity   : 
08-14 23:01:42.046   658   658 E Layer   : [Surface(name=Task=2745)/@0x97ea64d - animation-leash#0] No local sync point found
08-14 23:01:42.047   658   658 I chatty  : uid=1000(system) /system/bin/surfaceflinger identical 12 lines
08-14 23:01:42.047   658   658 E Layer   : [Surface(name=Task=2745)/@0x97ea64d - animation-leash#0] No local sync point found
08-14 23:01:42.048  1469  7014 I InputDispatcher: setInputWindows displayId=0 Window{23ab89a u0 ScreenDecorOverlay} Window{7adf0c5 u0 NavigationBar0} Window{5230afb u0 StatusBar} recents_animation_input_consumer Window{eef1cca u0 com.hirasho.eduTomoTrial/com.unity3d.player.UnityPlayerActivity} SurfaceView - com.hirasho.eduTomoTrial/com.unity3d.player.UnityPlayerActivity#0 Window{48ea68f u0 com.android.launcher3/com.android.searchlauncher.SearchLauncher} Window{31ce90f u0 com.android.launcher3/com.android.searchlauncher.SearchLauncher} Window{2082a46 u0 com.android.systemui.ImageWallpaper} 
08-14 23:01:42.058 29765 29841 I Unity   : MLKit: IsDone True 2
08-14 23:01:42.058 29765 29841 I Unity   : MLKitWrapper:IsDone()
08-14 23:01:42.058 29765 29841 I Unity   : Main:Update()
08-14 23:01:42.058 29765 29841 I Unity   : 
08-14 23:01:42.063   658   658 E Layer   : [Surface(name=Task=2745)/@0x97ea64d - animation-leash#0] No local sync point found
08-14 23:01:42.066   658   658 I chatty  : uid=1000(system) /system/bin/surfaceflinger identical 36 lines
08-14 23:01:42.066   658   658 E Layer   : [Surface(name=Task=2745)/@0x97ea64d - animation-leash#0] No local sync point found
08-14 23:01:42.067  1469  7014 I InputDispatcher: setInputWindows displayId=0 Window{23ab89a u0 ScreenDecorOverlay} Window{7adf0c5 u0 NavigationBar0} Window{5230afb u0 StatusBar} recents_animation_input_consumer Window{eef1cca u0 com.hirasho.eduTomoTrial/com.unity3d.player.UnityPlayerActivity} SurfaceView - com.hirasho.eduTomoTrial/com.unity3d.player.UnityPlayerActivity#0 Window{48ea68f u0 com.android.launcher3/com.android.searchlauncher.SearchLauncher} Window{31ce90f u0 com.android.launcher3/com.android.searchlauncher.SearchLauncher} Window{2082a46 u0 com.android.systemui.ImageWallpaper} 
08-14 23:01:42.078 29765 29841 I Unity   : MLKit: IsDone True 2
08-14 23:01:42.078 29765 29841 I Unity   : MLKitWrapper:IsDone()
08-14 23:01:42.078 29765 29841 I Unity   : Main:Update()
08-14 23:01:42.078 29765 29841 I Unity   : 
08-14 23:01:42.081   658   658 E Layer   : [Surface(name=Task=2745)/@0x97ea64d - animation-leash#0] No local sync point found
08-14 23:01:42.081   658   658 I chatty  : uid=1000(system) /system/bin/surfaceflinger identical 16 lines
08-14 23:01:42.081   658   658 E Layer   : [Surface(name=Task=2745)/@0x97ea64d - animation-leash#0] No local sync point found
08-14 23:01:42.082  1469  7014 I InputDispatcher: setInputWindows displayId=0 Window{23ab89a u0 ScreenDecorOverlay} Window{7adf0c5 u0 NavigationBar0} Window{5230afb u0 StatusBar} recents_animation_input_consumer Window{eef1cca u0 com.hirasho.eduTomoTrial/com.unity3d.player.UnityPlayerActivity} SurfaceView - com.hirasho.eduTomoTrial/com.unity3d.player.UnityPlayerActivity#0 Window{48ea68f u0 com.android.launcher3/com.android.searchlauncher.SearchLauncher} Window{31ce90f u0 com.android.launcher3/com.android.searchlauncher.SearchLauncher} Window{2082a46 u0 com.android.systemui.ImageWallpaper} 
08-14 23:01:42.087   658   658 I SurfaceFlinger: operator()(), mtkRenderCntDebug 48692, screenshot (com.android.systemui.ImageWallpaper#0)
08-14 23:01:42.087   658   658 I SurfaceFlinger: operator()(), mtkRenderCntDebug 48692, screenshot (Background for -SurfaceView - com.hirasho.eduTomoTrial/com.unity3d.player.UnityPlayerActivity#0)
08-14 23:01:42.087   658   658 I SurfaceFlinger: operator()(), mtkRenderCntDebug 48692, screenshot (SurfaceView - com.hirasho.eduTomoTrial/com.unity3d.player.UnityPlayerActivity#0)
08-14 23:01:42.096  1469  1494 D ArtManagerInternalImpl: /data/misc/iorapd/com.android.launcher3/30/com.android.searchlauncher.SearchLauncher/compiled_traces/compiled_trace.pb doesn't exist
08-14 23:01:42.097 29765 29841 I Unity   : MLKit: IsDone True 2
08-14 23:01:42.097 29765 29841 I Unity   : MLKitWrapper:IsDone()
08-14 23:01:42.097 29765 29841 I Unity   : Main:Update()
08-14 23:01:42.097 29765 29841 I Unity   : 
08-14 23:01:42.100  1469  5480 I InputDispatcher: setInputWindows displayId=0 Window{23ab89a u0 ScreenDecorOverlay} Window{7adf0c5 u0 NavigationBar0} Window{5230afb u0 StatusBar} recents_animation_input_consumer Window{eef1cca u0 com.hirasho.eduTomoTrial/com.unity3d.player.UnityPlayerActivity} SurfaceView - com.hirasho.eduTomoTrial/com.unity3d.player.UnityPlayerActivity#0 Window{48ea68f u0 com.android.launcher3/com.android.searchlauncher.SearchLauncher} Window{31ce90f u0 com.android.launcher3/com.android.searchlauncher.SearchLauncher} Window{2082a46 u0 com.android.systemui.ImageWallpaper} 
08-14 23:01:42.107   658  2104 I BufferQueueProducer: [com.android.launcher3/com.android.searchlauncher.SearchLauncher#1](id:292000006f0,api:1,p:2075,c:658) disconnect(): api=1
08-14 23:01:42.109   658   785 I BufferQueueProducer: [com.android.launcher3/com.android.searchlauncher.SearchLauncher#1](id:292000006f0,api:1,p:2075,c:658) connect(): api=1 producerControlledByApp=false
08-14 23:01:42.113 29765 29841 I Unity   : MLKit: IsDone True 2
08-14 23:01:42.113 29765 29841 I Unity   : MLKitWrapper:IsDone()
08-14 23:01:42.113 29765 29841 I Unity   : Main:Update()
08-14 23:01:42.113 29765 29841 I Unity   : 
08-14 23:01:42.116  1469  5478 I InputDispatcher: setInputWindows displayId=0 Window{23ab89a u0 ScreenDecorOverlay} Window{7adf0c5 u0 NavigationBar0} Window{5230afb u0 StatusBar} recents_animation_input_consumer Window{eef1cca u0 com.hirasho.eduTomoTrial/com.unity3d.player.UnityPlayerActivity} SurfaceView - com.hirasho.eduTomoTrial/com.unity3d.player.UnityPlayerActivity#0 Window{48ea68f u0 com.android.launcher3/com.android.searchlauncher.SearchLauncher} Window{31ce90f u0 com.android.launcher3/com.android.searchlauncher.SearchLauncher} Window{2082a46 u0 com.android.systemui.ImageWallpaper} 
08-14 23:01:42.123  2075  2075 D RecentsOrientedState: current RecentsOrientedState: [this=RecentsOrientedState@28cf93e mOrientationHandler=LandscapePagedViewHandler@8ea6ac8 mDisplayRotation=1 mTouchRotation=1 mRecentsActivityRotation=0 isRecentsActivityRotationAllowed=false mSystemRotation=true mFlags=107]
08-14 23:01:42.128  5879  5879 V GlobalScreenshot: clearing screenshot: close system dialogs
08-14 23:01:42.129  1659  1659 V ShadeControllerImpl: NotificationShadeWindow: com.android.systemui.statusbar.phone.NotificationShadeWindowView{abd1284 I.E...... ......ID 0,0-1080,2280} canPanelBeCollapsed(): false
08-14 23:01:42.129 32405 32582 I A       : (REDACTED) Setting session to type: %s
08-14 23:01:42.133 29765 29841 I Unity   : MLKit: IsDone True 2
08-14 23:01:42.133 29765 29841 I Unity   : MLKitWrapper:IsDone()
08-14 23:01:42.133 29765 29841 I Unity   : Main:Update()
08-14 23:01:42.133 29765 29841 I Unity   : 
08-14 23:01:42.135  1469  2048 I InputDispatcher: setInputWindows displayId=0 Window{23ab89a u0 ScreenDecorOverlay} Window{7adf0c5 u0 NavigationBar0} Window{5230afb u0 StatusBar} recents_animation_input_consumer Window{eef1cca u0 com.hirasho.eduTomoTrial/com.unity3d.player.UnityPlayerActivity} SurfaceView - com.hirasho.eduTomoTrial/com.unity3d.player.UnityPlayerActivity#0 Window{48ea68f u0 com.android.launcher3/com.android.searchlauncher.SearchLauncher} Window{31ce90f u0 com.android.launcher3/com.android.searchlauncher.SearchLauncher} Window{2082a46 u0 com.android.systemui.ImageWallpaper} 
08-14 23:01:42.145 29765 29905 I GED     : ged_boost_gpu_freq, level 100, eOrigin 2, final_idx 2, oppidx_max 2, oppidx_min 0
08-14 23:01:42.152  1469  2048 I InputDispatcher: setInputWindows displayId=0 Window{23ab89a u0 ScreenDecorOverlay} Window{7adf0c5 u0 NavigationBar0} Window{5230afb u0 StatusBar} recents_animation_input_consumer Window{eef1cca u0 com.hirasho.eduTomoTrial/com.unity3d.player.UnityPlayerActivity} SurfaceView - com.hirasho.eduTomoTrial/com.unity3d.player.UnityPlayerActivity#0 Window{48ea68f u0 com.android.launcher3/com.android.searchlauncher.SearchLauncher} Window{31ce90f u0 com.android.launcher3/com.android.searchlauncher.SearchLauncher} Window{2082a46 u0 com.android.systemui.ImageWallpaper} 
