08-28 00:06:13.992  5154  5198 I Unity   : {"requestId":233,"text":{"text":"27Kg","textBlocks":[{"boundingBox":{"bottom":84,"left":162,"right":254,"top":26},"cornerPoints":[{"x":162,"y":26},{"x":254,"y":26},{"x":254,"y":84},{"x":162,"y":84}],"lines":[{"boundingBox":{"bottom":84,"left":162,"right":254,"top":26},"cornerPoints":[{"x":162,"y":26},{"x":254,"y":26},{"x":254,"y":84},{"x":162,"y":84}],"elements":[{"boundingBox":{"bottom":84,"left":162,"right":254,"top":26},"cornerPoints":[{"x":162,"y":26},{"x":254,"y":26},{"x":254,"y":84},{"x":162,"y":84}],"recognizedLanguage":"und-Latn","text":"27Kg"}],"recognizedLanguage":"und-Latn","text":"27Kg"}],"recognizedLanguage":"und-Latn","text":"27Kg"}]}}
08-28 00:06:14.005  5154  5198 I Unity   : MLKit: GetResult() : id=-2147483648
08-28 00:06:14.005  5154  5198 I Unity   : MLKit: Abort id=-2147483648
08-28 00:06:14.006  5154  5198 I Unity   : Word: 27Kg -> (242.05, 132.00) (379.52, 190.00)
08-28 00:06:14.006  5154  5198 I Unity   : 	Zone: 0 (225.00, 6.00) (375.00, 126.00) collide:False
08-28 00:06:14.056  5154  5198 I Unity   : MLKit Recognize: 201x216 pixelCount=43416 id=234
08-28 00:06:14.072  5154  5198 D MLKit   : input 201x216 pixelCount=43416 id=234
08-28 00:06:14.288  5154  5154 D MLKit   : parseText 27Kg 1
08-28 00:06:14.288  5154  5154 D MLKit   : parseTextBlock 27Kg 1 (127,24) - (199,84)
08-28 00:06:14.288  5154  5154 D MLKit   : parseLine 27Kg 1 (126,24) - (199,84)
08-28 00:06:14.288  5154  5154 D MLKit   : parseElement 27Kg (126,24) - (199,84)
08-28 00:06:14.300  5154  5198 I Unity   : MLKitWrapper.OnComplete: json
08-28 00:06:14.300  5154  5198 I Unity   : {"requestId":234,"text":{"text":"27Kg","textBlocks":[{"boundingBox":{"bottom":84,"left":127,"right":199,"top":24},"cornerPoints":[{"x":127,"y":24},{"x":199,"y":25},{"x":199,"y":84},{"x":127,"y":83}],"lines":[{"boundingBox":{"bottom":84,"left":126,"right":199,"top":24},"cornerPoints":[{"x":127,"y":24},{"x":199,"y":25},{"x":198,"y":84},{"x":126,"y":83}],"elements":[{"boundingBox":{"bottom":84,"left":126,"right":199,"top":24},"cornerPoints":[{"x":127,"y":24},{"x":199,"y":25},{"x":198,"y":84},{"x":126,"y":83}],"recognizedLanguage":"und-Latn","text":"27Kg"}],"recognizedLanguage":"und-Latn","text":"27Kg"}],"recognizedLanguage":"und-Latn","text":"27Kg"}]}}
08-28 00:06:14.318  5154  5198 I Unity   : MLKit: GetResult() : id=-2147483648
08-28 00:06:14.318  5154  5198 I Unity   : MLKit: Abort id=-2147483648
08-28 00:06:14.319  5154  5198 I Unity   : Word: 27Kg -> (240.72, 132.00) (380.18, 192.00)
08-28 00:06:14.319  5154  5198 I Unity   : 	Zone: 0 (225.00, 6.00) (375.00, 126.00) collide:False
08-28 00:06:14.370  5154  5198 I Unity   : MLKit Recognize: 358x216 pixelCount=77328 id=235
08-28 00:06:14.398  5154  5198 D MLKit   : input 358x216 pixelCount=77328 id=235
08-28 00:06:14.539  5154  5154 D MLKit   : parseText 27Kg 1
08-28 00:06:14.539  5154  5154 D MLKit   : parseTextBlock 27Kg 1 (224,22) - (356,86)
08-28 00:06:14.539  5154  5154 D MLKit   : parseLine 27Kg 1 (223,22) - (356,85)
08-28 00:06:14.539  5154  5154 D MLKit   : parseElement 27Kg (223,22) - (356,85)
08-28 00:06:14.543  5154  5198 I Unity   : MLKitWrapper.OnComplete: json
08-28 00:06:14.543  5154  5198 I Unity   : {"requestId":235,"text":{"text":"27Kg","textBlocks":[{"boundingBox":{"bottom":86,"left":224,"right":356,"top":22},"cornerPoints":[{"x":226,"y":22},{"x":356,"y":27},{"x":354,"y":86},{"x":224,"y":80}],"lines":[{"boundingBox":{"bottom":85,"left":223,"right":356,"top":22},"cornerPoints":[{"x":226,"y":22},{"x":356,"y":27},{"x":353,"y":85},{"x":223,"y":80}],"elements":[{"boundingBox":{"bottom":85,"left":223,"right":356,"top":22},"cornerPoints":[{"x":226,"y":22},{"x":356,"y":27},{"x":353,"y":85},{"x":223,"y":80}],"recognizedLanguage":"und-Latn","text":"27Kg"}],"recognizedLanguage":"und-Latn","text":"27Kg"}],"recognizedLanguage":"und-Latn","text":"27Kg"}]}}
08-28 00:06:14.559  5154  5198 I Unity   : MLKit: GetResult() : id=-2147483648
08-28 00:06:14.560  5154  5198 I Unity   : MLKit: Abort id=-2147483648
08-28 00:06:14.560  5154  5198 I Unity   : Word: 27Kg -> (239.20, 131.00) (381.85, 194.00)
08-28 00:06:14.560  5154  5198 I Unity   : 	Zone: 0 (225.00, 6.00) (375.00, 126.00) collide:False
08-28 00:06:14.610  5154  5198 I Unity   : MLKit Recognize: 384x179 pixelCount=68736 id=236
08-28 00:06:14.636  5154  5198 D MLKit   : input 384x179 pixelCount=68736 id=236
08-28 00:06:14.662  5154  5198 I Unity   : MLKit Recognize: 384x151 pixelCount=57984 id=237
08-28 00:06:14.662  5154  5198 I Unity   : MLKit: Abort id=236
08-28 00:06:14.678  5154  5198 D MLKit   : input 384x151 pixelCount=57984 id=237
08-28 00:06:14.798  5154  5154 D MLKit   : parseText 27Kg 1
08-28 00:06:14.798  5154  5154 D MLKit   : parseTextBlock 27Kg 1 (242,16) - (382,72)
08-28 00:06:14.798  5154  5154 D MLKit   : parseLine 27Kg 1 (241,16) - (382,71)
08-28 00:06:14.798  5154  5154 D MLKit   : parseElement 27Kg (241,16) - (382,71)
08-28 00:06:14.802  5154  5198 I Unity   : MLKitWrapper.OnComplete: json
08-28 00:06:14.802  5154  5198 I Unity   : {"requestId":236,"text":{"text":"27Kg","textBlocks":[{"boundingBox":{"bottom":72,"left":242,"right":382,"top":16},"cornerPoints":[{"x":244,"y":16},{"x":382,"y":21},{"x":380,"y":72},{"x":242,"y":66}],"lines":[{"boundingBox":{"bottom":71,"left":241,"right":382,"top":16},"cornerPoints":[{"x":244,"y":16},{"x":382,"y":21},{"x":379,"y":71},{"x":241,"y":66}],"elements":[{"boundingBox":{"bottom":71,"left":241,"right":382,"top":16},"cornerPoints":[{"x":244,"y":16},{"x":382,"y":21},{"x":379,"y":71},{"x":241,"y":66}],"recognizedLanguage":"und-Latn","text":"27Kg"}],"recognizedLanguage":"und-Latn","text":"27Kg"}],"recognizedLanguage":"und-Latn","text":"27Kg"}]}}
08-28 00:06:14.892  5154  5154 D MLKit   : parseText 27Kg 1
08-28 00:06:14.892  5154  5154 D MLKit   : parseTextBlock 27Kg 1 (243,15) - (382,59)
08-28 00:06:14.892  5154  5154 D MLKit   : parseLine 27Kg 1 (242,15) - (382,58)
08-28 00:06:14.892  5154  5154 D MLKit   : parseElement 27Kg (242,15) - (382,58)
08-28 00:06:14.905  5154  5198 I Unity   : MLKitWrapper.OnComplete: json
08-28 00:06:14.905  5154  5198 I Unity   : {"requestId":237,"text":{"text":"27Kg","textBlocks":[{"boundingBox":{"bottom":59,"left":243,"right":382,"top":15},"cornerPoints":[{"x":244,"y":15},{"x":382,"y":19},{"x":381,"y":59},{"x":243,"y":54}],"lines":[{"boundingBox":{"bottom":58,"left":242,"right":382,"top":15},"cornerPoints":[{"x":244,"y":15},{"x":382,"y":19},{"x":380,"y":58},{"x":242,"y":54}],"elements":[{"boundingBox":{"bottom":58,"left":242,"right":382,"top":15},"cornerPoints":[{"x":244,"y":15},{"x":382,"y":19},{"x":380,"y":58},{"x":242,"y":54}],"recognizedLanguage":"und-Latn","text":"27Kg"}],"recognizedLanguage":"und-Latn","text":"27Kg"}],"recognizedLanguage":"und-Latn","text":"27Kg"}]}}
08-28 00:06:14.920  5154  5198 I Unity   : MLKit: GetResult() : id=-2147483648
08-28 00:06:14.921  5154  5198 I Unity   : MLKit: Abort id=-2147483648
08-28 00:06:14.922  5154  5198 I Unity   : Word: 27Kg -> (242.00, 133.03) (382.00, 194.54)
08-28 00:06:14.922  5154  5198 I Unity   : 	Zone: 0 (225.00, 6.00) (375.00, 126.00) collide:False
08-28 00:06:14.976  5154  5198 I Unity   : MLKit Recognize: 347x216 pixelCount=74952 id=238
08-28 00:06:15.004  5154  5198 D MLKit   : input 347x216 pixelCount=74952 id=238
08-28 00:06:15.132  5154  5154 D MLKit   : parseText 27Kg 1
08-28 00:06:15.132  5154  5154 D MLKit   : parseTextBlock 27Kg 1 (218,21) - (344,84)
08-28 00:06:15.132  5154  5154 D MLKit   : parseLine 27Kg 1 (217,21) - (344,83)
08-28 00:06:15.132  5154  5154 D MLKit   : parseElement 27Kg (217,21) - (344,83)
08-28 00:06:15.148  5154  5198 I Unity   : MLKitWrapper.OnComplete: json
08-28 00:06:15.148  5154  5198 I Unity   : {"requestId":238,"text":{"text":"27Kg","textBlocks":[{"boundingBox":{"bottom":84,"left":218,"right":344,"top":21},"cornerPoints":[{"x":220,"y":21},{"x":344,"y":25},{"x":342,"y":84},{"x":218,"y":79}],"lines":[{"boundingBox":{"bottom":83,"left":217,"right":344,"top":21},"cornerPoints":[{"x":220,"y":21},{"x":344,"y":25},{"x":341,"y":83},{"x":217,"y":79}],"elements":[{"boundingBox":{"bottom":83,"left":217,"right":344,"top":21},"cornerPoints":[{"x":220,"y":21},{"x":344,"y":25},{"x":341,"y":83},{"x":217,"y":79}],"recognizedLanguage":"und-Latn","text":"27Kg"}],"recognizedLanguage":"und-Latn","text":"27Kg"}],"recognizedLanguage":"und-Latn","text":"27Kg"}]}}
08-28 00:06:15.164  5154  5198 I Unity   : MLKit: GetResult() : id=-2147483648
08-28 00:06:15.164  5154  5198 I Unity   : MLKit: Abort id=-2147483648
08-28 00:06:15.165  5154  5198 I Unity   : Word: 27Kg -> (240.14, 133.00) (380.68, 195.00)
08-28 00:06:15.165  5154  5198 I Unity   : 	Zone: 0 (225.00, 6.00) (375.00, 126.00) collide:False
08-28 00:06:15.211  5154  5198 I Unity   : MLKit Recognize: 384x188 pixelCount=72192 id=239
08-28 00:06:15.239  5154  5198 D MLKit   : input 384x188 pixelCount=72192 id=239
08-28 00:06:15.373  5154  5154 D MLKit   : parseText 27Kg 1
08-28 00:06:15.373  5154  5154 D MLKit   : parseTextBlock 27Kg 1 (243,21) - (383,75)
08-28 00:06:15.373  5154  5154 D MLKit   : parseLine 27Kg 1 (242,21) - (383,74)
08-28 00:06:15.373  5154  5154 D MLKit   : parseElement 27Kg (242,21) - (383,74)
08-28 00:06:15.392  5154  5198 I Unity   : MLKitWrapper.OnComplete: json
08-28 00:06:15.392  5154  5198 I Unity   : {"requestId":239,"text":{"text":"27Kg","textBlocks":[{"boundingBox":{"bottom":75,"left":243,"right":383,"top":21},"cornerPoints":[{"x":244,"y":21},{"x":383,"y":25},{"x":382,"y":75},{"x":243,"y":70}],"lines":[{"boundingBox":{"bottom":74,"left":242,"right":383,"top":21},"cornerPoints":[{"x":244,"y":21},{"x":383,"y":25},{"x":381,"y":74},{"x":242,"y":70}],"elements":[{"boundingBox":{"bottom":74,"left":242,"right":383,"top":21},"cornerPoints":[{"x":244,"y":21},{"x":383,"y":25},{"x":381,"y":74},{"x":242,"y":70}],"recognizedLanguage":"und-Latn","text":"27Kg"}],"recognizedLanguage":"und-Latn","text":"27Kg"}],"recognizedLanguage":"und-Latn","text":"27Kg"}]}}
08-28 00:06:15.407  5154  5198 I Unity   : MLKit: GetResult() : id=-2147483648
08-28 00:06:15.407  5154  5198 I Unity   : MLKit: Abort id=-2147483648
08-28 00:06:15.408  5154  5198 I Unity   : Word: 27Kg -> (242.00, 130.98) (383.00, 191.87)
08-28 00:06:15.408  5154  5198 I Unity   : 	Zone: 0 (225.00, 6.00) (375.00, 126.00) collide:False
08-28 00:06:15.454  5154  5198 I Unity   : MLKit Recognize: 316x216 pixelCount=68256 id=240
08-28 00:06:15.482  5154  5198 D MLKit   : input 316x216 pixelCount=68256 id=240
08-28 00:06:15.741  5154  5154 D MLKit   : parseText 27Kg
08-28 00:06:15.741  5154  5154 D MLKit   : 0 2
08-28 00:06:15.741  5154  5154 D MLKit   : parseTextBlock 27Kg 1 (199,22) - (314,84)
08-28 00:06:15.741  5154  5154 D MLKit   : parseLine 27Kg 1 (198,22) - (314,83)
08-28 00:06:15.741  5154  5154 D MLKit   : parseElement 27Kg (198,22) - (314,83)
08-28 00:06:15.741  5154  5154 D MLKit   : parseTextBlock 0 1 (228,100) - (264,202)
08-28 00:06:15.741  5154  5154 D MLKit   : parseLine 0 1 (228,100) - (264,202)
08-28 00:06:15.741  5154  5154 D MLKit   : parseElement 0 (228,100) - (264,202)
08-28 00:06:15.754  5154  5198 I Unity   : MLKitWrapper.OnComplete: json
08-28 00:06:15.754  5154  5198 I Unity   : {"requestId":240,"text":{"text":"27Kg\n0","textBlocks":[{"boundingBox":{"bottom":84,"left":199,"right":314,"top":22},"cornerPoints":[{"x":200,"y":22},{"x":314,"y":25},{"x":313,"y":84},{"x":199,"y":80}],"lines":[{"boundingBox":{"bottom":83,"left":198,"right":314,"top":22},"cornerPoints":[{"x":200,"y":22},{"x":314,"y":25},{"x":312,"y":83},{"x":198,"y":80}],"elements":[{"boundingBox":{"bottom":83,"left":198,"right":314,"top":22},"cornerPoints":[{"x":200,"y":22},{"x":314,"y":25},{"x":312,"y":83},{"x":198,"y":80}],"recognizedLanguage":"und-Latn","text":"27Kg"}],"recognizedLanguage":"und-Latn","text":"27Kg"}],"recognizedLanguage":"und-Latn","text":"27Kg"},{"boundingBox":{"bottom":202,"left":228,"right":264,"top":100},"cornerPoints":[{"x":228,"y":100},{"x":264,"y":100},{"x":264,"y":202},{"x":228,"y":202}],"lines":[{"boundingBox":{"bottom":202,"left":228,"right":264,"top":100},"cornerPoints":[{"x":228,"y":100},{"x":264,"y":100},{"x":264,"y":202},{"x":228,"y":202}],"elements":[{"bounding
08-28 00:06:15.768  5154  5198 I Unity   : MLKit: GetResult() : id=-2147483648
08-28 00:06:15.768  5154  5198 I Unity   : MLKit: Abort id=-2147483648
08-28 00:06:15.769  5154  5198 I Unity   : Word: 27Kg -> (240.61, 133.00) (381.57, 194.00)
08-28 00:06:15.769  5154  5198 I Unity   : 	Zone: 0 (225.00, 6.00) (375.00, 126.00) collide:False
08-28 00:06:15.769  5154  5198 I Unity   : Word: 0 -> (277.06, 14.00) (320.81, 116.00)
08-28 00:06:15.769  5154  5198 I Unity   : 	Zone: 0 (225.00, 6.00) (375.00, 126.00) collide:True
08-28 00:06:15.769  5154  5198 I Unity   : 0 -> 0 1.459739 0
08-28 00:06:15.769  5154  5198 I Unity   : Anno: 0 0 (279.49, 114.00)
08-28 00:06:15.769  5154  5198 I Unity   : Anno: 0 1 (318.38, 114.00)
08-28 00:06:15.769  5154  5198 I Unity   : Anno: 0 2 (318.38, 16.00)
08-28 00:06:15.770  5154  5198 I Unity   : Anno: 0 3 (279.49, 16.00)
08-28 00:06:15.828  5154  5198 I Unity   : MLKit Recognize: 290x216 pixelCount=62640 id=241
08-28 00:06:15.852  5154  5198 D MLKit   : input 290x216 pixelCount=62640 id=241
08-28 00:06:16.094  5154  5154 D MLKit   : parseText 27Kg 1
08-28 00:06:16.095  5154  5154 D MLKit   : parseTextBlock 27Kg 1 (184,26) - (288,84)
08-28 00:06:16.095  5154  5154 D MLKit   : parseLine 27Kg 1 (184,26) - (288,84)
08-28 00:06:16.095  5154  5154 D MLKit   : parseElement 27Kg (184,26) - (288,84)
08-28 00:06:16.100  5154  5198 I Unity   : MLKitWrapper.OnComplete: json
08-28 00:06:16.100  5154  5198 I Unity   : {"requestId":241,"text":{"text":"27Kg","textBlocks":[{"boundingBox":{"bottom":84,"left":184,"right":288,"top":26},"cornerPoints":[{"x":184,"y":26},{"x":288,"y":26},{"x":288,"y":84},{"x":184,"y":84}],"lines":[{"boundingBox":{"bottom":84,"left":184,"right":288,"top":26},"cornerPoints":[{"x":184,"y":26},{"x":288,"y":26},{"x":288,"y":84},{"x":184,"y":84}],"elements":[{"boundingBox":{"bottom":84,"left":184,"right":288,"top":26},"cornerPoints":[{"x":184,"y":26},{"x":288,"y":26},{"x":288,"y":84},{"x":184,"y":84}],"recognizedLanguage":"und-Latn","text":"27Kg"}],"recognizedLanguage":"und-Latn","text":"27Kg"}],"recognizedLanguage":"und-Latn","text":"27Kg"}]}}
08-28 00:06:16.114  5154  5198 I Unity   : MLKit: GetResult() : id=-2147483648
08-28 00:06:16.114  5154  5198 I Unity   : MLKit: Abort id=-2147483648
08-28 00:06:16.115  5154  5198 I Unity   : Word: 27Kg -> (243.64, 132.00) (381.35, 190.00)
08-28 00:06:16.115  5154  5198 I Unity   : 	Zone: 0 (225.00, 6.00) (375.00, 126.00) collide:False
08-28 00:06:16.171  5154  5198 I Unity   : MLKit Recognize: 378x216 pixelCount=81648 id=242
08-28 00:06:16.201  5154  5198 D MLKit   : input 378x216 pixelCount=81648 id=242
08-28 00:06:16.268  5154  5198 I Unity   : Cont. 86.37976/400	19/30-40
08-28 00:06:16.371  5154  5154 D MLKit   : parseText 27Kg 1
08-28 00:06:16.371  5154  5154 D MLKit   : parseTextBlock 27Kg 1 (237,20) - (375,85)
08-28 00:06:16.371  5154  5154 D MLKit   : parseLine 27Kg 1 (236,20) - (375,84)
08-28 00:06:16.371  5154  5154 D MLKit   : parseElement 27Kg (236,20) - (375,84)
08-28 00:06:16.393  5154  5198 I Unity   : MLKitWrapper.OnComplete: json
08-28 00:06:16.393  5154  5198 I Unity   : {"requestId":242,"text":{"text":"27Kg","textBlocks":[{"boundingBox":{"bottom":85,"left":237,"right":375,"top":20},"cornerPoints":[{"x":239,"y":20},{"x":375,"y":26},{"x":372,"y":85},{"x":237,"y":78}],"lines":[{"boundingBox":{"bottom":84,"left":236,"right":375,"top":20},"cornerPoints":[{"x":239,"y":20},{"x":375,"y":26},{"x":372,"y":84},{"x":236,"y":78}],"elements":[{"boundingBox":{"bottom":84,"left":236,"right":375,"top":20},"cornerPoints":[{"x":239,"y":20},{"x":375,"y":26},{"x":372,"y":84},{"x":236,"y":78}],"recognizedLanguage":"und-Latn","text":"27Kg"}],"recognizedLanguage":"und-Latn","text":"27Kg"}],"recognizedLanguage":"und-Latn","text":"27Kg"}]}}
08-28 00:06:16.409  5154  5198 I Unity   : MLKit: GetResult() : id=-2147483648
08-28 00:06:16.410  5154  5198 I Unity   : MLKit: Abort id=-2147483648
08-28 00:06:17.059  5154  5198 I Unity   : MLKit Recognize: 384x155 pixelCount=59520 id=243
08-28 00:06:17.078  5154  5198 D MLKit   : input 384x155 pixelCount=59520 id=243
08-28 00:06:17.199  5154  5154 D MLKit   : parseText 27Kg 1
08-28 00:06:17.199  5154  5154 D MLKit   : parseTextBlock 27Kg 1 (243,15) - (382,60)
08-28 00:06:17.200  5154  5154 D MLKit   : parseLine 27Kg 1 (242,15) - (382,59)
08-28 00:06:17.200  5154  5154 D MLKit   : parseElement 27Kg (242,15) - (382,59)
08-28 00:06:17.207  5154  5198 I Unity   : MLKitWrapper.OnComplete: json
08-28 00:06:17.207  5154  5198 I Unity   : {"requestId":243,"text":{"text":"27Kg","textBlocks":[{"boundingBox":{"bottom":60,"left":243,"right":382,"top":15},"cornerPoints":[{"x":244,"y":15},{"x":382,"y":19},{"x":381,"y":60},{"x":243,"y":55}],"lines":[{"boundingBox":{"bottom":59,"left":242,"right":382,"top":15},"cornerPoints":[{"x":244,"y":15},{"x":382,"y":19},{"x":380,"y":59},{"x":242,"y":55}],"elements":[{"boundingBox":{"bottom":59,"left":242,"right":382,"top":15},"cornerPoints":[{"x":244,"y":15},{"x":382,"y":19},{"x":380,"y":59},{"x":242,"y":55}],"recognizedLanguage":"und-Latn","text":"27Kg"}],"recognizedLanguage":"und-Latn","text":"27Kg"}],"recognizedLanguage":"und-Latn","text":"27Kg"}]}}
08-28 00:06:17.220  5154  5198 I Unity   : MLKit: GetResult() : id=-2147483648
08-28 00:06:17.221  5154  5198 I Unity   : MLKit: Abort id=-2147483648
08-28 00:06:17.221  5154  5198 I Unity   : Word: 27Kg -> (242.00, 133.78) (382.00, 195.10)
08-28 00:06:17.222  5154  5198 I Unity   : 	Zone: 0 (225.00, 6.00) (375.00, 126.00) collide:False
08-28 00:06:17.269  5154  5198 I Unity   : MLKit Recognize: 384x169 pixelCount=64896 id=244
08-28 00:06:17.294  5154  5198 D MLKit   : input 384x169 pixelCount=64896 id=244
08-28 00:06:17.433  5154  5154 D MLKit   : parseText 27Kg 1
08-28 00:06:17.433  5154  5154 D MLKit   : parseTextBlock 27Kg 1 (242,14) - (382,67)
08-28 00:06:17.433  5154  5154 D MLKit   : parseLine 27Kg 1 (241,14) - (382,67)
08-28 00:06:17.433  5154  5154 D MLKit   : parseElement 27Kg (241,14) - (382,67)
08-28 00:06:17.448  5154  5198 I Unity   : MLKitWrapper.OnComplete: json
08-28 00:06:17.448  5154  5198 I Unity   : {"requestId":244,"text":{"text":"27Kg","textBlocks":[{"boundingBox":{"bottom":67,"left":242,"right":382,"top":14},"cornerPoints":[{"x":244,"y":14},{"x":382,"y":21},{"x":380,"y":67},{"x":242,"y":60}],"lines":[{"boundingBox":{"bottom":67,"left":241,"right":382,"top":14},"cornerPoints":[{"x":244,"y":14},{"x":382,"y":21},{"x":379,"y":67},{"x":241,"y":60}],"elements":[{"boundingBox":{"bottom":67,"left":241,"right":382,"top":14},"cornerPoints":[{"x":244,"y":14},{"x":382,"y":21},{"x":379,"y":67},{"x":241,"y":60}],"recognizedLanguage":"und-Latn","text":"27Kg"}],"recognizedLanguage":"und-Latn","text":"27Kg"}],"recognizedLanguage":"und-Latn","text":"27Kg"}]}}
08-28 00:06:17.465  5154  5198 I Unity   : MLKit: GetResult() : id=-2147483648
08-28 00:06:17.465  5154  5198 I Unity   : MLKit: Abort id=-2147483648
08-28 00:06:17.466  5154  5198 I Unity   : Word: 27Kg -> (241.00, 130.37) (382.00, 198.11)
08-28 00:06:17.467  5154  5198 I Unity   : 	Zone: 0 (225.00, 6.00) (375.00, 126.00) collide:False
08-28 00:06:17.509  5154  5198 I Unity   : MLKit Recognize: 200x216 pixelCount=43200 id=245
08-28 00:06:17.527  5154  5198 D MLKit   : input 200x216 pixelCount=43200 id=245
08-28 00:06:17.689  5154  5198 I Unity   : MLKit Recognize: 253x216 pixelCount=54648 id=246
08-28 00:06:17.689  5154  5198 I Unity   : MLKit: Abort id=245
08-28 00:06:17.712  5154  5198 D MLKit   : input 253x216 pixelCount=54648 id=246
08-28 00:06:17.786  5154  5154 D MLKit   : parseText 7 1
08-28 00:06:17.786  5154  5154 D MLKit   : parseTextBlock 7 1 (144,111) - (164,155)
08-28 00:06:17.786  5154  5154 D MLKit   : parseLine 7 1 (144,111) - (164,155)
08-28 00:06:17.786  5154  5154 D MLKit   : parseElement 7 (144,111) - (164,155)
08-28 00:06:17.793  5154  5198 I Unity   : MLKitWrapper.OnComplete: json
08-28 00:06:17.793  5154  5198 I Unity   : {"requestId":245,"text":{"text":"7","textBlocks":[{"boundingBox":{"bottom":155,"left":144,"right":164,"top":111},"cornerPoints":[{"x":144,"y":111},{"x":164,"y":111},{"x":164,"y":155},{"x":144,"y":155}],"lines":[{"boundingBox":{"bottom":155,"left":144,"right":164,"top":111},"cornerPoints":[{"x":144,"y":111},{"x":164,"y":111},{"x":164,"y":155},{"x":144,"y":155}],"elements":[{"boundingBox":{"bottom":155,"left":144,"right":164,"top":111},"cornerPoints":[{"x":144,"y":111},{"x":164,"y":111},{"x":164,"y":155},{"x":144,"y":155}],"recognizedLanguage":"und-Latn","text":"7"}],"recognizedLanguage":"und-Latn","text":"7"}],"recognizedLanguage":"und-Latn","text":"7"}]}}
08-28 00:06:17.993  5154  5154 D MLKit   : parseText 27Kg
08-28 00:06:17.993  5154  5154 D MLKit   : 7 2
08-28 00:06:17.993  5154  5154 D MLKit   : parseTextBlock 27Kg 1 (158,22) - (250,85)
08-28 00:06:17.993  5154  5154 D MLKit   : parseLine 27Kg 1 (157,22) - (250,84)
08-28 00:06:17.993  5154  5154 D MLKit   : parseElement 27Kg (157,22) - (250,84)
08-28 00:06:17.993  5154  5154 D MLKit   : parseTextBlock 7 1 (173,106) - (207,194)
08-28 00:06:17.993  5154  5154 D MLKit   : parseLine 7 1 (173,106) - (207,194)
08-28 00:06:17.993  5154  5154 D MLKit   : parseElement 7 (173,106) - (207,194)
08-28 00:06:17.999  5154  5198 I Unity   : MLKitWrapper.OnComplete: json
08-28 00:06:17.999  5154  5198 I Unity   : {"requestId":246,"text":{"text":"27Kg\n7","textBlocks":[{"boundingBox":{"bottom":85,"left":158,"right":250,"top":22},"cornerPoints":[{"x":160,"y":22},{"x":250,"y":25},{"x":248,"y":85},{"x":158,"y":81}],"lines":[{"boundingBox":{"bottom":84,"left":157,"right":250,"top":22},"cornerPoints":[{"x":160,"y":22},{"x":250,"y":25},{"x":247,"y":84},{"x":157,"y":81}],"elements":[{"boundingBox":{"bottom":84,"left":157,"right":250,"top":22},"cornerPoints":[{"x":160,"y":22},{"x":250,"y":25},{"x":247,"y":84},{"x":157,"y":81}],"recognizedLanguage":"und-Latn","text":"27Kg"}],"recognizedLanguage":"und-Latn","text":"27Kg"}],"recognizedLanguage":"und-Latn","text":"27Kg"},{"boundingBox":{"bottom":194,"left":173,"right":207,"top":106},"cornerPoints":[{"x":173,"y":106},{"x":207,"y":106},{"x":207,"y":194},{"x":173,"y":194}],"lines":[{"boundingBox":{"bottom":194,"left":173,"right":207,"top":106},"cornerPoints":[{"x":173,"y":106},{"x":207,"y":106},{"x":207,"y":194},{"x":173,"y":194}],"elements":[{"bounding
08-28 00:06:18.015  5154  5198 I Unity   : MLKit: GetResult() : id=-2147483648
08-28 00:06:18.016  5154  5198 I Unity   : MLKit: Abort id=-2147483648
08-28 00:06:18.016  5154  5198 I Unity   : Word: 27Kg -> (238.29, 132.00) (379.45, 194.00)
08-28 00:06:18.016  5154  5198 I Unity   : 	Zone: 0 (225.00, 6.00) (375.00, 126.00) collide:False
08-28 00:06:18.016  5154  5198 I Unity   : Word: 7 -> (262.58, 22.00) (314.18, 110.00)
08-28 00:06:18.016  5154  5198 I Unity   : 	Zone: 0 (225.00, 6.00) (375.00, 126.00) collide:True
08-28 00:06:18.017  5154  5198 I Unity   : 7 -> 0 11.62057 7
08-28 00:06:18.017  5154  5198 I Unity   : Anno: 7 0 (265.61, 108.00)
08-28 00:06:18.017  5154  5198 I Unity   : Anno: 7 1 (311.15, 108.00)
08-28 00:06:18.017  5154  5198 I Unity   : Anno: 7 2 (311.15, 24.00)
08-28 00:06:18.017  5154  5198 I Unity   : Anno: 7 3 (265.61, 24.00)
08-28 00:06:18.068  5154  5198 I Unity   : MLKit Recognize: 219x216 pixelCount=47304 id=247
08-28 00:06:18.089  5154  5198 D MLKit   : input 219x216 pixelCount=47304 id=247
08-28 00:06:18.294  5154  5154 D MLKit   : parseText 7 1
08-28 00:06:18.294  5154  5154 D MLKit   : parseTextBlock 7 1 (157,106) - (196,194)
08-28 00:06:18.294  5154  5154 D MLKit   : parseLine 7 1 (157,106) - (196,194)
08-28 00:06:18.294  5154  5154 D MLKit   : parseElement 7 (157,106) - (196,194)
08-28 00:06:18.311  5154  5198 I Unity   : MLKitWrapper.OnComplete: json
08-28 00:06:18.311  5154  5198 I Unity   : {"requestId":247,"text":{"text":"7","textBlocks":[{"boundingBox":{"bottom":194,"left":157,"right":196,"top":106},"cornerPoints":[{"x":157,"y":106},{"x":196,"y":106},{"x":196,"y":194},{"x":157,"y":194}],"lines":[{"boundingBox":{"bottom":194,"left":157,"right":196,"top":106},"cornerPoints":[{"x":157,"y":106},{"x":196,"y":106},{"x":196,"y":194},{"x":157,"y":194}],"elements":[{"boundingBox":{"bottom":194,"left":157,"right":196,"top":106},"cornerPoints":[{"x":157,"y":106},{"x":196,"y":106},{"x":196,"y":194},{"x":157,"y":194}],"recognizedLanguage":"und-Latn","text":"7"}],"recognizedLanguage":"und-Latn","text":"7"}],"recognizedLanguage":"und-Latn","text":"7"}]}}
08-28 00:06:18.327  5154  5198 I Unity   : MLKit: GetResult() : id=-2147483648
08-28 00:06:18.327  5154  5198 I Unity   : MLKit: Abort id=-2147483648
08-28 00:06:18.328  5154  5198 I Unity   : Word: 7 -> (275.29, 22.00) (343.67, 110.00)
08-28 00:06:18.328  5154  5198 I Unity   : 	Zone: 0 (225.00, 6.00) (375.00, 126.00) collide:True
08-28 00:06:18.328  5154  5198 I Unity   : 7 -> 0 9.479431 7
08-28 00:06:18.328  5154  5198 I Unity   : Anno: 7 0 (278.79, 108.00)
08-28 00:06:18.329  5154  5198 I Unity   : Anno: 7 1 (340.16, 108.00)
08-28 00:06:18.329  5154  5198 I Unity   : Anno: 7 2 (340.16, 24.00)
08-28 00:06:18.329  5154  5198 I Unity   : Anno: 7 3 (278.79, 24.00)
08-28 00:06:18.381  5154  5198 I Unity   : MLKit Recognize: 200x216 pixelCount=43200 id=248
08-28 00:06:18.400  5154  5198 D MLKit   : input 200x216 pixelCount=43200 id=248
08-28 00:06:18.516  5154  5198 I Unity   : Cont. 88.628402/400	20/30-40
08-28 00:06:18.622  5154  5154 D MLKit   : parseText 27Kg 1
08-28 00:06:18.623  5154  5154 D MLKit   : parseTextBlock 27Kg 1 (126,25) - (198,85)
08-28 00:06:18.623  5154  5154 D MLKit   : parseLine 27Kg 1 (126,25) - (198,85)
08-28 00:06:18.623  5154  5154 D MLKit   : parseElement 27Kg (126,25) - (198,85)
08-28 00:06:18.640  5154  5198 I Unity   : MLKitWrapper.OnComplete: json
08-28 00:06:18.640  5154  5198 I Unity   : {"requestId":248,"text":{"text":"27Kg","textBlocks":[{"boundingBox":{"bottom":85,"left":126,"right":198,"top":25},"cornerPoints":[{"x":126,"y":25},{"x":198,"y":25},{"x":198,"y":85},{"x":126,"y":85}],"lines":[{"boundingBox":{"bottom":85,"left":126,"right":198,"top":25},"cornerPoints":[{"x":126,"y":25},{"x":198,"y":25},{"x":198,"y":85},{"x":126,"y":85}],"elements":[{"boundingBox":{"bottom":85,"left":126,"right":198,"top":25},"cornerPoints":[{"x":126,"y":25},{"x":198,"y":25},{"x":198,"y":85},{"x":126,"y":85}],"recognizedLanguage":"und-Latn","text":"27Kg"}],"recognizedLanguage":"und-Latn","text":"27Kg"}],"recognizedLanguage":"und-Latn","text":"27Kg"}]}}
08-28 00:06:18.657  5154  5198 I Unity   : MLKit: GetResult() : id=-2147483648
08-28 00:06:18.657  5154  5198 I Unity   : MLKit: Abort id=-2147483648
08-28 00:06:19.304  5154  5198 I Unity   : MLKit Recognize: 239x216 pixelCount=51624 id=249
08-28 00:06:19.319  5154  5198 D MLKit   : input 239x216 pixelCount=51624 id=249
08-28 00:06:19.564  5154  5154 D MLKit   : parseText 27Kg 1
08-28 00:06:19.564  5154  5154 D MLKit   : parseTextBlock 27Kg 1 (149,22) - (238,85)
08-28 00:06:19.564  5154  5154 D MLKit   : parseLine 27Kg 1 (148,22) - (238,84)
08-28 00:06:19.564  5154  5154 D MLKit   : parseElement 27Kg (148,22) - (238,84)
08-28 00:06:19.574  5154  5198 I Unity   : MLKitWrapper.OnComplete: json
08-28 00:06:19.574  5154  5198 I Unity   : {"requestId":249,"text":{"text":"27Kg","textBlocks":[{"boundingBox":{"bottom":85,"left":149,"right":238,"top":22},"cornerPoints":[{"x":151,"y":22},{"x":238,"y":25},{"x":236,"y":85},{"x":149,"y":81}],"lines":[{"boundingBox":{"bottom":84,"left":148,"right":238,"top":22},"cornerPoints":[{"x":151,"y":22},{"x":238,"y":25},{"x":235,"y":84},{"x":148,"y":81}],"elements":[{"boundingBox":{"bottom":84,"left":148,"right":238,"top":22},"cornerPoints":[{"x":151,"y":22},{"x":238,"y":25},{"x":235,"y":84},{"x":148,"y":81}],"recognizedLanguage":"und-Latn","text":"27Kg"}],"recognizedLanguage":"und-Latn","text":"27Kg"}],"recognizedLanguage":"und-Latn","text":"27Kg"}]}}
08-28 00:06:19.591  5154  5198 I Unity   : MLKit: GetResult() : id=-2147483648
08-28 00:06:19.592  5154  5198 I Unity   : MLKit: Abort id=-2147483648
08-28 00:06:19.592  5154  5198 I Unity   : Word: 27Kg -> (237.79, 132.00) (382.39, 194.00)
08-28 00:06:19.592  5154  5198 I Unity   : 	Zone: 0 (225.00, 6.00) (375.00, 126.00) collide:False
08-28 00:06:19.661  5154  5198 I Unity   : MLKit Recognize: 207x216 pixelCount=44712 id=250
08-28 00:06:19.675  5154  5198 D MLKit   : input 207x216 pixelCount=44712 id=250
08-28 00:06:19.874  5154  5154 D MLKit   : parseText  0
08-28 00:06:19.885  5154  5198 I Unity   : MLKitWrapper.OnComplete: json
08-28 00:06:19.885  5154  5198 I Unity   : {"requestId":250,"text":{"text":"","textBlocks":[]}}
08-28 00:06:19.901  5154  5198 I Unity   : MLKit: GetResult() : id=-2147483648
08-28 00:06:19.901  5154  5198 I Unity   : MLKit: Abort id=-2147483648
08-28 00:06:19.959  5154  5198 I Unity   : MLKit Recognize: 284x216 pixelCount=61344 id=251
08-28 00:06:19.981  5154  5198 D MLKit   : input 284x216 pixelCount=61344 id=251
08-28 00:06:20.180  5154  5198 I Unity   : MLKit Recognize: 384x171 pixelCount=65664 id=252
08-28 00:06:20.180  5154  5198 I Unity   : MLKit: Abort id=251
08-28 00:06:20.198  5154  5198 D MLKit   : input 384x171 pixelCount=65664 id=252
08-28 00:06:20.265  5154  5154 D MLKit   : parseText 27Kg 1
08-28 00:06:20.265  5154  5154 D MLKit   : parseTextBlock 27Kg 1 (177,20) - (283,85)
08-28 00:06:20.265  5154  5154 D MLKit   : parseLine 27Kg 1 (176,20) - (283,84)
08-28 00:06:20.265  5154  5154 D MLKit   : parseElement 27Kg (176,20) - (283,84)
08-28 00:06:20.289  5154  5198 I Unity   : MLKitWrapper.OnComplete: json
08-28 00:06:20.289  5154  5198 I Unity   : {"requestId":251,"text":{"text":"27Kg","textBlocks":[{"boundingBox":{"bottom":85,"left":177,"right":283,"top":20},"cornerPoints":[{"x":180,"y":20},{"x":283,"y":26},{"x":280,"y":85},{"x":177,"y":78}],"lines":[{"boundingBox":{"bottom":84,"left":176,"right":283,"top":20},"cornerPoints":[{"x":180,"y":20},{"x":283,"y":26},{"x":279,"y":84},{"x":176,"y":78}],"elements":[{"boundingBox":{"bottom":84,"left":176,"right":283,"top":20},"cornerPoints":[{"x":180,"y":20},{"x":283,"y":26},{"x":279,"y":84},{"x":176,"y":78}],"recognizedLanguage":"und-Latn","text":"27Kg"}],"recognizedLanguage":"und-Latn","text":"27Kg"}],"recognizedLanguage":"und-Latn","text":"27Kg"}]}}
08-28 00:06:20.366  5154  5154 D MLKit   : parseText 27Kg
08-28 00:06:20.366  5154  5154 D MLKit   : 2 2
08-28 00:06:20.366  5154  5154 D MLKit   : parseTextBlock 27Kg 1 (243,16) - (382,68)
08-28 00:06:20.366  5154  5154 D MLKit   : parseLine 27Kg 1 (242,16) - (382,67)
08-28 00:06:20.366  5154  5154 D MLKit   : parseElement 27Kg (242,16) - (382,67)
08-28 00:06:20.366  5154  5154 D MLKit   : parseTextBlock 2 1 (270,82) - (328,154)
08-28 00:06:20.366  5154  5154 D MLKit   : parseLine 2 1 (270,82) - (328,154)
08-28 00:06:20.366  5154  5154 D MLKit   : parseElement 2 (270,82) - (328,154)
08-28 00:06:20.385  5154  5198 I Unity   : MLKitWrapper.OnComplete: json
08-28 00:06:20.385  5154  5198 I Unity   : {"requestId":252,"text":{"text":"27Kg\n2","textBlocks":[{"boundingBox":{"bottom":68,"left":243,"right":382,"top":16},"cornerPoints":[{"x":244,"y":16},{"x":382,"y":21},{"x":380,"y":68},{"x":243,"y":62}],"lines":[{"boundingBox":{"bottom":67,"left":242,"right":382,"top":16},"cornerPoints":[{"x":244,"y":16},{"x":382,"y":21},{"x":380,"y":67},{"x":242,"y":62}],"elements":[{"boundingBox":{"bottom":67,"left":242,"right":382,"top":16},"cornerPoints":[{"x":244,"y":16},{"x":382,"y":21},{"x":380,"y":67},{"x":242,"y":62}],"recognizedLanguage":"und-Latn","text":"27Kg"}],"recognizedLanguage":"und-Latn","text":"27Kg"}],"recognizedLanguage":"und-Latn","text":"27Kg"},{"boundingBox":{"bottom":154,"left":270,"right":328,"top":82},"cornerPoints":[{"x":270,"y":82},{"x":328,"y":82},{"x":328,"y":154},{"x":270,"y":154}],"lines":[{"boundingBox":{"bottom":154,"left":270,"right":328,"top":82},"cornerPoints":[{"x":270,"y":82},{"x":328,"y":82},{"x":328,"y":154},{"x":270,"y":154}],"elements":[{"boundingBox":{
08-28 00:06:20.402  5154  5198 I Unity   : MLKit: GetResult() : id=-2147483648
08-28 00:06:20.402  5154  5198 I Unity   : MLKit: Abort id=-2147483648
08-28 00:06:20.403  5154  5198 I Unity   : Word: 27Kg -> (242.00, 131.37) (382.00, 195.79)
08-28 00:06:20.403  5154  5198 I Unity   : 	Zone: 0 (225.00, 6.00) (375.00, 126.00) collide:False
08-28 00:06:20.404  5154  5198 I Unity   : Word: 2 -> (270.00, 21.47) (328.00, 112.42)
08-28 00:06:20.404  5154  5198 I Unity   : 	Zone: 0 (225.00, 6.00) (375.00, 126.00) collide:True
08-28 00:06:20.404  5154  5198 I Unity   : 2 -> 0 1.377414 2
08-28 00:06:20.404  5154  5198 I Unity   : Anno: 2 0 (272.00, 109.89)
08-28 00:06:20.404  5154  5198 I Unity   : Anno: 2 1 (326.00, 109.89)
08-28 00:06:20.404  5154  5198 I Unity   : Anno: 2 2 (326.00, 24.00)
08-28 00:06:20.405  5154  5198 I Unity   : Anno: 2 3 (272.00, 24.00)
08-28 00:06:20.459  5154  5198 I Unity   : MLKit Recognize: 384x196 pixelCount=75264 id=253
08-28 00:06:20.487  5154  5198 D MLKit   : input 384x196 pixelCount=75264 id=253
08-28 00:06:20.658  5154  5154 D MLKit   : parseText 27Kg
08-28 00:06:20.658  5154  5154 D MLKit   : 2 2
08-28 00:06:20.659  5154  5154 D MLKit   : parseTextBlock 27Kg 1 (242,18) - (382,78)
08-28 00:06:20.659  5154  5154 D MLKit   : parseLine 27Kg 1 (241,18) - (382,77)
08-28 00:06:20.659  5154  5154 D MLKit   : parseElement 27Kg (241,18) - (382,77)
08-28 00:06:20.659  5154  5154 D MLKit   : parseTextBlock 2 1 (271,93) - (327,176)
08-28 00:06:20.659  5154  5154 D MLKit   : parseLine 2 1 (271,93) - (327,176)
08-28 00:06:20.659  5154  5154 D MLKit   : parseElement 2 (271,93) - (327,176)
08-28 00:06:20.664  5154  5198 I Unity   : MLKitWrapper.OnComplete: json
08-28 00:06:20.664  5154  5198 I Unity   : {"requestId":253,"text":{"text":"27Kg\n2","textBlocks":[{"boundingBox":{"bottom":78,"left":242,"right":382,"top":18},"cornerPoints":[{"x":244,"y":18},{"x":382,"y":23},{"x":380,"y":78},{"x":242,"y":72}],"lines":[{"boundingBox":{"bottom":77,"left":241,"right":382,"top":18},"cornerPoints":[{"x":244,"y":18},{"x":382,"y":23},{"x":379,"y":77},{"x":241,"y":72}],"elements":[{"boundingBox":{"bottom":77,"left":241,"right":382,"top":18},"cornerPoints":[{"x":244,"y":18},{"x":382,"y":23},{"x":379,"y":77},{"x":241,"y":72}],"recognizedLanguage":"und-Latn","text":"27Kg"}],"recognizedLanguage":"und-Latn","text":"27Kg"}],"recognizedLanguage":"und-Latn","text":"27Kg"},{"boundingBox":{"bottom":176,"left":271,"right":327,"top":93},"cornerPoints":[{"x":271,"y":93},{"x":327,"y":93},{"x":327,"y":176},{"x":271,"y":176}],"lines":[{"boundingBox":{"bottom":176,"left":271,"right":327,"top":93},"cornerPoints":[{"x":271,"y":93},{"x":327,"y":93},{"x":327,"y":176},{"x":271,"y":176}],"elements":[{"boundingBox":{
08-28 00:06:20.679  5154  5198 I Unity   : MLKit: GetResult() : id=-2147483648
08-28 00:06:20.679  5154  5198 I Unity   : MLKit: Abort id=-2147483648
08-28 00:06:20.680  5154  5198 I Unity   : Word: 27Kg -> (241.00, 131.14) (382.00, 196.16)
08-28 00:06:20.680  5154  5198 I Unity   : 	Zone: 0 (225.00, 6.00) (375.00, 126.00) collide:False
08-28 00:06:20.680  5154  5198 I Unity   : Word: 2 -> (271.00, 22.04) (327.00, 113.51)
08-28 00:06:20.681  5154  5198 I Unity   : 	Zone: 0 (225.00, 6.00) (375.00, 126.00) collide:True
08-28 00:06:20.681  5154  5198 I Unity   : 2 -> 0 2.037642 2
08-28 00:06:20.681  5154  5198 I Unity   : Anno: 2 0 (273.00, 111.31)
08-28 00:06:20.681  5154  5198 I Unity   : Anno: 2 1 (325.00, 111.31)
08-28 00:06:20.681  5154  5198 I Unity   : Anno: 2 2 (325.00, 24.24)
08-28 00:06:20.681  5154  5198 I Unity   : Anno: 2 3 (273.00, 24.24)
08-28 00:06:20.724  5154  5198 I Unity   : MLKit Recognize: 272x216 pixelCount=58752 id=254
08-28 00:06:20.747  5154  5198 D MLKit   : input 272x216 pixelCount=58752 id=254
08-28 00:06:20.902  5154  5198 I Unity   : Cont. 91.013653/400	21/30-40
08-28 00:06:21.085  5154  5154 D MLKit   : parseText 27Kg
08-28 00:06:21.085  5154  5154 D MLKit   : 2 2
08-28 00:06:21.085  5154  5154 D MLKit   : parseTextBlock 27Kg 1 (170,23) - (271,85)
08-28 00:06:21.085  5154  5154 D MLKit   : parseLine 27Kg 1 (169,23) - (271,84)
08-28 00:06:21.085  5154  5154 D MLKit   : parseElement 27Kg (169,23) - (271,84)
08-28 00:06:21.085  5154  5154 D MLKit   : parseTextBlock 2 1 (168,99) - (236,193)
08-28 00:06:21.085  5154  5154 D MLKit   : parseLine 2 1 (167,99) - (236,193)
08-28 00:06:21.085  5154  5154 D MLKit   : parseElement 2 (167,99) - (236,193)
08-28 00:06:21.094  5154  5198 I Unity   : MLKitWrapper.OnComplete: json
08-28 00:06:21.094  5154  5198 I Unity   : {"requestId":254,"text":{"text":"27Kg\n2","textBlocks":[{"boundingBox":{"bottom":85,"left":170,"right":271,"top":23},"cornerPoints":[{"x":172,"y":23},{"x":271,"y":26},{"x":269,"y":85},{"x":170,"y":81}],"lines":[{"boundingBox":{"bottom":84,"left":169,"right":271,"top":23},"cornerPoints":[{"x":172,"y":23},{"x":271,"y":26},{"x":268,"y":84},{"x":169,"y":81}],"elements":[{"boundingBox":{"bottom":84,"left":169,"right":271,"top":23},"cornerPoints":[{"x":172,"y":23},{"x":271,"y":26},{"x":268,"y":84},{"x":169,"y":81}],"recognizedLanguage":"und-Latn","text":"27Kg"}],"recognizedLanguage":"und-Latn","text":"27Kg"}],"recognizedLanguage":"und-Latn","text":"27Kg"},{"boundingBox":{"bottom":193,"left":168,"right":236,"top":99},"cornerPoints":[{"x":174,"y":99},{"x":236,"y":103},{"x":230,"y":193},{"x":168,"y":189}],"lines":[{"boundingBox":{"bottom":193,"left":167,"right":236,"top":99},"cornerPoints":[{"x":174,"y":99},{"x":236,"y":103},{"x":229,"y":193},{"x":167,"y":189}],"elements":[{"boundingBox"
08-28 00:06:21.110  5154  5198 I Unity   : MLKit: GetResult() : id=-2147483648
08-28 00:06:21.111  5154  5198 I Unity   : MLKit: Abort id=-2147483648
08-28 00:06:21.691  5154  5198 I Unity   : MLKit Recognize: 198x216 pixelCount=42768 id=255
08-28 00:06:21.706  5154  5198 D MLKit   : input 198x216 pixelCount=42768 id=255
08-28 00:06:21.917  5154  5154 D MLKit   : parseText  0
08-28 00:06:21.925  5154  5198 I Unity   : MLKitWrapper.OnComplete: json
08-28 00:06:21.925  5154  5198 I Unity   : {"requestId":255,"text":{"text":"","textBlocks":[]}}
08-28 00:06:21.941  5154  5198 I Unity   : MLKit: GetResult() : id=-2147483648
08-28 00:06:21.942  5154  5198 I Unity   : MLKit: Abort id=-2147483648
08-28 00:06:22.001  5154  5198 I Unity   : MLKit Recognize: 384x153 pixelCount=58752 id=256
08-28 00:06:22.026  5154  5198 D MLKit   : input 384x153 pixelCount=58752 id=256
08-28 00:06:22.157  5154  5154 D MLKit   : parseText 27Kg 1
08-28 00:06:22.157  5154  5154 D MLKit   : parseTextBlock 27Kg 1 (243,14) - (382,59)
08-28 00:06:22.157  5154  5154 D MLKit   : parseLine 27Kg 1 (242,14) - (382,58)
08-28 00:06:22.157  5154  5154 D MLKit   : parseElement 27Kg (242,14) - (382,58)
08-28 00:06:22.168  5154  5198 I Unity   : MLKitWrapper.OnComplete: json
08-28 00:06:22.168  5154  5198 I Unity   : {"requestId":256,"text":{"text":"27Kg","textBlocks":[{"boundingBox":{"bottom":59,"left":243,"right":382,"top":14},"cornerPoints":[{"x":244,"y":14},{"x":382,"y":18},{"x":381,"y":59},{"x":243,"y":54}],"lines":[{"boundingBox":{"bottom":58,"left":242,"right":382,"top":14},"cornerPoints":[{"x":244,"y":14},{"x":382,"y":18},{"x":380,"y":58},{"x":242,"y":54}],"elements":[{"boundingBox":{"bottom":58,"left":242,"right":382,"top":14},"cornerPoints":[{"x":244,"y":14},{"x":382,"y":18},{"x":380,"y":58},{"x":242,"y":54}],"recognizedLanguage":"und-Latn","text":"27Kg"}],"recognizedLanguage":"und-Latn","text":"27Kg"}],"recognizedLanguage":"und-Latn","text":"27Kg"}]}}
08-28 00:06:22.184  5154  5198 I Unity   : MLKit: GetResult() : id=-2147483648
08-28 00:06:22.184  5154  5198 I Unity   : MLKit: Abort id=-2147483648
08-28 00:06:22.185  5154  5198 I Unity   : Word: 27Kg -> (242.00, 134.12) (382.00, 196.24)
08-28 00:06:22.185  5154  5198 I Unity   : 	Zone: 0 (225.00, 6.00) (375.00, 126.00) collide:False
08-28 00:06:22.229  5154  5198 I Unity   : MLKit Recognize: 384x168 pixelCount=64512 id=257
08-28 00:06:22.254  5154  5198 D MLKit   : input 384x168 pixelCount=64512 id=257
08-28 00:06:22.405  5154  5154 D MLKit   : parseText 27Kg 1
08-28 00:06:22.405  5154  5154 D MLKit   : parseTextBlock 27Kg 1 (243,16) - (382,67)
08-28 00:06:22.405  5154  5154 D MLKit   : parseLine 27Kg 1 (242,16) - (382,66)
08-28 00:06:22.405  5154  5154 D MLKit   : parseElement 27Kg (242,16) - (382,66)
08-28 00:06:22.410  5154  5198 I Unity   : MLKitWrapper.OnComplete: json
08-28 00:06:22.410  5154  5198 I Unity   : {"requestId":257,"text":{"text":"27Kg","textBlocks":[{"boundingBox":{"bottom":67,"left":243,"right":382,"top":16},"cornerPoints":[{"x":244,"y":16},{"x":382,"y":21},{"x":381,"y":67},{"x":243,"y":61}],"lines":[{"boundingBox":{"bottom":66,"left":242,"right":382,"top":16},"cornerPoints":[{"x":244,"y":16},{"x":382,"y":21},{"x":380,"y":66},{"x":242,"y":61}],"elements":[{"boundingBox":{"bottom":66,"left":242,"right":382,"top":16},"cornerPoints":[{"x":244,"y":16},{"x":382,"y":21},{"x":380,"y":66},{"x":242,"y":61}],"recognizedLanguage":"und-Latn","text":"27Kg"}],"recognizedLanguage":"und-Latn","text":"27Kg"}],"recognizedLanguage":"und-Latn","text":"27Kg"}]}}
08-28 00:06:22.427  5154  5198 I Unity   : MLKit: GetResult() : id=-2147483648
08-28 00:06:22.427  5154  5198 I Unity   : MLKit: Abort id=-2147483648
08-28 00:06:22.428  5154  5198 I Unity   : Word: 27Kg -> (242.00, 131.14) (382.00, 195.43)
08-28 00:06:22.428  5154  5198 I Unity   : 	Zone: 0 (225.00, 6.00) (375.00, 126.00) collide:False
08-28 00:06:22.473  5154  5198 I Unity   : MLKit Recognize: 217x216 pixelCount=46872 id=258
08-28 00:06:22.490  5154  5198 D MLKit   : input 217x216 pixelCount=46872 id=258
08-28 00:06:22.712  5154  5154 D MLKit   : parseText 27Kg 1
08-28 00:06:22.712  5154  5154 D MLKit   : parseTextBlock 27Kg 1 (135,23) - (215,85)
08-28 00:06:22.712  5154  5154 D MLKit   : parseLine 27Kg 1 (134,23) - (215,84)
08-28 00:06:22.712  5154  5154 D MLKit   : parseElement 27Kg (134,23) - (215,84)
08-28 00:06:22.721  5154  5198 I Unity   : MLKitWrapper.OnComplete: json
08-28 00:06:22.721  5154  5198 I Unity   : {"requestId":258,"text":{"text":"27Kg","textBlocks":[{"boundingBox":{"bottom":85,"left":135,"right":215,"top":23},"cornerPoints":[{"x":137,"y":23},{"x":215,"y":26},{"x":213,"y":85},{"x":135,"y":81}],"lines":[{"boundingBox":{"bottom":84,"left":134,"right":215,"top":23},"cornerPoints":[{"x":137,"y":23},{"x":215,"y":26},{"x":212,"y":84},{"x":134,"y":81}],"elements":[{"boundingBox":{"bottom":84,"left":134,"right":215,"top":23},"cornerPoints":[{"x":137,"y":23},{"x":215,"y":26},{"x":212,"y":84},{"x":134,"y":81}],"recognizedLanguage":"und-Latn","text":"27Kg"}],"recognizedLanguage":"und-Latn","text":"27Kg"}],"recognizedLanguage":"und-Latn","text":"27Kg"}]}}
08-28 00:06:22.736  5154  5198 I Unity   : MLKit: GetResult() : id=-2147483648
08-28 00:06:22.737  5154  5198 I Unity   : MLKit: Abort id=-2147483648
08-28 00:06:22.737  5154  5198 I Unity   : Word: 27Kg -> (237.12, 132.00) (380.46, 193.00)
08-28 00:06:22.738  5154  5198 I Unity   : 	Zone: 0 (225.00, 6.00) (375.00, 126.00) collide:False
08-28 00:06:22.792  5154  5198 I Unity   : MLKit Recognize: 384x165 pixelCount=63360 id=259
08-28 00:06:22.815  5154  5198 D MLKit   : input 384x165 pixelCount=63360 id=259
08-28 00:06:22.981  5154  5154 D MLKit   : parseText 27Kg 1
08-28 00:06:22.981  5154  5154 D MLKit   : parseTextBlock 27Kg 1 (242,15) - (382,66)
08-28 00:06:22.981  5154  5154 D MLKit   : parseLine 27Kg 1 (241,15) - (382,65)
08-28 00:06:22.981  5154  5154 D MLKit   : parseElement 27Kg (241,15) - (382,65)
08-28 00:06:22.996  5154  5198 I Unity   : MLKitWrapper.OnComplete: json
08-28 00:06:22.996  5154  5198 I Unity   : {"requestId":259,"text":{"text":"27Kg","textBlocks":[{"boundingBox":{"bottom":66,"left":242,"right":382,"top":15},"cornerPoints":[{"x":243,"y":15},{"x":382,"y":20},{"x":381,"y":66},{"x":242,"y":60}],"lines":[{"boundingBox":{"bottom":65,"left":241,"right":382,"top":15},"cornerPoints":[{"x":243,"y":15},{"x":382,"y":20},{"x":380,"y":65},{"x":241,"y":60}],"elements":[{"boundingBox":{"bottom":65,"left":241,"right":382,"top":15},"cornerPoints":[{"x":243,"y":15},{"x":382,"y":20},{"x":380,"y":65},{"x":241,"y":60}],"recognizedLanguage":"und-Latn","text":"27Kg"}],"recognizedLanguage":"und-Latn","text":"27Kg"}],"recognizedLanguage":"und-Latn","text":"27Kg"}]}}
08-28 00:06:23.012  5154  5198 I Unity   : MLKit: GetResult() : id=-2147483648
08-28 00:06:23.013  5154  5198 I Unity   : MLKit: Abort id=-2147483648
08-28 00:06:23.013  5154  5198 I Unity   : Word: 27Kg -> (241.00, 130.91) (382.00, 196.36)
08-28 00:06:23.013  5154  5198 I Unity   : 	Zone: 0 (225.00, 6.00) (375.00, 126.00) collide:False
08-28 00:06:23.059  5154  5198 I Unity   : MLKit Recognize: 384x157 pixelCount=60288 id=260
08-28 00:06:23.084  5154  5198 D MLKit   : input 384x157 pixelCount=60288 id=260
08-28 00:06:23.261  5154  5154 D MLKit   : parseText 27Kg
08-28 00:06:23.261  5154  5154 D MLKit   : 8 1
08-28 00:06:23.261  5154  5154 D MLKit   : parseTextBlock 27Kg
08-28 00:06:23.261  5154  5154 D MLKit   : 8 2 (240,15) - (382,140)
08-28 00:06:23.261  5154  5154 D MLKit   : parseLine 27Kg 1 (241,15) - (382,60)
08-28 00:06:23.261  5154  5154 D MLKit   : parseElement 27Kg (241,15) - (382,60)
08-28 00:06:23.261  5154  5154 D MLKit   : parseLine 8 1 (280,75) - (332,138)
08-28 00:06:23.261  5154  5154 D MLKit   : parseElement 8 (280,75) - (332,138)
08-28 00:06:23.273  5154  5198 I Unity   : MLKitWrapper.OnComplete: json
08-28 00:06:23.273  5154  5198 I Unity   : {"requestId":260,"text":{"text":"27Kg\n8","textBlocks":[{"boundingBox":{"bottom":140,"left":240,"right":382,"top":15},"cornerPoints":[{"x":243,"y":15},{"x":382,"y":18},{"x":379,"y":140},{"x":240,"y":136}],"lines":[{"boundingBox":{"bottom":60,"left":241,"right":382,"top":15},"cornerPoints":[{"x":243,"y":15},{"x":382,"y":18},{"x":380,"y":60},{"x":241,"y":57}],"elements":[{"boundingBox":{"bottom":60,"left":241,"right":382,"top":15},"cornerPoints":[{"x":243,"y":15},{"x":382,"y":18},{"x":380,"y":60},{"x":241,"y":57}],"recognizedLanguage":"und-Latn","text":"27Kg"}],"recognizedLanguage":"und-Latn","text":"27Kg"},{"boundingBox":{"bottom":138,"left":280,"right":332,"top":75},"cornerPoints":[{"x":280,"y":75},{"x":332,"y":75},{"x":332,"y":138},{"x":280,"y":138}],"elements":[{"boundingBox":{"bottom":138,"left":280,"right":332,"top":75},"cornerPoints":[{"x":280,"y":75},{"x":332,"y":75},{"x":332,"y":138},{"x":280,"y":138}],"recognizedLanguage":"und-Latn","text":"8"}],"recognizedLanguage":"und
08-28 00:06:23.288  5154  5198 I Unity   : MLKit: GetResult() : id=-2147483648
08-28 00:06:23.289  5154  5198 I Unity   : MLKit: Abort id=-2147483648
08-28 00:06:23.290  5154  5198 I Unity   : Word: 27Kg -> (241.00, 133.45) (382.00, 195.36)
08-28 00:06:23.291  5154  5198 I Unity   : 	Zone: 0 (225.00, 6.00) (375.00, 126.00) collide:False
08-28 00:06:23.291  5154  5198 I Unity   : Word: 8 -> (280.00, 26.14) (332.00, 112.82)
08-28 00:06:23.291  5154  5198 I Unity   : 	Zone: 0 (225.00, 6.00) (375.00, 126.00) collide:True
08-28 00:06:23.291  5154  5198 I Unity   : 8 -> 0 6.934955 8
08-28 00:06:23.292  5154  5198 I Unity   : Anno: 8 0 (282.00, 110.06)
08-28 00:06:23.292  5154  5198 I Unity   : Anno: 8 1 (330.00, 110.06)
08-28 00:06:23.292  5154  5198 I Unity   : Anno: 8 2 (330.00, 28.89)
08-28 00:06:23.292  5154  5198 I Unity   : Anno: 8 3 (282.00, 28.89)
08-28 00:06:23.343  5154  5198 I Unity   : MLKit Recognize: 337x216 pixelCount=72792 id=261
08-28 00:06:23.371  5154  5198 D MLKit   : input 337x216 pixelCount=72792 id=261
08-28 00:06:23.539  5154  5154 D MLKit   : parseText 27Kg
08-28 00:06:23.539  5154  5154 D MLKit   : 8 2
08-28 00:06:23.539  5154  5154 D MLKit   : parseTextBlock 27Kg 1 (210,20) - (335,85)
08-28 00:06:23.539  5154  5154 D MLKit   : parseLine 27Kg 1 (209,20) - (335,84)
08-28 00:06:23.539  5154  5154 D MLKit   : parseElement 27Kg (209,20) - (335,84)
08-28 00:06:23.539  5154  5154 D MLKit   : parseTextBlock 8 1 (244,104) - (290,190)
08-28 00:06:23.539  5154  5154 D MLKit   : parseLine 8 1 (244,104) - (290,190)
08-28 00:06:23.539  5154  5154 D MLKit   : parseElement 8 (244,104) - (290,190)
08-28 00:06:23.550  5154  5198 I Unity   : MLKitWrapper.OnComplete: json
08-28 00:06:23.550  5154  5198 I Unity   : {"requestId":261,"text":{"text":"27Kg\n8","textBlocks":[{"boundingBox":{"bottom":85,"left":210,"right":335,"top":20},"cornerPoints":[{"x":213,"y":20},{"x":335,"y":26},{"x":332,"y":85},{"x":210,"y":78}],"lines":[{"boundingBox":{"bottom":84,"left":209,"right":335,"top":20},"cornerPoints":[{"x":213,"y":20},{"x":335,"y":26},{"x":331,"y":84},{"x":209,"y":78}],"elements":[{"boundingBox":{"bottom":84,"left":209,"right":335,"top":20},"cornerPoints":[{"x":213,"y":20},{"x":335,"y":26},{"x":331,"y":84},{"x":209,"y":78}],"recognizedLanguage":"und-Latn","text":"27Kg"}],"recognizedLanguage":"und-Latn","text":"27Kg"}],"recognizedLanguage":"und-Latn","text":"27Kg"},{"boundingBox":{"bottom":190,"left":244,"right":290,"top":104},"cornerPoints":[{"x":244,"y":104},{"x":290,"y":104},{"x":290,"y":190},{"x":244,"y":190}],"lines":[{"boundingBox":{"bottom":190,"left":244,"right":290,"top":104},"cornerPoints":[{"x":244,"y":104},{"x":290,"y":104},{"x":290,"y":190},{"x":244,"y":190}],"elements":[{"bounding
08-28 00:06:23.565  5154  5198 I Unity   : MLKit: GetResult() : id=-2147483648
08-28 00:06:23.565  5154  5198 I Unity   : MLKit: Abort id=-2147483648
08-28 00:06:23.566  5154  5198 I Unity   : Word: 27Kg -> (238.15, 132.00) (381.72, 196.00)
08-28 00:06:23.566  5154  5198 I Unity   : 	Zone: 0 (225.00, 6.00) (375.00, 126.00) collide:False
08-28 00:06:23.567  5154  5198 I Unity   : Word: 8 -> (278.03, 26.00) (330.45, 112.00)
08-28 00:06:23.567  5154  5198 I Unity   : 	Zone: 0 (225.00, 6.00) (375.00, 126.00) collide:True
08-28 00:06:23.567  5154  5198 I Unity   : 8 -> 0 5.191825 8
08-28 00:06:23.567  5154  5198 I Unity   : Anno: 8 0 (280.31, 110.00)
