08-13 23:36:36.515  1469  5479 E IntervalStats: Unable to parse usage stats package 157
08-13 23:36:36.515  1469  5479 E IntervalStats: Unable to parse usage stats package 161
08-13 23:36:36.515  1469  5479 E IntervalStats: Unable to parse usage stats package 162
08-13 23:36:36.515  1469  5479 E IntervalStats: Unable to parse usage stats package 165
08-13 23:36:36.515  1469  5479 E IntervalStats: Unable to parse usage stats package 175
08-13 23:36:36.515  1469  5479 E IntervalStats: Unable to parse usage stats package 181
08-13 23:36:36.515  1469  5479 E IntervalStats: Unable to parse usage stats package 378
08-13 23:36:36.519  1469  5479 E IntervalStats: Unable to parse usage stats package 149
08-13 23:36:36.519  1469  5479 E IntervalStats: Unable to parse usage stats package 152
08-13 23:36:36.519  1469  5479 E IntervalStats: Unable to parse usage stats package 154
08-13 23:36:36.519  1469  5479 E IntervalStats: Unable to parse usage stats package 155
08-13 23:36:36.519  1469  5479 E IntervalStats: Unable to parse usage stats package 156
08-13 23:36:36.520  1469  5479 E IntervalStats: Unable to parse usage stats package 157
08-13 23:36:36.520  1469  5479 E IntervalStats: Unable to parse usage stats package 161
08-13 23:36:36.520  1469  5479 E IntervalStats: Unable to parse usage stats package 162
08-13 23:36:36.520  1469  5479 E IntervalStats: Unable to parse usage stats package 165
08-13 23:36:36.520  1469  5479 E IntervalStats: Unable to parse usage stats package 175
08-13 23:36:36.520  1469  5479 E IntervalStats: Unable to parse usage stats package 177
08-13 23:36:36.520  1469  5479 E IntervalStats: Unable to parse usage stats package 178
08-13 23:36:36.520  1469  5479 E IntervalStats: Unable to parse usage stats package 179
08-13 23:36:36.520  1469  5479 E IntervalStats: Unable to parse usage stats package 181
08-13 23:36:36.520  1469  5479 E IntervalStats: Unable to parse usage stats package 184
08-13 23:36:36.520  1469  5479 E IntervalStats: Unable to parse usage stats package 186
08-13 23:36:36.520  1469  5479 E IntervalStats: Unable to parse usage stats package 187
08-13 23:36:36.520  1469  5479 E IntervalStats: Unable to parse usage stats package 188
08-13 23:36:36.520  1469  5479 E IntervalStats: Unable to parse usage stats package 189
08-13 23:36:36.520  1469  5479 E IntervalStats: Unable to parse usage stats package 190
08-13 23:36:36.520  1469  5479 E IntervalStats: Unable to parse usage stats package 191
08-13 23:36:36.520  1469  5479 E IntervalStats: Unable to parse usage stats package 192
08-13 23:36:36.520  1469  5479 E IntervalStats: Unable to parse usage stats package 193
08-13 23:36:36.520  1469  5479 E IntervalStats: Unable to parse usage stats package 194
08-13 23:36:36.520  1469  5479 E IntervalStats: Unable to parse usage stats package 195
08-13 23:36:36.520  1469  5479 E IntervalStats: Unable to parse usage stats package 197
08-13 23:36:36.521  1469  5479 E IntervalStats: Unable to parse usage stats package 199
08-13 23:36:36.521  1469  5479 E IntervalStats: Unable to parse usage stats package 202
08-13 23:36:36.521  1469  5479 E IntervalStats: Unable to parse usage stats package 205
08-13 23:36:36.521  1469  5479 E IntervalStats: Unable to parse usage stats package 211
08-13 23:36:36.521  1469  5479 E IntervalStats: Unable to parse usage stats package 213
08-13 23:36:36.521  1469  5479 E IntervalStats: Unable to parse usage stats package 214
08-13 23:36:36.521  1469  5479 E IntervalStats: Unable to parse usage stats package 215
08-13 23:36:36.521  1469  5479 E IntervalStats: Unable to parse usage stats package 218
08-13 23:36:36.521  1469  5479 E IntervalStats: Unable to parse usage stats package 219
08-13 23:36:36.521  1469  5479 E IntervalStats: Unable to parse usage stats package 220
08-13 23:36:36.521  1469  5479 E IntervalStats: Unable to parse usage stats package 223
08-13 23:36:36.521  1469  5479 E IntervalStats: Unable to parse usage stats package 226
08-13 23:36:36.521  1469  5479 E IntervalStats: Unable to parse usage stats package 229
08-13 23:36:36.521  1469  5479 E IntervalStats: Unable to parse usage stats package 230
08-13 23:36:36.521  1469  5479 E IntervalStats: Unable to parse usage stats package 234
08-13 23:36:36.521  1469  5479 E IntervalStats: Unable to parse usage stats package 239
08-13 23:36:36.521  1469  5479 E IntervalStats: Unable to parse usage stats package 242
08-13 23:36:36.521  1469  5479 E IntervalStats: Unable to parse usage stats package 243
08-13 23:36:36.521  1469  5479 E IntervalStats: Unable to parse usage stats package 244
08-13 23:36:36.521  1469  5479 E IntervalStats: Unable to parse usage stats package 245
08-13 23:36:36.521  1469  5479 E IntervalStats: Unable to parse usage stats package 247
08-13 23:36:36.521  1469  5479 E IntervalStats: Unable to parse usage stats package 249
08-13 23:36:36.521  1469  5479 E IntervalStats: Unable to parse usage stats package 250
08-13 23:36:36.522  1469  5479 E IntervalStats: Unable to parse usage stats package 251
08-13 23:36:36.522  1469  5479 E IntervalStats: Unable to parse usage stats package 252
08-13 23:36:36.522  1469  5479 E IntervalStats: Unable to parse usage stats package 253
08-13 23:36:36.522  1469  5479 E IntervalStats: Unable to parse usage stats package 255
08-13 23:36:36.522  1469  5479 E IntervalStats: Unable to parse usage stats package 256
08-13 23:36:36.522  1469  5479 E IntervalStats: Unable to parse usage stats package 258
08-13 23:36:36.522  1469  5479 E IntervalStats: Unable to parse usage stats package 260
08-13 23:36:36.522  1469  5479 E IntervalStats: Unable to parse usage stats package 262
08-13 23:36:36.522  1469  5479 E IntervalStats: Unable to parse usage stats package 263
08-13 23:36:36.522  1469  5479 E IntervalStats: Unable to parse usage stats package 264
08-13 23:36:36.522  1469  5479 E IntervalStats: Unable to parse usage stats package 269
08-13 23:36:36.522  1469  5479 E IntervalStats: Unable to parse usage stats package 270
08-13 23:36:36.522  1469  5479 E IntervalStats: Unable to parse usage stats package 271
08-13 23:36:36.522  1469  5479 E IntervalStats: Unable to parse usage stats package 272
08-13 23:36:36.522  1469  5479 E IntervalStats: Unable to parse usage stats package 273
08-13 23:36:36.522  1469  5479 E IntervalStats: Unable to parse usage stats package 274
08-13 23:36:36.522  1469  5479 E IntervalStats: Unable to parse usage stats package 275
08-13 23:36:36.523  1469  5479 E IntervalStats: Unable to parse usage stats package 281
08-13 23:36:36.523  1469  5479 E IntervalStats: Unable to parse usage stats package 286
08-13 23:36:36.523  1469  5479 E IntervalStats: Unable to parse usage stats package 287
08-13 23:36:36.523  1469  5479 E IntervalStats: Unable to parse usage stats package 290
08-13 23:36:36.523  1469  5479 E IntervalStats: Unable to parse usage stats package 291
08-13 23:36:36.523  1469  5479 E IntervalStats: Unable to parse usage stats package 292
08-13 23:36:36.523  1469  5479 E IntervalStats: Unable to parse usage stats package 294
08-13 23:36:36.523  1469  5479 E IntervalStats: Unable to parse usage stats package 296
08-13 23:36:36.523  1469  5479 E IntervalStats: Unable to parse usage stats package 297
08-13 23:36:36.523  1469  5479 E IntervalStats: Unable to parse usage stats package 300
08-13 23:36:36.523  1469  5479 E IntervalStats: Unable to parse usage stats package 303
08-13 23:36:36.523  1469  5479 E IntervalStats: Unable to parse usage stats package 307
08-13 23:36:36.523  1469  5479 E IntervalStats: Unable to parse usage stats package 309
08-13 23:36:36.523  1469  5479 E IntervalStats: Unable to parse usage stats package 312
08-13 23:36:36.523  1469  5479 E IntervalStats: Unable to parse usage stats package 313
08-13 23:36:36.523  1469  5479 E IntervalStats: Unable to parse usage stats package 316
08-13 23:36:36.523  1469  5479 E IntervalStats: Unable to parse usage stats package 319
08-13 23:36:36.523  1469  5479 E IntervalStats: Unable to parse usage stats package 320
08-13 23:36:36.523  1469  5479 E IntervalStats: Unable to parse usage stats package 322
08-13 23:36:36.523  1469  5479 E IntervalStats: Unable to parse usage stats package 323
08-13 23:36:36.523  1469  5479 E IntervalStats: Unable to parse usage stats package 324
08-13 23:36:36.523  1469  5479 E IntervalStats: Unable to parse usage stats package 326
08-13 23:36:36.524  1469  5479 E IntervalStats: Unable to parse usage stats package 327
08-13 23:36:36.524  1469  5479 E IntervalStats: Unable to parse usage stats package 329
08-13 23:36:36.524  1469  5479 E IntervalStats: Unable to parse usage stats package 332
08-13 23:36:36.524  1469  5479 E IntervalStats: Unable to parse usage stats package 334
08-13 23:36:36.524  1469  5479 E IntervalStats: Unable to parse usage stats package 335
08-13 23:36:36.524  1469  5479 E IntervalStats: Unable to parse usage stats package 336
08-13 23:36:36.524  1469  5479 E IntervalStats: Unable to parse usage stats package 338
08-13 23:36:36.524  1469  5479 E IntervalStats: Unable to parse usage stats package 339
08-13 23:36:36.524  1469  5479 E IntervalStats: Unable to parse usage stats package 341
08-13 23:36:36.524  1469  5479 E IntervalStats: Unable to parse usage stats package 342
08-13 23:36:36.524  1469  5479 E IntervalStats: Unable to parse usage stats package 343
08-13 23:36:36.524  1469  5479 E IntervalStats: Unable to parse usage stats package 344
08-13 23:36:36.524  1469  5479 E IntervalStats: Unable to parse usage stats package 345
08-13 23:36:36.524  1469  5479 E IntervalStats: Unable to parse usage stats package 346
08-13 23:36:36.524  1469  5479 E IntervalStats: Unable to parse usage stats package 347
08-13 23:36:36.524  1469  5479 E IntervalStats: Unable to parse usage stats package 348
08-13 23:36:36.524  1469  5479 E IntervalStats: Unable to parse usage stats package 349
08-13 23:36:36.524  1469  5479 E IntervalStats: Unable to parse usage stats package 350
08-13 23:36:36.524  1469  5479 E IntervalStats: Unable to parse usage stats package 351
08-13 23:36:36.525  1469  5479 E IntervalStats: Unable to parse usage stats package 352
08-13 23:36:36.525  1469  5479 E IntervalStats: Unable to parse usage stats package 353
08-13 23:36:36.525  1469  5479 E IntervalStats: Unable to parse usage stats package 354
08-13 23:36:36.525  1469  5479 E IntervalStats: Unable to parse usage stats package 355
08-13 23:36:36.525  1469  5479 E IntervalStats: Unable to parse usage stats package 356
08-13 23:36:36.525  1469  5479 E IntervalStats: Unable to parse usage stats package 357
08-13 23:36:36.525  1469  5479 E IntervalStats: Unable to parse usage stats package 358
08-13 23:36:36.525  1469  5479 E IntervalStats: Unable to parse usage stats package 359
08-13 23:36:36.525  1469  5479 E IntervalStats: Unable to parse usage stats package 360
08-13 23:36:36.525  1469  5479 E IntervalStats: Unable to parse usage stats package 361
08-13 23:36:36.525  1469  5479 E IntervalStats: Unable to parse usage stats package 362
08-13 23:36:36.525  1469  5479 E IntervalStats: Unable to parse usage stats package 363
08-13 23:36:36.525  1469  5479 E IntervalStats: Unable to parse usage stats package 364
08-13 23:36:36.525  1469  5479 E IntervalStats: Unable to parse usage stats package 365
08-13 23:36:36.525  1469  5479 E IntervalStats: Unable to parse usage stats package 366
08-13 23:36:36.525  1469  5479 E IntervalStats: Unable to parse usage stats package 367
08-13 23:36:36.525  1469  5479 E IntervalStats: Unable to parse usage stats package 368
08-13 23:36:36.525  1469  5479 E IntervalStats: Unable to parse usage stats package 369
08-13 23:36:36.525  1469  5479 E IntervalStats: Unable to parse usage stats package 370
08-13 23:36:36.525  1469  5479 E IntervalStats: Unable to parse usage stats package 371
08-13 23:36:36.525  1469  5479 E IntervalStats: Unable to parse usage stats package 373
08-13 23:36:36.525  1469  5479 E IntervalStats: Unable to parse usage stats package 374
08-13 23:36:36.526  1469  5479 E IntervalStats: Unable to parse usage stats package 375
08-13 23:36:36.526  1469  5479 E IntervalStats: Unable to parse usage stats package 377
08-13 23:36:36.526  1469  5479 E IntervalStats: Unable to parse usage stats package 378
08-13 23:36:36.526  1469  5479 E IntervalStats: Unable to parse usage stats package 381
08-13 23:36:36.526  1469  5479 E IntervalStats: Unable to parse usage stats package 385
08-13 23:36:36.526  1469  5479 E IntervalStats: Unable to parse usage stats package 388
08-13 23:36:36.526  1469  5479 E IntervalStats: Unable to parse usage stats package 389
08-13 23:36:36.526  1469  5479 E IntervalStats: Unable to parse usage stats package 390
08-13 23:36:36.526  1469  5479 E IntervalStats: Unable to parse usage stats package 391
08-13 23:36:36.526  1469  5479 E IntervalStats: Unable to parse usage stats package 392
08-13 23:36:36.526  1469  5479 E IntervalStats: Unable to parse usage stats package 393
08-13 23:36:36.526  1469  5479 E IntervalStats: Unable to parse usage stats package 394
08-13 23:36:36.526  1469  5479 E IntervalStats: Unable to parse usage stats package 395
08-13 23:36:36.526  1469  5479 E IntervalStats: Unable to parse usage stats package 396
08-13 23:36:36.578  1469  1469 W Looper  : Slow dispatch took 115ms main h=android.app.ActivityThread$H c=android.app.-$$Lambda$LoadedApk$ReceiverDispatcher$Args$_BumDX2UKsnxLVrE6UJsJZkotuA@4228410 m=0
08-13 23:36:39.139  1469  1469 W Looper  : Slow dispatch took 2539ms main h=android.app.ActivityThread$H c=android.app.-$$Lambda$LoadedApk$ReceiverDispatcher$Args$_BumDX2UKsnxLVrE6UJsJZkotuA@b182da3 m=0
08-13 23:36:39.139  1469  1469 I Telecom : DefaultDialerCache: Refreshing default dialer for user 0: now com.google.android.dialer: DDC.oR@DDg
08-13 23:36:39.177  1469  1485 I RoleManagerService: Granting default roles...
08-13 23:36:39.261  1469  1469 W AppWidgetServiceImpl: No android.appwidget.provider meta-data for AppWidget provider 'ProviderId{user:0, app:10152, cmp:ComponentInfo{com.google.android.apps.maps/com.google.android.apps.gmm.widget.traffic.TrafficWidgetProvider}}'
08-13 23:36:39.483  1469  1469 W Looper  : Slow dispatch took 165ms main h=android.app.ActivityThread$H c=android.app.-$$Lambda$LoadedApk$ReceiverDispatcher$Args$_BumDX2UKsnxLVrE6UJsJZkotuA@725a5fc m=0
08-13 23:36:39.483  1469  1469 I Telecom : DefaultDialerCache: Refreshing default dialer for user 0: now com.google.android.dialer: DDC.oR@DDk
08-13 23:36:39.683  1469  1469 W Looper  : Drained
08-13 23:36:43.470  1469  1514 I AppsFilter: interaction: PackageSetting{33629d5 com.example.minimum/10328} -> PackageSetting{92778 com.google.android.apps.chromecast.app/10204} BLOCKED
08-13 23:36:43.503  1469  1485 I RoleManagerService: Granting default roles...
08-13 23:36:43.595  1469  1469 W Looper  : Slow dispatch took 110ms main h=android.app.ActivityThread$H c=android.app.-$$Lambda$LoadedApk$ReceiverDispatcher$Args$_BumDX2UKsnxLVrE6UJsJZkotuA@a939688 m=0
08-13 23:36:43.690  1469  1485 W Looper  : Slow dispatch took 128ms android.fg h=android.os.Handler c=<recycled PooledLambda@56bf40> m=0
08-13 23:36:43.716  1469  1469 W Looper  : Slow dispatch took 108ms main h=android.app.ActivityThread$H c=android.app.-$$Lambda$LoadedApk$ReceiverDispatcher$Args$_BumDX2UKsnxLVrE6UJsJZkotuA@35923d5 m=0
08-13 23:36:43.718  1469  1469 W Looper  : Slow delivery took 213ms main h=android.os.Handler c=android.app.-$$Lambda$LoadedApk$ReceiverDispatcher$Args$_BumDX2UKsnxLVrE6UJsJZkotuA@19d57ea m=0
08-13 23:36:43.778  1469  1469 I Telecom : DefaultDialerCache: Refreshing default dialer for user 0: now com.google.android.dialer: DDC.oR@DDo
08-13 23:36:43.797  1469  1485 W Looper  : Slow delivery took 210ms android.fg h=android.os.Handler c=<recycled PooledLambda@9e7fabb> m=0
08-13 23:36:43.899  1469  1469 D CompatibilityChangeReporter: Compat change id reported: 135634846; UID 10113; state: DISABLED
08-13 23:36:43.899  1469  1469 D CompatibilityChangeReporter: Compat change id reported: 135754954; UID 10113; state: ENABLED
08-13 23:36:43.900  1469  1469 W Looper  : Slow dispatch took 118ms main h=com.android.server.job.JobSchedulerService$JobHandler c=null m=1
08-13 23:36:43.901  1469  1496 D CompatibilityChangeReporter: Compat change id reported: 143937733; UID 10113; state: ENABLED
08-13 23:36:43.935  1469  1496 I ActivityManager: Start proc 923:com.google.android.apps.turbo:aab/u0a113 for service {com.google.android.apps.turbo/com.google.android.libraries.smartbattery.appusage.library.InferAppBucketsJob}
08-13 23:36:43.938  1469  1485 W Looper  : Drained
08-13 23:36:44.040  1469  2253 V ActivityManager: New death recipient com.android.server.am.ActivityManagerService$AppDeathRecipient@3b55ee for thread android.os.BinderProxy@1864a8f
08-13 23:36:44.082  1469  1469 W Looper  : Drained
08-13 23:36:44.591  1469  6470 V SettingsProvider: packageValueForCallResult, name = app_standby_enabled, value : Bundle[{_track_generation=android.util.MemoryIntArray@8b, value=1, _generation_index=0, _generation=232}]
08-13 23:36:45.021  1469  1469 D CompatibilityChangeReporter: Compat change id reported: 135634846; UID 10178; state: DISABLED
08-13 23:36:45.022  1469  1469 D CompatibilityChangeReporter: Compat change id reported: 135754954; UID 10178; state: ENABLED
08-13 23:36:45.023  1469  1496 D CompatibilityChangeReporter: Compat change id reported: 143937733; UID 10178; state: ENABLED
08-13 23:36:45.053  1469  1496 I ActivityManager: Start proc 1039:jp.naver.line.android/u0a178 for service {jp.naver.line.android/androidx.work.impl.background.systemjob.SystemJobService}
08-13 23:36:45.111  1469  6470 V ActivityManager: New death recipient com.android.server.am.ActivityManagerService$AppDeathRecipient@20b68d3 for thread android.os.BinderProxy@efe1c10
08-13 23:36:45.171  1469  1469 W Looper  : Slow dispatch took 102ms main h=com.android.server.job.JobSchedulerService$JobHandler c=null m=1
08-13 23:36:45.677  1469  6470 V SettingsProvider: packageValueForCallResult, name = sqlite_compatibility_wal_flags, value : Bundle[{_track_generation=android.util.MemoryIntArray@8b, value=, _generation_index=0, _generation=232}]
08-13 23:36:45.749  1469  2253 V SettingsProvider: packageValueForCallResult, name = android_id, value : Bundle[{_track_generation=android.util.MemoryIntArray@8b, value=8f6003b587fd4d2b, _generation_index=2, _generation=738}]
08-13 23:36:45.922  1469  1569 V ActivityManager: Death received in com.android.server.am.ActivityManagerService$AppDeathRecipient@f56d4b6 for thread android.os.BinderProxy@78c35b7
08-13 23:36:45.922  1469  1569 I ActivityManager: Process com.google.android.apps.books (pid 31963) has died: cch+75 CEM 
08-13 23:36:46.304  1469  1485 W Looper  : Slow dispatch took 111ms android.fg h=android.os.Handler c=com.android.server.Watchdog$HandlerChecker@a5d7617 m=0
08-13 23:36:46.570  1469  1469 W Looper  : Slow dispatch took 104ms main h=com.android.server.job.JobSchedulerService$JobHandler c=null m=3
08-13 23:36:46.682  1469  1469 W Looper  : Slow dispatch took 112ms main h=com.android.server.job.JobSchedulerService$JobHandler c=null m=3
08-13 23:36:46.754  1469  1469 W Looper  : Slow delivery took 216ms main h=com.android.server.job.JobSchedulerService$JobHandler c=null m=3
08-13 23:36:46.829  1469  1469 W Looper  : Drained
08-13 23:36:47.051  1469  2039 W ActivityManager: Background start not allowed: service Intent { cmp=jp.naver.line.android/com.linecorp.linekeep.uploadservice.KeepNetworkService } to jp.naver.line.android/com.linecorp.linekeep.uploadservice.KeepNetworkService from pid=1039 uid=10178 pkg=jp.naver.line.android startFg?=false
08-13 23:36:47.496  1469  1469 W Looper  : Slow dispatch took 138ms main h=com.android.server.job.JobSchedulerService$JobHandler c=null m=3
08-13 23:36:48.372  5676 14592 W ContextImpl: Calling a method in the system process without a qualified user: android.app.ContextImpl.sendBroadcast:1111 android.content.ContextWrapper.sendBroadcast:468 jp.kyocera.thermalmonitor.ThermalMonitorService.c:65 jp.kyocera.thermalmonitor.ThermalMonitorService.b:1 jp.kyocera.thermalmonitor.a.run:19 
08-13 23:36:53.374  5676 14592 W ContextImpl: Calling a method in the system process without a qualified user: android.app.ContextImpl.sendBroadcast:1111 android.content.ContextWrapper.sendBroadcast:468 jp.kyocera.thermalmonitor.ThermalMonitorService.c:65 jp.kyocera.thermalmonitor.ThermalMonitorService.b:1 jp.kyocera.thermalmonitor.a.run:19 
08-13 23:36:56.722  1469  5522 I ActivityManager: Killing 31338:com.google.android.gm/u0a126 (adj 935): empty #17
08-13 23:36:56.785  1469  1688 D MtkConnectivityService: ConnectivityService NetworkRequestInfo binderDied(NetworkRequest [ TRACK_DEFAULT id=4096, [ Capabilities: INTERNET&NOT_RESTRICTED&TRUSTED Uid: 10126 AdministratorUids: [] RequestorUid: 10126 RequestorPackageName: com.google.android.gm] ], android.os.BinderProxy@a4f6875)
08-13 23:36:56.785  1469  6894 D MtkConnectivityService: ConnectivityService NetworkRequestInfo binderDied(NetworkRequest [ LISTEN id=4097, [ Capabilities: INTERNET&NOT_RESTRICTED&TRUSTED Uid: 10126 AdministratorUids: [] RequestorUid: 10126 RequestorPackageName: com.google.android.gm] ], android.os.BinderProxy@521500a)
08-13 23:36:56.786  1469  1569 V ActivityManager: Death received in com.android.server.am.ActivityManagerService$AppDeathRecipient@29ee65c for thread android.os.BinderProxy@f004d65
08-13 23:37:00.005  1469  6894 I ActivityManager: Killing 31264:com.google.android.apps.photos/u0a130 (adj 995): empty #17
08-13 23:37:00.067  1469  6470 V ActivityManager: Death received in com.android.server.am.ActivityManagerService$AppDeathRecipient@10e290f for thread android.os.BinderProxy@4243d9c
08-13 23:37:00.067  1469  1569 D MtkConnectivityService: ConnectivityService NetworkRequestInfo binderDied(NetworkRequest [ TRACK_DEFAULT id=4094, [ Capabilities: INTERNET&NOT_RESTRICTED&TRUSTED Uid: 10130 AdministratorUids: [] RequestorUid: 10130 RequestorPackageName: com.google.android.apps.photos] ], android.os.BinderProxy@2ffee98)
08-13 23:37:03.377  5676 14592 W ContextImpl: Calling a method in the system process without a qualified user: android.app.ContextImpl.sendBroadcast:1111 android.content.ContextWrapper.sendBroadcast:468 jp.kyocera.thermalmonitor.ThermalMonitorService.c:65 jp.kyocera.thermalmonitor.ThermalMonitorService.b:1 jp.kyocera.thermalmonitor.a.run:19 
08-13 23:37:08.378  5676 14592 I chatty  : uid=1000(system) Thread-2 identical 1 line
08-13 23:37:33.389  5676 14592 W ContextImpl: Calling a method in the system process without a qualified user: android.app.ContextImpl.sendBroadcast:1111 android.content.ContextWrapper.sendBroadcast:468 jp.kyocera.thermalmonitor.ThermalMonitorService.c:65 jp.kyocera.thermalmonitor.ThermalMonitorService.b:1 jp.kyocera.thermalmonitor.a.run:19 
08-13 23:37:39.600  1469  1469 W Looper  : Slow dispatch took 133ms main h=com.android.server.job.JobSchedulerService$JobHandler c=null m=3
08-13 23:37:43.390  5676 14592 W ContextImpl: Calling a method in the system process without a qualified user: android.app.ContextImpl.sendBroadcast:1111 android.content.ContextWrapper.sendBroadcast:468 jp.kyocera.thermalmonitor.ThermalMonitorService.c:65 jp.kyocera.thermalmonitor.ThermalMonitorService.b:1 jp.kyocera.thermalmonitor.a.run:19 
08-13 23:37:43.796  1469  1469 W Looper  : Slow dispatch took 411ms main h=com.android.server.job.JobSchedulerService$JobHandler c=null m=3
08-13 23:37:43.797  1469  1469 W Looper  : Slow delivery took 411ms main h=com.android.server.job.JobSchedulerService$JobHandler c=null m=4
08-13 23:37:44.642  1469  1469 W Looper  : Drained
08-13 23:37:48.391  5676 14592 W ContextImpl: Calling a method in the system process without a qualified user: android.app.ContextImpl.sendBroadcast:1111 android.content.ContextWrapper.sendBroadcast:468 jp.kyocera.thermalmonitor.ThermalMonitorService.c:65 jp.kyocera.thermalmonitor.ThermalMonitorService.b:1 jp.kyocera.thermalmonitor.a.run:19 
08-13 23:38:03.394  5676 14592 I chatty  : uid=1000(system) Thread-2 identical 2 lines
08-13 23:38:08.396  5676 14592 W ContextImpl: Calling a method in the system process without a qualified user: android.app.ContextImpl.sendBroadcast:1111 android.content.ContextWrapper.sendBroadcast:468 jp.kyocera.thermalmonitor.ThermalMonitorService.c:65 jp.kyocera.thermalmonitor.ThermalMonitorService.b:1 jp.kyocera.thermalmonitor.a.run:19 
08-13 23:38:09.803  1469  1469 W Looper  : Slow dispatch took 234ms main h=com.android.server.job.JobSchedulerService$JobHandler c=null m=3
08-13 23:38:13.397  5676 14592 W ContextImpl: Calling a method in the system process without a qualified user: android.app.ContextImpl.sendBroadcast:1111 android.content.ContextWrapper.sendBroadcast:468 jp.kyocera.thermalmonitor.ThermalMonitorService.c:65 jp.kyocera.thermalmonitor.ThermalMonitorService.b:1 jp.kyocera.thermalmonitor.a.run:19 
08-13 23:38:58.410  5676 14592 I chatty  : uid=1000(system) Thread-2 identical 5 lines
08-13 23:39:03.411  5676 14592 W ContextImpl: Calling a method in the system process without a qualified user: android.app.ContextImpl.sendBroadcast:1111 android.content.ContextWrapper.sendBroadcast:468 jp.kyocera.thermalmonitor.ThermalMonitorService.c:65 jp.kyocera.thermalmonitor.ThermalMonitorService.b:1 jp.kyocera.thermalmonitor.a.run:19 
08-13 23:39:12.978  1469  1494 I UsageStatsService: User[0] Flushing usage stats to disk
08-13 23:39:18.416  5676 14592 W ContextImpl: Calling a method in the system process without a qualified user: android.app.ContextImpl.sendBroadcast:1111 android.content.ContextWrapper.sendBroadcast:468 jp.kyocera.thermalmonitor.ThermalMonitorService.c:65 jp.kyocera.thermalmonitor.ThermalMonitorService.b:1 jp.kyocera.thermalmonitor.a.run:19 
08-13 23:42:03.469  5676 14592 I chatty  : uid=1000(system) Thread-2 identical 18 lines
08-13 23:42:28.476  5676 14592 W ContextImpl: Calling a method in the system process without a qualified user: android.app.ContextImpl.sendBroadcast:1111 android.content.ContextWrapper.sendBroadcast:468 jp.kyocera.thermalmonitor.ThermalMonitorService.c:65 jp.kyocera.thermalmonitor.ThermalMonitorService.b:1 jp.kyocera.thermalmonitor.a.run:19 
08-13 23:42:32.498  1469  6470 D CompatibilityChangeReporter: Compat change id reported: 135634846; UID 10114; state: DISABLED
08-13 23:42:32.498  1469  6470 D CompatibilityChangeReporter: Compat change id reported: 135754954; UID 10114; state: ENABLED
08-13 23:42:32.500  1469  1496 D CompatibilityChangeReporter: Compat change id reported: 143937733; UID 10114; state: ENABLED
08-13 23:42:32.536  1469  1496 W ActivityManager: Slow operation: 51ms so far, now at startProcess: done updating battery stats
08-13 23:42:32.537  1469  1496 W ActivityManager: Slow operation: 51ms so far, now at startProcess: building log message
08-13 23:42:32.537  1469  1496 I ActivityManager: Start proc 2426:com.google.android.gms.unstable/u0a114 for service {com.google.android.gms/com.google.android.gms.droidguard.DroidGuardService}
08-13 23:42:32.537  1469  1496 W ActivityManager: Slow operation: 52ms so far, now at startProcess: starting to update pids map
08-13 23:42:32.537  1469  1496 W ActivityManager: Slow operation: 52ms so far, now at startProcess: done updating pids map
08-13 23:42:32.803  1469  6470 V ActivityManager: New death recipient com.android.server.am.ActivityManagerService$AppDeathRecipient@40cae27 for thread android.os.BinderProxy@fa038d4
08-13 23:42:33.477  5676 14592 W ContextImpl: Calling a method in the system process without a qualified user: android.app.ContextImpl.sendBroadcast:1111 android.content.ContextWrapper.sendBroadcast:468 jp.kyocera.thermalmonitor.ThermalMonitorService.c:65 jp.kyocera.thermalmonitor.ThermalMonitorService.b:1 jp.kyocera.thermalmonitor.a.run:19 
08-13 23:42:34.287  1469  6470 V SettingsProvider: packageValueForCallResult, name = null, value : Bundle[{_track_generation=android.util.MemoryIntArray@8b, value=null, _generation_index=0, _generation=232}]
08-13 23:43:26.004  1469  1501 E KernelCpuSpeedReader: Failed to read cpu-freq: /sys/devices/system/cpu/cpu4/cpufreq/stats/time_in_state: open failed: ENOENT (No such file or directory)
08-13 23:43:26.005  1469  1501 E KernelCpuSpeedReader: Failed to read cpu-freq: /sys/devices/system/cpu/cpu0/cpufreq/stats/time_in_state: open failed: ENOENT (No such file or directory)
08-13 23:43:39.667  1469  6470 I ActivityManager: Killing 32139:com.google.process.gapps/u0a114 (adj 985): empty #17
08-13 23:43:39.704  1469  6470 V ActivityManager: Death received in com.android.server.am.ActivityManagerService$AppDeathRecipient@a1b9452 for thread android.os.BinderProxy@e5b5323
08-13 23:44:08.505  5676 14592 W ContextImpl: Calling a method in the system process without a qualified user: android.app.ContextImpl.sendBroadcast:1111 android.content.ContextWrapper.sendBroadcast:468 jp.kyocera.thermalmonitor.ThermalMonitorService.c:65 jp.kyocera.thermalmonitor.ThermalMonitorService.b:1 jp.kyocera.thermalmonitor.a.run:19 
08-13 23:45:28.522  5676 14592 I chatty  : uid=1000(system) Thread-2 identical 6 lines
08-13 23:45:38.526  5676 14592 W ContextImpl: Calling a method in the system process without a qualified user: android.app.ContextImpl.sendBroadcast:1111 android.content.ContextWrapper.sendBroadcast:468 jp.kyocera.thermalmonitor.ThermalMonitorService.c:65 jp.kyocera.thermalmonitor.ThermalMonitorService.b:1 jp.kyocera.thermalmonitor.a.run:19 
08-13 23:47:35.025  1469  5522 D CompatibilityChangeReporter: Compat change id reported: 135634846; UID 10152; state: DISABLED
08-13 23:47:35.025  1469  5522 D CompatibilityChangeReporter: Compat change id reported: 135754954; UID 10152; state: ENABLED
08-13 23:47:35.026  1469  1496 D CompatibilityChangeReporter: Compat change id reported: 143937733; UID 10152; state: ENABLED
08-13 23:47:35.059  1469  1496 I ActivityManager: Start proc 2641:com.google.android.apps.maps/u0a152 for broadcast {com.google.android.apps.maps/com.google.android.apps.gmm.locationsharing.reporting.LocationCollectedBroadcastReceiver}
08-13 23:47:35.113  1469  5522 V ActivityManager: New death recipient com.android.server.am.ActivityManagerService$AppDeathRecipient@31c7837 for thread android.os.BinderProxy@14a21a4
08-13 23:47:35.817  1469  5479 V SettingsProvider: packageValueForCallResult, name = device_provisioned, value : Bundle[{_track_generation=android.util.MemoryIntArray@8b, value=1, _generation_index=0, _generation=232}]
08-13 23:47:35.817  1469  2028 V SettingsProvider: packageValueForCallResult, name = sqlite_compatibility_wal_flags, value : Bundle[{_track_generation=android.util.MemoryIntArray@8b, value=, _generation_index=0, _generation=232}]
08-13 23:47:35.839  1469  5479 D CompatibilityChangeReporter: Compat change id reported: 135634846; UID 10114; state: DISABLED
08-13 23:47:35.839  1469  5479 D CompatibilityChangeReporter: Compat change id reported: 135754954; UID 10114; state: ENABLED
08-13 23:47:35.840  1469  1496 D CompatibilityChangeReporter: Compat change id reported: 143937733; UID 10114; state: ENABLED
08-13 23:47:35.876  1469  1496 I ActivityManager: Start proc 2691:com.google.process.gapps/u0a114 for content provider {com.google.android.gsf/com.google.android.gsf.settings.GoogleSettingsProvider}
08-13 23:47:35.931  1469  6470 V ActivityManager: New death recipient com.android.server.am.ActivityManagerService$AppDeathRecipient@b67c982 for thread android.os.BinderProxy@7229893
08-13 23:47:36.084  1469  5522 V SettingsProvider: packageValueForCallResult, name = sqlite_compatibility_wal_flags, value : Bundle[{_track_generation=android.util.MemoryIntArray@8b, value=, _generation_index=0, _generation=232}]
08-13 23:47:36.101  1469  6470 W AppOps  : Noting op not finished: uid 10152 pkg com.google.android.apps.maps code 79 startTime of in progress event=1660402055123
08-13 23:47:36.412  1469  6470 V SettingsProvider: packageValueForCallResult, name = android_id, value : Bundle[{_track_generation=android.util.MemoryIntArray@8b, value=d75ddfba811d83d3, _generation_index=2, _generation=738}]
08-13 23:47:36.416  1469  5502 V SettingsProvider: packageValueForCallResult, name = android_id, value : Bundle[{_track_generation=android.util.MemoryIntArray@8b, value=d75ddfba811d83d3, _generation_index=2, _generation=738}]
08-13 23:47:36.446  1469  5502 V SettingsProvider: packageValueForCallResult, name = null, value : Bundle[{_track_generation=android.util.MemoryIntArray@8b, value=null, _generation_index=3, _generation=1989}]
08-13 23:47:37.290  1469  5502 I ActivityManager: Killing 32239:android.process.media/u0a55 (adj 995): empty #17
08-13 23:47:37.323  1469  2028 V ActivityManager: Death received in com.android.server.am.ActivityManagerService$AppDeathRecipient@e0812a1 for thread android.os.BinderProxy@8a32cc6
08-13 23:47:57.869  1469  5502 I ActivityManager: Killing 32276:jp.co.yahoo.android.ymsetupman/u0a140 (adj 995): empty #17
08-13 23:47:57.922  1469  5523 V ActivityManager: Death received in com.android.server.am.ActivityManagerService$AppDeathRecipient@40b4ca0 for thread android.os.BinderProxy@de89059
08-13 23:47:57.929  1469  5523 I ActivityManager: Killing 32321:com.google.android.webview:sandboxed_process0:org.chromium.content.app.SandboxedProcessService0:0/u0a140i95 (adj 0): isolated not needed
08-13 23:47:57.953  1469  2038 V ActivityManager: Death received in com.android.server.am.ActivityManagerService$AppDeathRecipient@7186b45 for thread android.os.BinderProxy@272e29a
08-13 23:47:57.988  1469  1501 E KernelCpuSpeedReader: Failed to read cpu-freq: /sys/devices/system/cpu/cpu4/cpufreq/stats/time_in_state: open failed: ENOENT (No such file or directory)
08-13 23:47:57.989  1469  1501 E KernelCpuSpeedReader: Failed to read cpu-freq: /sys/devices/system/cpu/cpu0/cpufreq/stats/time_in_state: open failed: ENOENT (No such file or directory)
08-13 23:48:48.573  5676 14592 W ContextImpl: Calling a method in the system process without a qualified user: android.app.ContextImpl.sendBroadcast:1111 android.content.ContextWrapper.sendBroadcast:468 jp.kyocera.thermalmonitor.ThermalMonitorService.c:65 jp.kyocera.thermalmonitor.ThermalMonitorService.b:1 jp.kyocera.thermalmonitor.a.run:19 
08-13 23:50:08.590  5676 14592 W ContextImpl: Calling a method in the system process without a qualified user: android.app.ContextImpl.sendBroadcast:1111 android.content.ContextWrapper.sendBroadcast:468 jp.kyocera.thermalmonitor.ThermalMonitorService.c:65 jp.kyocera.thermalmonitor.ThermalMonitorService.b:1 jp.kyocera.thermalmonitor.a.run:19 
08-13 23:50:13.591  5676 14592 I chatty  : uid=1000(system) Thread-2 identical 1 line
08-13 23:50:18.592  5676 14592 W ContextImpl: Calling a method in the system process without a qualified user: android.app.ContextImpl.sendBroadcast:1111 android.content.ContextWrapper.sendBroadcast:468 jp.kyocera.thermalmonitor.ThermalMonitorService.c:65 jp.kyocera.thermalmonitor.ThermalMonitorService.b:1 jp.kyocera.thermalmonitor.a.run:19 
08-13 23:50:31.820  1469  5479 W ActivityManager: Foreground service started from background can not have location/camera/microphone access: service com.google.android.apps.maps/com.google.android.apps.gmm.locationsharing.reporting.ReporterService
08-13 23:50:32.674  1469  6894 D MtkConnectivityService: ConnectivityService NetworkRequestInfo binderDied(NetworkRequest [ TRACK_DEFAULT id=4106, [ Capabilities: INTERNET&NOT_RESTRICTED&TRUSTED Uid: 10116 AdministratorUids: [] RequestorUid: 10116 RequestorPackageName: com.android.vending] ], android.os.BinderProxy@3aef7a1)
08-13 23:50:32.674  1469  2038 V ActivityManager: Death received in com.android.server.am.ActivityManagerService$AppDeathRecipient@772fb31 for thread android.os.BinderProxy@d641216
08-13 23:50:32.674  1469  2038 I ActivityManager: Process com.android.vending:background (pid 32206) has died: cch+65 CEM 
08-13 23:50:33.261  1469  1485 W Looper  : Slow dispatch took 317ms android.fg h=com.android.server.location.gnss.GnssLocationProvider$ProviderHandler c=null m=3
08-13 23:50:33.662  1469  1495 I ActivityManager: Killing 2641:com.google.android.apps.maps/u0a152 (adj 915): 109145k from cached
08-13 23:50:33.663  1469  1495 E ActivityManager: ProcessRecord{797215b 2641:com.google.android.apps.maps/u0a152} is attached to a previous process
08-13 23:50:33.686  1469  1495 E ActivityManager: Already have existing proc ProcessRecord{797215b 2641:com.google.android.apps.maps/u0a152} when adding ProcessRecord{4c7056b 0:com.google.android.apps.maps/u0a152}
08-13 23:50:33.689  1469  1495 D CompatibilityChangeReporter: Compat change id reported: 135634846; UID 10152; state: DISABLED
08-13 23:50:33.690  1469  1495 D CompatibilityChangeReporter: Compat change id reported: 135754954; UID 10152; state: ENABLED
08-13 23:50:33.693  1469  1495 I DropBoxManagerService: add tag=system_server_wtf isTagEnabled=true flags=0x2
08-13 23:50:33.697  1469  1496 E ActivityManager: ProcessRecord{797215b 2641:com.google.android.apps.maps/u0a152} refused to die, but we need to launch ProcessRecord{4c7056b 0:com.google.android.apps.maps/u0a152}
08-13 23:50:33.700  1469  1496 D CompatibilityChangeReporter: Compat change id reported: 143937733; UID 10152; state: ENABLED
08-13 23:50:33.718  1469  1495 I DropBoxManagerService: add tag=system_server_wtf isTagEnabled=true flags=0x2
08-13 23:50:33.733  1469  1495 I DropBoxManagerService: add tag=system_server_wtf isTagEnabled=true flags=0x2
08-13 23:50:33.733  1469  1496 I ActivityManager: Start proc 2878:com.google.android.apps.maps/u0a152 for broadcast {com.google.android.apps.maps/com.google.android.apps.gmm.locationsharing.reporting.LocationCollectedBroadcastReceiver}
08-13 23:50:33.762  1469  2223 V ActivityManager: Death received in com.android.server.am.ActivityManagerService$AppDeathRecipient@31c7837 for thread android.os.BinderProxy@14a21a4
08-13 23:50:33.763  1469  5519 D MtkConnectivityService: ConnectivityService NetworkRequestInfo binderDied(NetworkRequest [ TRACK_DEFAULT id=4153, [ Capabilities: INTERNET&NOT_RESTRICTED&TRUSTED Uid: 10152 AdministratorUids: [] RequestorUid: 10152 RequestorPackageName: com.google.android.apps.maps] ], android.os.BinderProxy@8372a5e)
08-13 23:50:33.763  1469  6470 D MtkConnectivityService: ConnectivityService NetworkRequestInfo binderDied(NetworkRequest [ LISTEN id=4157, [ Capabilities: INTERNET&NOT_RESTRICTED&TRUSTED Uid: 10152 AdministratorUids: [] RequestorUid: 10152 RequestorPackageName: com.google.android.apps.maps] ], android.os.BinderProxy@9082455)
08-13 23:50:33.763  1469  5522 D MtkConnectivityService: ConnectivityService NetworkRequestInfo binderDied(NetworkRequest [ TRACK_DEFAULT id=4154, [ Capabilities: INTERNET&NOT_RESTRICTED&TRUSTED Uid: 10152 AdministratorUids: [] RequestorUid: 10152 RequestorPackageName: com.google.android.apps.maps] ], android.os.BinderProxy@119de3f)
08-13 23:50:33.763  1469  1689 D MtkConnectivityService: ConnectivityService NetworkRequestInfo binderDied(NetworkRequest [ TRACK_DEFAULT id=4156, [ Capabilities: INTERNET&NOT_RESTRICTED&TRUSTED Uid: 10152 AdministratorUids: [] RequestorUid: 10152 RequestorPackageName: com.google.android.apps.maps] ], android.os.BinderProxy@d75030c)
08-13 23:50:33.795  1469  5479 V ActivityManager: New death recipient com.android.server.am.ActivityManagerService$AppDeathRecipient@2478e6a for thread android.os.BinderProxy@5d81f5b
08-13 23:50:34.121  1469  5501 V SettingsProvider: packageValueForCallResult, name = sqlite_compatibility_wal_flags, value : Bundle[{_track_generation=android.util.MemoryIntArray@8b, value=, _generation_index=0, _generation=232}]
08-13 23:50:34.125  1469  5480 V SettingsProvider: packageValueForCallResult, name = device_provisioned, value : Bundle[{_track_generation=android.util.MemoryIntArray@8b, value=1, _generation_index=0, _generation=232}]
08-13 23:50:34.336  1469  5479 W AppOps  : Noting op not finished: uid 10152 pkg com.google.android.apps.maps code 79 startTime of in progress event=1660402234317
08-13 23:50:34.435  1469  1689 V SettingsProvider: packageValueForCallResult, name = android_id, value : Bundle[{_track_generation=android.util.MemoryIntArray@8b, value=d75ddfba811d83d3, _generation_index=2, _generation=738}]
08-13 23:50:35.717  1469  1495 W BroadcastQueue: Background execution not allowed: receiving Intent { act=android.intent.action.DROPBOX_ENTRY_ADDED flg=0x10 (has extras) } to com.google.android.gms/.stats.service.DropBoxEntryAddedReceiver
08-13 23:50:35.718  1469  1495 W BroadcastQueue: Background execution not allowed: receiving Intent { act=android.intent.action.DROPBOX_ENTRY_ADDED flg=0x10 (has extras) } to com.google.android.gms/.chimera.GmsIntentOperationService$PersistentTrustedReceiver
08-13 23:50:35.856  1469  7016 I DropBoxManagerService: add tag=platform_stats_bookmark isTagEnabled=true flags=0x2
08-13 23:50:35.864  1469  1495 W BroadcastQueue: Background execution not allowed: receiving Intent { act=android.intent.action.DROPBOX_ENTRY_ADDED flg=0x10 (has extras) } to com.google.android.gms/.stats.service.DropBoxEntryAddedReceiver
08-13 23:50:35.864  1469  1495 W BroadcastQueue: Background execution not allowed: receiving Intent { act=android.intent.action.DROPBOX_ENTRY_ADDED flg=0x10 (has extras) } to com.google.android.gms/.chimera.GmsIntentOperationService$PersistentTrustedReceiver
08-13 23:50:38.597  5676 14592 W ContextImpl: Calling a method in the system process without a qualified user: android.app.ContextImpl.sendBroadcast:1111 android.content.ContextWrapper.sendBroadcast:468 jp.kyocera.thermalmonitor.ThermalMonitorService.c:65 jp.kyocera.thermalmonitor.ThermalMonitorService.b:1 jp.kyocera.thermalmonitor.a.run:19 
08-13 23:50:55.354  1469  1495 D CompatibilityChangeReporter: Compat change id reported: 135634846; UID 10152; state: DISABLED
08-13 23:50:55.355  1469  1495 D CompatibilityChangeReporter: Compat change id reported: 135754954; UID 10152; state: ENABLED
08-13 23:50:55.356  1469  1496 D CompatibilityChangeReporter: Compat change id reported: 143937733; UID 10152; state: ENABLED
08-13 23:50:55.389  1469  1496 I ActivityManager: Start proc 2963:com.google.android.apps.maps:server_recovery_process/u0a152 for broadcast {com.google.android.apps.maps/com.google.android.apps.gmm.plugins.serverrecovery.PhenotypeServerRecoveryHandlerImpl}
08-13 23:50:55.437  1469  1689 V ActivityManager: New death recipient com.android.server.am.ActivityManagerService$AppDeathRecipient@9ecc311 for thread android.os.BinderProxy@d646c76
08-13 23:50:57.497  1469  6470 V ActivityManager: Death received in com.android.server.am.ActivityManagerService$AppDeathRecipient@edd3045 for thread android.os.BinderProxy@340c39a
08-13 23:50:57.498  1469  6470 I ActivityManager: Process com.google.android.apps.chromecast.app (pid 31537) has died: cch+85 CEM 
08-13 23:50:58.607  5676 14592 W ContextImpl: Calling a method in the system process without a qualified user: android.app.ContextImpl.sendBroadcast:1111 android.content.ContextWrapper.sendBroadcast:468 jp.kyocera.thermalmonitor.ThermalMonitorService.c:65 jp.kyocera.thermalmonitor.ThermalMonitorService.b:1 jp.kyocera.thermalmonitor.a.run:19 
08-13 23:51:03.607  5676 14592 I chatty  : uid=1000(system) Thread-2 identical 1 line
08-13 23:51:38.615  5676 14592 W ContextImpl: Calling a method in the system process without a qualified user: android.app.ContextImpl.sendBroadcast:1111 android.content.ContextWrapper.sendBroadcast:468 jp.kyocera.thermalmonitor.ThermalMonitorService.c:65 jp.kyocera.thermalmonitor.ThermalMonitorService.b:1 jp.kyocera.thermalmonitor.a.run:19 
08-13 23:52:01.856  1469  6470 V SettingsProvider: packageValueForCallResult, name = font_scale, value : Bundle[{_track_generation=android.util.MemoryIntArray@8b, value=1.0, _generation_index=3, _generation=1989}]
08-13 23:52:01.887  1469  5480 W ActivityManager: Foreground service started from background can not have location/camera/microphone access: service com.google.android.apps.maps/com.google.android.apps.gmm.locationsharing.reporting.ReporterService
08-13 23:52:02.986  1469  1485 W Looper  : Slow dispatch took 109ms android.fg h=com.android.server.AppStateTracker$MyHandler c=null m=6
08-13 23:52:02.990  1469  1469 W Looper  : Slow dispatch took 113ms main h=com.android.server.job.JobSchedulerService$JobHandler c=null m=1
--------- beginning of main
08-13 23:52:03.918  1659  1659 W NotifCollection: Ranking update is missing ranking for 0|com.google.android.gm|292187679|gig:1456963368:PRIORITY_INBOX_ALL_MAIL|10126
08-13 23:52:03.918  1659  1659 W NotifCollection: Ranking update is missing ranking for 0|com.google.android.gm|-1216666178|gig:1456963368:PRIORITY_INBOX_ALL_MAIL|10126
08-13 23:52:03.919  1659  1659 W NotifCollection: Ranking update is missing ranking for 0|com.google.android.gm|-1884466153|gig:1456963368:PRIORITY_INBOX_ALL_MAIL|10126
08-13 23:52:03.919  1659  1659 W NotifCollection: Ranking update is missing ranking for 0|com.google.android.gm|1498485521|gig:1456963368:PRIORITY_INBOX_ALL_MAIL|10126
08-13 23:52:03.919  1659  1659 W NotifCollection: Ranking update is missing ranking for 0|com.google.android.gm|-1948890247|gig:1456963368:PRIORITY_INBOX_ALL_MAIL|10126
08-13 23:52:03.919  1659  1659 W NotifCollection: Ranking update is missing ranking for 0|com.google.android.gm|224287536|gig:1456963368:PRIORITY_INBOX_ALL_MAIL|10126
08-13 23:52:03.919  1659  1659 W NotifCollection: Ranking update is missing ranking for 0|com.google.android.gm|1826300898|gig:1456963368:PRIORITY_INBOX_ALL_MAIL|10126
08-13 23:52:03.919  1659  1659 W NotifCollection: Ranking update is missing ranking for 0|com.google.android.gm|801308550|gig:1456963368:PRIORITY_INBOX_ALL_MAIL|10126
08-13 23:52:03.919  1659  1659 W NotifCollection: Ranking update is missing ranking for 0|com.google.android.gm|-1637861398|gig:1456963368:PRIORITY_INBOX_ALL_MAIL|10126
08-13 23:52:04.014   758   758 D chg_dnand: DNAND_ID_CHG_CYCLE(6) is update.
08-13 23:52:08.010  1074  1087 D VoLTE IMSM: send CTRL_CMD_GET_SCAN (module/mdagent/volte_imsm_93/src/wireless.c:574)
08-13 23:52:08.010  1074  1087 D VoLTE IMSM: monitor_wifi_tech: mutex lock (module/mdagent/volte_imsm_93/src/wireless.c:589)
08-13 23:52:08.010  1074  1087 D VoLTE IMSM: monitor_wifi_tech: mutex unlock (module/mdagent/volte_imsm_93/src/wireless.c:597)
08-13 23:52:08.010  1074  1087 D VoLTE IMSM: FOUND[1] 7
08-13 23:52:08.010  1074  1087 D VoLTE IMSM:  (module/mdagent/volte_imsm_93/src/wireless.c:599)
08-13 23:52:08.013  1469  5522 D WifiNl80211Manager: Scan result ready event
08-13 23:52:08.014  1469  5522 D WifiNative: Scan result ready event
08-13 23:52:08.040  1469  1575 E WifiVendorHal: getWifiLinkLayerStats_1_3_Internal(l.973) failed {.code = ERROR_NOT_SUPPORTED, .description = }
08-13 23:52:08.058  1469  6470 D LocationManagerService: incoming location: Location[network hAcc=15 et=+4d6h57m15s352ms vAcc=1 sAcc=??? bAcc=???]
08-13 23:52:08.059   836  1556 D MNLD    : mnld_nfw_mnl2agps_location_sync: ret = 37
08-13 23:52:08.064  1469  6470 D LocationManagerService: incoming location: Location[network hAcc=15 et=+4d6h57m15s352ms vAcc=1 sAcc=??? bAcc=???]
08-13 23:52:08.067   836  1556 D MNLD    : mnld_nfw_mnl2agps_location_sync: ret = 37
08-13 23:52:08.108 19044  2521 W GCoreUlr: Received locations too frequently: Location[fused 35.316584,139.546532 hAcc=15 et=+4d6h57m10s90ms alt=45.400001525878906 vAcc=1 sAcc=??? bAcc=??? {Bundle[{floorLabel=1, wifiScan=[69, 79, -1, -1, -76, 0, 0, 0, 1, 0, 8, 0, -54, 93, 23, 22, 0, 0, 0, 0, 2, 0, -1, -1, 60, 0, 0, 0, 7, 0, 0, 0, -28, 16, -117, -38, -8, -64, -60, -1, -98, -105, 105, -20, -81, -124, -64, -1, 30, 45, -58, -103, 15, -40, -65, -1, -10, -88, -57, -60, 61, 52, -71, -1, 114, -59, 46, -89, 34, -128, -72, -1, 38, -124, -121, 63, 111, 16, -78, -1, -62, -38, -96, -105, -73, -8, -80, -1, 3, 0, -1, -1, 32, 0, 0, 0, 7, 0, 0, 0, 108, 9, 0, 0, -98, 9, 0, 0, -123, 9, 0, 0, -98, 9, 0, 0, -98, 9, 0, 0, 108, 9, 0, 0, 108, 9, 0, 0, 4, 0, -1, -1, 4, 0, 0, 0, 0, 0, 0, 0, 5, 0, -1, -1, 4, 0, 0, 0, 0, 0, 0, 0, 6, 0, -1, -1, 4, 0, 0, 0, 0, 0, 0, 0, 7, 0, -1, -1, 4, 0, 0, 0, 0, 0, 0, 0, 8, 0, -1, -1, 4, 0, 0, 0, 0, 0, 0, 0], indoorProbability=0.654999, locationType=3, levelId=0x601845e99a0d1899:0x370825ff83e91604}]}], Location[fused 35.316584,139.546532 hAcc=15 et=+4d6h57m15s352ms alt=45.400001525878906 vel=0.0 bear=90.0 vAcc=1 sAcc=??? bAcc=??? {Bundle[mParcelledData.dataSize=456]}]
08-13 23:52:08.108 19044  2521 I GCoreUlr: No valid location reports to store
08-13 23:52:08.623  5676 14592 W ContextImpl: Calling a method in the system process without a qualified user: android.app.ContextImpl.sendBroadcast:1111 android.content.ContextWrapper.sendBroadcast:468 jp.kyocera.thermalmonitor.ThermalMonitorService.c:65 jp.kyocera.thermalmonitor.ThermalMonitorService.b:1 jp.kyocera.thermalmonitor.a.run:19 
08-13 23:52:09.475  1469  1478 I system_server: Background concurrent copying GC freed 108567(6044KB) AllocSpace objects, 0(0B) LOS objects, 14% free, 35MB/41MB, paused 332us total 488.982ms
08-13 23:52:09.476  1469  1479 W JavaBinder: BinderProxy is being destroyed but the application did not call unlinkToDeath to unlink all of its death recipients beforehand.  Releasing leaked death recipient: com.android.server.AlarmManagerService$2
08-13 23:52:09.476  1469  1479 I BpBinder: onLastStrongRef automatically unlinking death recipients: <uncached descriptor>
08-13 23:52:09.476  1469  1479 W JavaBinder: BinderProxy is being destroyed but the application did not call unlinkToDeath to unlink all of its death recipients beforehand.  Releasing leaked death recipient: com.android.server.AlarmManagerService$2
08-13 23:52:09.476  1469  1479 I BpBinder: onLastStrongRef automatically unlinking death recipients: <uncached descriptor>
08-13 23:52:09.479  1469  1479 W JavaBinder: BinderProxy is being destroyed but the application did not call unlinkToDeath to unlink all of its death recipients beforehand.  Releasing leaked death recipient: com.android.server.AlarmManagerService$2
