--------- beginning of crash
--------- beginning of system
--------- beginning of main
08-28 17:39:30.910  9756  9803 I Unity   : MemoryManager: Using 'Dynamic Heap' Allocator.
08-28 17:39:31.431  9756  9803 I Unity   : SystemInfo CPU = ARM64 FP ASIMD AES, Cores = 8, Memory = 2795mb
08-28 17:39:31.431  9756  9803 I Unity   : SystemInfo ARM big.LITTLE configuration: 4 big (mask: 0xf), 4 little (mask: 0xf0)
08-28 17:39:31.432  9756  9803 I Unity   : ApplicationInfo com.hirasho.eduTomoTrial version 0.2.2
08-28 17:39:31.432  9756  9803 I Unity   : Built from '2021.3/staging' branch, Version '2021.3.8f1 (b30333d56e81)', Build type 'Release', Scripting Backend 'il2cpp', CPU 'arm64-v8a', Stripping 'Enabled'
08-28 17:39:32.810  9756  9803 I Unity   : Company Name: hirasho
08-28 17:39:32.810  9756  9803 I Unity   : Product Name: eduTomoTrial
08-28 17:39:32.961  9756  9803 D Unity   :  GL_EXT_debug_marker GL_ANDROID_extension_pack_es31a GL_EXT_blend_minmax GL_EXT_buffer_storage GL_EXT_clear_texture GL_EXT_clip_control GL_EXT_color_buffer_float GL_EXT_color_buffer_half_float GL_EXT_conservative_depth GL_EXT_copy_image GL_EXT_discard_framebuffer GL_EXT_draw_buffers GL_EXT_draw_buffers_indexed GL_EXT_draw_elements_base_vertex GL_EXT_EGL_image_array GL_EXT_external_buffer GL_EXT_float_blend GL_EXT_geometry_point_size GL_EXT_geometry_shader GL_EXT_gpu_shader5 GL_EXT_memory_object GL_EXT_memory_object_fd GL_EXT_multi_draw_arrays GL_EXT_multisampled_render_to_texture GL_EXT_multisampled_render_to_texture2 GL_EXT_occlusion_query_boolean GL_EXT_polygon_offset_clamp GL_EXT_primitive_bounding_box GL_EXT_pvrtc_sRGB GL_EXT_read_format_bgra GL_EXT_robustness GL_EXT_separate_shader_objects GL_EXT_shader_framebuffer_fetch GL_EXT_shader_group_vote GL_EXT_shader_implicit_conversions GL_EXT_shader_io_blocks GL_EXT_shader_non_constant_global_initializers GL_EXT_shader_pixel_local_storage GL_EXT_shader_pixel_
08-28 17:39:32.962  9756  9803 D Unity   : local_storage2 GL_EXT_shader_texture_lod GL_EXT_sparse_texture GL_EXT_sRGB_write_control GL_EXT_tessellation_point_size GL_EXT_tessellation_shader GL_EXT_texture_border_clamp GL_EXT_texture_buffer GL_EXT_texture_cube_map_array GL_EXT_texture_format_BGRA8888 GL_EXT_texture_format_sRGB_override GL_EXT_texture_rg GL_EXT_texture_shadow_lod GL_EXT_texture_sRGB_decode GL_EXT_texture_sRGB_R8 GL_EXT_texture_sRGB_RG8 GL_EXT_YUV_target GL_IMG_framebuffer_downsample GL_IMG_multisampled_render_to_texture GL_IMG_program_binary GL_IMG_read_format GL_IMG_shader_binary GL_IMG_texture_compression_pvrtc GL_IMG_texture_compression_pvrtc2 GL_IMG_texture_format_BGRA8888 GL_IMG_texture_npot GL_KHR_blend_equation_advanced GL_KHR_blend_equation_advanced_coherent GL_KHR_debug GL_KHR_robustness GL_KHR_texture_compression_astc_ldr GL_OES_compressed_ETC1_RGB8_texture GL_OES_depth24 GL_OES_depth_texture GL_OES_draw_buffers_indexed GL_OES_draw_elements_base_vertex GL_OES_EGL_image GL_OES_EGL_image_external GL_OES_EGL_image_external_essl3
08-28 17:39:32.962  9756  9803 D Unity   :  GL_OES_EGL_sync GL_OES_element_index_uint GL_OES_fragment_precision_high GL_OES_geometry_point_size GL_OES_geometry_shader GL_OES_get_program_binary GL_OES_gpu_shader5 GL_OES_mapbuffer GL_OES_packed_depth_stencil GL_OES_required_internalformat GL_OES_rgb8_rgba8 GL_OES_sample_shading GL_OES_sample_variables GL_OES_shader_image_atomic GL_OES_shader_io_blocks GL_OES_shader_multisample_interpolation GL_OES_standard_derivatives GL_OES_surfaceless_context GL_OES_tessellation_point_size GL_OES_tessellation_shader GL_OES_texture_border_clamp GL_OES_texture_buffer GL_OES_texture_cube_map_array GL_OES_texture_float GL_OES_texture_half_float GL_OES_texture_npot GL_OES_texture_stencil8 GL_OES_texture_storage_multisample_2d_array GL_OES_vertex_array_object GL_OES_vertex_half_float
08-28 17:39:34.424  9756  9803 I Unity   : DPI: 420 -> 420
08-28 17:39:35.258  9756  9803 I Unity   : Firebase Analytics API Initializing
08-28 17:39:35.284  9756  9803 I Unity   : Firebase Analytics API Initializing
08-28 17:39:35.284  9756  9803 I Unity   : analytics API Initialized
08-28 17:39:36.744  9756  9803 I Unity   : MakeQuestions: count=66
08-28 17:39:36.745  9756  9803 I Unity   : Cont. 0.014966/400	0/30-40
08-28 17:39:39.098  9756  9803 I Unity   : Enqueue 2
08-28 17:39:39.281  9756  9803 D MLKit   : input 384x204 pixelCount=78336 id=0
08-28 17:39:39.629  9756  9803 D MLKit   : input 305x216 pixelCount=65880 id=1
08-28 17:39:41.265  9756  9756 D MLKit   : parseText 27Kg 1
08-28 17:39:41.266  9756  9756 D MLKit   : parseTextBlock 27Kg 1 (239,17) - (384,82)
08-28 17:39:41.267  9756  9756 D MLKit   : parseLine 27Kg 1 (238,17) - (384,81)
08-28 17:39:41.267  9756  9756 D MLKit   : parseElement 27Kg (238,17) - (384,81)
08-28 17:39:41.338  9756  9803 I Unity   : MLKitWrapper.OnComplete: json
08-28 17:39:41.338  9756  9803 I Unity   : {"requestId":0,"text":{"text":"27Kg","textBlocks":[{"boundingBox":{"bottom":82,"left":239,"right":384,"top":17},"cornerPoints":[{"x":243,"y":17},{"x":384,"y":27},{"x":380,"y":82},{"x":239,"y":71}],"lines":[{"boundingBox":{"bottom":81,"left":238,"right":384,"top":17},"cornerPoints":[{"x":243,"y":17},{"x":384,"y":27},{"x":379,"y":81},{"x":238,"y":71}],"elements":[{"boundingBox":{"bottom":81,"left":238,"right":384,"top":17},"cornerPoints":[{"x":243,"y":17},{"x":384,"y":27},{"x":379,"y":81},{"x":238,"y":71}],"recognizedLanguage":"und-Latn","text":"27Kg"}],"recognizedLanguage":"und-Latn","text":"27Kg"}],"recognizedLanguage":"und-Latn","text":"27Kg"}]}}
08-28 17:39:41.382  9756  9803 I Unity   : GetResult : True 0
08-28 17:39:41.396  9756  9803 I Unity   : TransformToRtScreen: 384 204
08-28 17:39:41.508  9756  9803 D MLKit   : input 359x216 pixelCount=77544 id=2
08-28 17:39:42.030  9756  9756 D MLKit   : parseText 27Kg
08-28 17:39:42.030  9756  9756 D MLKit   : 7 1
08-28 17:39:42.031  9756  9756 D MLKit   : parseTextBlock 27Kg
08-28 17:39:42.031  9756  9756 D MLKit   : 7 2 (189,22) - (303,200)
08-28 17:39:42.031  9756  9756 D MLKit   : parseLine 27Kg 1 (191,22) - (303,84)
08-28 17:39:42.031  9756  9756 D MLKit   : parseElement 27Kg (191,22) - (303,84)
08-28 17:39:42.031  9756  9756 D MLKit   : parseLine 7 1 (204,118) - (254,198)
08-28 17:39:42.031  9756  9756 D MLKit   : parseElement 7 (204,118) - (254,198)
08-28 17:39:42.050  9756  9803 I Unity   : MLKitWrapper.OnComplete: json
08-28 17:39:42.050  9756  9803 I Unity   : {"requestId":1,"text":{"text":"27Kg\n7","textBlocks":[{"boundingBox":{"bottom":200,"left":189,"right":303,"top":22},"cornerPoints":[{"x":193,"y":22},{"x":303,"y":25},{"x":299,"y":200},{"x":189,"y":196}],"lines":[{"boundingBox":{"bottom":84,"left":191,"right":303,"top":22},"cornerPoints":[{"x":193,"y":22},{"x":303,"y":25},{"x":301,"y":84},{"x":191,"y":81}],"elements":[{"boundingBox":{"bottom":84,"left":191,"right":303,"top":22},"cornerPoints":[{"x":193,"y":22},{"x":303,"y":25},{"x":301,"y":84},{"x":191,"y":81}],"recognizedLanguage":"und-Latn","text":"27Kg"}],"recognizedLanguage":"und-Latn","text":"27Kg"},{"boundingBox":{"bottom":198,"left":204,"right":254,"top":118},"cornerPoints":[{"x":204,"y":118},{"x":254,"y":118},{"x":254,"y":198},{"x":204,"y":198}],"elements":[{"boundingBox":{"bottom":198,"left":204,"right":254,"top":118},"cornerPoints":[{"x":204,"y":118},{"x":254,"y":118},{"x":254,"y":198},{"x":204,"y":198}],"recognizedLanguage":"und-Latn","text":"7"}],"recognizedLanguage":
08-28 17:39:42.056  9756  9803 I Unity   : GetResult : True 1
08-28 17:39:42.057  9756  9803 I Unity   : TransformToRtScreen: 305 216
08-28 17:39:42.346  9756  9803 D MLKit   : input 384x153 pixelCount=58752 id=3
08-28 17:39:42.602  9756  9803 I Unity   : Cont. 5.872624/400	1/30-40
08-28 17:39:42.872  9756  9756 D MLKit   : parseText 27Kg
08-28 17:39:42.872  9756  9756 D MLKit   : 7 1
08-28 17:39:42.874  9756  9756 D MLKit   : parseTextBlock 27Kg
08-28 17:39:42.874  9756  9756 D MLKit   : 7 2 (228,26) - (358,198)
08-28 17:39:42.874  9756  9756 D MLKit   : parseLine 27Kg 1 (228,26) - (358,84)
08-28 17:39:42.874  9756  9756 D MLKit   : parseElement 27Kg (228,26) - (358,84)
08-28 17:39:42.875  9756  9756 D MLKit   : parseLine 7 1 (242,116) - (300,198)
08-28 17:39:42.875  9756  9756 D MLKit   : parseElement 7 (242,116) - (300,198)
08-28 17:39:42.925  9756  9803 I Unity   : MLKitWrapper.OnComplete: json
08-28 17:39:42.925  9756  9803 I Unity   : {"requestId":2,"text":{"text":"27Kg\n7","textBlocks":[{"boundingBox":{"bottom":198,"left":228,"right":358,"top":26},"cornerPoints":[{"x":228,"y":26},{"x":358,"y":26},{"x":358,"y":198},{"x":228,"y":198}],"lines":[{"boundingBox":{"bottom":84,"left":228,"right":358,"top":26},"cornerPoints":[{"x":228,"y":26},{"x":358,"y":26},{"x":358,"y":84},{"x":228,"y":84}],"elements":[{"boundingBox":{"bottom":84,"left":228,"right":358,"top":26},"cornerPoints":[{"x":228,"y":26},{"x":358,"y":26},{"x":358,"y":84},{"x":228,"y":84}],"recognizedLanguage":"und-Latn","text":"27Kg"}],"recognizedLanguage":"und-Latn","text":"27Kg"},{"boundingBox":{"bottom":198,"left":242,"right":300,"top":116},"cornerPoints":[{"x":242,"y":116},{"x":300,"y":116},{"x":300,"y":198},{"x":242,"y":198}],"elements":[{"boundingBox":{"bottom":198,"left":242,"right":300,"top":116},"cornerPoints":[{"x":242,"y":116},{"x":300,"y":116},{"x":300,"y":198},{"x":242,"y":198}],"recognizedLanguage":"und-Latn","text":"7"}],"recognizedLanguage":
08-28 17:39:42.945  9756  9803 I Unity   : GetResult : True 2
08-28 17:39:42.946  9756  9803 I Unity   : TransformToRtScreen: 359 216
08-28 17:39:43.419  9756  9756 D MLKit   : parseText 27Kg
08-28 17:39:43.419  9756  9756 D MLKit   : 7 1
08-28 17:39:43.419  9756  9756 D MLKit   : parseTextBlock 27Kg
08-28 17:39:43.419  9756  9756 D MLKit   : 7 2 (241,16) - (382,142)
08-28 17:39:43.419  9756  9756 D MLKit   : parseLine 27Kg 1 (242,16) - (382,60)
08-28 17:39:43.420  9756  9756 D MLKit   : parseElement 27Kg (242,16) - (382,60)
08-28 17:39:43.420  9756  9756 D MLKit   : parseLine 7 1 (257,83) - (321,139)
08-28 17:39:43.420  9756  9756 D MLKit   : parseElement 7 (257,83) - (321,139)
08-28 17:39:43.445  9756  9803 I Unity   : MLKitWrapper.OnComplete: json
08-28 17:39:43.445  9756  9803 I Unity   : {"requestId":3,"text":{"text":"27Kg\n7","textBlocks":[{"boundingBox":{"bottom":142,"left":241,"right":382,"top":16},"cornerPoints":[{"x":244,"y":16},{"x":382,"y":20},{"x":379,"y":142},{"x":241,"y":137}],"lines":[{"boundingBox":{"bottom":60,"left":242,"right":382,"top":16},"cornerPoints":[{"x":244,"y":16},{"x":382,"y":20},{"x":380,"y":60},{"x":242,"y":56}],"elements":[{"boundingBox":{"bottom":60,"left":242,"right":382,"top":16},"cornerPoints":[{"x":244,"y":16},{"x":382,"y":20},{"x":380,"y":60},{"x":242,"y":56}],"recognizedLanguage":"und-Latn","text":"27Kg"}],"recognizedLanguage":"und-Latn","text":"27Kg"},{"boundingBox":{"bottom":139,"left":257,"right":321,"top":83},"cornerPoints":[{"x":257,"y":83},{"x":321,"y":83},{"x":321,"y":139},{"x":257,"y":139}],"elements":[{"boundingBox":{"bottom":139,"left":257,"right":321,"top":83},"cornerPoints":[{"x":257,"y":83},{"x":321,"y":83},{"x":321,"y":139},{"x":257,"y":139}],"recognizedLanguage":"und-Latn","text":"7"}],"recognizedLanguage":"und-L
08-28 17:39:43.452  9756  9803 I Unity   : GetResult : True 3
08-28 17:39:43.453  9756  9803 I Unity   : TransformToRtScreen: 384 153
08-28 17:39:43.748  9756  9803 D MLKit   : input 254x216 pixelCount=54864 id=4
08-28 17:39:44.690  9756  9803 D MLKit   : input 338x216 pixelCount=73008 id=5
08-28 17:39:44.895  9756  9756 D MLKit   : parseText 27Kg 1
08-28 17:39:44.895  9756  9756 D MLKit   : parseTextBlock 27Kg 1 (159,22) - (252,84)
08-28 17:39:44.896  9756  9756 D MLKit   : parseLine 27Kg 1 (158,22) - (252,83)
08-28 17:39:44.896  9756  9756 D MLKit   : parseElement 27Kg (158,22) - (252,83)
08-28 17:39:44.925  9756  9803 I Unity   : MLKitWrapper.OnComplete: json
08-28 17:39:44.925  9756  9803 I Unity   : {"requestId":4,"text":{"text":"27Kg","textBlocks":[{"boundingBox":{"bottom":84,"left":159,"right":252,"top":22},"cornerPoints":[{"x":161,"y":22},{"x":252,"y":25},{"x":250,"y":84},{"x":159,"y":80}],"lines":[{"boundingBox":{"bottom":83,"left":158,"right":252,"top":22},"cornerPoints":[{"x":161,"y":22},{"x":252,"y":25},{"x":249,"y":83},{"x":158,"y":80}],"elements":[{"boundingBox":{"bottom":83,"left":158,"right":252,"top":22},"cornerPoints":[{"x":161,"y":22},{"x":252,"y":25},{"x":249,"y":83},{"x":158,"y":80}],"recognizedLanguage":"und-Latn","text":"27Kg"}],"recognizedLanguage":"und-Latn","text":"27Kg"}],"recognizedLanguage":"und-Latn","text":"27Kg"}]}}
08-28 17:39:44.931  9756  9803 I Unity   : GetResult : True 4
08-28 17:39:44.931  9756  9803 I Unity   : TransformToRtScreen: 254 216
08-28 17:39:45.016  9756  9803 D MLKit   : input 227x216 pixelCount=49032 id=6
08-28 17:39:45.431  9756  9756 D MLKit   : parseText 27Kg
08-28 17:39:45.431  9756  9756 D MLKit   : 5 2
08-28 17:39:45.431  9756  9756 D MLKit   : parseTextBlock 27Kg 1 (211,19) - (336,85)
08-28 17:39:45.432  9756  9756 D MLKit   : parseLine 27Kg 1 (210,19) - (336,84)
08-28 17:39:45.432  9756  9756 D MLKit   : parseElement 27Kg (210,19) - (336,84)
08-28 17:39:45.432  9756  9756 D MLKit   : parseTextBlock 5 1 (239,113) - (291,200)
08-28 17:39:45.433  9756  9756 D MLKit   : parseLine 5 1 (238,113) - (291,199)
08-28 17:39:45.434  9756  9756 D MLKit   : parseElement 5 (238,113) - (291,199)
08-28 17:39:45.455  9756  9803 I Unity   : MLKitWrapper.OnComplete: json
08-28 17:39:45.455  9756  9803 I Unity   : {"requestId":5,"text":{"text":"27Kg\n5","textBlocks":[{"boundingBox":{"bottom":85,"left":211,"right":336,"top":19},"cornerPoints":[{"x":214,"y":19},{"x":336,"y":26},{"x":333,"y":85},{"x":211,"y":77}],"lines":[{"boundingBox":{"bottom":84,"left":210,"right":336,"top":19},"cornerPoints":[{"x":214,"y":19},{"x":336,"y":26},{"x":332,"y":84},{"x":210,"y":77}],"elements":[{"boundingBox":{"bottom":84,"left":210,"right":336,"top":19},"cornerPoints":[{"x":214,"y":19},{"x":336,"y":26},{"x":332,"y":84},{"x":210,"y":77}],"recognizedLanguage":"und-Latn","text":"27Kg"}],"recognizedLanguage":"und-Latn","text":"27Kg"}],"recognizedLanguage":"und-Latn","text":"27Kg"},{"boundingBox":{"bottom":200,"left":239,"right":291,"top":113},"cornerPoints":[{"x":240,"y":113},{"x":291,"y":114},{"x":290,"y":200},{"x":239,"y":198}],"lines":[{"boundingBox":{"bottom":199,"left":238,"right":291,"top":113},"cornerPoints":[{"x":240,"y":113},{"x":291,"y":114},{"x":289,"y":199},{"x":238,"y":198}],"elements":[{"boundingBo
08-28 17:39:45.482  9756  9803 I Unity   : GetResult : True 5
08-28 17:39:45.482  9756  9803 I Unity   : TransformToRtScreen: 338 216
08-28 17:39:45.594  9756  9803 D MLKit   : input 206x216 pixelCount=44496 id=7
08-28 17:39:45.987  9756  9803 I Unity   : Cont. 9.257136/400	2/30-40
08-28 17:39:46.169  9756  9756 D MLKit   : parseText 27Kg
08-28 17:39:46.169  9756  9756 D MLKit   : 5 2
08-28 17:39:46.169  9756  9756 D MLKit   : parseTextBlock 27Kg 1 (142,21) - (225,84)
08-28 17:39:46.169  9756  9756 D MLKit   : parseLine 27Kg 1 (141,21) - (225,83)
08-28 17:39:46.169  9756  9756 D MLKit   : parseElement 27Kg (141,21) - (225,83)
08-28 17:39:46.169  9756  9756 D MLKit   : parseTextBlock 5 1 (159,114) - (195,199)
08-28 17:39:46.170  9756  9756 D MLKit   : parseLine 5 1 (158,114) - (195,198)
08-28 17:39:46.170  9756  9756 D MLKit   : parseElement 5 (158,114) - (195,198)
08-28 17:39:46.178  9756  9803 I Unity   : MLKitWrapper.OnComplete: json
08-28 17:39:46.178  9756  9803 I Unity   : {"requestId":6,"text":{"text":"27Kg\n5","textBlocks":[{"boundingBox":{"bottom":84,"left":142,"right":225,"top":21},"cornerPoints":[{"x":144,"y":21},{"x":225,"y":24},{"x":223,"y":84},{"x":142,"y":80}],"lines":[{"boundingBox":{"bottom":83,"left":141,"right":225,"top":21},"cornerPoints":[{"x":144,"y":21},{"x":225,"y":24},{"x":222,"y":83},{"x":141,"y":80}],"elements":[{"boundingBox":{"bottom":83,"left":141,"right":225,"top":21},"cornerPoints":[{"x":144,"y":21},{"x":225,"y":24},{"x":222,"y":83},{"x":141,"y":80}],"recognizedLanguage":"und-Latn","text":"27Kg"}],"recognizedLanguage":"und-Latn","text":"27Kg"}],"recognizedLanguage":"und-Latn","text":"27Kg"},{"boundingBox":{"bottom":199,"left":159,"right":195,"top":114},"cornerPoints":[{"x":161,"y":114},{"x":195,"y":114},{"x":193,"y":199},{"x":159,"y":198}],"lines":[{"boundingBox":{"bottom":198,"left":158,"right":195,"top":114},"cornerPoints":[{"x":161,"y":114},{"x":195,"y":114},{"x":192,"y":198},{"x":158,"y":198}],"elements":[{"boundingBo
08-28 17:39:46.197  9756  9803 I Unity   : GetResult : True 6
08-28 17:39:46.198  9756  9803 I Unity   : TransformToRtScreen: 227 216
08-28 17:39:46.438  9756  9756 D MLKit   : parseText 5 1
08-28 17:39:46.438  9756  9756 D MLKit   : parseTextBlock 5 1 (145,115) - (177,198)
08-28 17:39:46.439  9756  9756 D MLKit   : parseLine 5 1 (144,115) - (177,197)
08-28 17:39:46.439  9756  9756 D MLKit   : parseElement 5 (144,115) - (177,197)
08-28 17:39:46.456  9756  9803 I Unity   : MLKitWrapper.OnComplete: json
08-28 17:39:46.456  9756  9803 I Unity   : {"requestId":7,"text":{"text":"5","textBlocks":[{"boundingBox":{"bottom":198,"left":145,"right":177,"top":115},"cornerPoints":[{"x":146,"y":115},{"x":177,"y":115},{"x":176,"y":198},{"x":145,"y":197}],"lines":[{"boundingBox":{"bottom":197,"left":144,"right":177,"top":115},"cornerPoints":[{"x":146,"y":115},{"x":177,"y":115},{"x":175,"y":197},{"x":144,"y":197}],"elements":[{"boundingBox":{"bottom":197,"left":144,"right":177,"top":115},"cornerPoints":[{"x":146,"y":115},{"x":177,"y":115},{"x":175,"y":197},{"x":144,"y":197}],"recognizedLanguage":"und-Latn","text":"5"}],"recognizedLanguage":"und-Latn","text":"5"}],"recognizedLanguage":"und-Latn","text":"5"}]}}
08-28 17:39:46.470  9756  9803 I Unity   : GetResult : True 7
08-28 17:39:46.471  9756  9803 I Unity   : TransformToRtScreen: 206 216
08-28 17:39:46.892  9756  9803 D MLKit   : input 289x216 pixelCount=62424 id=8
08-28 17:39:47.352  9756  9756 D MLKit   : parseText 27Kg 1
08-28 17:39:47.352  9756  9756 D MLKit   : parseTextBlock 27Kg 1 (178,18) - (289,85)
08-28 17:39:47.352  9756  9756 D MLKit   : parseLine 27Kg 1 (177,18) - (289,85)
08-28 17:39:47.352  9756  9756 D MLKit   : parseElement 27Kg (177,18) - (289,85)
08-28 17:39:47.364  9756  9803 I Unity   : MLKitWrapper.OnComplete: json
08-28 17:39:47.364  9756  9803 I Unity   : {"requestId":8,"text":{"text":"27Kg","textBlocks":[{"boundingBox":{"bottom":85,"left":178,"right":289,"top":18},"cornerPoints":[{"x":183,"y":18},{"x":289,"y":27},{"x":284,"y":85},{"x":178,"y":76}],"lines":[{"boundingBox":{"bottom":85,"left":177,"right":289,"top":18},"cornerPoints":[{"x":183,"y":18},{"x":289,"y":27},{"x":283,"y":85},{"x":177,"y":76}],"elements":[{"boundingBox":{"bottom":85,"left":177,"right":289,"top":18},"cornerPoints":[{"x":183,"y":18},{"x":289,"y":27},{"x":283,"y":85},{"x":177,"y":76}],"recognizedLanguage":"und-Latn","text":"27Kg"}],"recognizedLanguage":"und-Latn","text":"27Kg"}],"recognizedLanguage":"und-Latn","text":"27Kg"}]}}
08-28 17:39:47.383  9756  9803 I Unity   : GetResult : True 8
08-28 17:39:47.384  9756  9803 I Unity   : TransformToRtScreen: 289 216
08-28 17:39:47.455  9756  9803 D MLKit   : input 384x184 pixelCount=70656 id=9
08-28 17:39:47.614  9756  9803 D MLKit   : input 204x216 pixelCount=44064 id=10
08-28 17:39:47.712  9756  9756 D MLKit   : parseText 27Kg 1
08-28 17:39:47.712  9756  9756 D MLKit   : parseTextBlock 27Kg 1 (243,18) - (383,72)
08-28 17:39:47.713  9756  9756 D MLKit   : parseLine 27Kg 1 (242,18) - (383,71)
08-28 17:39:47.713  9756  9756 D MLKit   : parseElement 27Kg (242,18) - (383,71)
08-28 17:39:47.719  9756  9803 I Unity   : MLKitWrapper.OnComplete: json
08-28 17:39:47.719  9756  9803 I Unity   : {"requestId":9,"text":{"text":"27Kg","textBlocks":[{"boundingBox":{"bottom":72,"left":243,"right":383,"top":18},"cornerPoints":[{"x":244,"y":18},{"x":383,"y":22},{"x":382,"y":72},{"x":243,"y":67}],"lines":[{"boundingBox":{"bottom":71,"left":242,"right":383,"top":18},"cornerPoints":[{"x":244,"y":18},{"x":383,"y":22},{"x":381,"y":71},{"x":242,"y":67}],"elements":[{"boundingBox":{"bottom":71,"left":242,"right":383,"top":18},"cornerPoints":[{"x":244,"y":18},{"x":383,"y":22},{"x":381,"y":71},{"x":242,"y":67}],"recognizedLanguage":"und-Latn","text":"27Kg"}],"recognizedLanguage":"und-Latn","text":"27Kg"}],"recognizedLanguage":"und-Latn","text":"27Kg"}]}}
08-28 17:39:47.733  9756  9803 I Unity   : GetResult : True 9
08-28 17:39:47.733  9756  9803 I Unity   : TransformToRtScreen: 384 184
08-28 17:39:47.805  9756  9803 D MLKit   : input 312x216 pixelCount=67392 id=11
08-28 17:39:48.012  9756  9756 D MLKit   : parseText 27Kg
08-28 17:39:48.012  9756  9756 D MLKit   : 2 2
08-28 17:39:48.013  9756  9756 D MLKit   : parseTextBlock 27Kg 1 (127,20) - (205,85)
08-28 17:39:48.013  9756  9756 D MLKit   : parseLine 27Kg 1 (126,20) - (205,85)
08-28 17:39:48.013  9756  9756 D MLKit   : parseElement 27Kg (126,20) - (205,85)
08-28 17:39:48.013  9756  9756 D MLKit   : parseTextBlock 2 1 (137,106) - (178,184)
08-28 17:39:48.013  9756  9756 D MLKit   : parseLine 2 1 (137,105) - (177,184)
08-28 17:39:48.013  9756  9756 D MLKit   : parseElement 2 (137,105) - (177,184)
08-28 17:39:48.027  9756  9803 I Unity   : MLKitWrapper.OnComplete: json
08-28 17:39:48.027  9756  9803 I Unity   : {"requestId":10,"text":{"text":"27Kg\n2","textBlocks":[{"boundingBox":{"bottom":85,"left":127,"right":205,"top":20},"cornerPoints":[{"x":131,"y":20},{"x":205,"y":26},{"x":200,"y":85},{"x":127,"y":79}],"lines":[{"boundingBox":{"bottom":85,"left":126,"right":205,"top":20},"cornerPoints":[{"x":131,"y":20},{"x":205,"y":26},{"x":200,"y":85},{"x":126,"y":79}],"elements":[{"boundingBox":{"bottom":85,"left":126,"right":205,"top":20},"cornerPoints":[{"x":131,"y":20},{"x":205,"y":26},{"x":200,"y":85},{"x":126,"y":79}],"recognizedLanguage":"und-Latn","text":"27Kg"}],"recognizedLanguage":"und-Latn","text":"27Kg"}],"recognizedLanguage":"und-Latn","text":"27Kg"},{"boundingBox":{"bottom":184,"left":137,"right":178,"top":106},"cornerPoints":[{"x":137,"y":106},{"x":176,"y":106},{"x":178,"y":184},{"x":138,"y":184}],"lines":[{"boundingBox":{"bottom":184,"left":137,"right":177,"top":105},"cornerPoints":[{"x":137,"y":106},{"x":176,"y":105},{"x":177,"y":183},{"x":138,"y":184}],"elements":[{"boundingB
08-28 17:39:48.044  9756  9803 I Unity   : GetResult : True 10
08-28 17:39:48.045  9756  9803 I Unity   : TransformToRtScreen: 204 216
08-28 17:39:48.141  9756  9803 D MLKit   : input 384x203 pixelCount=77952 id=12
08-28 17:39:48.489  9756  9756 D MLKit   : parseText 27Kg 1
08-28 17:39:48.489  9756  9756 D MLKit   : parseTextBlock 27Kg 1 (195,20) - (310,85)
08-28 17:39:48.489  9756  9756 D MLKit   : parseLine 27Kg 1 (194,20) - (310,84)
08-28 17:39:48.489  9756  9756 D MLKit   : parseElement 27Kg (194,20) - (310,84)
08-28 17:39:48.496  9756  9803 I Unity   : MLKitWrapper.OnComplete: json
08-28 17:39:48.496  9756  9803 I Unity   : {"requestId":11,"text":{"text":"27Kg","textBlocks":[{"boundingBox":{"bottom":85,"left":195,"right":310,"top":20},"cornerPoints":[{"x":198,"y":20},{"x":310,"y":26},{"x":307,"y":85},{"x":195,"y":78}],"lines":[{"boundingBox":{"bottom":84,"left":194,"right":310,"top":20},"cornerPoints":[{"x":198,"y":20},{"x":310,"y":26},{"x":306,"y":84},{"x":194,"y":78}],"elements":[{"boundingBox":{"bottom":84,"left":194,"right":310,"top":20},"cornerPoints":[{"x":198,"y":20},{"x":310,"y":26},{"x":306,"y":84},{"x":194,"y":78}],"recognizedLanguage":"und-Latn","text":"27Kg"}],"recognizedLanguage":"und-Latn","text":"27Kg"}],"recognizedLanguage":"und-Latn","text":"27Kg"}]}}
08-28 17:39:48.515  9756  9803 I Unity   : GetResult : True 11
08-28 17:39:48.515  9756  9803 I Unity   : TransformToRtScreen: 312 216
08-28 17:39:48.615  9756  9803 D MLKit   : input 384x205 pixelCount=78720 id=13
08-28 17:39:48.621  9756  9803 I Unity   : Cont. 11.891115/400	3/30-40
08-28 17:39:48.746  9756  9756 D MLKit   : parseText 27Kg 1
08-28 17:39:48.746  9756  9756 D MLKit   : parseTextBlock 27Kg 1 (240,16) - (384,80)
08-28 17:39:48.746  9756  9756 D MLKit   : parseLine 27Kg 1 (239,16) - (384,79)
08-28 17:39:48.746  9756  9756 D MLKit   : parseElement 27Kg (239,16) - (384,79)
08-28 17:39:48.755  9756  9803 I Unity   : MLKitWrapper.OnComplete: json
08-28 17:39:48.755  9756  9803 I Unity   : {"requestId":12,"text":{"text":"27Kg","textBlocks":[{"boundingBox":{"bottom":80,"left":240,"right":384,"top":16},"cornerPoints":[{"x":243,"y":16},{"x":384,"y":25},{"x":380,"y":80},{"x":240,"y":70}],"lines":[{"boundingBox":{"bottom":79,"left":239,"right":384,"top":16},"cornerPoints":[{"x":243,"y":16},{"x":384,"y":25},{"x":380,"y":79},{"x":239,"y":70}],"elements":[{"boundingBox":{"bottom":79,"left":239,"right":384,"top":16},"cornerPoints":[{"x":243,"y":16},{"x":384,"y":25},{"x":380,"y":79},{"x":239,"y":70}],"recognizedLanguage":"und-Latn","text":"27Kg"}],"recognizedLanguage":"und-Latn","text":"27Kg"}],"recognizedLanguage":"und-Latn","text":"27Kg"}]}}
08-28 17:39:48.778  9756  9803 I Unity   : GetResult : True 12
08-28 17:39:48.778  9756  9803 I Unity   : TransformToRtScreen: 384 203
08-28 17:39:48.934  9756  9756 D MLKit   : parseText 27Kg 1
08-28 17:39:48.934  9756  9756 D MLKit   : parseTextBlock 27Kg 1 (239,15) - (384,81)
08-28 17:39:48.934  9756  9756 D MLKit   : parseLine 27Kg 1 (238,15) - (384,80)
08-28 17:39:48.934  9756  9756 D MLKit   : parseElement 27Kg (238,15) - (384,80)
08-28 17:39:48.946  9756  9803 I Unity   : MLKitWrapper.OnComplete: json
08-28 17:39:48.946  9756  9803 I Unity   : {"requestId":13,"text":{"text":"27Kg","textBlocks":[{"boundingBox":{"bottom":81,"left":239,"right":384,"top":15},"cornerPoints":[{"x":243,"y":15},{"x":384,"y":26},{"x":379,"y":81},{"x":239,"y":69}],"lines":[{"boundingBox":{"bottom":80,"left":238,"right":384,"top":15},"cornerPoints":[{"x":243,"y":15},{"x":384,"y":26},{"x":379,"y":80},{"x":238,"y":69}],"elements":[{"boundingBox":{"bottom":80,"left":238,"right":384,"top":15},"cornerPoints":[{"x":243,"y":15},{"x":384,"y":26},{"x":379,"y":80},{"x":238,"y":69}],"recognizedLanguage":"und-Latn","text":"27Kg"}],"recognizedLanguage":"und-Latn","text":"27Kg"}],"recognizedLanguage":"und-Latn","text":"27Kg"}]}}
08-28 17:39:48.961  9756  9803 I Unity   : GetResult : True 13
08-28 17:39:48.962  9756  9803 I Unity   : TransformToRtScreen: 384 205
08-28 17:39:49.561  9756  9803 D MLKit   : input 225x216 pixelCount=48600 id=14
08-28 17:39:49.853  9756  9756 D MLKit   : parseText 27Kg 1
08-28 17:39:49.853  9756  9756 D MLKit   : parseTextBlock 27Kg 1 (140,23) - (224,89)
08-28 17:39:49.853  9756  9756 D MLKit   : parseLine 27Kg 1 (139,23) - (224,88)
08-28 17:39:49.853  9756  9756 D MLKit   : parseElement 27Kg (139,23) - (224,88)
08-28 17:39:49.861  9756  9803 I Unity   : MLKitWrapper.OnComplete: json
08-28 17:39:49.861  9756  9803 I Unity   : {"requestId":14,"text":{"text":"27Kg","textBlocks":[{"boundingBox":{"bottom":89,"left":140,"right":224,"top":23},"cornerPoints":[{"x":142,"y":23},{"x":224,"y":25},{"x":222,"y":89},{"x":140,"y":86}],"lines":[{"boundingBox":{"bottom":88,"left":139,"right":224,"top":23},"cornerPoints":[{"x":142,"y":23},{"x":224,"y":25},{"x":221,"y":88},{"x":139,"y":86}],"elements":[{"boundingBox":{"bottom":88,"left":139,"right":224,"top":23},"cornerPoints":[{"x":142,"y":23},{"x":224,"y":25},{"x":221,"y":88},{"x":139,"y":86}],"recognizedLanguage":"und-Latn","text":"27Kg"}],"recognizedLanguage":"und-Latn","text":"27Kg"}],"recognizedLanguage":"und-Latn","text":"27Kg"}]}}
08-28 17:39:49.876  9756  9803 I Unity   : GetResult : True 14
08-28 17:39:49.876  9756  9803 I Unity   : TransformToRtScreen: 225 216
08-28 17:39:49.957  9756  9803 D MLKit   : input 384x209 pixelCount=80256 id=15
08-28 17:39:50.197  9756  9803 D MLKit   : input 193x216 pixelCount=41688 id=16
08-28 17:39:50.295  9756  9756 D MLKit   : parseText 27Kg 1
08-28 17:39:50.295  9756  9756 D MLKit   : parseTextBlock 27Kg 1 (241,20) - (382,83)
08-28 17:39:50.295  9756  9756 D MLKit   : parseLine 27Kg 1 (240,20) - (382,82)
08-28 17:39:50.295  9756  9756 D MLKit   : parseElement 27Kg (240,20) - (382,82)
08-28 17:39:50.309  9756  9803 I Unity   : MLKitWrapper.OnComplete: json
08-28 17:39:50.309  9756  9803 I Unity   : {"requestId":15,"text":{"text":"27Kg","textBlocks":[{"boundingBox":{"bottom":83,"left":241,"right":382,"top":20},"cornerPoints":[{"x":244,"y":20},{"x":382,"y":27},{"x":379,"y":83},{"x":241,"y":75}],"lines":[{"boundingBox":{"bottom":82,"left":240,"right":382,"top":20},"cornerPoints":[{"x":244,"y":20},{"x":382,"y":27},{"x":378,"y":82},{"x":240,"y":75}],"elements":[{"boundingBox":{"bottom":82,"left":240,"right":382,"top":20},"cornerPoints":[{"x":244,"y":20},{"x":382,"y":27},{"x":378,"y":82},{"x":240,"y":75}],"recognizedLanguage":"und-Latn","text":"27Kg"}],"recognizedLanguage":"und-Latn","text":"27Kg"}],"recognizedLanguage":"und-Latn","text":"27Kg"}]}}
08-28 17:39:50.325  9756  9803 I Unity   : GetResult : True 15
08-28 17:39:50.325  9756  9803 I Unity   : TransformToRtScreen: 384 209
08-28 17:39:50.398  9756  9803 D MLKit   : input 206x216 pixelCount=44496 id=17
08-28 17:39:50.577  9756  9756 D MLKit   : parseText 1 1
08-28 17:39:50.578  9756  9756 D MLKit   : parseTextBlock 1 1 (139,105) - (196,194)
08-28 17:39:50.578  9756  9756 D MLKit   : parseLine 1 1 (139,104) - (195,194)
08-28 17:39:50.578  9756  9756 D MLKit   : parseElement 1 (139,104) - (195,194)
08-28 17:39:50.586  9756  9803 I Unity   : MLKitWrapper.OnComplete: json
08-28 17:39:50.586  9756  9803 I Unity   : {"requestId":16,"text":{"text":"1","textBlocks":[{"boundingBox":{"bottom":194,"left":139,"right":196,"top":105},"cornerPoints":[{"x":139,"y":105},{"x":195,"y":105},{"x":196,"y":194},{"x":139,"y":194}],"lines":[{"boundingBox":{"bottom":194,"left":139,"right":195,"top":104},"cornerPoints":[{"x":139,"y":105},{"x":195,"y":104},{"x":195,"y":193},{"x":139,"y":194}],"elements":[{"boundingBox":{"bottom":194,"left":139,"right":195,"top":104},"cornerPoints":[{"x":139,"y":105},{"x":195,"y":104},{"x":195,"y":193},{"x":139,"y":194}],"recognizedLanguage":"und-Latn","text":"1"}],"recognizedLanguage":"und-Latn","text":"1"}],"recognizedLanguage":"und-Latn","text":"1"}]}}
08-28 17:39:50.603  9756  9803 I Unity   : GetResult : True 16
08-28 17:39:50.604  9756  9803 I Unity   : TransformToRtScreen: 193 216
08-28 17:39:50.714  9756  9803 D MLKit   : input 214x216 pixelCount=46224 id=18
08-28 17:39:50.868  9756  9756 D MLKit   : parseText  0
08-28 17:39:50.882  9756  9803 I Unity   : MLKitWrapper.OnComplete: json
08-28 17:39:50.882  9756  9803 I Unity   : {"requestId":17,"text":{"text":"","textBlocks":[]}}
08-28 17:39:50.898  9756  9803 I Unity   : GetResult : True 17
08-28 17:39:50.899  9756  9803 I Unity   : TransformToRtScreen: 206 216
08-28 17:39:50.998  9756  9803 D MLKit   : input 384x163 pixelCount=62592 id=19
08-28 17:39:51.104  9756  9803 I Unity   : Cont. 14.37402/400	4/30-40
08-28 17:39:51.213  9756  9756 D MLKit   : parseText 27Kg 1
08-28 17:39:51.213  9756  9756 D MLKit   : parseTextBlock 27Kg 1 (135,25) - (212,85)
08-28 17:39:51.213  9756  9756 D MLKit   : parseLine 27Kg 1 (135,25) - (212,85)
08-28 17:39:51.213  9756  9756 D MLKit   : parseElement 27Kg (135,25) - (212,85)
08-28 17:39:51.226  9756  9803 I Unity   : MLKitWrapper.OnComplete: json
08-28 17:39:51.226  9756  9803 I Unity   : {"requestId":18,"text":{"text":"27Kg","textBlocks":[{"boundingBox":{"bottom":85,"left":135,"right":212,"top":25},"cornerPoints":[{"x":135,"y":25},{"x":212,"y":25},{"x":212,"y":85},{"x":135,"y":85}],"lines":[{"boundingBox":{"bottom":85,"left":135,"right":212,"top":25},"cornerPoints":[{"x":135,"y":25},{"x":212,"y":25},{"x":212,"y":85},{"x":135,"y":85}],"elements":[{"boundingBox":{"bottom":85,"left":135,"right":212,"top":25},"cornerPoints":[{"x":135,"y":25},{"x":212,"y":25},{"x":212,"y":85},{"x":135,"y":85}],"recognizedLanguage":"und-Latn","text":"27Kg"}],"recognizedLanguage":"und-Latn","text":"27Kg"}],"recognizedLanguage":"und-Latn","text":"27Kg"}]}}
08-28 17:39:51.243  9756  9803 I Unity   : GetResult : True 18
08-28 17:39:51.243  9756  9803 I Unity   : TransformToRtScreen: 214 216
08-28 17:39:51.355  9756  9756 D MLKit   : parseText 27Kg
08-28 17:39:51.355  9756  9756 D MLKit   : 1 2
08-28 17:39:51.355  9756  9756 D MLKit   : parseTextBlock 27Kg 1 (242,14) - (382,66)
08-28 17:39:51.355  9756  9756 D MLKit   : parseLine 27Kg 1 (241,14) - (382,65)
08-28 17:39:51.355  9756  9756 D MLKit   : parseElement 27Kg (241,14) - (382,65)
08-28 17:39:51.356  9756  9756 D MLKit   : parseTextBlock 1 1 (277,79) - (306,147)
08-28 17:39:51.356  9756  9756 D MLKit   : parseLine 1 1 (277,79) - (306,147)
08-28 17:39:51.356  9756  9756 D MLKit   : parseElement 1 (277,79) - (306,147)
08-28 17:39:51.365  9756  9803 I Unity   : MLKitWrapper.OnComplete: json
08-28 17:39:51.365  9756  9803 I Unity   : {"requestId":19,"text":{"text":"27Kg\n1","textBlocks":[{"boundingBox":{"bottom":66,"left":242,"right":382,"top":14},"cornerPoints":[{"x":244,"y":14},{"x":382,"y":21},{"x":380,"y":66},{"x":242,"y":58}],"lines":[{"boundingBox":{"bottom":65,"left":241,"right":382,"top":14},"cornerPoints":[{"x":244,"y":14},{"x":382,"y":21},{"x":379,"y":65},{"x":241,"y":58}],"elements":[{"boundingBox":{"bottom":65,"left":241,"right":382,"top":14},"cornerPoints":[{"x":244,"y":14},{"x":382,"y":21},{"x":379,"y":65},{"x":241,"y":58}],"recognizedLanguage":"und-Latn","text":"27Kg"}],"recognizedLanguage":"und-Latn","text":"27Kg"}],"recognizedLanguage":"und-Latn","text":"27Kg"},{"boundingBox":{"bottom":147,"left":277,"right":306,"top":79},"cornerPoints":[{"x":277,"y":79},{"x":306,"y":79},{"x":306,"y":147},{"x":277,"y":147}],"lines":[{"boundingBox":{"bottom":147,"left":277,"right":306,"top":79},"cornerPoints":[{"x":277,"y":79},{"x":306,"y":79},{"x":306,"y":147},{"x":277,"y":147}],"elements":[{"boundingBox":{"
08-28 17:39:51.380  9756  9803 I Unity   : GetResult : True 19
08-28 17:39:51.380  9756  9803 I Unity   : TransformToRtScreen: 384 163
08-28 17:39:52.438  9756  9803 D MLKit   : input 374x216 pixelCount=80784 id=20
08-28 17:39:52.613  9756  9756 D MLKit   : parseText 27Kg 1
08-28 17:39:52.614  9756  9756 D MLKit   : parseTextBlock 27Kg 1 (236,23) - (371,84)
08-28 17:39:52.614  9756  9756 D MLKit   : parseLine 27Kg 1 (235,23) - (371,83)
08-28 17:39:52.614  9756  9756 D MLKit   : parseElement 27Kg (235,23) - (371,83)
08-28 17:39:52.627  9756  9803 I Unity   : MLKitWrapper.OnComplete: json
08-28 17:39:52.627  9756  9803 I Unity   : {"requestId":20,"text":{"text":"27Kg","textBlocks":[{"boundingBox":{"bottom":84,"left":236,"right":371,"top":23},"cornerPoints":[{"x":236,"y":23},{"x":371,"y":24},{"x":371,"y":84},{"x":236,"y":82}],"lines":[{"boundingBox":{"bottom":83,"left":235,"right":371,"top":23},"cornerPoints":[{"x":236,"y":23},{"x":371,"y":24},{"x":370,"y":83},{"x":235,"y":82}],"elements":[{"boundingBox":{"bottom":83,"left":235,"right":371,"top":23},"cornerPoints":[{"x":236,"y":23},{"x":371,"y":24},{"x":370,"y":83},{"x":235,"y":82}],"recognizedLanguage":"und-Latn","text":"27Kg"}],"recognizedLanguage":"und-Latn","text":"27Kg"}],"recognizedLanguage":"und-Latn","text":"27Kg"}]}}
08-28 17:39:52.644  9756  9803 I Unity   : GetResult : True 20
08-28 17:39:52.644  9756  9803 I Unity   : TransformToRtScreen: 374 216
08-28 17:39:52.681  9756  9803 D MLKit   : input 193x216 pixelCount=41688 id=21
08-28 17:39:52.739  9756  9803 D MLKit   : input 384x168 pixelCount=64512 id=22
08-28 17:39:52.939  9756  9756 D MLKit   : parseText  0
08-28 17:39:52.958  9756  9803 I Unity   : MLKitWrapper.OnComplete: json
08-28 17:39:52.958  9756  9803 I Unity   : {"requestId":21,"text":{"text":"","textBlocks":[]}}
08-28 17:39:52.971  9756  9803 I Unity   : GetResult : True 21
08-28 17:39:52.971  9756  9803 I Unity   : TransformToRtScreen: 193 216
08-28 17:39:53.048  9756  9803 D MLKit   : input 285x216 pixelCount=61560 id=23
08-28 17:39:53.126  9756  9756 D MLKit   : parseText 27Kg 1
08-28 17:39:53.127  9756  9756 D MLKit   : parseTextBlock 27Kg 1 (243,15) - (382,67)
08-28 17:39:53.127  9756  9756 D MLKit   : parseLine 27Kg 1 (242,15) - (382,66)
08-28 17:39:53.127  9756  9756 D MLKit   : parseElement 27Kg (242,15) - (382,66)
08-28 17:39:53.146  9756  9803 I Unity   : MLKitWrapper.OnComplete: json
08-28 17:39:53.146  9756  9803 I Unity   : {"requestId":22,"text":{"text":"27Kg","textBlocks":[{"boundingBox":{"bottom":67,"left":243,"right":382,"top":15},"cornerPoints":[{"x":244,"y":15},{"x":382,"y":20},{"x":381,"y":67},{"x":243,"y":61}],"lines":[{"boundingBox":{"bottom":66,"left":242,"right":382,"top":15},"cornerPoints":[{"x":244,"y":15},{"x":382,"y":20},{"x":380,"y":66},{"x":242,"y":61}],"elements":[{"boundingBox":{"bottom":66,"left":242,"right":382,"top":15},"cornerPoints":[{"x":244,"y":15},{"x":382,"y":20},{"x":380,"y":66},{"x":242,"y":61}],"recognizedLanguage":"und-Latn","text":"27Kg"}],"recognizedLanguage":"und-Latn","text":"27Kg"}],"recognizedLanguage":"und-Latn","text":"27Kg"}]}}
08-28 17:39:53.169  9756  9803 I Unity   : GetResult : True 22
08-28 17:39:53.170  9756  9803 I Unity   : TransformToRtScreen: 384 168
08-28 17:39:53.229  9756  9803 D MLKit   : input 200x216 pixelCount=43200 id=24
08-28 17:39:53.508  9756  9756 D MLKit   : parseText  0
08-28 17:39:53.511  9756  9803 I Unity   : MLKitWrapper.OnComplete: json
08-28 17:39:53.511  9756  9803 I Unity   : {"requestId":23,"text":{"text":"","textBlocks":[]}}
08-28 17:39:53.525  9756  9803 I Unity   : GetResult : True 23
08-28 17:39:53.525  9756  9803 I Unity   : TransformToRtScreen: 285 216
08-28 17:39:53.592  9756  9803 D MLKit   : input 294x216 pixelCount=63504 id=25
08-28 17:39:53.753  9756  9756 D MLKit   : parseText 27Kg 1
08-28 17:39:53.753  9756  9756 D MLKit   : parseTextBlock 27Kg 1 (126,25) - (199,85)
08-28 17:39:53.753  9756  9756 D MLKit   : parseLine 27Kg 1 (126,25) - (199,85)
08-28 17:39:53.753  9756  9756 D MLKit   : parseElement 27Kg (126,25) - (199,85)
08-28 17:39:53.767  9756  9803 I Unity   : MLKitWrapper.OnComplete: json
08-28 17:39:53.767  9756  9803 I Unity   : {"requestId":24,"text":{"text":"27Kg","textBlocks":[{"boundingBox":{"bottom":85,"left":126,"right":199,"top":25},"cornerPoints":[{"x":126,"y":25},{"x":199,"y":25},{"x":199,"y":85},{"x":126,"y":85}],"lines":[{"boundingBox":{"bottom":85,"left":126,"right":199,"top":25},"cornerPoints":[{"x":126,"y":25},{"x":199,"y":25},{"x":199,"y":85},{"x":126,"y":85}],"elements":[{"boundingBox":{"bottom":85,"left":126,"right":199,"top":25},"cornerPoints":[{"x":126,"y":25},{"x":199,"y":25},{"x":199,"y":85},{"x":126,"y":85}],"recognizedLanguage":"und-Latn","text":"27Kg"}],"recognizedLanguage":"und-Latn","text":"27Kg"}],"recognizedLanguage":"und-Latn","text":"27Kg"}]}}
08-28 17:39:53.791  9756  9803 I Unity   : GetResult : True 24
08-28 17:39:53.791  9756  9803 I Unity   : TransformToRtScreen: 200 216
08-28 17:39:53.868  9756  9803 D MLKit   : input 384x214 pixelCount=82176 id=26
08-28 17:39:54.123  9756  9756 D MLKit   : parseText 27Kg 1
08-28 17:39:54.124  9756  9756 D MLKit   : parseTextBlock 27Kg 1 (185,23) - (292,85)
08-28 17:39:54.124  9756  9756 D MLKit   : parseLine 27Kg 1 (184,23) - (292,84)
08-28 17:39:54.124  9756  9756 D MLKit   : parseElement 27Kg (184,23) - (292,84)
08-28 17:39:54.130  9756  9803 I Unity   : MLKitWrapper.OnComplete: json
08-28 17:39:54.130  9756  9803 I Unity   : {"requestId":25,"text":{"text":"27Kg","textBlocks":[{"boundingBox":{"bottom":85,"left":185,"right":292,"top":23},"cornerPoints":[{"x":186,"y":23},{"x":292,"y":25},{"x":291,"y":85},{"x":185,"y":82}],"lines":[{"boundingBox":{"bottom":84,"left":184,"right":292,"top":23},"cornerPoints":[{"x":186,"y":23},{"x":292,"y":25},{"x":290,"y":84},{"x":184,"y":82}],"elements":[{"boundingBox":{"bottom":84,"left":184,"right":292,"top":23},"cornerPoints":[{"x":186,"y":23},{"x":292,"y":25},{"x":290,"y":84},{"x":184,"y":82}],"recognizedLanguage":"und-Latn","text":"27Kg"}],"recognizedLanguage":"und-Latn","text":"27Kg"}],"recognizedLanguage":"und-Latn","text":"27Kg"}]}}
08-28 17:39:54.150  9756  9803 I Unity   : GetResult : True 25
08-28 17:39:54.150  9756  9803 I Unity   : TransformToRtScreen: 294 216
08-28 17:39:54.218  9756  9803 D MLKit   : input 384x162 pixelCount=62208 id=27
08-28 17:39:54.342  9756  9756 D MLKit   : parseText 27Kg 1
08-28 17:39:54.342  9756  9756 D MLKit   : parseTextBlock 27Kg 1 (240,19) - (384,85)
08-28 17:39:54.342  9756  9756 D MLKit   : parseLine 27Kg 1 (239,19) - (384,84)
08-28 17:39:54.342  9756  9756 D MLKit   : parseElement 27Kg (239,19) - (384,84)
08-28 17:39:54.364  9756  9803 I Unity   : MLKitWrapper.OnComplete: json
08-28 17:39:54.364  9756  9803 I Unity   : {"requestId":26,"text":{"text":"27Kg","textBlocks":[{"boundingBox":{"bottom":85,"left":240,"right":384,"top":19},"cornerPoints":[{"x":243,"y":19},{"x":384,"y":27},{"x":381,"y":85},{"x":240,"y":76}],"lines":[{"boundingBox":{"bottom":84,"left":239,"right":384,"top":19},"cornerPoints":[{"x":243,"y":19},{"x":384,"y":27},{"x":380,"y":84},{"x":239,"y":76}],"elements":[{"boundingBox":{"bottom":84,"left":239,"right":384,"top":19},"cornerPoints":[{"x":243,"y":19},{"x":384,"y":27},{"x":380,"y":84},{"x":239,"y":76}],"recognizedLanguage":"und-Latn","text":"27Kg"}],"recognizedLanguage":"und-Latn","text":"27Kg"}],"recognizedLanguage":"und-Latn","text":"27Kg"}]}}
08-28 17:39:54.371  9756  9803 I Unity   : GetResult : True 26
08-28 17:39:54.371  9756  9803 I Unity   : TransformToRtScreen: 384 214
08-28 17:39:54.443  9756  9803 D MLKit   : input 278x216 pixelCount=60048 id=28
08-28 17:39:54.495  9756  9756 D MLKit   : parseText 27Kg 1
08-28 17:39:54.496  9756  9756 D MLKit   : parseTextBlock 27Kg 1 (242,14) - (382,65)
08-28 17:39:54.496  9756  9756 D MLKit   : parseLine 27Kg 1 (241,14) - (382,64)
08-28 17:39:54.496  9756  9756 D MLKit   : parseElement 27Kg (241,14) - (382,64)
08-28 17:39:54.501  9756  9803 I Unity   : MLKitWrapper.OnComplete: json
08-28 17:39:54.501  9756  9803 I Unity   : {"requestId":27,"text":{"text":"27Kg","textBlocks":[{"boundingBox":{"bottom":65,"left":242,"right":382,"top":14},"cornerPoints":[{"x":243,"y":14},{"x":382,"y":19},{"x":381,"y":65},{"x":242,"y":59}],"lines":[{"boundingBox":{"bottom":64,"left":241,"right":382,"top":14},"cornerPoints":[{"x":243,"y":14},{"x":382,"y":19},{"x":380,"y":64},{"x":241,"y":59}],"elements":[{"boundingBox":{"bottom":64,"left":241,"right":382,"top":14},"cornerPoints":[{"x":243,"y":14},{"x":382,"y":19},{"x":380,"y":64},{"x":241,"y":59}],"recognizedLanguage":"und-Latn","text":"27Kg"}],"recognizedLanguage":"und-Latn","text":"27Kg"}],"recognizedLanguage":"und-Latn","text":"27Kg"}]}}
08-28 17:39:54.508  9756  9803 I Unity   : GetResult : True 27
08-28 17:39:54.509  9756  9803 I Unity   : TransformToRtScreen: 384 162
08-28 17:39:54.578  9756  9803 D MLKit   : input 384x150 pixelCount=57600 id=29
08-28 17:39:54.814  9756  9756 D MLKit   : parseText  0
08-28 17:39:54.832  9756  9803 I Unity   : MLKitWrapper.OnComplete: json
08-28 17:39:54.832  9756  9803 I Unity   : {"requestId":28,"text":{"text":"","textBlocks":[]}}
08-28 17:39:54.838  9756  9803 I Unity   : GetResult : True 28
08-28 17:39:54.838  9756  9803 I Unity   : TransformToRtScreen: 278 216
08-28 17:39:54.915  9756  9803 D MLKit   : input 384x164 pixelCount=62976 id=30
08-28 17:39:55.023  9756  9756 D MLKit   : parseText 27Kg 1
08-28 17:39:55.023  9756  9756 D MLKit   : parseTextBlock 27Kg 1 (243,14) - (382,60)
08-28 17:39:55.024  9756  9756 D MLKit   : parseLine 27Kg 1 (242,14) - (382,59)
08-28 17:39:55.024  9756  9756 D MLKit   : parseElement 27Kg (242,14) - (382,59)
08-28 17:39:55.029  9756  9803 I Unity   : MLKitWrapper.OnComplete: json
08-28 17:39:55.029  9756  9803 I Unity   : {"requestId":29,"text":{"text":"27Kg","textBlocks":[{"boundingBox":{"bottom":60,"left":243,"right":382,"top":14},"cornerPoints":[{"x":244,"y":14},{"x":382,"y":19},{"x":381,"y":60},{"x":243,"y":54}],"lines":[{"boundingBox":{"bottom":59,"left":242,"right":382,"top":14},"cornerPoints":[{"x":244,"y":14},{"x":382,"y":19},{"x":380,"y":59},{"x":242,"y":54}],"elements":[{"boundingBox":{"bottom":59,"left":242,"right":382,"top":14},"cornerPoints":[{"x":244,"y":14},{"x":382,"y":19},{"x":380,"y":59},{"x":242,"y":54}],"recognizedLanguage":"und-Latn","text":"27Kg"}],"recognizedLanguage":"und-Latn","text":"27Kg"}],"recognizedLanguage":"und-Latn","text":"27Kg"}]}}
08-28 17:39:55.047  9756  9803 I Unity   : GetResult : True 29
08-28 17:39:55.048  9756  9803 I Unity   : TransformToRtScreen: 384 150
08-28 17:39:55.115  9756  9803 D MLKit   : input 384x152 pixelCount=58368 id=31
08-28 17:39:55.236  9756  9756 D MLKit   : parseText 27Kg 1
08-28 17:39:55.237  9756  9756 D MLKit   : parseTextBlock 27Kg 1 (243,15) - (382,65)
08-28 17:39:55.237  9756  9756 D MLKit   : parseLine 27Kg 1 (242,15) - (382,64)
08-28 17:39:55.237  9756  9756 D MLKit   : parseElement 27Kg (242,15) - (382,64)
08-28 17:39:55.266  9756  9803 I Unity   : MLKitWrapper.OnComplete: json
08-28 17:39:55.266  9756  9803 I Unity   : {"requestId":30,"text":{"text":"27Kg","textBlocks":[{"boundingBox":{"bottom":65,"left":243,"right":382,"top":15},"cornerPoints":[{"x":244,"y":15},{"x":382,"y":20},{"x":381,"y":65},{"x":243,"y":59}],"lines":[{"boundingBox":{"bottom":64,"left":242,"right":382,"top":15},"cornerPoints":[{"x":244,"y":15},{"x":382,"y":20},{"x":380,"y":64},{"x":242,"y":59}],"elements":[{"boundingBox":{"bottom":64,"left":242,"right":382,"top":15},"cornerPoints":[{"x":244,"y":15},{"x":382,"y":20},{"x":380,"y":64},{"x":242,"y":59}],"recognizedLanguage":"und-Latn","text":"27Kg"}],"recognizedLanguage":"und-Latn","text":"27Kg"}],"recognizedLanguage":"und-Latn","text":"27Kg"}]}}
08-28 17:39:55.270  9756  9803 I Unity   : GetResult : True 30
08-28 17:39:55.279  9756  9803 I Unity   : TransformToRtScreen: 384 164
08-28 17:39:55.336  9756  9803 D MLKit   : input 384x148 pixelCount=56832 id=32
08-28 17:39:55.344  9756  9756 D MLKit   : parseText 27Kg 1
08-28 17:39:55.344  9756  9756 D MLKit   : parseTextBlock 27Kg 1 (243,13) - (382,61)
08-28 17:39:55.344  9756  9756 D MLKit   : parseLine 27Kg 1 (242,13) - (382,60)
08-28 17:39:55.344  9756  9756 D MLKit   : parseElement 27Kg (242,13) - (382,60)
08-28 17:39:55.351  9756  9803 I Unity   : MLKitWrapper.OnComplete: json
08-28 17:39:55.351  9756  9803 I Unity   : {"requestId":31,"text":{"text":"27Kg","textBlocks":[{"boundingBox":{"bottom":61,"left":243,"right":382,"top":13},"cornerPoints":[{"x":244,"y":13},{"x":382,"y":18},{"x":381,"y":61},{"x":243,"y":55}],"lines":[{"boundingBox":{"bottom":60,"left":242,"right":382,"top":13},"cornerPoints":[{"x":244,"y":13},{"x":382,"y":18},{"x":380,"y":60},{"x":242,"y":55}],"elements":[{"boundingBox":{"bottom":60,"left":242,"right":382,"top":13},"cornerPoints":[{"x":244,"y":13},{"x":382,"y":18},{"x":380,"y":60},{"x":242,"y":55}],"recognizedLanguage":"und-Latn","text":"27Kg"}],"recognizedLanguage":"und-Latn","text":"27Kg"}],"recognizedLanguage":"und-Latn","text":"27Kg"}]}}
08-28 17:39:55.359  9756  9803 I Unity   : GetResult : True 31
08-28 17:39:55.359  9756  9803 I Unity   : TransformToRtScreen: 384 152
08-28 17:39:55.417  9756  9803 D MLKit   : input 384x175 pixelCount=67200 id=33
08-28 17:39:55.539  9756  9756 D MLKit   : parseText 27Kg 1
08-28 17:39:55.539  9756  9756 D MLKit   : parseTextBlock 27Kg 1 (242,14) - (382,58)
08-28 17:39:55.539  9756  9756 D MLKit   : parseLine 27Kg 1 (241,14) - (382,57)
08-28 17:39:55.540  9756  9756 D MLKit   : parseElement 27Kg (241,14) - (382,57)
08-28 17:39:55.548  9756  9803 I Unity   : MLKitWrapper.OnComplete: json
08-28 17:39:55.548  9756  9803 I Unity   : {"requestId":32,"text":{"text":"27Kg","textBlocks":[{"boundingBox":{"bottom":58,"left":242,"right":382,"top":14},"cornerPoints":[{"x":243,"y":14},{"x":382,"y":18},{"x":381,"y":58},{"x":242,"y":53}],"lines":[{"boundingBox":{"bottom":57,"left":241,"right":382,"top":14},"cornerPoints":[{"x":243,"y":14},{"x":382,"y":18},{"x":380,"y":57},{"x":241,"y":53}],"elements":[{"boundingBox":{"bottom":57,"left":241,"right":382,"top":14},"cornerPoints":[{"x":243,"y":14},{"x":382,"y":18},{"x":380,"y":57},{"x":241,"y":53}],"recognizedLanguage":"und-Latn","text":"27Kg"}],"recognizedLanguage":"und-Latn","text":"27Kg"}],"recognizedLanguage":"und-Latn","text":"27Kg"}]}}
08-28 17:39:55.565  9756  9803 I Unity   : GetResult : True 32
08-28 17:39:55.566  9756  9803 I Unity   : TransformToRtScreen: 384 148
08-28 17:39:55.627  9756  9803 D MLKit   : input 250x216 pixelCount=54000 id=34
08-28 17:39:55.711  9756  9756 D MLKit   : parseText 27Kg 1
08-28 17:39:55.711  9756  9756 D MLKit   : parseTextBlock 27Kg 1 (243,15) - (383,70)
08-28 17:39:55.712  9756  9756 D MLKit   : parseLine 27Kg 1 (242,15) - (383,69)
08-28 17:39:55.712  9756  9756 D MLKit   : parseElement 27Kg (242,15) - (383,69)
08-28 17:39:55.723  9756  9803 I Unity   : MLKitWrapper.OnComplete: json
08-28 17:39:55.723  9756  9803 I Unity   : {"requestId":33,"text":{"text":"27Kg","textBlocks":[{"boundingBox":{"bottom":70,"left":243,"right":383,"top":15},"cornerPoints":[{"x":244,"y":15},{"x":383,"y":20},{"x":382,"y":70},{"x":243,"y":64}],"lines":[{"boundingBox":{"bottom":69,"left":242,"right":383,"top":15},"cornerPoints":[{"x":244,"y":15},{"x":383,"y":20},{"x":381,"y":69},{"x":242,"y":64}],"elements":[{"boundingBox":{"bottom":69,"left":242,"right":383,"top":15},"cornerPoints":[{"x":244,"y":15},{"x":383,"y":20},{"x":381,"y":69},{"x":242,"y":64}],"recognizedLanguage":"und-Latn","text":"27Kg"}],"recognizedLanguage":"und-Latn","text":"27Kg"}],"recognizedLanguage":"und-Latn","text":"27Kg"}]}}
08-28 17:39:55.740  9756  9803 I Unity   : GetResult : True 33
08-28 17:39:55.740  9756  9803 I Unity   : TransformToRtScreen: 384 175
08-28 17:39:55.800  9756  9803 D MLKit   : input 204x216 pixelCount=44064 id=35
08-28 17:39:56.002  9756  9756 D MLKit   : parseText 27Kg 1
08-28 17:39:56.002  9756  9756 D MLKit   : parseTextBlock 27Kg 1 (158,23) - (248,84)
08-28 17:39:56.002  9756  9756 D MLKit   : parseLine 27Kg 1 (157,23) - (248,83)
08-28 17:39:56.003  9756  9756 D MLKit   : parseElement 27Kg (157,23) - (248,83)
08-28 17:39:56.014  9756  9803 I Unity   : MLKitWrapper.OnComplete: json
