08-13 23:57:16.504   598  3205 D AudioALSACaptureDataProviderNormal: open(+), audiomode=0, cardindex = 1, pcmindex = 1
08-13 23:57:16.512   598  3205 D AudioSpeechEnhanceInfo: GetHifiRecord, mHiFiRecordEnable=0
08-13 23:57:16.512   598  3205 D AudioALSACaptureDataProviderNormal: buffersizemax: 49152, bHifiRecord: 0, btempDebug: 0
08-13 23:57:16.512   598  3205 D AudioSpeechEnhanceInfo: GetHifiRecord, mHiFiRecordEnable=0
08-13 23:57:16.512   598  3205 D AudioALSACaptureDataProviderBase: getInputSampleRate(), input_device: 0x80000004, output_device 0x2, hifi_record = 0, phone call open = 0
08-13 23:57:16.512   598  3205 D AudioALSACaptureDataProviderNormal: mConfig format: 1, channels: 2, rate: 48000, period_size: 960, period_count: 4, latency: 20, kReadBufferSize: 7680, mCaptureDropSize: 0
08-13 23:57:16.518   598  3205 D AudioALSAHardwareResourceManager: +startInputDevice(), new_device: 0x80000004, mInputDevice: 0x0, mStartInputDeviceCount: 0, mMicInverse: 0, mNumPhoneMicSupport: 2, mBuiltInMicSpecificTyp: 0
08-13 23:57:16.519   598  3205 D AudioALSAHardwareResourceManager: getStartInputDeviceForDualMic():builtin_Mic_SingleMic AudioMode = 0, 3-pole earphone status: 0
08-13 23:57:16.519   598  3205 D AudioALSADeviceConfigManager: ApplyDeviceTurnonSequenceByName() DeviceName = builtin_Mic_SingleMic descriptor->DeviceStatusCounte = 0
08-13 23:57:16.519   598  3205 D AudioALSAHardwareResourceManager: -startInputDevice(), mInputDevice = 0x80000004, mStartInputDeviceCount = 1
08-13 23:57:16.519   598  3205 D AudioALSACaptureDataProviderNormal: open(-)
08-13 23:57:16.519   598  3205 D AudioALSACaptureDataClientAurisysNormal: mLatency 20, mRawDataPeriodBufSize 7680, mProcessedDataPeriodBufSize 640, mEchoRefDataPeriodBufSize 0, stream_attribute_target->audio_format = 1 mStreamAttributeSource->audio_format = 4
08-13 23:57:16.519   598  3207 D AudioALSACaptureDataProviderNormal: +readThread(), pid: 598, tid: 3207, kReadBufferSize=0x1e00, open_index=67, UPLINK_SET_AMICDCC_BUFFER_TIME_MS = 80, counter=1 
08-13 23:57:16.519   598  3205 D AudioMTKGainController: +SetCaptureGain(), mode=0, source=6, input device=0x80000004, output device=0x2
08-13 23:57:16.520   598  3207 D AudioALSACaptureDataProviderBase: pcm_start
08-13 23:57:16.520   598  3205 D AudioMTKGainController: ApplyMicGain(), analogidx = 4, mSceneIndex = 0, _mic_mode = 3, _gain_device = 2, mode = 0, micgain = 32, mULTotalGain = 200, mBand = 0, mNetwork = 0
08-13 23:57:16.520   598  3205 D AudioALSACaptureDataClientAurisysNormal: CreateAurisysLibManager(), voip: 0, low_latency: 0, aec: 0, input_source: 6, flag: 0x0 => mAurisysScenario: 3
08-13 23:57:16.524   598  3205 D aurisys_utility: input dev: 0x80000004, fmt = 0x4, fs: 48000, max fs: 48000, ch: 2, max ch: 2, ch maks: 0xc, hw_info_mask: 0x0; output dev: 0x2, fmt = 0x0, fs: 0, max fs: 48000, ch: 0, max ch: 2, ch maks: 0x0, hw_info_mask: 0x0; task_scene: 3, audio_mode: 0, stream_type: 0, output_flags: 0x0, input_source: 6, input_flags: 0x0; network_info: 0, enhancement_feature_mask: 0x0
08-13 23:57:16.525   598  3205 D aurisys_utility: lib, working fs: 48000, fmt: 0x4, frame = 20, b_interleave = 0, num_ul_ref_buf_array = 0, num_dl_ref_buf_array = 0
08-13 23:57:16.525   598  3205 D aurisys_utility: ul in[type:0], ch: 2, ch_mask: 0xc, buf fs: 48000, buf content fs: 48000, fmt: 0x4; ul out[type:1], ch: 2, ch_mask: 0xc, buf fs: 48000, buf content fs: 48000, fmt: 0x4
08-13 23:57:16.529 14187 14187 E A       : (REDACTED) FASE: %b, SHwR: %b, ACR: %b, HR: %b, ACbSS: %b, ACbHE: %b, SO:%b, ARS: %b
08-13 23:57:16.541   598  3207 D AudioALSACaptureDataClientAurisysNormal: copyCaptureDataToClient(), mProcessThreadLaunched == false. return
08-13 23:57:16.542   658   658 I SurfaceFlinger: operator()(), mtkRenderCntDebug 35417, screenshot (com.android.systemui.ImageWallpaper#0)
08-13 23:57:16.542   658   658 I SurfaceFlinger: operator()(), mtkRenderCntDebug 35417, screenshot (NotificationShade#0)
08-13 23:57:16.546 14187  3208 I HotwordRecognitionRnr: Starting hotword detection.
08-13 23:57:16.548  3171  3171 I Bugle   : BugleApplicationBase: Bugle version: messages.android_20220721_04_rc01.phone_dynamic
08-13 23:57:16.549   598  3205 D android.hardware.audio.service.mediatek: categoryPath = Scene,Default,Application,VR,Profile,Handset, custom_scene = Default
08-13 23:57:16.549  3171  3171 I Bugle   : DarkModeManager: setDarkMode: -1
08-13 23:57:16.549 32051 32109 I DeviceStatusMonitor: DeviceStatusMonitor.handleBroadcast():123 onReceive() : Action = android.intent.action.SCREEN_ON
08-13 23:57:16.550   598  3205 D android.hardware.audio.service.mediatek: parm_WB[ 0]=0, 479, 16388, 36892, 4356, 8192, 768, 4, 36624, 197
08-13 23:57:16.550   598  3205 D android.hardware.audio.service.mediatek: ,parm_WB[10]=611, 0, 0, 0, 0, 8192, 0, 0, 0
08-13 23:57:16.550   598  3205 D android.hardware.audio.service.mediatek: ,parm_WB[32]=0, parm_WB[47]=0
08-13 23:57:16.550   598  3205 D android.hardware.audio.service.mediatek: comm_parm[ 0]=0, 55997, 31000, 10752, 32769, 0, 0, 0, 0, 0, 0, 0
08-13 23:57:16.550   598  3205 D android.hardware.audio.service.mediatek: [=coef=]Compen_filter_WB: p[0]=32767, p[1]=0, p[2]=0, p[3]=0, p[4]=0
08-13 23:57:16.550   598  3205 D android.hardware.audio.service.mediatek: [=coef=]MIC1_IIR_COEF_UL_WB: p[0]=58178, p[1]=15521, p[2]=7644, p[3]=50248, p[4]=7644
08-13 23:57:16.550   598  3205 D android.hardware.audio.service.mediatek: [=coef=]MIC2_IIR_COEF_UL_WB: p[0]=57527, p[1]=16194, p[2]=7884, p[3]=49768, p[4]=7884
08-13 23:57:16.550   598  3205 D android.hardware.audio.service.mediatek: [=coef=]ENH_IIR_COEF_UL_WB: p[0]=51160, p[1]=30497, p[2]=14376, p[3]=35039, p[4]=51160
08-13 23:57:16.550   598  3205 D android.hardware.audio.service.mediatek: [=coef=]ENH_IIR_COEF_DL_WB: p[0]=51160, p[1]=30497, p[2]=14376, p[3]=35039, p[4]=51160
08-13 23:57:16.550   598  3205 D aurisys_lib_handler: aurisys_arsi_parsing_param_file(), gProductInfo "platform=MT6765,device=S6-KC_sprout,model=S6-KC", file_path "/vendor/etc/aurisys_param/Speech_AudioParam.xml", enhancement_mode 0, param_buf_size 15272, data_size 15272, custom_info SetAudioCustomScene=
08-13 23:57:16.561   598  3207 D AudioALSACaptureDataClientAurisysNormal: copyCaptureDataToClient(), mProcessThreadLaunched == false. return
08-13 23:57:16.562 32051 32109 I DeviceStatusMonitor: DeviceStatusMonitor.updateCountryInfo():139 updateCountryInfo(), notifyAnyway = false
08-13 23:57:16.581   598  3207 D AudioALSACaptureDataClientAurisysNormal: copyCaptureDataToClient(), mProcessThreadLaunched == false. return
08-13 23:57:16.589  3171  3199 I Bugle   : Initializing EmojiCompat
08-13 23:57:16.590  1469  5501 V SettingsProvider: packageValueForCallResult, name = sqlite_compatibility_wal_flags, value : Bundle[{_track_generation=android.util.MemoryIntArray@8b, value=, _generation_index=0, _generation=232}]
08-13 23:57:16.591  3171  3199 I CarrierServices: [12746] ayqj.b: Initializing Carrier Services Library.
08-13 23:57:16.601   598  3207 D AudioALSACaptureDataClientAurisysNormal: copyCaptureDataToClient(), mProcessThreadLaunched == false. return
08-13 23:57:16.607 19044 19044 W DiscoveryManager: BroadcastReceiver is already registered
08-13 23:57:16.608 19044 19063 I FontLog : Received query Noto Color Emoji Compat, URI content://com.google.android.gms.fonts [CONTEXT service_id=132 ]
08-13 23:57:16.608 19044  3073 I DiscoveryManager: Filter criteria(674A0243,8E6C866D,%urn:x-cast:com.google.cast.media) scannerFlags(0)
08-13 23:57:16.609 19044 19063 I FontLog : Query [Noto Color Emoji Compat] resolved to {Noto Color Emoji Compat, wdth 100.0, wght 400, ital 0.0, bestEffort false} [CONTEXT service_id=132 ]
08-13 23:57:16.611   598  3205 D android.hardware.audio.service.mediatek: MTK_SP1 Soft. Version 1.1.17, 2019-03-04
08-13 23:57:16.614   598  3205 D android.hardware.audio.service.mediatek: Current sample rate, 48000 
08-13 23:57:16.621   598  3207 D AudioALSACaptureDataClientAurisysNormal: copyCaptureDataToClient(), mProcessThreadLaunched == false. return
08-13 23:57:16.623   598  3205 D aurisys_lib_handler: aurisys_arsi_create_handler(), lib_name mtk_speech_enh, 0xb4000077c3430820, memory_size 2860128, arsi_handler 0xb4000076b8696040, retval 0x0
08-13 23:57:16.623   598  3205 D aurisys_lib_manager: UL Lib, lib_name mtk_speech_enh, 0xb4000077c3430820, sample_rate: 48000 => 48000, num_channels: 2 => 2, audio_format: 0x4 => 0x4, interleave: 1 => 0, frame: 0 => 20
08-13 23:57:16.624 19044  3073 W GuestModeDeviceProber: setFilterCriteria
08-13 23:57:16.627   598  3205 D aurisys_lib_manager: UL out, sample_rate: 48000 => 16000, num_channels: 2 => 1, audio_format: 0x4 => 0x1, interleave: 0 => 1, frame: 20 => 0
08-13 23:57:16.633 19044 27985 I NearbySharing: Screen is locked [CONTEXT service_id=194 ]
08-13 23:57:16.634 19044 27985 I NearbySharing: Failed to stop scanning because weren't scanning. [CONTEXT service_id=194 ]
08-13 23:57:16.634 19044 27985 I NearbySharing: Stopping discovery because the screen is locked. [CONTEXT service_id=194 ]
08-13 23:57:16.636   598  3205 D aurisys_lib_handler: lib_name mtk_speech_enh, 0xb4000077c3430820, set ul_analog_gain_ref_only 96, ul_digital_gain 48, retval 0
08-13 23:57:16.636   598  3205 D AudioALSACaptureDataClientAurisysNormal: AudioALSACaptureDataClientAurisysNormal(-), drop_ms = 60, mDropPopSize = 1920
08-13 23:57:16.636   598  3205 D AudioALSACaptureHandlerNormal: -open()
08-13 23:57:16.636   598  3205 D AudioALSAStreamIn: open(), Set RawStartFrameCount = 0
08-13 23:57:16.636   598  3205 D AudioALSAStreamIn: openWavDump(), mDumpFile is NULL
08-13 23:57:16.637 19044 19063 I FontLog : Fetch {Noto Color Emoji Compat, wdth 100.0, wght 400, ital 0.0, bestEffort false} end status Status{statusCode=SUCCESS, resolution=null} [CONTEXT service_id=132 ]
08-13 23:57:16.639 19044 27985 I NearbySharing: Can't stop advertising FastInitiation. Not advertising. [CONTEXT service_id=194 ]
08-13 23:57:16.639 19044 27985 I NearbySharing: Stopping Fast Init advertisement because we're not scanning. [CONTEXT service_id=194 ]
08-13 23:57:16.640 19044 27985 I NearbySharing: Stopping advertising because the screen is locked. [CONTEXT service_id=194 ]
08-13 23:57:16.642 19044 27985 I NearbySharing: Stopping FastInitiation scanning because the screen is locked. [CONTEXT service_id=194 ]
08-13 23:57:16.643 19044 27985 I NearbySharing: Can't stop scanning for FastInitiation. Not scanning. [CONTEXT service_id=194 ]
08-13 23:57:16.643 19044 27985 I NearbySharing: Cancelling in use notification [CONTEXT service_id=194 ]
08-13 23:57:16.644 19675 19735 I CarrierServices: [7097] cxv.x: Rcs is enabled from user settings: true
08-13 23:57:16.649 19044 19063 I FontLog : Pulling font file for id = 10, cache size = 6 [CONTEXT service_id=132 ]
08-13 23:57:16.656 19044 27985 I NearbySharing: Fast Initiation Scanning has stopped [CONTEXT service_id=194 ]
08-13 23:57:16.657 19044 27985 I NearbySharing: Dismissing HUN as there's no device nearby. [CONTEXT service_id=194 ]
08-13 23:57:16.657 19044 27985 I NearbySharing: Cancelling in use notification [CONTEXT service_id=194 ]
08-13 23:57:16.672 19044 19185 I NearbyDiscovery: FastPairHandler: Received action android.intent.action.SCREEN_ON [CONTEXT service_id=49 ]
08-13 23:57:16.673  3171  3199 I CarrierServices: [12746] ayqj.a: Initializing Carrier Services Logging.
08-13 23:57:16.674 19044 19185 I NearbyDiscovery: FastPairScanner: isScreenOn=true, scanWithScreenOff=false, isLocationEnabled=true, disableLocationRequirement=false, isDiscoveryScanningEnabled=true, during24GhzWifiWarmingUpPeriod=false [CONTEXT service_id=49 ]
08-13 23:57:16.676 19044 19185 D BluetoothAdapter: isLeEnabled(): ON
08-13 23:57:16.677 19044 19185 I NearbyDiscovery: FastPairScanner: eventType=SCREEN_ON, intReq=false, scanning=true, scanAllowed=true, bleEnabled=true, bleScanAvailable=true, lockScanRate=false [CONTEXT service_id=49 ]
08-13 23:57:16.678 19044 19044 D BoundBrokerSvc: onRebind: Intent { act=com.google.android.gms.clearcut.bootcount.service.START dat=chimera-action:com.google.android.gms.clearcut.bootcount.service.START cmp=com.google.android.gms/.chimera.PersistentBoundBrokerService }
08-13 23:57:16.682 19044 19044 D BoundBrokerSvc: onBind: Intent { act=com.google.android.gms.mdns.service.START dat=chimera-action:com.google.android.gms.mdns.service.START cmp=com.google.android.gms/.chimera.MdnsPersistentBoundBrokerService }
08-13 23:57:16.682 19044 19044 D BoundBrokerSvc: Loading bound service for intent: Intent { act=com.google.android.gms.mdns.service.START dat=chimera-action:com.google.android.gms.mdns.service.START cmp=com.google.android.gms/.chimera.MdnsPersistentBoundBrokerService }
08-13 23:57:16.689 19044 19138 I Nearby  : [MBleClient] Start ble scanning from NearbyDirect:BluetoothAdapterWrapper, context tag = nearby_messages [CONTEXT service_id=49 ]
08-13 23:57:16.689 19044 19138 D BluetoothAdapter: isLeEnabled(): ON
08-13 23:57:16.692 23536 24177 I AppScanStats: BLE_SCAN_RESULT_RECEIVED[4]noteBleScanResults=0
08-13 23:57:16.692 23536 24177 I AppScanStats: BLE_SCAN_STATE_CHANGED[4]noteBleScanStopped=false
08-13 23:57:16.694 23536 23643 I bt_stack: [INFO:bta_gattc_act.cc(215)] bta_gattc_deregister: whitelistsize 64 39
08-13 23:57:16.694 19044 19138 I Nearby  : [MBleClient] M hardware scan: 1 clients, scanMode= LOW_LATENCY, callback type= ALL_MATCHES [CONTEXT service_id=49 ]
08-13 23:57:16.694 19044 19138 D BluetoothAdapter: isLeEnabled(): ON
08-13 23:57:16.697 23536 23643 I bt_stack: [INFO:gatt_api.cc(950)] GATT_Register 414433f2-960b-8a64-5fc4-30ef010ec302
08-13 23:57:16.697 23536 23643 I bt_stack: [INFO:gatt_api.cc(970)] allocated gatt_if=4
08-13 23:57:16.697 19044 19186 D BluetoothLeScanner: onScannerRegistered() - status=0 scannerId=4 mScannerId=0
08-13 23:57:16.703 23536 24177 I AppScanStats: BLE_SCAN_STATE_CHANGED[4]noteBleScanStarted=false
08-13 23:57:16.718 19044 19186 I FontLog : Pulling font file for id = 10, cache size = 6 [CONTEXT service_id=132 ]
08-13 23:57:16.727  1469  5522 I WifiService: acquireMulticastLock uid=10114
08-13 23:57:16.732  3171  3199 I LogSaver: LogSaver new instance with filename: carrier_services
08-13 23:57:16.738 23579 23579 I wpa_supplicant: wpa_driver_nl80211_driver_cmd: wlan0 recv cmd RXFILTER-STOP
08-13 23:57:16.739 23579 23579 I wpa_supplicant: wpa_driver_nl80211_driver_cmd: wlan0 recv cmd RXFILTER-ADD 2
08-13 23:57:16.740 23579 23579 I wpa_supplicant: wpa_driver_nl80211_driver_cmd: wlan0 recv cmd RXFILTER-START
08-13 23:57:16.815   638   737 I libPowerHal: [perfLockAcq] idx:0 hdl:4802 hint:25 pid:638 duration:10000 => ret_hdl:4802
08-13 23:57:16.816   638   737 I libPowerHal: [PE] scn:0 hdl:4802 hint:25 comm:mtkpower@1.0-se pid:638
08-13 23:57:16.816   638   737 I libPowerHal: [PE] MTKPOWER_HINT_APP_TOUCH update cmd:3408600 param:1
08-13 23:57:16.825  3171  3199 I BugleBackup: Registering preference change listener for "bugle".
08-13 23:57:16.862  3171  3206 I Bugle   : TelephonyManagerFactory: Returning per-subscription TelephonyManager (>= N) subscription{id:1}
08-13 23:57:16.905  1659  1659 D AntiTheftManager: getCurrentAntiTheftMode() is called.
08-13 23:57:16.905  1659  1659 D KeyguardSecurityView: showNext.. mCurrentSecuritySelection = PIN
08-13 23:57:16.905  1659  1659 D KeyguardViewMediator: updateNavbarStatus() is called.
08-13 23:57:16.906  1659  1659 D KeyguardSecurityView: showNext.. mCurrentSecuritySelection = PIN
08-13 23:57:16.906  1659  1659 D KeyguardViewMediator: updateNavbarStatus() is called.
08-13 23:57:16.906  1659  1659 D KeyguardBouncer: show() - try to dismiss "Bouncer" directly.
08-13 23:57:16.907  1659  1659 D KeyguardViewMediator: adjustStatusBarLocked: mShowing=true mOccluded=false isSecure=true force=true --> flags=0x1000000
08-13 23:57:16.914 19044  3221 E CastSocket: [TcpProberDeviceController-1] Failed to shutdown the output stream socket: tpg@fbbdba5.
08-13 23:57:16.914 19044  3221 E CastSocket: java.nio.channels.ClosedChannelException
08-13 23:57:16.914 19044  3221 E CastSocket: 	at sun.nio.ch.SocketChannelImpl.shutdownOutput(SocketChannelImpl.java:842)
08-13 23:57:16.914 19044  3221 E CastSocket: 	at sun.nio.ch.SocketAdaptor.shutdownOutput(SocketAdaptor.java:424)
08-13 23:57:16.914 19044  3221 E CastSocket: 	at toe.l(:com.google.android.gms@222615037@22.26.15 (150400-461192076):4)
08-13 23:57:16.914 19044  3221 E CastSocket: 	at tok.c(:com.google.android.gms@222615037@22.26.15 (150400-461192076):46)
08-13 23:57:16.914 19044  3221 E CastSocket: 	at toj.run(:com.google.android.gms@222615037@22.26.15 (150400-461192076):2)
08-13 23:57:16.914 19044  3221 E CastSocket: 	at java.lang.Thread.run(Thread.java:923)
08-13 23:57:16.914 19044  3060 I DeviceScanner: [MDNS] Received response from "" (d6c826cfb031faa2354a4add1a6e50c2) with result "1 New device"
08-13 23:57:16.918 19044  3060 E TcpProberDeviceController: [TcpProberDeviceController-1] onSocketConnectionFailed. Error: 2
08-13 23:57:16.920 19044  3060 I CastSocketMultiplexer: Stopping multiplexer...
08-13 23:57:16.931   638   737 I libPowerHal: [perfLockRel] hdl:4802, idx:0
08-13 23:57:16.931   638   737 I libPowerHal: [PD] scn:0 hdl:4802 hint:25 comm:mtkpower@1.0-se pid:638
08-13 23:57:16.931   638   737 I libPowerHal: [PD] MTKPOWER_HINT_APP_TOUCH update cmd:3408600 param:0
08-13 23:57:16.962   658   785 I BufferQueueProducer: [NotificationShade#0](this:0xb4000075858721d8,id:1261,api:1,p:1659,c:658) queueBuffer: fps=11.41 dur=1051.85 max=369.58 min=13.77
08-13 23:57:16.970  1659  1659 I FalsingManager: dX: 55.0 dY: -487.0 xV: -2.896665 yV: -9.330078
08-13 23:57:16.970  1659  1659 I FalsingManager: Percent of gesture in proximity: 1.0
08-13 23:57:16.970  1659  1659 I FalsingManager: {classifier=com.android.systemui.classifier.brightline.ProximityClassifier, interactionType=8}
08-13 23:57:16.971  1659  1659 I FalsingManager: {percentInProximity=1.000000, threshold=0.100000, distanceClassifier={distanceVectors={dx=55.000000, vx=-2.896665, dy=-487.000000, vy=-9.330078}, isHorizontal=false, velocityToDistanceMultiplier=30.000000, horizontalFlingThreshold=432.000000, verticalFlingThreshold=647.977478, horizontalSwipeThreshold=864.000000, verticalSwipeThreshold=1295.955}}
08-13 23:57:16.978   658   658 I SurfaceFlinger: operator()(), mtkRenderCntDebug 35418, screenshot (com.android.systemui.ImageWallpaper#0)
08-13 23:57:16.979   658   658 I SurfaceFlinger: operator()(), mtkRenderCntDebug 35418, screenshot (NotificationShade#0)
08-13 23:57:16.985  1659  1659 D KeyguardViewMediator: handleKeyguardDoneDrawing
08-13 23:57:16.991   610   768 I hwcomposer: [HWCDisplay] [Display_0 (type:1)] fps:17.897377,dur:1005.73,max:365.42,min:11.30  
08-13 23:57:17.095   658   658 I SurfaceFlinger: operator()(), mtkRenderCntDebug 35419, screenshot (com.android.systemui.ImageWallpaper#0)
08-13 23:57:17.096   658   658 I SurfaceFlinger: operator()(), mtkRenderCntDebug 35419, screenshot (NotificationShade#0)
08-13 23:57:17.217   658   658 I SurfaceFlinger: operator()(), mtkRenderCntDebug 35420, screenshot (com.android.systemui.ImageWallpaper#0)
08-13 23:57:17.218   658   658 I SurfaceFlinger: operator()(), mtkRenderCntDebug 35420, screenshot (NotificationShade#0)
08-13 23:57:17.322   658   658 I SurfaceFlinger: operator()(), mtkRenderCntDebug 35421, screenshot (com.android.systemui.ImageWallpaper#0)
08-13 23:57:17.323   658   658 I SurfaceFlinger: operator()(), mtkRenderCntDebug 35421, screenshot (NotificationShade#0)
08-13 23:57:17.338  1659  1659 D ProxSensor: ProxListener registered multiple times: com.android.systemui.classifier.brightline.-$$Lambda$BrightLineFalsingManager$DCb2WK5QgVL78Az07qEbZU0x84o@bc970cc
08-13 23:57:17.367  1659  1659 D KeyguardSecurityModel: isPinPukOrMeRequiredOfSubId() - phoneId = 0, simState = 5
08-13 23:57:17.367  1659  1659 D AntiTheftManager: getCurrentAntiTheftMode() is called.
08-13 23:57:17.437  3171  3206 I BugleRcsProvisioning: BugleSystemBindingManager: onBuglePhenotypeFlagChanged
08-13 23:57:17.439  3171  3206 I BugleRcsProvisioning: BugleSystemBindingManager: onCsLibPhenotypeUpdated
08-13 23:57:17.455  3171  3206 I BugleRcsEngine: [12752] appj.b: SystemBindingManager: force P/H Flag update scheduled and start updateBinding
08-13 23:57:17.461  3171  3226 I BugleRcsEngine: [12757] badu.b: Using MCC based URL
08-13 23:57:17.463  3171  3206 I BugleDataModel: TransactionManagerImpl: tx:  ParticipantsColumnSetter#updatePhenotypeColumn  started
08-13 23:57:17.471  3171  3198 I BugleRcsEngine: [12745] ayjb.run: SystemBindingManager: SystemBinding enabled: true
08-13 23:57:17.473  3171  3198 I BugleRcsEngine: [12745] ayjc.b: System Binding updated
08-13 23:57:17.474  3171  3233 I BugleRcsEngine: [12763] badu.b: Using MCC based URL
08-13 23:57:17.475  3171  3206 I BugleDataModel: TransactionManagerImpl: tx:  ParticipantsColumnSetter#updatePhenotypeColumn  ended
08-13 23:57:17.476   658   658 I SurfaceFlinger: operator()(), mtkRenderCntDebug 35422, screenshot (com.android.systemui.ImageWallpaper#0)
08-13 23:57:17.476   658   658 I SurfaceFlinger: operator()(), mtkRenderCntDebug 35422, screenshot (NotificationShade#0)
08-13 23:57:17.485  3171  3230 W BugleRcsEngine: [12760] azsk.b: [SR]: Single Registration is disabled. Skipping Single Registration capability check for subId: 1, OS.isAtLeastS:[false], enableSingleRegistrationProvisioning:[false]
08-13 23:57:17.486  3171  3229 E TraceManager: Duplicate trace
08-13 23:57:17.486  3171  3229 E TraceManager: bquy: Starting new trace SharedStorageProvider#call when already associated with a trace. For more help, see http://go/tiktok-tracing#fixing-duplicate-trace-issues
08-13 23:57:17.486  3171  3229 E TraceManager: 	at bqys.g(PG:6)
08-13 23:57:17.486  3171  3229 E TraceManager: 	at bqys.c(PG:2)
08-13 23:57:17.486  3171  3229 E TraceManager: 	at bqys.b(PG:2)
08-13 23:57:17.486  3171  3229 E TraceManager: 	at bqyf.l(PG:1)
08-13 23:57:17.486  3171  3229 E TraceManager: 	at admr.call(PG:10)
08-13 23:57:17.486  3171  3229 E TraceManager: 	at android.content.ContentProvider.call(ContentProvider.java:2448)
08-13 23:57:17.486  3171  3229 E TraceManager: 	at adle.call(PG:2)
08-13 23:57:17.486  3171  3229 E TraceManager: 	at android.content.ContentProvider$Transport.call(ContentProvider.java:517)
08-13 23:57:17.486  3171  3229 E TraceManager: 	at android.content.ContentResolver.call(ContentResolver.java:2405)
08-13 23:57:17.486  3171  3229 E TraceManager: 	at android.content.ContentResolver.call(ContentResolver.java:2385)
08-13 23:57:17.486  3171  3229 E TraceManager: 	at bawi.h(PG:9)
08-13 23:57:17.486  3171  3229 E TraceManager: 	at bawi.k(PG:3)
08-13 23:57:17.486  3171  3229 E TraceManager: 	at bawg.b(PG:1)
08-13 23:57:17.486  3171  3229 E TraceManager: 	at aiox.aE(PG:5)
08-13 23:57:17.486  3171  3229 E TraceManager: 	at aiox.M(PG:2)
08-13 23:57:17.486  3171  3229 E TraceManager: 	at agxx.f(PG:1)
08-13 23:57:17.486  3171  3229 E TraceManager: 	at agxt.call(Unknown Source:2)
08-13 23:57:17.486  3171  3229 E TraceManager: 	at brbb.a(PG:1)
08-13 23:57:17.486  3171  3229 E TraceManager: 	at bqzg.a(PG:2)
08-13 23:57:17.486  3171  3229 E TraceManager: 	at bvrx.a(PG:1)
08-13 23:57:17.486  3171  3229 E TraceManager: 	at bvra.run(PG:4)
08-13 23:57:17.486  3171  3229 E TraceManager: 	at bvrz.run(PG:1)
08-13 23:57:17.486  3171  3229 E TraceManager: 	at beus.run(PG:1)
08-13 23:57:17.486  3171  3229 E TraceManager: 	at java.util.concurrent.ThreadPoolExecutor.runWorker(ThreadPoolExecutor.java:1167)
08-13 23:57:17.486  3171  3229 E TraceManager: 	at java.util.concurrent.ThreadPoolExecutor$Worker.run(ThreadPoolExecutor.java:641)
08-13 23:57:17.486  3171  3229 E TraceManager: 	at betw.run(PG:2)
08-13 23:57:17.486  3171  3229 E TraceManager: 	at beud.run(PG:4)
08-13 23:57:17.486  3171  3229 E TraceManager: 	at java.lang.Thread.run(Thread.java:923)
08-13 23:57:17.486  3171  3229 E TraceManager: 	Suppressed: bqzw: 
08-13 23:57:17.486  3171  3229 E TraceManager: 		at tk_trace.PhenotypeHelper#onBuglePhenotypeChanged(Unknown Source:0)
08-13 23:57:17.486  3171  3229 E TraceManager: 		at tk_trace.PhenotypeHelper#registerPhenotype(Unknown Source:0)
08-13 23:57:17.486  3171  3229 E TraceManager: 		at tk_trace.PhoneAsyncAppCreateStartupTask(Unknown Source:0)
08-13 23:57:17.486  3171  3229 E TraceManager: 		at tk_trace.StartupHandlerImpl#onApplicationCreatedInternal(Unknown Source:0)
08-13 23:57:17.486  3171  3229 E TraceManager: 		at tk_trace.StartupHandlerImpl#onApplicationCreated(Unknown Source:0)
08-13 23:57:17.486  3171  3229 E TraceManager: 		at tk_trace.Application.onCreate(Unknown Source:0)
08-13 23:57:17.486  3171  3229 E TraceManager: 		at tk_trace.Application creation(Unknown Source:0)
08-13 23:57:17.486  3171  3229 E TraceManager: 		at tk_trace.BuglePhoneApplicationBase#fetchDarkMode(Unknown Source:0)
08-13 23:57:17.489  3171  3230 I BugleRcsProvisioning: RcsAvailabilityUpdaterLocal: RcsAvailability configuration availability and enabled status: simId: redacted-pii:sim_id[chars:19,last3:846], SipConnectionType: DUAL_REG, isConfigurationAvailableAndEnabled: true
08-13 23:57:17.493  3171  3230 I BugleRcsProvisioning: RcsAvailabilityUpdaterLocal: RcsAvailability subscription{id:1}, simId: redacted-pii:sim_id[chars:19,last3:846], sipConnectionType: DUAL_REG, isRcsAvailable: true
08-13 23:57:17.493  3171  3230 I BugleRcsProvisioning: RcsAvailabilityUpdaterLocal: updateRcsAvailability, currentAvailability: 1, newAvailability: 7, hint: NO_HINT
08-13 23:57:17.494  3171  3231 I RcsClientLib: Connecting ChatSessionService
08-13 23:57:17.496  3171  3234 I BugleTransport: isChatAvailable: RcsAvailability is AVAILABLE (RCS is setup)
08-13 23:57:17.503  3171  3229 I Bugle   : CountryCodeDetector: updateMainDeviceCountry from default subscription network country. detected country: jp
08-13 23:57:17.532  3171  3231 I RcsClientLib: shouldUseCarrierServicesJibeService: true, CarrierServices rcs service found: true
08-13 23:57:17.535  3171  3231 I RcsClientLib: Connecting EventService
08-13 23:57:17.536  3171  3171 I RcsClientLib: com.google.android.rcs.client.chatsession.ChatSessionService connected
08-13 23:57:17.536  3171  3171 I BugleRcs: com.google.android.rcs.client.chatsession.ChatSessionService RCS service connected
08-13 23:57:17.570  3171  3231 I RcsClientLib: shouldUseCarrierServicesJibeService: true, CarrierServices rcs service found: true
08-13 23:57:17.572  3171  3231 I RcsClientLib: Connecting ContactsService
08-13 23:57:17.573  3171  3171 I RcsClientLib: com.google.android.rcs.client.events.EventService connected
08-13 23:57:17.573  3171  3171 I BugleRcs: com.google.android.rcs.client.events.EventService RCS service connected
08-13 23:57:17.602  3171  3231 I RcsClientLib: shouldUseCarrierServicesJibeService: true, CarrierServices rcs service found: true
08-13 23:57:17.604  3171  3231 I RcsClientLib: Connecting FileTransferService
08-13 23:57:17.604  3171  3171 I RcsClientLib: com.google.android.rcs.client.contacts.ContactsService connected
08-13 23:57:17.604  3171  3171 I BugleRcs: com.google.android.rcs.client.contacts.ContactsService RCS service connected
08-13 23:57:17.631  3171  3231 I RcsClientLib: shouldUseCarrierServicesJibeService: true, CarrierServices rcs service found: true
08-13 23:57:17.633  3171  3231 I RcsClientLib: Connecting LocationSharingService
08-13 23:57:17.633  3171  3171 I RcsClientLib: com.google.android.rcs.client.filetransfer.FileTransferService connected
08-13 23:57:17.633  3171  3171 I BugleRcs: com.google.android.rcs.client.filetransfer.FileTransferService RCS service connected
08-13 23:57:17.666  3171  3231 I RcsClientLib: shouldUseCarrierServicesJibeService: true, CarrierServices rcs service found: true
08-13 23:57:17.668  3171  3231 I RcsClientLib: Connecting ImsConnectionTrackerService
08-13 23:57:17.669  3171  3171 I RcsClientLib: com.google.android.rcs.client.locationsharing.LocationSharingService connected
08-13 23:57:17.669  3171  3171 I BugleRcs: com.google.android.rcs.client.locationsharing.LocationSharingService RCS service connected
08-13 23:57:17.686  3171  3206 E TraceManager: Duplicate trace
08-13 23:57:17.686  3171  3206 E TraceManager: bquy: Starting new trace SharedStorageProvider#call when already associated with a trace. For more help, see http://go/tiktok-tracing#fixing-duplicate-trace-issues
08-13 23:57:17.686  3171  3206 E TraceManager: 	at bqys.g(PG:6)
08-13 23:57:17.686  3171  3206 E TraceManager: 	at bqys.c(PG:2)
08-13 23:57:17.686  3171  3206 E TraceManager: 	at bqys.b(PG:2)
08-13 23:57:17.686  3171  3206 E TraceManager: 	at bqyf.l(PG:1)
08-13 23:57:17.686  3171  3206 E TraceManager: 	at admr.call(PG:10)
08-13 23:57:17.686  3171  3206 E TraceManager: 	at android.content.ContentProvider.call(ContentProvider.java:2448)
08-13 23:57:17.686  3171  3206 E TraceManager: 	at adle.call(PG:2)
08-13 23:57:17.686  3171  3206 E TraceManager: 	at android.content.ContentProvider$Transport.call(ContentProvider.java:517)
08-13 23:57:17.686  3171  3206 E TraceManager: 	at android.content.ContentResolver.call(ContentResolver.java:2405)
08-13 23:57:17.686  3171  3206 E TraceManager: 	at android.content.ContentResolver.call(ContentResolver.java:2385)
08-13 23:57:17.686  3171  3206 E TraceManager: 	at bawi.h(PG:9)
08-13 23:57:17.686  3171  3206 E TraceManager: 	at bawi.k(PG:3)
08-13 23:57:17.686  3171  3206 E TraceManager: 	at bawg.b(PG:1)
08-13 23:57:17.686  3171  3206 E TraceManager: 	at bacg.g(PG:2)
08-13 23:57:17.686  3171  3206 E TraceManager: 	at sxn.a(PG:1)
08-13 23:57:17.686  3171  3206 E TraceManager: 	at azzr.e(PG:4)
08-13 23:57:17.686  3171  3206 E TraceManager: 	at azzr.c(PG:1)
08-13 23:57:17.686  3171  3206 E TraceManager: 	at amlr.f(PG:5)
08-13 23:57:17.686  3171  3206 E TraceManager: 	at amlr.e(PG:3)
08-13 23:57:17.686  3171  3206 E TraceManager: 	at amlg.a(PG:3)
08-13 23:57:17.686  3171  3206 E TraceManager: 	at bqzg.a(PG:2)
08-13 23:57:17.686  3171  3206 E TraceManager: 	at bvpg.a(PG:1)
08-13 23:57:17.686  3171  3206 E TraceManager: 	at bvra.run(PG:4)
08-13 23:57:17.686  3171  3206 E TraceManager: 	at beus.run(PG:1)
08-13 23:57:17.686  3171  3206 E TraceManager: 	at java.util.concurrent.ThreadPoolExecutor.runWorker(ThreadPoolExecutor.java:1167)
08-13 23:57:17.686  3171  3206 E TraceManager: 	at java.util.concurrent.ThreadPoolExecutor$Worker.run(ThreadPoolExecutor.java:641)
08-13 23:57:17.686  3171  3206 E TraceManager: 	at betw.run(PG:2)
08-13 23:57:17.686  3171  3206 E TraceManager: 	at beud.run(PG:4)
08-13 23:57:17.686  3171  3206 E TraceManager: 	at java.lang.Thread.run(Thread.java:923)
08-13 23:57:17.686  3171  3206 E TraceManager: 	Suppressed: bqzw: 
08-13 23:57:17.686  3171  3206 E TraceManager: 		at tk_trace.PhenotypeHelper#onBuglePhenotypeChanged(Unknown Source:0)
08-13 23:57:17.686  3171  3206 E TraceManager: 		at tk_trace.PhenotypeHelper#registerPhenotype(Unknown Source:0)
08-13 23:57:17.686  3171  3206 E TraceManager: 		at tk_trace.PhoneAsyncAppCreateStartupTask(Unknown Source:0)
08-13 23:57:17.686  3171  3206 E TraceManager: 		at tk_trace.StartupHandlerImpl#onApplicationCreatedInternal(Unknown Source:0)
08-13 23:57:17.686  3171  3206 E TraceManager: 		at tk_trace.StartupHandlerImpl#onApplicationCreated(Unknown Source:0)
08-13 23:57:17.686  3171  3206 E TraceManager: 		at tk_trace.Application.onCreate(Unknown Source:0)
08-13 23:57:17.686  3171  3206 E TraceManager: 		at tk_trace.Application creation(Unknown Source:0)
08-13 23:57:17.686  3171  3206 E TraceManager: 		at tk_trace.BuglePhoneApplicationBase#fetchDarkMode(Unknown Source:0)
08-13 23:57:17.691  3171  3206 I BugleTransport: isChatAvailable: true, enabledTransport: 2
08-13 23:57:17.710  3171  3198 I BugleBackup: Registering preference change listener for "buglesub_1".
08-13 23:57:17.715  3171  3231 I RcsClientLib: shouldUseCarrierServicesJibeService: true, CarrierServices rcs service found: true
08-13 23:57:17.718  3171  3231 I RcsClientLib: Connecting RcsProfileService
08-13 23:57:17.718  3171  3171 I RcsClientLib: com.google.android.rcs.client.ims.ImsConnectionTrackerService connected
08-13 23:57:17.718  3171  3171 I BugleRcs: com.google.android.rcs.client.ims.ImsConnectionTrackerService RCS service connected
08-13 23:57:17.725  3171  3229 I RcsClientLib: Connecting RcsEngineLifecycleService
08-13 23:57:17.726  3171  3171 D CompatibilityChangeReporter: Compat change id reported: 147600208; UID 10138; state: ENABLED
08-13 23:57:17.740  3171  3171 I BugleRcs: subscribing to global rcs listener
08-13 23:57:17.743 19675 19694 I CarrierServices: [7082] EventHubProxy.subscribe: Adding event listener com.google.android.ims.rcsservice.events.IEventObserver$Stub$Proxy@c74cc78 for category 3 with key 208981112 for hub UI
08-13 23:57:17.745 19675 19694 I CarrierServices: [7082] EventHubProxy.subscribe: Adding event listener com.google.android.ims.rcsservice.events.IEventObserver$Stub$Proxy@d7cf51 for category 5 with key 14143313 for hub UI
08-13 23:57:17.747 19675 19694 I CarrierServices: [7082] EventHubProxy.subscribe: Adding event listener com.google.android.ims.rcsservice.events.IEventObserver$Stub$Proxy@6b423b6 for category 2 with key 112468918 for hub UI
08-13 23:57:17.749  3171  3206 E TraceManager: Duplicate trace
08-13 23:57:17.749  3171  3206 E TraceManager: bquy: Starting new trace SharedStorageProvider#call when already associated with a trace. For more help, see http://go/tiktok-tracing#fixing-duplicate-trace-issues
08-13 23:57:17.749  3171  3206 E TraceManager: 	at bqys.g(PG:6)
08-13 23:57:17.749  3171  3206 E TraceManager: 	at bqys.c(PG:2)
08-13 23:57:17.749  3171  3206 E TraceManager: 	at bqys.b(PG:2)
08-13 23:57:17.749  3171  3206 E TraceManager: 	at bqyf.l(PG:1)
08-13 23:57:17.749  3171  3206 E TraceManager: 	at admr.call(PG:10)
08-13 23:57:17.749  3171  3206 E TraceManager: 	at android.content.ContentProvider.call(ContentProvider.java:2448)
08-13 23:57:17.749  3171  3206 E TraceManager: 	at adle.call(PG:2)
08-13 23:57:17.749  3171  3206 E TraceManager: 	at android.content.ContentProvider$Transport.call(ContentProvider.java:517)
08-13 23:57:17.749  3171  3206 E TraceManager: 	at android.content.ContentResolver.call(ContentResolver.java:2405)
08-13 23:57:17.749  3171  3206 E TraceManager: 	at android.content.ContentResolver.call(ContentResolver.java:2385)
08-13 23:57:17.749  3171  3206 E TraceManager: 	at bawi.h(PG:9)
08-13 23:57:17.749  3171  3206 E TraceManager: 	at bawi.k(PG:3)
08-13 23:57:17.749  3171  3206 E TraceManager: 	at bawg.b(PG:1)
08-13 23:57:17.749  3171  3206 E TraceManager: 	at bacg.g(PG:2)
08-13 23:57:17.749  3171  3206 E TraceManager: 	at sxn.a(PG:1)
08-13 23:57:17.749  3171  3206 E TraceManager: 	at azzr.e(PG:4)
08-13 23:57:17.749  3171  3206 E TraceManager: 	at azzr.c(PG:1)
08-13 23:57:17.749  3171  3206 E TraceManager: 	at amlr.f(PG:5)
08-13 23:57:17.749  3171  3206 E TraceManager: 	at ajuh.m(PG:2)
08-13 23:57:17.749  3171  3206 E TraceManager: 	at ajuh.b(PG:1)
08-13 23:57:17.749  3171  3206 E TraceManager: 	at anha.run(PG:1)
08-13 23:57:17.749  3171  3206 E TraceManager: 	at bqzd.run(PG:2)
08-13 23:57:17.749  3171  3206 E TraceManager: 	at beus.run(PG:1)
08-13 23:57:17.749  3171  3206 E TraceManager: 	at java.util.concurrent.ThreadPoolExecutor.runWorker(ThreadPoolExecutor.java:1167)
08-13 23:57:17.749  3171  3206 E TraceManager: 	at java.util.concurrent.ThreadPoolExecutor$Worker.run(ThreadPoolExecutor.java:641)
08-13 23:57:17.749  3171  3206 E TraceManager: 	at betw.run(PG:2)
08-13 23:57:17.749  3171  3206 E TraceManager: 	at beud.run(PG:4)
08-13 23:57:17.749  3171  3206 E TraceManager: 	at java.lang.Thread.run(Thread.java:923)
08-13 23:57:17.749  3171  3206 E TraceManager: 	Suppressed: bqzw: 
08-13 23:57:17.749  3171  3206 E TraceManager: 		at tk_trace.onServiceStateChanged(Unknown Source:0)
08-13 23:57:17.752  3171  3171 E TraceManager: Duplicate trace
08-13 23:57:17.752  3171  3171 E TraceManager: bquy: Starting new trace SharedStorageProvider#call when already associated with a trace. For more help, see http://go/tiktok-tracing#fixing-duplicate-trace-issues
08-13 23:57:17.752  3171  3171 E TraceManager: 	at bqys.g(PG:6)
08-13 23:57:17.752  3171  3171 E TraceManager: 	at bqys.c(PG:2)
08-13 23:57:17.752  3171  3171 E TraceManager: 	at bqys.b(PG:2)
08-13 23:57:17.752  3171  3171 E TraceManager: 	at bqyf.l(PG:1)
08-13 23:57:17.752  3171  3171 E TraceManager: 	at admr.call(PG:10)
08-13 23:57:17.752  3171  3171 E TraceManager: 	at android.content.ContentProvider.call(ContentProvider.java:2448)
08-13 23:57:17.752  3171  3171 E TraceManager: 	at adle.call(PG:2)
08-13 23:57:17.752  3171  3171 E TraceManager: 	at android.content.ContentProvider$Transport.call(ContentProvider.java:517)
08-13 23:57:17.752  3171  3171 E TraceManager: 	at android.content.ContentResolver.call(ContentResolver.java:2405)
08-13 23:57:17.752  3171  3171 E TraceManager: 	at android.content.ContentResolver.call(ContentResolver.java:2385)
08-13 23:57:17.752  3171  3171 E TraceManager: 	at bawi.h(PG:9)
08-13 23:57:17.752  3171  3171 E TraceManager: 	at bawi.k(PG:3)
08-13 23:57:17.752  3171  3171 E TraceManager: 	at bawg.b(PG:1)
08-13 23:57:17.752  3171  3171 E TraceManager: 	at bacg.g(PG:2)
08-13 23:57:17.752  3171  3171 E TraceManager: 	at sxn.a(PG:1)
08-13 23:57:17.752  3171  3171 E TraceManager: 	at azzr.e(PG:4)
08-13 23:57:17.752  3171  3171 E TraceManager: 	at azzr.c(PG:1)
08-13 23:57:17.752  3171  3171 E TraceManager: 	at amlr.f(PG:5)
08-13 23:57:17.752  3171  3171 E TraceManager: 	at ajuh.l(PG:38)
08-13 23:57:17.752  3171  3171 E TraceManager: 	at ajuh.c(PG:1)
08-13 23:57:17.752  3171  3171 E TraceManager: 	at ajuh.h(PG:1)
08-13 23:57:17.752  3171  3171 E TraceManager: 	at ajuh.j(PG:1)
08-13 23:57:17.752  3171  3171 E TraceManager: 	at aklj.fs(PG:19)
08-13 23:57:17.752  3171  3171 E TraceManager: 	at akle.fs(PG:3)
08-13 23:57:17.752  3171  3171 E TraceManager: 	at boji.d(PG:2)
08-13 23:57:17.752  3171  3171 E TraceManager: 	at bojh.onServiceConnected(PG:7)
08-13 23:57:17.752  3171  3171 E TraceManager: 	at bojl.onServiceConnected(PG:3)
08-13 23:57:17.752  3171  3171 E TraceManager: 	at android.app.LoadedApk$ServiceDispatcher.doConnected(LoadedApk.java:1996)
08-13 23:57:17.752  3171  3171 E TraceManager: 	at android.app.LoadedApk$ServiceDispatcher$RunConnection.run(LoadedApk.java:2028)
08-13 23:57:17.752  3171  3171 E TraceManager: 	at android.os.Handler.handleCallback(Handler.java:938)
08-13 23:57:17.752  3171  3171 E TraceManager: 	at android.os.Handler.dispatchMessage(Handler.java:99)
08-13 23:57:17.752  3171  3171 E TraceManager: 	at android.os.Looper.loop(Looper.java:223)
08-13 23:57:17.752  3171  3171 E TraceManager: 	at android.app.ActivityThread.main(ActivityThread.java:7703)
08-13 23:57:17.752  3171  3171 E TraceManager: 	at java.lang.reflect.Method.invoke(Native Method)
08-13 23:57:17.752  3171  3171 E TraceManager: 	at com.android.internal.os.RuntimeInit$MethodAndArgsCaller.run(RuntimeInit.java:612)
08-13 23:57:17.752  3171  3171 E TraceManager: 	at com.android.internal.os.ZygoteInit.main(ZygoteInit.java:997)
08-13 23:57:17.752  3171  3171 E TraceManager: 	Suppressed: bqzw: 
08-13 23:57:17.752  3171  3171 E TraceManager: 		at tk_trace.RcsServiceListener#handleServiceConnected(Unknown Source:0)
08-13 23:57:17.752  3171  3171 E TraceManager: 		at tk_trace.JibeServiceListenerPropagator#handleServiceConnected(Unknown Source:0)
08-13 23:57:17.752  3171  3171 E TraceManager: 		at tk_trace.JibeServiceConnection#onServiceConnected(Unknown Source:0)
08-13 23:57:17.756  3171  3206 E TraceManager: Duplicate trace
08-13 23:57:17.756  3171  3206 E TraceManager: bquy: Starting new trace SharedStorageProvider#call when already associated with a trace. For more help, see http://go/tiktok-tracing#fixing-duplicate-trace-issues
08-13 23:57:17.756  3171  3206 E TraceManager: 	at bqys.g(PG:6)
08-13 23:57:17.756  3171  3206 E TraceManager: 	at bqys.c(PG:2)
08-13 23:57:17.756  3171  3206 E TraceManager: 	at bqys.b(PG:2)
08-13 23:57:17.756  3171  3206 E TraceManager: 	at bqyf.l(PG:1)
08-13 23:57:17.756  3171  3206 E TraceManager: 	at admr.call(PG:10)
08-13 23:57:17.756  3171  3206 E TraceManager: 	at android.content.ContentProvider.call(ContentProvider.java:2448)
08-13 23:57:17.756  3171  3206 E TraceManager: 	at adle.call(PG:2)
08-13 23:57:17.756  3171  3206 E TraceManager: 	at android.content.ContentProvider$Transport.call(ContentProvider.java:517)
08-13 23:57:17.756  3171  3206 E TraceManager: 	at android.content.ContentResolver.call(ContentResolver.java:2405)
08-13 23:57:17.756  3171  3206 E TraceManager: 	at android.content.ContentResolver.call(ContentResolver.java:2385)
08-13 23:57:17.756  3171  3206 E TraceManager: 	at bawi.h(PG:9)
08-13 23:57:17.756  3171  3206 E TraceManager: 	at bawi.k(PG:3)
08-13 23:57:17.756  3171  3206 E TraceManager: 	at bawg.b(PG:1)
08-13 23:57:17.756  3171  3206 E TraceManager: 	at bacg.g(PG:2)
08-13 23:57:17.756  3171  3206 E TraceManager: 	at sxn.a(PG:1)
08-13 23:57:17.756  3171  3206 E TraceManager: 	at azzr.e(PG:4)
08-13 23:57:17.756  3171  3206 E TraceManager: 	at azzr.c(PG:1)
08-13 23:57:17.756  3171  3206 E TraceManager: 	at amlr.f(PG:5)
08-13 23:57:17.756  3171  3206 E TraceManager: 	at ajuh.l(PG:38)
08-13 23:57:17.756  3171  3206 E TraceManager: 	at ajuh.c(PG:1)
08-13 23:57:17.756  3171  3206 E TraceManager: 	at ajuh.h(PG:1)
08-13 23:57:17.756  3171  3206 E TraceManager: 	at ajuh.j(PG:1)
08-13 23:57:17.756  3171  3206 E TraceManager: 	at ajuh.b(PG:3)
08-13 23:57:17.756  3171  3206 E TraceManager: 	at anha.run(PG:1)
08-13 23:57:17.756  3171  3206 E TraceManager: 	at bqzd.run(PG:2)
08-13 23:57:17.756  3171  3206 E TraceManager: 	at beus.run(PG:1)
08-13 23:57:17.756  3171  3206 E TraceManager: 	at java.util.concurrent.ThreadPoolExecutor.runWorker(ThreadPoolExecutor.java:1167)
08-13 23:57:17.756  3171  3206 E TraceManager: 	at java.util.concurrent.ThreadPoolExecutor$Worker.run(ThreadPoolExecutor.java:641)
08-13 23:57:17.756  3171  3206 E TraceManager: 	at betw.run(PG:2)
08-13 23:57:17.756  3171  3206 E TraceManager: 	at beud.run(PG:4)
08-13 23:57:17.756  3171  3206 E TraceManager: 	at java.lang.Thread.run(Thread.java:923)
08-13 23:57:17.756  3171  3206 E TraceManager: 	Suppressed: bqzw: 
08-13 23:57:17.756  3171  3206 E TraceManager: 		at tk_trace.onServiceStateChanged(Unknown Source:0)
08-13 23:57:17.758  3171  3171 I TetheringManager: registerTetheringEventCallback:com.google.android.apps.messaging
08-13 23:57:17.760  3171  3231 I RcsClientLib: shouldUseCarrierServicesJibeService: true, CarrierServices rcs service found: true
08-13 23:57:17.763  3171  3231 I RcsClientLib: Connecting BusinessInfoService
08-13 23:57:17.766  3171  3229 I RcsClientLib: shouldUseCarrierServicesJibeService: true, CarrierServices rcs service found: true
08-13 23:57:17.809  3171  3229 I BugleDataModel: TransactionManagerImpl: tx:  WorkQueueImpl#queueWorkItemAndReturnFuture  started
08-13 23:57:17.809  3171  3231 I RcsClientLib: shouldUseCarrierServicesJibeService: true, CarrierServices rcs service found: true
08-13 23:57:17.810  3171  3171 E TraceManager: Duplicate trace
08-13 23:57:17.810  3171  3171 E TraceManager: bquy: Starting new trace SharedStorageProvider#call when already associated with a trace. For more help, see http://go/tiktok-tracing#fixing-duplicate-trace-issues
08-13 23:57:17.810  3171  3171 E TraceManager: 	at bqys.g(PG:6)
08-13 23:57:17.810  3171  3171 E TraceManager: 	at bqys.c(PG:2)
08-13 23:57:17.810  3171  3171 E TraceManager: 	at bqys.b(PG:2)
08-13 23:57:17.810  3171  3171 E TraceManager: 	at bqyf.l(PG:1)
08-13 23:57:17.810  3171  3171 E TraceManager: 	at admr.call(PG:10)
08-13 23:57:17.810  3171  3171 E TraceManager: 	at android.content.ContentProvider.call(ContentProvider.java:2448)
08-13 23:57:17.810  3171  3171 E TraceManager: 	at adle.call(PG:2)
08-13 23:57:17.810  3171  3171 E TraceManager: 	at android.content.ContentProvider$Transport.call(ContentProvider.java:517)
08-13 23:57:17.810  3171  3171 E TraceManager: 	at android.content.ContentResolver.call(ContentResolver.java:2405)
08-13 23:57:17.810  3171  3171 E TraceManager: 	at android.content.ContentResolver.call(ContentResolver.java:2385)
08-13 23:57:17.810  3171  3171 E TraceManager: 	at bawi.h(PG:9)
08-13 23:57:17.810  3171  3171 E TraceManager: 	at bawi.k(PG:3)
08-13 23:57:17.810  3171  3171 E TraceManager: 	at bawg.b(PG:1)
08-13 23:57:17.810  3171  3171 E TraceManager: 	at bacg.g(PG:2)
08-13 23:57:17.810  3171  3171 E TraceManager: 	at sxn.a(PG:1)
08-13 23:57:17.810  3171  3171 E TraceManager: 	at azzr.e(PG:4)
08-13 23:57:17.810  3171  3171 E TraceManager: 	at azzr.c(PG:1)
08-13 23:57:17.810  3171  3171 E TraceManager: 	at amlr.f(PG:5)
08-13 23:57:17.810  3171  3171 E TraceManager: 	at ajuh.j(PG:8)
08-13 23:57:17.810  3171  3171 E TraceManager: 	at aklj.fs(PG:19)
08-13 23:57:17.810  3171  3171 E TraceManager: 	at akle.fs(PG:3)
08-13 23:57:17.810  3171  3171 E TraceManager: 	at boji.d(PG:2)
08-13 23:57:17.810  3171  3171 E TraceManager: 	at bojh.onServiceConnected(PG:7)
08-13 23:57:17.810  3171  3171 E TraceManager: 	at bojl.onServiceConnected(PG:3)
08-13 23:57:17.810  3171  3171 E TraceManager: 	at android.app.LoadedApk$ServiceDispatcher.doConnected(LoadedApk.java:1996)
08-13 23:57:17.810  3171  3171 E TraceManager: 	at android.app.LoadedApk$ServiceDispatcher$RunConnection.run(LoadedApk.java:2028)
08-13 23:57:17.810  3171  3171 E TraceManager: 	at android.os.Handler.handleCallback(Handler.java:938)
08-13 23:57:17.810  3171  3171 E TraceManager: 	at android.os.Handler.dispatchMessage(Handler.java:99)
08-13 23:57:17.810  3171  3171 E TraceManager: 	at android.os.Looper.loop(Looper.java:223)
08-13 23:57:17.810  3171  3171 E TraceManager: 	at android.app.ActivityThread.main(ActivityThread.java:7703)
08-13 23:57:17.810  3171  3171 E TraceManager: 	at java.lang.reflect.Method.invoke(Native Method)
08-13 23:57:17.810  3171  3171 E TraceManager: 	at com.android.internal.os.RuntimeInit$MethodAndArgsCaller.run(RuntimeInit.java:612)
08-13 23:57:17.810  3171  3171 E TraceManager: 	at com.android.internal.os.ZygoteInit.main(ZygoteInit.java:997)
08-13 23:57:17.810  3171  3171 E TraceManager: 	Suppressed: bqzw: 
08-13 23:57:17.810  3171  3171 E TraceManager: 		at tk_trace.RcsServiceListener#handleServiceConnected(Unknown Source:0)
08-13 23:57:17.810  3171  3171 E TraceManager: 		at tk_trace.JibeServiceListenerPropagator#handleServiceConnected(Unknown Source:0)
08-13 23:57:17.810  3171  3171 E TraceManager: 		at tk_trace.JibeServiceConnection#onServiceConnected(Unknown Source:0)
08-13 23:57:17.812  3171  3231 I RcsClientLib: Connecting RcsMessagingService
08-13 23:57:17.816  3171  3206 E TraceManager: Duplicate trace
08-13 23:57:17.816  3171  3206 E TraceManager: bquy: Starting new trace SharedStorageProvider#call when already associated with a trace. For more help, see http://go/tiktok-tracing#fixing-duplicate-trace-issues
08-13 23:57:17.816  3171  3206 E TraceManager: 	at bqys.g(PG:6)
08-13 23:57:17.816  3171  3206 E TraceManager: 	at bqys.c(PG:2)
08-13 23:57:17.816  3171  3206 E TraceManager: 	at bqys.b(PG:2)
08-13 23:57:17.816  3171  3206 E TraceManager: 	at bqyf.l(PG:1)
08-13 23:57:17.816  3171  3206 E TraceManager: 	at admr.call(PG:10)
08-13 23:57:17.816  3171  3206 E TraceManager: 	at android.content.ContentProvider.call(ContentProvider.java:2448)
08-13 23:57:17.816  3171  3206 E TraceManager: 	at adle.call(PG:2)
08-13 23:57:17.816  3171  3206 E TraceManager: 	at android.content.ContentProvider$Transport.call(ContentProvider.java:517)
08-13 23:57:17.816  3171  3206 E TraceManager: 	at android.content.ContentResolver.call(ContentResolver.java:2405)
08-13 23:57:17.816  3171  3206 E TraceManager: 	at android.content.ContentResolver.call(ContentResolver.java:2385)
08-13 23:57:17.816  3171  3206 E TraceManager: 	at bawi.h(PG:9)
08-13 23:57:17.816  3171  3206 E TraceManager: 	at bawi.k(PG:3)
08-13 23:57:17.816  3171  3206 E TraceManager: 	at bawg.b(PG:1)
08-13 23:57:17.816  3171  3206 E TraceManager: 	at bacg.g(PG:2)
08-13 23:57:17.816  3171  3206 E TraceManager: 	at sxn.a(PG:1)
08-13 23:57:17.816  3171  3206 E TraceManager: 	at azzr.e(PG:4)
08-13 23:57:17.816  3171  3206 E TraceManager: 	at azzr.c(PG:1)
08-13 23:57:17.816  3171  3206 E TraceManager: 	at amlr.f(PG:5)
08-13 23:57:17.816  3171  3206 E TraceManager: 	at ajuh.j(PG:8)
08-13 23:57:17.816  3171  3206 E TraceManager: 	at ajuh.b(PG:3)
08-13 23:57:17.816  3171  3206 E TraceManager: 	at anha.run(PG:1)
08-13 23:57:17.816  3171  3206 E TraceManager: 	at bqzd.run(PG:2)
08-13 23:57:17.816  3171  3206 E TraceManager: 	at beus.run(PG:1)
08-13 23:57:17.816  3171  3206 E TraceManager: 	at java.util.concurrent.ThreadPoolExecutor.runWorker(ThreadPoolExecutor.java:1167)
08-13 23:57:17.816  3171  3206 E TraceManager: 	at java.util.concurrent.ThreadPoolExecutor$Worker.run(ThreadPoolExecutor.java:641)
08-13 23:57:17.816  3171  3206 E TraceManager: 	at betw.run(PG:2)
08-13 23:57:17.816  3171  3206 E TraceManager: 	at beud.run(PG:4)
08-13 23:57:17.816  3171  3206 E TraceManager: 	at java.lang.Thread.run(Thread.java:923)
08-13 23:57:17.816  3171  3206 E TraceManager: 	Suppressed: bqzw: 
08-13 23:57:17.816  3171  3206 E TraceManager: 		at tk_trace.onServiceStateChanged(Unknown Source:0)
08-13 23:57:17.828  3171  3233 I BugleDataModel: TransactionManagerImpl: tx:  WorkQueueImpl#queueWorkItemAndReturnFuture  started
08-13 23:57:17.828  3171  3234 I BugleDataModel: TransactionManagerImpl: tx:  WorkQueueWorkerImpl.startWork  started
08-13 23:57:17.828  3171  3171 I BugleDataModel: ProcessPendingRevocationsActionScheduler: scheduled next action. back off seconds: 0
08-13 23:57:17.832  3171  3171 I BugleGroupManagement: Skipping RCS group identifiers telephony batch migration. Disabled by phenotype.
08-13 23:57:17.834  3171  3171 I RcsClientLib: com.google.android.rcs.client.profile.RcsProfileService connected
08-13 23:57:17.835  3171  3171 I BugleRcs: com.google.android.rcs.client.profile.RcsProfileService RCS service connected
08-13 23:57:17.841  3171  3171 E TraceManager: Duplicate trace
