08-13 23:29:48.324  1469  1487 E NotiHistoryDatabase: 	at android.os.Looper.loop(Looper.java:223)
08-13 23:29:48.324  1469  1487 E NotiHistoryDatabase: 	at android.os.HandlerThread.run(HandlerThread.java:67)
08-13 23:29:48.324  1469  1487 E NotiHistoryDatabase: 	at com.android.server.ServiceThread.run(ServiceThread.java:44)
08-13 23:29:48.324  1469  1487 E NotiHistoryDatabase: Caused by: android.system.ErrnoException: open failed: ENOENT (No such file or directory)
08-13 23:29:48.324  1469  1487 E NotiHistoryDatabase: 	at libcore.io.Linux.open(Native Method)
08-13 23:29:48.324  1469  1487 E NotiHistoryDatabase: 	at libcore.io.ForwardingOs.open(ForwardingOs.java:166)
08-13 23:29:48.324  1469  1487 E NotiHistoryDatabase: 	at libcore.io.BlockGuardOs.open(BlockGuardOs.java:254)
08-13 23:29:48.324  1469  1487 E NotiHistoryDatabase: 	at libcore.io.IoBridge.open(IoBridge.java:478)
08-13 23:29:48.324  1469  1487 E NotiHistoryDatabase: 	... 10 more
08-13 23:29:48.324  1469  1487 E NotiHistoryDatabase: Cannot clean up file on conversation removal 1660048746669
08-13 23:29:48.324  1469  1487 E NotiHistoryDatabase: java.io.FileNotFoundException: /data/system_ce/0/notification_history/history/1660048746669: open failed: ENOENT (No such file or directory)
08-13 23:29:48.324  1469  1487 E NotiHistoryDatabase: 	at libcore.io.IoBridge.open(IoBridge.java:492)
08-13 23:29:48.324  1469  1487 E NotiHistoryDatabase: 	at java.io.FileInputStream.<init>(FileInputStream.java:160)
08-13 23:29:48.324  1469  1487 E NotiHistoryDatabase: 	at android.util.AtomicFile.openRead(AtomicFile.java:234)
08-13 23:29:48.324  1469  1487 E NotiHistoryDatabase: 	at com.android.server.notification.NotificationHistoryDatabase.readLocked(NotificationHistoryDatabase.java:320)
08-13 23:29:48.324  1469  1487 E NotiHistoryDatabase: 	at com.android.server.notification.NotificationHistoryDatabase.access$600(NotificationHistoryDatabase.java:60)
08-13 23:29:48.324  1469  1487 E NotiHistoryDatabase: 	at com.android.server.notification.NotificationHistoryDatabase$RemoveConversationRunnable.run(NotificationHistoryDatabase.java:497)
08-13 23:29:48.324  1469  1487 E NotiHistoryDatabase: 	at android.os.Handler.handleCallback(Handler.java:938)
08-13 23:29:48.324  1469  1487 E NotiHistoryDatabase: 	at android.os.Handler.dispatchMessage(Handler.java:99)
08-13 23:29:48.324  1469  1487 E NotiHistoryDatabase: 	at android.os.Looper.loop(Looper.java:223)
08-13 23:29:48.324  1469  1487 E NotiHistoryDatabase: 	at android.os.HandlerThread.run(HandlerThread.java:67)
08-13 23:29:48.324  1469  1487 E NotiHistoryDatabase: 	at com.android.server.ServiceThread.run(ServiceThread.java:44)
08-13 23:29:48.324  1469  1487 E NotiHistoryDatabase: Caused by: android.system.ErrnoException: open failed: ENOENT (No such file or directory)
08-13 23:29:48.324  1469  1487 E NotiHistoryDatabase: 	at libcore.io.Linux.open(Native Method)
08-13 23:29:48.324  1469  1487 E NotiHistoryDatabase: 	at libcore.io.ForwardingOs.open(ForwardingOs.java:166)
08-13 23:29:48.324  1469  1487 E NotiHistoryDatabase: 	at libcore.io.BlockGuardOs.open(BlockGuardOs.java:254)
08-13 23:29:48.324  1469  1487 E NotiHistoryDatabase: 	at libcore.io.IoBridge.open(IoBridge.java:478)
08-13 23:29:48.324  1469  1487 E NotiHistoryDatabase: 	... 10 more
08-13 23:29:48.326  1469  1487 E NotiHistoryDatabase: Cannot open /data/system_ce/0/notification_history/history/1660043374594
08-13 23:29:48.326  1469  1487 E NotiHistoryDatabase: java.io.FileNotFoundException: /data/system_ce/0/notification_history/history/1660043374594: open failed: ENOENT (No such file or directory)
08-13 23:29:48.326  1469  1487 E NotiHistoryDatabase: 	at libcore.io.IoBridge.open(IoBridge.java:492)
08-13 23:29:48.326  1469  1487 E NotiHistoryDatabase: 	at java.io.FileInputStream.<init>(FileInputStream.java:160)
08-13 23:29:48.326  1469  1487 E NotiHistoryDatabase: 	at android.util.AtomicFile.openRead(AtomicFile.java:234)
08-13 23:29:48.326  1469  1487 E NotiHistoryDatabase: 	at com.android.server.notification.NotificationHistoryDatabase.readLocked(NotificationHistoryDatabase.java:320)
08-13 23:29:48.326  1469  1487 E NotiHistoryDatabase: 	at com.android.server.notification.NotificationHistoryDatabase.access$600(NotificationHistoryDatabase.java:60)
08-13 23:29:48.326  1469  1487 E NotiHistoryDatabase: 	at com.android.server.notification.NotificationHistoryDatabase$RemoveConversationRunnable.run(NotificationHistoryDatabase.java:497)
08-13 23:29:48.326  1469  1487 E NotiHistoryDatabase: 	at android.os.Handler.handleCallback(Handler.java:938)
08-13 23:29:48.326  1469  1487 E NotiHistoryDatabase: 	at android.os.Handler.dispatchMessage(Handler.java:99)
08-13 23:29:48.326  1469  1487 E NotiHistoryDatabase: 	at android.os.Looper.loop(Looper.java:223)
08-13 23:29:48.326  1469  1487 E NotiHistoryDatabase: 	at android.os.HandlerThread.run(HandlerThread.java:67)
08-13 23:29:48.326  1469  1487 E NotiHistoryDatabase: 	at com.android.server.ServiceThread.run(ServiceThread.java:44)
08-13 23:29:48.326  1469  1487 E NotiHistoryDatabase: Caused by: android.system.ErrnoException: open failed: ENOENT (No such file or directory)
08-13 23:29:48.326  1469  1487 E NotiHistoryDatabase: 	at libcore.io.Linux.open(Native Method)
08-13 23:29:48.326  1469  1487 E NotiHistoryDatabase: 	at libcore.io.ForwardingOs.open(ForwardingOs.java:166)
08-13 23:29:48.326  1469  1487 E NotiHistoryDatabase: 	at libcore.io.BlockGuardOs.open(BlockGuardOs.java:254)
08-13 23:29:48.326  1469  1487 E NotiHistoryDatabase: 	at libcore.io.IoBridge.open(IoBridge.java:478)
08-13 23:29:48.326  1469  1487 E NotiHistoryDatabase: 	... 10 more
08-13 23:29:48.326  1469  1487 E NotiHistoryDatabase: Cannot clean up file on conversation removal 1660043374594
08-13 23:29:48.326  1469  1487 E NotiHistoryDatabase: java.io.FileNotFoundException: /data/system_ce/0/notification_history/history/1660043374594: open failed: ENOENT (No such file or directory)
08-13 23:29:48.326  1469  1487 E NotiHistoryDatabase: 	at libcore.io.IoBridge.open(IoBridge.java:492)
08-13 23:29:48.326  1469  1487 E NotiHistoryDatabase: 	at java.io.FileInputStream.<init>(FileInputStream.java:160)
08-13 23:29:48.326  1469  1487 E NotiHistoryDatabase: 	at android.util.AtomicFile.openRead(AtomicFile.java:234)
08-13 23:29:48.326  1469  1487 E NotiHistoryDatabase: 	at com.android.server.notification.NotificationHistoryDatabase.readLocked(NotificationHistoryDatabase.java:320)
08-13 23:29:48.326  1469  1487 E NotiHistoryDatabase: 	at com.android.server.notification.NotificationHistoryDatabase.access$600(NotificationHistoryDatabase.java:60)
08-13 23:29:48.326  1469  1487 E NotiHistoryDatabase: 	at com.android.server.notification.NotificationHistoryDatabase$RemoveConversationRunnable.run(NotificationHistoryDatabase.java:497)
08-13 23:29:48.326  1469  1487 E NotiHistoryDatabase: 	at android.os.Handler.handleCallback(Handler.java:938)
08-13 23:29:48.326  1469  1487 E NotiHistoryDatabase: 	at android.os.Handler.dispatchMessage(Handler.java:99)
08-13 23:29:48.326  1469  1487 E NotiHistoryDatabase: 	at android.os.Looper.loop(Looper.java:223)
08-13 23:29:48.326  1469  1487 E NotiHistoryDatabase: 	at android.os.HandlerThread.run(HandlerThread.java:67)
08-13 23:29:48.326  1469  1487 E NotiHistoryDatabase: 	at com.android.server.ServiceThread.run(ServiceThread.java:44)
08-13 23:29:48.326  1469  1487 E NotiHistoryDatabase: Caused by: android.system.ErrnoException: open failed: ENOENT (No such file or directory)
08-13 23:29:48.326  1469  1487 E NotiHistoryDatabase: 	at libcore.io.Linux.open(Native Method)
08-13 23:29:48.326  1469  1487 E NotiHistoryDatabase: 	at libcore.io.ForwardingOs.open(ForwardingOs.java:166)
08-13 23:29:48.326  1469  1487 E NotiHistoryDatabase: 	at libcore.io.BlockGuardOs.open(BlockGuardOs.java:254)
08-13 23:29:48.326  1469  1487 E NotiHistoryDatabase: 	at libcore.io.IoBridge.open(IoBridge.java:478)
08-13 23:29:48.326  1469  1487 E NotiHistoryDatabase: 	... 10 more
08-13 23:29:48.328  1469  1487 E NotiHistoryDatabase: Cannot open /data/system_ce/0/notification_history/history/1660038153823
08-13 23:29:48.328  1469  1487 E NotiHistoryDatabase: java.io.FileNotFoundException: /data/system_ce/0/notification_history/history/1660038153823: open failed: ENOENT (No such file or directory)
08-13 23:29:48.328  1469  1487 E NotiHistoryDatabase: 	at libcore.io.IoBridge.open(IoBridge.java:492)
08-13 23:29:48.328  1469  1487 E NotiHistoryDatabase: 	at java.io.FileInputStream.<init>(FileInputStream.java:160)
08-13 23:29:48.328  1469  1487 E NotiHistoryDatabase: 	at android.util.AtomicFile.openRead(AtomicFile.java:234)
08-13 23:29:48.328  1469  1487 E NotiHistoryDatabase: 	at com.android.server.notification.NotificationHistoryDatabase.readLocked(NotificationHistoryDatabase.java:320)
08-13 23:29:48.328  1469  1487 E NotiHistoryDatabase: 	at com.android.server.notification.NotificationHistoryDatabase.access$600(NotificationHistoryDatabase.java:60)
08-13 23:29:48.328  1469  1487 E NotiHistoryDatabase: 	at com.android.server.notification.NotificationHistoryDatabase$RemoveConversationRunnable.run(NotificationHistoryDatabase.java:497)
08-13 23:29:48.328  1469  1487 E NotiHistoryDatabase: 	at android.os.Handler.handleCallback(Handler.java:938)
08-13 23:29:48.328  1469  1487 E NotiHistoryDatabase: 	at android.os.Handler.dispatchMessage(Handler.java:99)
08-13 23:29:48.328  1469  1487 E NotiHistoryDatabase: 	at android.os.Looper.loop(Looper.java:223)
08-13 23:29:48.328  1469  1487 E NotiHistoryDatabase: 	at android.os.HandlerThread.run(HandlerThread.java:67)
08-13 23:29:48.328  1469  1487 E NotiHistoryDatabase: 	at com.android.server.ServiceThread.run(ServiceThread.java:44)
08-13 23:29:48.328  1469  1487 E NotiHistoryDatabase: Caused by: android.system.ErrnoException: open failed: ENOENT (No such file or directory)
08-13 23:29:48.328  1469  1487 E NotiHistoryDatabase: 	at libcore.io.Linux.open(Native Method)
08-13 23:29:48.328  1469  1487 E NotiHistoryDatabase: 	at libcore.io.ForwardingOs.open(ForwardingOs.java:166)
08-13 23:29:48.328  1469  1487 E NotiHistoryDatabase: 	at libcore.io.BlockGuardOs.open(BlockGuardOs.java:254)
08-13 23:29:48.328  1469  1487 E NotiHistoryDatabase: 	at libcore.io.IoBridge.open(IoBridge.java:478)
08-13 23:29:48.328  1469  1487 E NotiHistoryDatabase: 	... 10 more
08-13 23:29:48.329  1469  1487 E NotiHistoryDatabase: Cannot clean up file on conversation removal 1660038153823
08-13 23:29:48.329  1469  1487 E NotiHistoryDatabase: java.io.FileNotFoundException: /data/system_ce/0/notification_history/history/1660038153823: open failed: ENOENT (No such file or directory)
08-13 23:29:48.329  1469  1487 E NotiHistoryDatabase: 	at libcore.io.IoBridge.open(IoBridge.java:492)
08-13 23:29:48.329  1469  1487 E NotiHistoryDatabase: 	at java.io.FileInputStream.<init>(FileInputStream.java:160)
08-13 23:29:48.329  1469  1487 E NotiHistoryDatabase: 	at android.util.AtomicFile.openRead(AtomicFile.java:234)
08-13 23:29:48.329  1469  1487 E NotiHistoryDatabase: 	at com.android.server.notification.NotificationHistoryDatabase.readLocked(NotificationHistoryDatabase.java:320)
08-13 23:29:48.329  1469  1487 E NotiHistoryDatabase: 	at com.android.server.notification.NotificationHistoryDatabase.access$600(NotificationHistoryDatabase.java:60)
08-13 23:29:48.329  1469  1487 E NotiHistoryDatabase: 	at com.android.server.notification.NotificationHistoryDatabase$RemoveConversationRunnable.run(NotificationHistoryDatabase.java:497)
08-13 23:29:48.329  1469  1487 E NotiHistoryDatabase: 	at android.os.Handler.handleCallback(Handler.java:938)
08-13 23:29:48.329  1469  1487 E NotiHistoryDatabase: 	at android.os.Handler.dispatchMessage(Handler.java:99)
08-13 23:29:48.329  1469  1487 E NotiHistoryDatabase: 	at android.os.Looper.loop(Looper.java:223)
08-13 23:29:48.329  1469  1487 E NotiHistoryDatabase: 	at android.os.HandlerThread.run(HandlerThread.java:67)
08-13 23:29:48.329  1469  1487 E NotiHistoryDatabase: 	at com.android.server.ServiceThread.run(ServiceThread.java:44)
08-13 23:29:48.329  1469  1487 E NotiHistoryDatabase: Caused by: android.system.ErrnoException: open failed: ENOENT (No such file or directory)
08-13 23:29:48.329  1469  1487 E NotiHistoryDatabase: 	at libcore.io.Linux.open(Native Method)
08-13 23:29:48.329  1469  1487 E NotiHistoryDatabase: 	at libcore.io.ForwardingOs.open(ForwardingOs.java:166)
08-13 23:29:48.329  1469  1487 E NotiHistoryDatabase: 	at libcore.io.BlockGuardOs.open(BlockGuardOs.java:254)
08-13 23:29:48.329  1469  1487 E NotiHistoryDatabase: 	at libcore.io.IoBridge.open(IoBridge.java:478)
08-13 23:29:48.329  1469  1487 E NotiHistoryDatabase: 	... 10 more
08-13 23:29:48.330  1469  1487 E NotiHistoryDatabase: Cannot open /data/system_ce/0/notification_history/history/1660007951572
08-13 23:29:48.330  1469  1487 E NotiHistoryDatabase: java.io.FileNotFoundException: /data/system_ce/0/notification_history/history/1660007951572: open failed: ENOENT (No such file or directory)
08-13 23:29:48.330  1469  1487 E NotiHistoryDatabase: 	at libcore.io.IoBridge.open(IoBridge.java:492)
08-13 23:29:48.330  1469  1487 E NotiHistoryDatabase: 	at java.io.FileInputStream.<init>(FileInputStream.java:160)
08-13 23:29:48.330  1469  1487 E NotiHistoryDatabase: 	at android.util.AtomicFile.openRead(AtomicFile.java:234)
08-13 23:29:48.330  1469  1487 E NotiHistoryDatabase: 	at com.android.server.notification.NotificationHistoryDatabase.readLocked(NotificationHistoryDatabase.java:320)
08-13 23:29:48.330  1469  1487 E NotiHistoryDatabase: 	at com.android.server.notification.NotificationHistoryDatabase.access$600(NotificationHistoryDatabase.java:60)
08-13 23:29:48.330  1469  1487 E NotiHistoryDatabase: 	at com.android.server.notification.NotificationHistoryDatabase$RemoveConversationRunnable.run(NotificationHistoryDatabase.java:497)
08-13 23:29:48.330  1469  1487 E NotiHistoryDatabase: 	at android.os.Handler.handleCallback(Handler.java:938)
08-13 23:29:48.330  1469  1487 E NotiHistoryDatabase: 	at android.os.Handler.dispatchMessage(Handler.java:99)
08-13 23:29:48.330  1469  1487 E NotiHistoryDatabase: 	at android.os.Looper.loop(Looper.java:223)
08-13 23:29:48.330  1469  1487 E NotiHistoryDatabase: 	at android.os.HandlerThread.run(HandlerThread.java:67)
08-13 23:29:48.330  1469  1487 E NotiHistoryDatabase: 	at com.android.server.ServiceThread.run(ServiceThread.java:44)
08-13 23:29:48.330  1469  1487 E NotiHistoryDatabase: Caused by: android.system.ErrnoException: open failed: ENOENT (No such file or directory)
08-13 23:29:48.330  1469  1487 E NotiHistoryDatabase: 	at libcore.io.Linux.open(Native Method)
08-13 23:29:48.330  1469  1487 E NotiHistoryDatabase: 	at libcore.io.ForwardingOs.open(ForwardingOs.java:166)
08-13 23:29:48.330  1469  1487 E NotiHistoryDatabase: 	at libcore.io.BlockGuardOs.open(BlockGuardOs.java:254)
08-13 23:29:48.330  1469  1487 E NotiHistoryDatabase: 	at libcore.io.IoBridge.open(IoBridge.java:478)
08-13 23:29:48.330  1469  1487 E NotiHistoryDatabase: 	... 10 more
08-13 23:29:48.331  1469  1487 E NotiHistoryDatabase: Cannot clean up file on conversation removal 1660007951572
08-13 23:29:48.331  1469  1487 E NotiHistoryDatabase: java.io.FileNotFoundException: /data/system_ce/0/notification_history/history/1660007951572: open failed: ENOENT (No such file or directory)
08-13 23:29:48.331  1469  1487 E NotiHistoryDatabase: 	at libcore.io.IoBridge.open(IoBridge.java:492)
08-13 23:29:48.331  1469  1487 E NotiHistoryDatabase: 	at java.io.FileInputStream.<init>(FileInputStream.java:160)
08-13 23:29:48.331  1469  1487 E NotiHistoryDatabase: 	at android.util.AtomicFile.openRead(AtomicFile.java:234)
08-13 23:29:48.331  1469  1487 E NotiHistoryDatabase: 	at com.android.server.notification.NotificationHistoryDatabase.readLocked(NotificationHistoryDatabase.java:320)
08-13 23:29:48.331  1469  1487 E NotiHistoryDatabase: 	at com.android.server.notification.NotificationHistoryDatabase.access$600(NotificationHistoryDatabase.java:60)
08-13 23:29:48.331  1469  1487 E NotiHistoryDatabase: 	at com.android.server.notification.NotificationHistoryDatabase$RemoveConversationRunnable.run(NotificationHistoryDatabase.java:497)
08-13 23:29:48.331  1469  1487 E NotiHistoryDatabase: 	at android.os.Handler.handleCallback(Handler.java:938)
08-13 23:29:48.331  1469  1487 E NotiHistoryDatabase: 	at android.os.Handler.dispatchMessage(Handler.java:99)
08-13 23:29:48.331  1469  1487 E NotiHistoryDatabase: 	at android.os.Looper.loop(Looper.java:223)
08-13 23:29:48.331  1469  1487 E NotiHistoryDatabase: 	at android.os.HandlerThread.run(HandlerThread.java:67)
08-13 23:29:48.331  1469  1487 E NotiHistoryDatabase: 	at com.android.server.ServiceThread.run(ServiceThread.java:44)
08-13 23:29:48.331  1469  1487 E NotiHistoryDatabase: Caused by: android.system.ErrnoException: open failed: ENOENT (No such file or directory)
08-13 23:29:48.331  1469  1487 E NotiHistoryDatabase: 	at libcore.io.Linux.open(Native Method)
08-13 23:29:48.331  1469  1487 E NotiHistoryDatabase: 	at libcore.io.ForwardingOs.open(ForwardingOs.java:166)
08-13 23:29:48.331  1469  1487 E NotiHistoryDatabase: 	at libcore.io.BlockGuardOs.open(BlockGuardOs.java:254)
08-13 23:29:48.331  1469  1487 E NotiHistoryDatabase: 	at libcore.io.IoBridge.open(IoBridge.java:478)
08-13 23:29:48.331  1469  1487 E NotiHistoryDatabase: 	... 10 more
08-13 23:29:48.332  1469  1487 E NotiHistoryDatabase: Cannot open /data/system_ce/0/notification_history/history/1659956984616
08-13 23:29:48.332  1469  1487 E NotiHistoryDatabase: java.io.FileNotFoundException: /data/system_ce/0/notification_history/history/1659956984616: open failed: ENOENT (No such file or directory)
08-13 23:29:48.332  1469  1487 E NotiHistoryDatabase: 	at libcore.io.IoBridge.open(IoBridge.java:492)
08-13 23:29:48.332  1469  1487 E NotiHistoryDatabase: 	at java.io.FileInputStream.<init>(FileInputStream.java:160)
08-13 23:29:48.332  1469  1487 E NotiHistoryDatabase: 	at android.util.AtomicFile.openRead(AtomicFile.java:234)
08-13 23:29:48.332  1469  1487 E NotiHistoryDatabase: 	at com.android.server.notification.NotificationHistoryDatabase.readLocked(NotificationHistoryDatabase.java:320)
08-13 23:29:48.332  1469  1487 E NotiHistoryDatabase: 	at com.android.server.notification.NotificationHistoryDatabase.access$600(NotificationHistoryDatabase.java:60)
08-13 23:29:48.332  1469  1487 E NotiHistoryDatabase: 	at com.android.server.notification.NotificationHistoryDatabase$RemoveConversationRunnable.run(NotificationHistoryDatabase.java:497)
08-13 23:29:48.332  1469  1487 E NotiHistoryDatabase: 	at android.os.Handler.handleCallback(Handler.java:938)
08-13 23:29:48.332  1469  1487 E NotiHistoryDatabase: 	at android.os.Handler.dispatchMessage(Handler.java:99)
08-13 23:29:48.332  1469  1487 E NotiHistoryDatabase: 	at android.os.Looper.loop(Looper.java:223)
08-13 23:29:48.332  1469  1487 E NotiHistoryDatabase: 	at android.os.HandlerThread.run(HandlerThread.java:67)
08-13 23:29:48.332  1469  1487 E NotiHistoryDatabase: 	at com.android.server.ServiceThread.run(ServiceThread.java:44)
08-13 23:29:48.332  1469  1487 E NotiHistoryDatabase: Caused by: android.system.ErrnoException: open failed: ENOENT (No such file or directory)
08-13 23:29:48.332  1469  1487 E NotiHistoryDatabase: 	at libcore.io.Linux.open(Native Method)
08-13 23:29:48.332  1469  1487 E NotiHistoryDatabase: 	at libcore.io.ForwardingOs.open(ForwardingOs.java:166)
08-13 23:29:48.332  1469  1487 E NotiHistoryDatabase: 	at libcore.io.BlockGuardOs.open(BlockGuardOs.java:254)
08-13 23:29:48.332  1469  1487 E NotiHistoryDatabase: 	at libcore.io.IoBridge.open(IoBridge.java:478)
08-13 23:29:48.332  1469  1487 E NotiHistoryDatabase: 	... 10 more
08-13 23:29:48.333  1469  1487 E NotiHistoryDatabase: Cannot clean up file on conversation removal 1659956984616
08-13 23:29:48.333  1469  1487 E NotiHistoryDatabase: java.io.FileNotFoundException: /data/system_ce/0/notification_history/history/1659956984616: open failed: ENOENT (No such file or directory)
08-13 23:29:48.333  1469  1487 E NotiHistoryDatabase: 	at libcore.io.IoBridge.open(IoBridge.java:492)
08-13 23:29:48.333  1469  1487 E NotiHistoryDatabase: 	at java.io.FileInputStream.<init>(FileInputStream.java:160)
08-13 23:29:48.333  1469  1487 E NotiHistoryDatabase: 	at android.util.AtomicFile.openRead(AtomicFile.java:234)
08-13 23:29:48.333  1469  1487 E NotiHistoryDatabase: 	at com.android.server.notification.NotificationHistoryDatabase.readLocked(NotificationHistoryDatabase.java:320)
08-13 23:29:48.333  1469  1487 E NotiHistoryDatabase: 	at com.android.server.notification.NotificationHistoryDatabase.access$600(NotificationHistoryDatabase.java:60)
08-13 23:29:48.333  1469  1487 E NotiHistoryDatabase: 	at com.android.server.notification.NotificationHistoryDatabase$RemoveConversationRunnable.run(NotificationHistoryDatabase.java:497)
08-13 23:29:48.333  1469  1487 E NotiHistoryDatabase: 	at android.os.Handler.handleCallback(Handler.java:938)
08-13 23:29:48.333  1469  1487 E NotiHistoryDatabase: 	at android.os.Handler.dispatchMessage(Handler.java:99)
08-13 23:29:48.333  1469  1487 E NotiHistoryDatabase: 	at android.os.Looper.loop(Looper.java:223)
08-13 23:29:48.333  1469  1487 E NotiHistoryDatabase: 	at android.os.HandlerThread.run(HandlerThread.java:67)
08-13 23:29:48.333  1469  1487 E NotiHistoryDatabase: 	at com.android.server.ServiceThread.run(ServiceThread.java:44)
08-13 23:29:48.333  1469  1487 E NotiHistoryDatabase: Caused by: android.system.ErrnoException: open failed: ENOENT (No such file or directory)
08-13 23:29:48.333  1469  1487 E NotiHistoryDatabase: 	at libcore.io.Linux.open(Native Method)
08-13 23:29:48.333  1469  1487 E NotiHistoryDatabase: 	at libcore.io.ForwardingOs.open(ForwardingOs.java:166)
08-13 23:29:48.333  1469  1487 E NotiHistoryDatabase: 	at libcore.io.BlockGuardOs.open(BlockGuardOs.java:254)
08-13 23:29:48.333  1469  1487 E NotiHistoryDatabase: 	at libcore.io.IoBridge.open(IoBridge.java:478)
08-13 23:29:48.333  1469  1487 E NotiHistoryDatabase: 	... 10 more
08-13 23:29:53.267  5676 14592 W ContextImpl: Calling a method in the system process without a qualified user: android.app.ContextImpl.sendBroadcast:1111 android.content.ContextWrapper.sendBroadcast:468 jp.kyocera.thermalmonitor.ThermalMonitorService.c:65 jp.kyocera.thermalmonitor.ThermalMonitorService.b:1 jp.kyocera.thermalmonitor.a.run:19 
08-13 23:30:03.322  1469  6470 I ActivityManager: Killing 31787:com.google.android.apps.subscriptions.red/u0a150 (adj 985): empty #17
08-13 23:30:03.374  1469  5522 V ActivityManager: Death received in com.android.server.am.ActivityManagerService$AppDeathRecipient@179cbb2 for thread android.os.BinderProxy@a982703
08-13 23:30:08.270  5676 14592 W ContextImpl: Calling a method in the system process without a qualified user: android.app.ContextImpl.sendBroadcast:1111 android.content.ContextWrapper.sendBroadcast:468 jp.kyocera.thermalmonitor.ThermalMonitorService.c:65 jp.kyocera.thermalmonitor.ThermalMonitorService.b:1 jp.kyocera.thermalmonitor.a.run:19 
08-13 23:30:16.750  1469  1469 W Looper  : Slow dispatch took 115ms main h=com.android.server.job.JobSchedulerService$JobHandler c=null m=1
08-13 23:30:16.902  1469  1469 W Looper  : Slow dispatch took 152ms main h=com.android.server.job.JobSchedulerService$JobHandler c=null m=1
08-13 23:30:17.235  1469  1469 W Looper  : Slow dispatch took 133ms main h=com.android.server.job.JobSchedulerService$JobHandler c=null m=3
08-13 23:30:36.762  1469  1469 W Looper  : Slow dispatch took 117ms main h=com.android.server.job.JobSchedulerService$JobHandler c=null m=3
08-13 23:30:38.042  1469  1469 W Looper  : Slow dispatch took 100ms main h=com.android.server.job.JobSchedulerService$JobHandler c=null m=3
08-13 23:32:58.301  5676 14592 W ContextImpl: Calling a method in the system process without a qualified user: android.app.ContextImpl.sendBroadcast:1111 android.content.ContextWrapper.sendBroadcast:468 jp.kyocera.thermalmonitor.ThermalMonitorService.c:65 jp.kyocera.thermalmonitor.ThermalMonitorService.b:1 jp.kyocera.thermalmonitor.a.run:19 
08-13 23:34:53.334  5676 14592 I chatty  : uid=1000(system) Thread-2 identical 7 lines
08-13 23:35:03.336  5676 14592 W ContextImpl: Calling a method in the system process without a qualified user: android.app.ContextImpl.sendBroadcast:1111 android.content.ContextWrapper.sendBroadcast:468 jp.kyocera.thermalmonitor.ThermalMonitorService.c:65 jp.kyocera.thermalmonitor.ThermalMonitorService.b:1 jp.kyocera.thermalmonitor.a.run:19 
08-13 23:35:35.086  1469  1469 D CompatibilityChangeReporter: Compat change id reported: 135634846; UID 10176; state: DISABLED
08-13 23:35:35.087  1469  1469 D CompatibilityChangeReporter: Compat change id reported: 135754954; UID 10176; state: ENABLED
08-13 23:35:35.088  1469  1496 D CompatibilityChangeReporter: Compat change id reported: 143937733; UID 10176; state: ENABLED
08-13 23:35:35.118  1469  1496 I ActivityManager: Start proc 342:com.Slack/u0a176 for service {com.Slack/androidx.work.impl.background.systemjob.SystemJobService}
08-13 23:35:35.159  1469  5522 V ActivityManager: New death recipient com.android.server.am.ActivityManagerService$AppDeathRecipient@f64348f for thread android.os.BinderProxy@b48231c
08-13 23:35:35.486  1469  5522 V SettingsProvider: packageValueForCallResult, name = sqlite_compatibility_wal_flags, value : Bundle[{_track_generation=android.util.MemoryIntArray@8b, value=, _generation_index=0, _generation=232}]
08-13 23:35:35.881  1469  7012 V SettingsProvider: packageValueForCallResult, name = location_providers_allowed, value : Bundle[{_track_generation=android.util.MemoryIntArray@8b, value=gps,network, _generation_index=2, _generation=738}]
08-13 23:35:36.490  1469  5522 I ActivityManager: Killing 31846:com.google.android.calendar/u0a151 (adj 985): empty #17
08-13 23:35:36.543  1469  5522 V ActivityManager: Death received in com.android.server.am.ActivityManagerService$AppDeathRecipient@c6c41b2 for thread android.os.BinderProxy@7c86503
08-13 23:35:36.544  1469  6894 D MtkConnectivityService: ConnectivityService NetworkRequestInfo binderDied(NetworkRequest [ TRACK_DEFAULT id=4101, [ Capabilities: INTERNET&NOT_RESTRICTED&TRUSTED Uid: 10151 AdministratorUids: [] RequestorUid: 10151 RequestorPackageName: com.google.android.calendar] ], android.os.BinderProxy@2015f7f)
08-13 23:36:34.285  1469  1469 W Looper  : Slow dispatch took 108ms main h=com.android.server.job.JobSchedulerService$JobHandler c=null m=1
08-13 23:36:34.289  1469  1469 D CompatibilityChangeReporter: Compat change id reported: 135634846; UID 10098; state: DISABLED
08-13 23:36:34.289  1469  1469 D CompatibilityChangeReporter: Compat change id reported: 135754954; UID 10098; state: ENABLED
08-13 23:36:34.290  1469  1496 D CompatibilityChangeReporter: Compat change id reported: 143937733; UID 10098; state: ENABLED
08-13 23:36:34.337  1469  1496 I ActivityManager: Start proc 688:com.google.android.partnersetup/u0a98 for service {com.google.android.partnersetup/com.google.android.partnersetup.InstalledAppJobService}
08-13 23:36:34.391  1469  5479 V ActivityManager: New death recipient com.android.server.am.ActivityManagerService$AppDeathRecipient@27984e5 for thread android.os.BinderProxy@2598bba
08-13 23:36:34.514  1469  5522 I DropBoxManagerService: add tag=event_data isTagEnabled=true flags=0x2
08-13 23:36:34.533  1469  1495 W BroadcastQueue: Background execution not allowed: receiving Intent { act=android.intent.action.DROPBOX_ENTRY_ADDED flg=0x10 (has extras) } to com.google.android.gms/.stats.service.DropBoxEntryAddedReceiver
08-13 23:36:34.537  1469  1495 W BroadcastQueue: Background execution not allowed: receiving Intent { act=android.intent.action.DROPBOX_ENTRY_ADDED flg=0x10 (has extras) } to com.google.android.gms/.chimera.GmsIntentOperationService$PersistentTrustedReceiver
08-13 23:36:34.591  1469  1689 I DropBoxManagerService: add tag=dumpsys:account isTagEnabled=true flags=0x2
08-13 23:36:34.601  1469  1495 W BroadcastQueue: Background execution not allowed: receiving Intent { act=android.intent.action.DROPBOX_ENTRY_ADDED flg=0x10 (has extras) } to com.google.android.gms/.stats.service.DropBoxEntryAddedReceiver
08-13 23:36:34.601  1469  1495 W BroadcastQueue: Background execution not allowed: receiving Intent { act=android.intent.action.DROPBOX_ENTRY_ADDED flg=0x10 (has extras) } to com.google.android.gms/.chimera.GmsIntentOperationService$PersistentTrustedReceiver
08-13 23:36:35.704  1469  1514 I AppsFilter: interaction: PackageSetting{33629d5 com.example.minimum/10328} -> PackageSetting{1040cce com.google.android.youtube/10153} BLOCKED
08-13 23:36:35.705  1469  1514 I AppsFilter: interaction: PackageSetting{33629d5 com.example.minimum/10328} -> PackageSetting{38faecb com.google.android.apps.maps/10152} BLOCKED
08-13 23:36:35.740  1469  1485 I RoleManagerService: Granting default roles...
08-13 23:36:35.964  1469  1485 W Looper  : Slow dispatch took 133ms android.fg h=android.os.Handler c=<recycled PooledLambda@e82ce5e> m=0
08-13 23:36:36.061  1469  1485 W Looper  : Slow delivery took 252ms android.fg h=android.os.Handler c=<recycled PooledLambda@9e7fabb> m=0
08-13 23:36:36.189  1469  7009 E IntervalStats: Unable to parse usage stats package 154
08-13 23:36:36.190  1469  7009 E IntervalStats: Unable to parse usage stats package 155
08-13 23:36:36.191  1469  7009 E IntervalStats: Unable to parse usage stats package 156
08-13 23:36:36.191  1469  7009 E IntervalStats: Unable to parse usage stats package 157
08-13 23:36:36.191  1469  7009 E IntervalStats: Unable to parse usage stats package 161
08-13 23:36:36.191  1469  7009 E IntervalStats: Unable to parse usage stats package 162
08-13 23:36:36.192  1469  7009 E IntervalStats: Unable to parse usage stats package 165
08-13 23:36:36.193  1469  7009 E IntervalStats: Unable to parse usage stats package 175
08-13 23:36:36.193  1469  7009 E IntervalStats: Unable to parse usage stats package 178
08-13 23:36:36.193  1469  7009 E IntervalStats: Unable to parse usage stats package 181
08-13 23:36:36.193  1469  7009 E IntervalStats: Unable to parse usage stats package 192
08-13 23:36:36.193  1469  7009 E IntervalStats: Unable to parse usage stats package 197
08-13 23:36:36.193  1469  7009 E IntervalStats: Unable to parse usage stats package 214
08-13 23:36:36.193  1469  7009 E IntervalStats: Unable to parse usage stats package 215
08-13 23:36:36.193  1469  7009 E IntervalStats: Unable to parse usage stats package 270
08-13 23:36:36.193  1469  7009 E IntervalStats: Unable to parse usage stats package 286
08-13 23:36:36.193  1469  7009 E IntervalStats: Unable to parse usage stats package 322
08-13 23:36:36.194  1469  7009 E IntervalStats: Unable to parse usage stats package 327
08-13 23:36:36.194  1469  7009 E IntervalStats: Unable to parse usage stats package 329
08-13 23:36:36.194  1469  7009 E IntervalStats: Unable to parse usage stats package 335
08-13 23:36:36.194  1469  7009 E IntervalStats: Unable to parse usage stats package 378
08-13 23:36:36.194  1469  7009 E IntervalStats: Unable to parse usage stats package 379
08-13 23:36:36.194  1469  7009 E IntervalStats: Unable to parse usage stats package 380
08-13 23:36:36.194  1469  7009 E IntervalStats: Unable to parse usage stats package 381
08-13 23:36:36.194  1469  7009 E IntervalStats: Unable to parse usage stats package 382
08-13 23:36:36.194  1469  7009 E IntervalStats: Unable to parse usage stats package 383
08-13 23:36:36.194  1469  7009 E IntervalStats: Unable to parse usage stats package 384
08-13 23:36:36.194  1469  7009 E IntervalStats: Unable to parse usage stats package 385
08-13 23:36:36.194  1469  7009 E IntervalStats: Unable to parse usage stats package 386
08-13 23:36:36.194  1469  7009 E IntervalStats: Unable to parse usage stats package 387
08-13 23:36:36.215  1469  7009 E IntervalStats: Unable to parse usage stats package 154
08-13 23:36:36.217  1469  7009 E IntervalStats: Unable to parse usage stats package 155
08-13 23:36:36.217  1469  7009 E IntervalStats: Unable to parse usage stats package 157
08-13 23:36:36.217  1469  7009 E IntervalStats: Unable to parse usage stats package 161
08-13 23:36:36.217  1469  7009 E IntervalStats: Unable to parse usage stats package 162
08-13 23:36:36.217  1469  7009 E IntervalStats: Unable to parse usage stats package 165
08-13 23:36:36.217  1469  7009 E IntervalStats: Unable to parse usage stats package 175
08-13 23:36:36.217  1469  7009 E IntervalStats: Unable to parse usage stats package 181
08-13 23:36:36.217  1469  7009 E IntervalStats: Unable to parse usage stats package 378
08-13 23:36:36.234  1469  7009 E IntervalStats: Unable to parse usage stats package 154
08-13 23:36:36.234  1469  7009 E IntervalStats: Unable to parse usage stats package 155
08-13 23:36:36.234  1469  7009 E IntervalStats: Unable to parse usage stats package 157
08-13 23:36:36.234  1469  7009 E IntervalStats: Unable to parse usage stats package 161
08-13 23:36:36.234  1469  7009 E IntervalStats: Unable to parse usage stats package 162
08-13 23:36:36.234  1469  7009 E IntervalStats: Unable to parse usage stats package 165
08-13 23:36:36.234  1469  7009 E IntervalStats: Unable to parse usage stats package 175
08-13 23:36:36.234  1469  7009 E IntervalStats: Unable to parse usage stats package 181
08-13 23:36:36.234  1469  7009 E IntervalStats: Unable to parse usage stats package 378
08-13 23:36:36.259  1469  7009 E IntervalStats: Unable to parse usage stats package 149
08-13 23:36:36.260  1469  7009 E IntervalStats: Unable to parse usage stats package 152
08-13 23:36:36.263  1469  7009 E IntervalStats: Unable to parse usage stats package 154
08-13 23:36:36.263  1469  7009 E IntervalStats: Unable to parse usage stats package 155
08-13 23:36:36.263  1469  7009 E IntervalStats: Unable to parse usage stats package 156
08-13 23:36:36.263  1469  7009 E IntervalStats: Unable to parse usage stats package 157
08-13 23:36:36.263  1469  7009 E IntervalStats: Unable to parse usage stats package 161
08-13 23:36:36.263  1469  7009 E IntervalStats: Unable to parse usage stats package 162
08-13 23:36:36.263  1469  7009 E IntervalStats: Unable to parse usage stats package 165
08-13 23:36:36.263  1469  7009 E IntervalStats: Unable to parse usage stats package 175
08-13 23:36:36.263  1469  7009 E IntervalStats: Unable to parse usage stats package 177
08-13 23:36:36.263  1469  7009 E IntervalStats: Unable to parse usage stats package 178
08-13 23:36:36.263  1469  7009 E IntervalStats: Unable to parse usage stats package 179
08-13 23:36:36.263  1469  7009 E IntervalStats: Unable to parse usage stats package 181
08-13 23:36:36.263  1469  7009 E IntervalStats: Unable to parse usage stats package 184
08-13 23:36:36.263  1469  7009 E IntervalStats: Unable to parse usage stats package 186
08-13 23:36:36.263  1469  7009 E IntervalStats: Unable to parse usage stats package 187
08-13 23:36:36.263  1469  7009 E IntervalStats: Unable to parse usage stats package 188
08-13 23:36:36.263  1469  7009 E IntervalStats: Unable to parse usage stats package 189
08-13 23:36:36.263  1469  7009 E IntervalStats: Unable to parse usage stats package 190
08-13 23:36:36.263  1469  7009 E IntervalStats: Unable to parse usage stats package 191
08-13 23:36:36.263  1469  7009 E IntervalStats: Unable to parse usage stats package 192
08-13 23:36:36.263  1469  7009 E IntervalStats: Unable to parse usage stats package 193
08-13 23:36:36.263  1469  7009 E IntervalStats: Unable to parse usage stats package 194
08-13 23:36:36.263  1469  7009 E IntervalStats: Unable to parse usage stats package 195
08-13 23:36:36.263  1469  7009 E IntervalStats: Unable to parse usage stats package 197
08-13 23:36:36.263  1469  7009 E IntervalStats: Unable to parse usage stats package 199
08-13 23:36:36.263  1469  7009 E IntervalStats: Unable to parse usage stats package 202
08-13 23:36:36.263  1469  7009 E IntervalStats: Unable to parse usage stats package 205
08-13 23:36:36.263  1469  7009 E IntervalStats: Unable to parse usage stats package 211
08-13 23:36:36.263  1469  7009 E IntervalStats: Unable to parse usage stats package 213
08-13 23:36:36.263  1469  7009 E IntervalStats: Unable to parse usage stats package 214
08-13 23:36:36.263  1469  7009 E IntervalStats: Unable to parse usage stats package 215
08-13 23:36:36.263  1469  7009 E IntervalStats: Unable to parse usage stats package 218
08-13 23:36:36.263  1469  7009 E IntervalStats: Unable to parse usage stats package 219
08-13 23:36:36.263  1469  7009 E IntervalStats: Unable to parse usage stats package 220
08-13 23:36:36.263  1469  7009 E IntervalStats: Unable to parse usage stats package 223
08-13 23:36:36.263  1469  7009 E IntervalStats: Unable to parse usage stats package 226
08-13 23:36:36.263  1469  7009 E IntervalStats: Unable to parse usage stats package 229
08-13 23:36:36.263  1469  7009 E IntervalStats: Unable to parse usage stats package 230
08-13 23:36:36.263  1469  7009 E IntervalStats: Unable to parse usage stats package 234
08-13 23:36:36.263  1469  7009 E IntervalStats: Unable to parse usage stats package 239
08-13 23:36:36.263  1469  7009 E IntervalStats: Unable to parse usage stats package 242
08-13 23:36:36.263  1469  7009 E IntervalStats: Unable to parse usage stats package 243
08-13 23:36:36.263  1469  7009 E IntervalStats: Unable to parse usage stats package 244
08-13 23:36:36.263  1469  7009 E IntervalStats: Unable to parse usage stats package 245
08-13 23:36:36.263  1469  7009 E IntervalStats: Unable to parse usage stats package 247
08-13 23:36:36.263  1469  7009 E IntervalStats: Unable to parse usage stats package 249
08-13 23:36:36.263  1469  7009 E IntervalStats: Unable to parse usage stats package 250
08-13 23:36:36.263  1469  7009 E IntervalStats: Unable to parse usage stats package 251
08-13 23:36:36.263  1469  7009 E IntervalStats: Unable to parse usage stats package 252
08-13 23:36:36.263  1469  7009 E IntervalStats: Unable to parse usage stats package 253
08-13 23:36:36.264  1469  7009 E IntervalStats: Unable to parse usage stats package 255
08-13 23:36:36.264  1469  7009 E IntervalStats: Unable to parse usage stats package 256
08-13 23:36:36.264  1469  7009 E IntervalStats: Unable to parse usage stats package 258
08-13 23:36:36.264  1469  7009 E IntervalStats: Unable to parse usage stats package 260
08-13 23:36:36.264  1469  7009 E IntervalStats: Unable to parse usage stats package 262
08-13 23:36:36.264  1469  7009 E IntervalStats: Unable to parse usage stats package 263
08-13 23:36:36.264  1469  7009 E IntervalStats: Unable to parse usage stats package 264
08-13 23:36:36.264  1469  7009 E IntervalStats: Unable to parse usage stats package 269
08-13 23:36:36.264  1469  7009 E IntervalStats: Unable to parse usage stats package 270
08-13 23:36:36.264  1469  7009 E IntervalStats: Unable to parse usage stats package 271
08-13 23:36:36.264  1469  7009 E IntervalStats: Unable to parse usage stats package 272
08-13 23:36:36.264  1469  7009 E IntervalStats: Unable to parse usage stats package 273
08-13 23:36:36.264  1469  7009 E IntervalStats: Unable to parse usage stats package 274
08-13 23:36:36.264  1469  7009 E IntervalStats: Unable to parse usage stats package 275
08-13 23:36:36.264  1469  7009 E IntervalStats: Unable to parse usage stats package 281
08-13 23:36:36.264  1469  7009 E IntervalStats: Unable to parse usage stats package 286
08-13 23:36:36.264  1469  7009 E IntervalStats: Unable to parse usage stats package 287
08-13 23:36:36.264  1469  7009 E IntervalStats: Unable to parse usage stats package 290
08-13 23:36:36.264  1469  7009 E IntervalStats: Unable to parse usage stats package 291
08-13 23:36:36.264  1469  7009 E IntervalStats: Unable to parse usage stats package 292
08-13 23:36:36.264  1469  7009 E IntervalStats: Unable to parse usage stats package 294
08-13 23:36:36.264  1469  7009 E IntervalStats: Unable to parse usage stats package 296
08-13 23:36:36.264  1469  7009 E IntervalStats: Unable to parse usage stats package 297
08-13 23:36:36.264  1469  7009 E IntervalStats: Unable to parse usage stats package 300
08-13 23:36:36.264  1469  7009 E IntervalStats: Unable to parse usage stats package 303
08-13 23:36:36.264  1469  7009 E IntervalStats: Unable to parse usage stats package 307
08-13 23:36:36.264  1469  7009 E IntervalStats: Unable to parse usage stats package 309
08-13 23:36:36.264  1469  7009 E IntervalStats: Unable to parse usage stats package 312
08-13 23:36:36.264  1469  7009 E IntervalStats: Unable to parse usage stats package 313
08-13 23:36:36.264  1469  7009 E IntervalStats: Unable to parse usage stats package 316
08-13 23:36:36.264  1469  7009 E IntervalStats: Unable to parse usage stats package 319
08-13 23:36:36.264  1469  7009 E IntervalStats: Unable to parse usage stats package 320
08-13 23:36:36.264  1469  7009 E IntervalStats: Unable to parse usage stats package 322
08-13 23:36:36.264  1469  7009 E IntervalStats: Unable to parse usage stats package 323
08-13 23:36:36.264  1469  7009 E IntervalStats: Unable to parse usage stats package 324
08-13 23:36:36.264  1469  7009 E IntervalStats: Unable to parse usage stats package 326
08-13 23:36:36.264  1469  7009 E IntervalStats: Unable to parse usage stats package 327
08-13 23:36:36.264  1469  7009 E IntervalStats: Unable to parse usage stats package 329
08-13 23:36:36.264  1469  7009 E IntervalStats: Unable to parse usage stats package 332
08-13 23:36:36.264  1469  7009 E IntervalStats: Unable to parse usage stats package 334
08-13 23:36:36.264  1469  7009 E IntervalStats: Unable to parse usage stats package 335
08-13 23:36:36.264  1469  7009 E IntervalStats: Unable to parse usage stats package 336
08-13 23:36:36.264  1469  7009 E IntervalStats: Unable to parse usage stats package 338
08-13 23:36:36.264  1469  7009 E IntervalStats: Unable to parse usage stats package 339
08-13 23:36:36.264  1469  7009 E IntervalStats: Unable to parse usage stats package 341
08-13 23:36:36.264  1469  7009 E IntervalStats: Unable to parse usage stats package 342
08-13 23:36:36.264  1469  7009 E IntervalStats: Unable to parse usage stats package 343
08-13 23:36:36.264  1469  7009 E IntervalStats: Unable to parse usage stats package 344
08-13 23:36:36.264  1469  7009 E IntervalStats: Unable to parse usage stats package 345
08-13 23:36:36.264  1469  7009 E IntervalStats: Unable to parse usage stats package 346
08-13 23:36:36.264  1469  7009 E IntervalStats: Unable to parse usage stats package 347
08-13 23:36:36.264  1469  7009 E IntervalStats: Unable to parse usage stats package 348
08-13 23:36:36.264  1469  7009 E IntervalStats: Unable to parse usage stats package 349
08-13 23:36:36.264  1469  7009 E IntervalStats: Unable to parse usage stats package 350
08-13 23:36:36.264  1469  7009 E IntervalStats: Unable to parse usage stats package 351
08-13 23:36:36.264  1469  7009 E IntervalStats: Unable to parse usage stats package 352
08-13 23:36:36.264  1469  7009 E IntervalStats: Unable to parse usage stats package 353
08-13 23:36:36.264  1469  7009 E IntervalStats: Unable to parse usage stats package 354
08-13 23:36:36.264  1469  7009 E IntervalStats: Unable to parse usage stats package 355
08-13 23:36:36.264  1469  7009 E IntervalStats: Unable to parse usage stats package 356
08-13 23:36:36.264  1469  7009 E IntervalStats: Unable to parse usage stats package 357
08-13 23:36:36.264  1469  7009 E IntervalStats: Unable to parse usage stats package 358
08-13 23:36:36.265  1469  7009 E IntervalStats: Unable to parse usage stats package 359
08-13 23:36:36.265  1469  7009 E IntervalStats: Unable to parse usage stats package 360
08-13 23:36:36.265  1469  7009 E IntervalStats: Unable to parse usage stats package 361
08-13 23:36:36.265  1469  7009 E IntervalStats: Unable to parse usage stats package 362
08-13 23:36:36.265  1469  7009 E IntervalStats: Unable to parse usage stats package 363
08-13 23:36:36.265  1469  7009 E IntervalStats: Unable to parse usage stats package 364
08-13 23:36:36.265  1469  7009 E IntervalStats: Unable to parse usage stats package 365
08-13 23:36:36.265  1469  7009 E IntervalStats: Unable to parse usage stats package 366
08-13 23:36:36.265  1469  7009 E IntervalStats: Unable to parse usage stats package 367
08-13 23:36:36.265  1469  7009 E IntervalStats: Unable to parse usage stats package 368
08-13 23:36:36.265  1469  7009 E IntervalStats: Unable to parse usage stats package 369
08-13 23:36:36.265  1469  7009 E IntervalStats: Unable to parse usage stats package 370
08-13 23:36:36.265  1469  7009 E IntervalStats: Unable to parse usage stats package 371
08-13 23:36:36.265  1469  7009 E IntervalStats: Unable to parse usage stats package 373
08-13 23:36:36.265  1469  7009 E IntervalStats: Unable to parse usage stats package 374
08-13 23:36:36.265  1469  7009 E IntervalStats: Unable to parse usage stats package 375
08-13 23:36:36.265  1469  7009 E IntervalStats: Unable to parse usage stats package 377
08-13 23:36:36.265  1469  7009 E IntervalStats: Unable to parse usage stats package 378
08-13 23:36:36.265  1469  7009 E IntervalStats: Unable to parse usage stats package 381
08-13 23:36:36.265  1469  7009 E IntervalStats: Unable to parse usage stats package 385
08-13 23:36:36.265  1469  7009 E IntervalStats: Unable to parse usage stats package 388
08-13 23:36:36.265  1469  7009 E IntervalStats: Unable to parse usage stats package 389
08-13 23:36:36.265  1469  7009 E IntervalStats: Unable to parse usage stats package 390
08-13 23:36:36.265  1469  7009 E IntervalStats: Unable to parse usage stats package 391
08-13 23:36:36.265  1469  7009 E IntervalStats: Unable to parse usage stats package 392
08-13 23:36:36.265  1469  7009 E IntervalStats: Unable to parse usage stats package 393
08-13 23:36:36.265  1469  7009 E IntervalStats: Unable to parse usage stats package 394
08-13 23:36:36.265  1469  7009 E IntervalStats: Unable to parse usage stats package 395
08-13 23:36:36.265  1469  7009 E IntervalStats: Unable to parse usage stats package 396
08-13 23:36:36.307  1469  1485 W Looper  : Drained
08-13 23:36:36.430  1469  1469 W Looper  : Slow dispatch took 692ms main h=android.app.ActivityThread$H c=android.app.-$$Lambda$LoadedApk$ReceiverDispatcher$Args$_BumDX2UKsnxLVrE6UJsJZkotuA@c0e6e05 m=0
08-13 23:36:36.431  1469  1469 W Looper  : Slow delivery took 714ms main h=android.app.ActivityThread$H c=android.app.-$$Lambda$LoadedApk$ReceiverDispatcher$Args$_BumDX2UKsnxLVrE6UJsJZkotuA@4888e5a m=0
08-13 23:36:36.505  1469  5479 E IntervalStats: Unable to parse usage stats package 154
08-13 23:36:36.506  1469  5479 E IntervalStats: Unable to parse usage stats package 155
08-13 23:36:36.506  1469  5479 E IntervalStats: Unable to parse usage stats package 156
08-13 23:36:36.506  1469  5479 E IntervalStats: Unable to parse usage stats package 157
08-13 23:36:36.507  1469  5479 E IntervalStats: Unable to parse usage stats package 161
08-13 23:36:36.507  1469  5479 E IntervalStats: Unable to parse usage stats package 162
08-13 23:36:36.507  1469  5479 E IntervalStats: Unable to parse usage stats package 165
08-13 23:36:36.507  1469  5479 E IntervalStats: Unable to parse usage stats package 175
08-13 23:36:36.507  1469  5479 E IntervalStats: Unable to parse usage stats package 178
08-13 23:36:36.507  1469  5479 E IntervalStats: Unable to parse usage stats package 181
08-13 23:36:36.507  1469  5479 E IntervalStats: Unable to parse usage stats package 192
08-13 23:36:36.507  1469  5479 E IntervalStats: Unable to parse usage stats package 197
08-13 23:36:36.507  1469  5479 E IntervalStats: Unable to parse usage stats package 214
08-13 23:36:36.507  1469  5479 E IntervalStats: Unable to parse usage stats package 215
08-13 23:36:36.507  1469  5479 E IntervalStats: Unable to parse usage stats package 270
08-13 23:36:36.507  1469  5479 E IntervalStats: Unable to parse usage stats package 286
08-13 23:36:36.507  1469  5479 E IntervalStats: Unable to parse usage stats package 322
08-13 23:36:36.507  1469  5479 E IntervalStats: Unable to parse usage stats package 327
08-13 23:36:36.507  1469  5479 E IntervalStats: Unable to parse usage stats package 329
08-13 23:36:36.507  1469  5479 E IntervalStats: Unable to parse usage stats package 335
08-13 23:36:36.507  1469  5479 E IntervalStats: Unable to parse usage stats package 378
08-13 23:36:36.507  1469  5479 E IntervalStats: Unable to parse usage stats package 379
08-13 23:36:36.507  1469  5479 E IntervalStats: Unable to parse usage stats package 380
08-13 23:36:36.508  1469  5479 E IntervalStats: Unable to parse usage stats package 381
08-13 23:36:36.508  1469  5479 E IntervalStats: Unable to parse usage stats package 382
08-13 23:36:36.508  1469  5479 E IntervalStats: Unable to parse usage stats package 383
08-13 23:36:36.508  1469  5479 E IntervalStats: Unable to parse usage stats package 384
08-13 23:36:36.509  1469  5479 E IntervalStats: Unable to parse usage stats package 385
08-13 23:36:36.509  1469  5479 E IntervalStats: Unable to parse usage stats package 386
08-13 23:36:36.509  1469  5479 E IntervalStats: Unable to parse usage stats package 387
08-13 23:36:36.511  1469  5479 E IntervalStats: Unable to parse usage stats package 154
08-13 23:36:36.512  1469  5479 E IntervalStats: Unable to parse usage stats package 155
08-13 23:36:36.512  1469  5479 E IntervalStats: Unable to parse usage stats package 157
08-13 23:36:36.513  1469  5479 E IntervalStats: Unable to parse usage stats package 161
08-13 23:36:36.513  1469  5479 E IntervalStats: Unable to parse usage stats package 162
08-13 23:36:36.513  1469  5479 E IntervalStats: Unable to parse usage stats package 165
08-13 23:36:36.513  1469  5479 E IntervalStats: Unable to parse usage stats package 175
08-13 23:36:36.513  1469  5479 E IntervalStats: Unable to parse usage stats package 181
08-13 23:36:36.513  1469  5479 E IntervalStats: Unable to parse usage stats package 378
08-13 23:36:36.515  1469  5479 E IntervalStats: Unable to parse usage stats package 154
08-13 23:36:36.515  1469  5479 E IntervalStats: Unable to parse usage stats package 155
