08-28 00:05:30.490  5154  5198 I Unity   : MLKitWrapper.OnComplete: json
08-28 00:05:30.490  5154  5198 I Unity   : {"requestId":118,"text":{"text":"27Kg","textBlocks":[{"boundingBox":{"bottom":85,"left":134,"right":212,"top":23},"cornerPoints":[{"x":135,"y":23},{"x":212,"y":24},{"x":211,"y":85},{"x":134,"y":83}],"lines":[{"boundingBox":{"bottom":84,"left":133,"right":212,"top":23},"cornerPoints":[{"x":135,"y":23},{"x":212,"y":24},{"x":210,"y":84},{"x":133,"y":83}],"elements":[{"boundingBox":{"bottom":84,"left":133,"right":212,"top":23},"cornerPoints":[{"x":135,"y":23},{"x":212,"y":24},{"x":210,"y":84},{"x":133,"y":83}],"recognizedLanguage":"und-Latn","text":"27Kg"}],"recognizedLanguage":"und-Latn","text":"27Kg"}],"recognizedLanguage":"und-Latn","text":"27Kg"}]}}
08-28 00:05:30.506  5154  5198 I Unity   : MLKit: GetResult() : id=-2147483648
08-28 00:05:30.506  5154  5198 I Unity   : MLKit: Abort id=-2147483648
08-28 00:05:30.507  5154  5198 I Unity   : Word: 27Kg -> (238.65, 132.00) (380.41, 193.00)
08-28 00:05:30.508  5154  5198 I Unity   : 	Zone: 0 (225.00, 6.00) (375.00, 126.00) collide:False
08-28 00:05:30.558  5154  5198 I Unity   : MLKit Recognize: 384x166 pixelCount=63744 id=119
08-28 00:05:30.586  5154  5198 D MLKit   : input 384x166 pixelCount=63744 id=119
08-28 00:05:30.729  5154  5154 D MLKit   : parseText 27Kg 1
08-28 00:05:30.729  5154  5154 D MLKit   : parseTextBlock 27Kg 1 (242,15) - (383,66)
08-28 00:05:30.730  5154  5154 D MLKit   : parseLine 27Kg 1 (241,15) - (383,65)
08-28 00:05:30.730  5154  5154 D MLKit   : parseElement 27Kg (241,15) - (383,65)
08-28 00:05:30.734  5154  5198 I Unity   : MLKitWrapper.OnComplete: json
08-28 00:05:30.734  5154  5198 I Unity   : {"requestId":119,"text":{"text":"27Kg","textBlocks":[{"boundingBox":{"bottom":66,"left":242,"right":383,"top":15},"cornerPoints":[{"x":244,"y":15},{"x":383,"y":21},{"x":381,"y":66},{"x":242,"y":59}],"lines":[{"boundingBox":{"bottom":65,"left":241,"right":383,"top":15},"cornerPoints":[{"x":244,"y":15},{"x":383,"y":21},{"x":380,"y":65},{"x":241,"y":59}],"elements":[{"boundingBox":{"bottom":65,"left":241,"right":383,"top":15},"cornerPoints":[{"x":244,"y":15},{"x":383,"y":21},{"x":380,"y":65},{"x":241,"y":59}],"recognizedLanguage":"und-Latn","text":"27Kg"}],"recognizedLanguage":"und-Latn","text":"27Kg"}],"recognizedLanguage":"und-Latn","text":"27Kg"}]}}
08-28 00:05:30.748  5154  5198 I Unity   : MLKit: GetResult() : id=-2147483648
08-28 00:05:30.749  5154  5198 I Unity   : MLKit: Abort id=-2147483648
08-28 00:05:30.749  5154  5198 I Unity   : Word: 27Kg -> (241.00, 131.42) (383.00, 196.48)
08-28 00:05:30.749  5154  5198 I Unity   : 	Zone: 0 (225.00, 6.00) (375.00, 126.00) collide:False
08-28 00:05:30.792  5154  5198 I Unity   : MLKit Recognize: 219x216 pixelCount=47304 id=120
08-28 00:05:30.815  5154  5198 D MLKit   : input 219x216 pixelCount=47304 id=120
08-28 00:05:31.012  5154  5154 D MLKit   : parseText 27Kg
08-28 00:05:31.012  5154  5154 D MLKit   : 0 2
08-28 00:05:31.012  5154  5154 D MLKit   : parseTextBlock 27Kg 1 (134,20) - (219,85)
08-28 00:05:31.012  5154  5154 D MLKit   : parseLine 27Kg 1 (133,20) - (219,85)
08-28 00:05:31.012  5154  5154 D MLKit   : parseElement 27Kg (133,20) - (219,85)
08-28 00:05:31.012  5154  5154 D MLKit   : parseTextBlock 0 1 (157,99) - (202,191)
08-28 00:05:31.012  5154  5154 D MLKit   : parseLine 0 1 (157,99) - (202,191)
08-28 00:05:31.012  5154  5154 D MLKit   : parseElement 0 (157,99) - (202,191)
08-28 00:05:31.025  5154  5198 I Unity   : MLKitWrapper.OnComplete: json
08-28 00:05:31.025  5154  5198 I Unity   : {"requestId":120,"text":{"text":"27Kg\n0","textBlocks":[{"boundingBox":{"bottom":85,"left":134,"right":219,"top":20},"cornerPoints":[{"x":139,"y":20},{"x":219,"y":28},{"x":213,"y":85},{"x":134,"y":77}],"lines":[{"boundingBox":{"bottom":85,"left":133,"right":219,"top":20},"cornerPoints":[{"x":139,"y":20},{"x":219,"y":28},{"x":213,"y":85},{"x":133,"y":77}],"elements":[{"boundingBox":{"bottom":85,"left":133,"right":219,"top":20},"cornerPoints":[{"x":139,"y":20},{"x":219,"y":28},{"x":213,"y":85},{"x":133,"y":77}],"recognizedLanguage":"und-Latn","text":"27Kg"}],"recognizedLanguage":"und-Latn","text":"27Kg"}],"recognizedLanguage":"und-Latn","text":"27Kg"},{"boundingBox":{"bottom":191,"left":157,"right":202,"top":99},"cornerPoints":[{"x":157,"y":99},{"x":202,"y":99},{"x":202,"y":191},{"x":157,"y":191}],"lines":[{"boundingBox":{"bottom":191,"left":157,"right":202,"top":99},"cornerPoints":[{"x":157,"y":99},{"x":202,"y":99},{"x":202,"y":191},{"x":157,"y":191}],"elements":[{"boundingBox":{
08-28 00:05:31.044  5154  5198 I Unity   : MLKit: GetResult() : id=-2147483648
08-28 00:05:31.045  5154  5198 I Unity   : MLKit: Abort id=-2147483648
08-28 00:05:31.046  5154  5198 I Unity   : Word: 27Kg -> (233.21, 131.00) (384.00, 196.00)
08-28 00:05:31.046  5154  5198 I Unity   : 	Zone: 0 (225.00, 6.00) (375.00, 126.00) collide:False
08-28 00:05:31.046  5154  5198 I Unity   : Word: 0 -> (275.29, 25.00) (354.19, 117.00)
08-28 00:05:31.046  5154  5198 I Unity   : 	Zone: 0 (225.00, 6.00) (375.00, 126.00) collide:True
08-28 00:05:31.046  5154  5198 I Unity   : 0 -> 0 15.56464 0
08-28 00:05:31.046  5154  5198 I Unity   : Anno: 0 0 (278.79, 115.00)
08-28 00:05:31.046  5154  5198 I Unity   : Anno: 0 1 (350.68, 115.00)
08-28 00:05:31.047  5154  5198 I Unity   : Anno: 0 2 (350.68, 27.00)
08-28 00:05:31.047  5154  5198 I Unity   : Anno: 0 3 (278.79, 27.00)
08-28 00:05:31.093  5154  5198 I Unity   : MLKit Recognize: 246x216 pixelCount=53136 id=121
08-28 00:05:31.117  5154  5198 D MLKit   : input 246x216 pixelCount=53136 id=121
08-28 00:05:31.329  5154  5154 D MLKit   : parseText 27Kg 1
08-28 00:05:31.329  5154  5154 D MLKit   : parseTextBlock 27Kg 1 (155,25) - (244,85)
08-28 00:05:31.330  5154  5154 D MLKit   : parseLine 27Kg 1 (155,25) - (244,85)
08-28 00:05:31.330  5154  5154 D MLKit   : parseElement 27Kg (155,25) - (244,85)
08-28 00:05:31.337  5154  5198 I Unity   : MLKitWrapper.OnComplete: json
08-28 00:05:31.337  5154  5198 I Unity   : {"requestId":121,"text":{"text":"27Kg","textBlocks":[{"boundingBox":{"bottom":85,"left":155,"right":244,"top":25},"cornerPoints":[{"x":155,"y":25},{"x":244,"y":25},{"x":244,"y":85},{"x":155,"y":85}],"lines":[{"boundingBox":{"bottom":85,"left":155,"right":244,"top":25},"cornerPoints":[{"x":155,"y":25},{"x":244,"y":25},{"x":244,"y":85},{"x":155,"y":85}],"elements":[{"boundingBox":{"bottom":85,"left":155,"right":244,"top":25},"cornerPoints":[{"x":155,"y":25},{"x":244,"y":25},{"x":244,"y":85},{"x":155,"y":85}],"recognizedLanguage":"und-Latn","text":"27Kg"}],"recognizedLanguage":"und-Latn","text":"27Kg"}],"recognizedLanguage":"und-Latn","text":"27Kg"}]}}
08-28 00:05:31.353  5154  5198 I Unity   : MLKit: GetResult() : id=-2147483648
08-28 00:05:31.353  5154  5198 I Unity   : MLKit: Abort id=-2147483648
08-28 00:05:31.354  5154  5198 I Unity   : Word: 27Kg -> (241.95, 131.00) (380.88, 191.00)
08-28 00:05:31.354  5154  5198 I Unity   : 	Zone: 0 (225.00, 6.00) (375.00, 126.00) collide:False
08-28 00:05:31.407  5154  5198 I Unity   : MLKit Recognize: 284x216 pixelCount=61344 id=122
08-28 00:05:31.429  5154  5198 D MLKit   : input 284x216 pixelCount=61344 id=122
08-28 00:05:31.544  5154  5198 I Unity   : Cont. 41.655669/400	8/30-40
08-28 00:05:31.686  5154  5154 D MLKit   : parseText 27Kg 1
08-28 00:05:31.686  5154  5154 D MLKit   : parseTextBlock 27Kg 1 (180,26) - (282,84)
08-28 00:05:31.686  5154  5154 D MLKit   : parseLine 27Kg 1 (180,26) - (282,84)
08-28 00:05:31.686  5154  5154 D MLKit   : parseElement 27Kg (180,26) - (282,84)
08-28 00:05:31.702  5154  5198 I Unity   : MLKitWrapper.OnComplete: json
08-28 00:05:31.702  5154  5198 I Unity   : {"requestId":122,"text":{"text":"27Kg","textBlocks":[{"boundingBox":{"bottom":84,"left":180,"right":282,"top":26},"cornerPoints":[{"x":180,"y":26},{"x":282,"y":26},{"x":282,"y":84},{"x":180,"y":84}],"lines":[{"boundingBox":{"bottom":84,"left":180,"right":282,"top":26},"cornerPoints":[{"x":180,"y":26},{"x":282,"y":26},{"x":282,"y":84},{"x":180,"y":84}],"elements":[{"boundingBox":{"bottom":84,"left":180,"right":282,"top":26},"cornerPoints":[{"x":180,"y":26},{"x":282,"y":26},{"x":282,"y":84},{"x":180,"y":84}],"recognizedLanguage":"und-Latn","text":"27Kg"}],"recognizedLanguage":"und-Latn","text":"27Kg"}],"recognizedLanguage":"und-Latn","text":"27Kg"}]}}
08-28 00:05:31.716  5154  5198 I Unity   : MLKit: GetResult() : id=-2147483648
08-28 00:05:31.716  5154  5198 I Unity   : MLKit: Abort id=-2147483648
08-28 00:05:32.472  5154  5198 I Unity   : MLKit Recognize: 307x216 pixelCount=66312 id=123
08-28 00:05:32.494  5154  5198 D MLKit   : input 307x216 pixelCount=66312 id=123
08-28 00:05:32.773  5154  5154 D MLKit   : parseText 27Kg 1
08-28 00:05:32.774  5154  5154 D MLKit   : parseTextBlock 27Kg 1 (192,21) - (305,85)
08-28 00:05:32.774  5154  5154 D MLKit   : parseLine 27Kg 1 (191,21) - (305,84)
08-28 00:05:32.774  5154  5154 D MLKit   : parseElement 27Kg (191,21) - (305,84)
08-28 00:05:32.793  5154  5198 I Unity   : MLKitWrapper.OnComplete: json
08-28 00:05:32.793  5154  5198 I Unity   : {"requestId":123,"text":{"text":"27Kg","textBlocks":[{"boundingBox":{"bottom":85,"left":192,"right":305,"top":21},"cornerPoints":[{"x":194,"y":21},{"x":305,"y":26},{"x":302,"y":85},{"x":192,"y":79}],"lines":[{"boundingBox":{"bottom":84,"left":191,"right":305,"top":21},"cornerPoints":[{"x":194,"y":21},{"x":305,"y":26},{"x":302,"y":84},{"x":191,"y":79}],"elements":[{"boundingBox":{"bottom":84,"left":191,"right":305,"top":21},"cornerPoints":[{"x":194,"y":21},{"x":305,"y":26},{"x":302,"y":84},{"x":191,"y":79}],"recognizedLanguage":"und-Latn","text":"27Kg"}],"recognizedLanguage":"und-Latn","text":"27Kg"}],"recognizedLanguage":"und-Latn","text":"27Kg"}]}}
08-28 00:05:32.809  5154  5198 I Unity   : MLKit: GetResult() : id=-2147483648
08-28 00:05:32.809  5154  5198 I Unity   : MLKit: Abort id=-2147483648
08-28 00:05:32.810  5154  5198 I Unity   : Word: 27Kg -> (238.91, 132.00) (381.50, 195.00)
08-28 00:05:32.810  5154  5198 I Unity   : 	Zone: 0 (225.00, 6.00) (375.00, 126.00) collide:False
08-28 00:05:32.859  5154  5198 I Unity   : MLKit Recognize: 334x216 pixelCount=72144 id=124
08-28 00:05:32.888  5154  5198 D MLKit   : input 334x216 pixelCount=72144 id=124
08-28 00:05:33.049  5154  5154 D MLKit   : parseText 27Kg 1
08-28 00:05:33.049  5154  5154 D MLKit   : parseTextBlock 27Kg 1 (210,22) - (331,84)
08-28 00:05:33.049  5154  5154 D MLKit   : parseLine 27Kg 1 (209,22) - (331,83)
08-28 00:05:33.049  5154  5154 D MLKit   : parseElement 27Kg (209,22) - (331,83)
08-28 00:05:33.052  5154  5198 I Unity   : MLKitWrapper.OnComplete: json
08-28 00:05:33.052  5154  5198 I Unity   : {"requestId":124,"text":{"text":"27Kg","textBlocks":[{"boundingBox":{"bottom":84,"left":210,"right":331,"top":22},"cornerPoints":[{"x":211,"y":22},{"x":331,"y":25},{"x":330,"y":84},{"x":210,"y":80}],"lines":[{"boundingBox":{"bottom":83,"left":209,"right":331,"top":22},"cornerPoints":[{"x":211,"y":22},{"x":331,"y":25},{"x":329,"y":83},{"x":209,"y":80}],"elements":[{"boundingBox":{"bottom":83,"left":209,"right":331,"top":22},"cornerPoints":[{"x":211,"y":22},{"x":331,"y":25},{"x":329,"y":83},{"x":209,"y":80}],"recognizedLanguage":"und-Latn","text":"27Kg"}],"recognizedLanguage":"und-Latn","text":"27Kg"}],"recognizedLanguage":"und-Latn","text":"27Kg"}]}}
08-28 00:05:33.066  5154  5198 I Unity   : MLKit: GetResult() : id=-2147483648
08-28 00:05:33.066  5154  5198 I Unity   : MLKit: Abort id=-2147483648
08-28 00:05:33.067  5154  5198 I Unity   : Word: 27Kg -> (240.29, 133.00) (380.55, 194.00)
08-28 00:05:33.068  5154  5198 I Unity   : 	Zone: 0 (225.00, 6.00) (375.00, 126.00) collide:False
08-28 00:05:33.109  5154  5198 I Unity   : MLKit Recognize: 227x216 pixelCount=49032 id=125
08-28 00:05:33.132  5154  5198 D MLKit   : input 227x216 pixelCount=49032 id=125
08-28 00:05:33.362  5154  5154 D MLKit   : parseText 27Kg 1
08-28 00:05:33.362  5154  5154 D MLKit   : parseTextBlock 27Kg 1 (142,22) - (226,85)
08-28 00:05:33.362  5154  5154 D MLKit   : parseLine 27Kg 1 (141,22) - (226,84)
08-28 00:05:33.362  5154  5154 D MLKit   : parseElement 27Kg (141,22) - (226,84)
08-28 00:05:33.377  5154  5198 I Unity   : MLKitWrapper.OnComplete: json
08-28 00:05:33.377  5154  5198 I Unity   : {"requestId":125,"text":{"text":"27Kg","textBlocks":[{"boundingBox":{"bottom":85,"left":142,"right":226,"top":22},"cornerPoints":[{"x":144,"y":22},{"x":226,"y":25},{"x":224,"y":85},{"x":142,"y":81}],"lines":[{"boundingBox":{"bottom":84,"left":141,"right":226,"top":22},"cornerPoints":[{"x":144,"y":22},{"x":226,"y":25},{"x":223,"y":84},{"x":141,"y":81}],"elements":[{"boundingBox":{"bottom":84,"left":141,"right":226,"top":22},"cornerPoints":[{"x":144,"y":22},{"x":226,"y":25},{"x":223,"y":84},{"x":141,"y":81}],"recognizedLanguage":"und-Latn","text":"27Kg"}],"recognizedLanguage":"und-Latn","text":"27Kg"}],"recognizedLanguage":"und-Latn","text":"27Kg"}]}}
08-28 00:05:33.395  5154  5198 I Unity   : MLKit: GetResult() : id=-2147483648
08-28 00:05:33.396  5154  5198 I Unity   : MLKit: Abort id=-2147483648
08-28 00:05:33.396  5154  5198 I Unity   : Word: 27Kg -> (238.52, 132.00) (382.31, 194.00)
08-28 00:05:33.396  5154  5198 I Unity   : 	Zone: 0 (225.00, 6.00) (375.00, 126.00) collide:False
08-28 00:05:33.446  5154  5198 I Unity   : MLKit Recognize: 308x216 pixelCount=66528 id=126
08-28 00:05:33.474  5154  5198 D MLKit   : input 308x216 pixelCount=66528 id=126
08-28 00:05:33.593  5154  5198 I Unity   : MLKit Recognize: 384x158 pixelCount=60672 id=127
08-28 00:05:33.594  5154  5198 I Unity   : MLKit: Abort id=126
08-28 00:05:33.620  5154  5198 D MLKit   : input 384x158 pixelCount=60672 id=127
08-28 00:05:33.812  5154  5154 D MLKit   : parseText 27Kg 1
08-28 00:05:33.812  5154  5154 D MLKit   : parseTextBlock 27Kg 1 (194,26) - (306,84)
08-28 00:05:33.813  5154  5154 D MLKit   : parseLine 27Kg 1 (194,26) - (306,84)
08-28 00:05:33.813  5154  5154 D MLKit   : parseElement 27Kg (194,26) - (306,84)
08-28 00:05:33.828  5154  5198 I Unity   : MLKitWrapper.OnComplete: json
08-28 00:05:33.828  5154  5198 I Unity   : {"requestId":126,"text":{"text":"27Kg","textBlocks":[{"boundingBox":{"bottom":84,"left":194,"right":306,"top":26},"cornerPoints":[{"x":194,"y":26},{"x":306,"y":26},{"x":306,"y":84},{"x":194,"y":84}],"lines":[{"boundingBox":{"bottom":84,"left":194,"right":306,"top":26},"cornerPoints":[{"x":194,"y":26},{"x":306,"y":26},{"x":306,"y":84},{"x":194,"y":84}],"elements":[{"boundingBox":{"bottom":84,"left":194,"right":306,"top":26},"cornerPoints":[{"x":194,"y":26},{"x":306,"y":26},{"x":306,"y":84},{"x":194,"y":84}],"recognizedLanguage":"und-Latn","text":"27Kg"}],"recognizedLanguage":"und-Latn","text":"27Kg"}],"recognizedLanguage":"und-Latn","text":"27Kg"}]}}
08-28 00:05:33.947  5154  5154 D MLKit   : parseText 27Kg 1
08-28 00:05:33.948  5154  5154 D MLKit   : parseTextBlock 27Kg 1 (242,16) - (382,62)
08-28 00:05:33.948  5154  5154 D MLKit   : parseLine 27Kg 1 (241,16) - (382,61)
08-28 00:05:33.948  5154  5154 D MLKit   : parseElement 27Kg (241,16) - (382,61)
08-28 00:05:33.952  5154  5198 I Unity   : MLKitWrapper.OnComplete: json
08-28 00:05:33.952  5154  5198 I Unity   : {"requestId":127,"text":{"text":"27Kg","textBlocks":[{"boundingBox":{"bottom":62,"left":242,"right":382,"top":16},"cornerPoints":[{"x":243,"y":16},{"x":382,"y":19},{"x":381,"y":62},{"x":242,"y":58}],"lines":[{"boundingBox":{"bottom":61,"left":241,"right":382,"top":16},"cornerPoints":[{"x":243,"y":16},{"x":382,"y":19},{"x":380,"y":61},{"x":241,"y":58}],"elements":[{"boundingBox":{"bottom":61,"left":241,"right":382,"top":16},"cornerPoints":[{"x":243,"y":16},{"x":382,"y":19},{"x":380,"y":61},{"x":241,"y":58}],"recognizedLanguage":"und-Latn","text":"27Kg"}],"recognizedLanguage":"und-Latn","text":"27Kg"}],"recognizedLanguage":"und-Latn","text":"27Kg"}]}}
08-28 00:05:33.964  5154  5198 I Unity   : MLKit: GetResult() : id=-2147483648
08-28 00:05:33.964  5154  5198 I Unity   : MLKit: Abort id=-2147483648
08-28 00:05:33.965  5154  5198 I Unity   : Word: 27Kg -> (241.00, 132.61) (382.00, 194.13)
08-28 00:05:33.965  5154  5198 I Unity   : 	Zone: 0 (225.00, 6.00) (375.00, 126.00) collide:False
08-28 00:05:34.018  5154  5198 I Unity   : MLKit Recognize: 378x216 pixelCount=81648 id=128
08-28 00:05:34.048  5154  5198 D MLKit   : input 378x216 pixelCount=81648 id=128
08-28 00:05:34.188  5154  5154 D MLKit   : parseText 27Kg 1
08-28 00:05:34.188  5154  5154 D MLKit   : parseTextBlock 27Kg 1 (239,22) - (374,84)
08-28 00:05:34.189  5154  5154 D MLKit   : parseLine 27Kg 1 (238,22) - (374,83)
08-28 00:05:34.189  5154  5154 D MLKit   : parseElement 27Kg (238,22) - (374,83)
08-28 00:05:34.208  5154  5198 I Unity   : MLKitWrapper.OnComplete: json
08-28 00:05:34.208  5154  5198 I Unity   : {"requestId":128,"text":{"text":"27Kg","textBlocks":[{"boundingBox":{"bottom":84,"left":239,"right":374,"top":22},"cornerPoints":[{"x":240,"y":22},{"x":374,"y":25},{"x":373,"y":84},{"x":239,"y":80}],"lines":[{"boundingBox":{"bottom":83,"left":238,"right":374,"top":22},"cornerPoints":[{"x":240,"y":22},{"x":374,"y":25},{"x":372,"y":83},{"x":238,"y":80}],"elements":[{"boundingBox":{"bottom":83,"left":238,"right":374,"top":22},"cornerPoints":[{"x":240,"y":22},{"x":374,"y":25},{"x":372,"y":83},{"x":238,"y":80}],"recognizedLanguage":"und-Latn","text":"27Kg"}],"recognizedLanguage":"und-Latn","text":"27Kg"}],"recognizedLanguage":"und-Latn","text":"27Kg"}]}}
08-28 00:05:34.224  5154  5198 I Unity   : MLKit: GetResult() : id=-2147483648
08-28 00:05:34.224  5154  5198 I Unity   : MLKit: Abort id=-2147483648
08-28 00:05:34.225  5154  5198 I Unity   : Word: 27Kg -> (241.78, 133.00) (379.94, 194.00)
08-28 00:05:34.225  5154  5198 I Unity   : 	Zone: 0 (225.00, 6.00) (375.00, 126.00) collide:False
08-28 00:05:34.272  5154  5198 I Unity   : MLKit Recognize: 228x216 pixelCount=49248 id=129
08-28 00:05:34.291  5154  5198 D MLKit   : input 228x216 pixelCount=49248 id=129
08-28 00:05:34.503  5154  5154 D MLKit   : parseText 27Kg 1
08-28 00:05:34.503  5154  5154 D MLKit   : parseTextBlock 27Kg 1 (143,23) - (227,84)
08-28 00:05:34.503  5154  5154 D MLKit   : parseLine 27Kg 1 (142,23) - (227,83)
08-28 00:05:34.503  5154  5154 D MLKit   : parseElement 27Kg (142,23) - (227,83)
08-28 00:05:34.519  5154  5198 I Unity   : MLKitWrapper.OnComplete: json
08-28 00:05:34.519  5154  5198 I Unity   : {"requestId":129,"text":{"text":"27Kg","textBlocks":[{"boundingBox":{"bottom":84,"left":143,"right":227,"top":23},"cornerPoints":[{"x":144,"y":23},{"x":227,"y":25},{"x":226,"y":84},{"x":143,"y":81}],"lines":[{"boundingBox":{"bottom":83,"left":142,"right":227,"top":23},"cornerPoints":[{"x":144,"y":23},{"x":227,"y":25},{"x":225,"y":83},{"x":142,"y":81}],"elements":[{"boundingBox":{"bottom":83,"left":142,"right":227,"top":23},"cornerPoints":[{"x":144,"y":23},{"x":227,"y":25},{"x":225,"y":83},{"x":142,"y":81}],"recognizedLanguage":"und-Latn","text":"27Kg"}],"recognizedLanguage":"und-Latn","text":"27Kg"}],"recognizedLanguage":"und-Latn","text":"27Kg"}]}}
08-28 00:05:34.535  5154  5198 I Unity   : MLKit: GetResult() : id=-2147483648
08-28 00:05:34.535  5154  5198 I Unity   : MLKit: Abort id=-2147483648
08-28 00:05:34.535  5154  5198 I Unity   : Word: 27Kg -> (239.16, 133.00) (382.32, 193.00)
08-28 00:05:34.536  5154  5198 I Unity   : 	Zone: 0 (225.00, 6.00) (375.00, 126.00) collide:False
08-28 00:05:34.589  5154  5198 I Unity   : MLKit Recognize: 363x216 pixelCount=78408 id=130
08-28 00:05:34.616  5154  5198 D MLKit   : input 363x216 pixelCount=78408 id=130
08-28 00:05:34.738  5154  5154 D MLKit   : parseText 27Kg 1
08-28 00:05:34.738  5154  5154 D MLKit   : parseTextBlock 27Kg 1 (228,21) - (361,85)
08-28 00:05:34.738  5154  5154 D MLKit   : parseLine 27Kg 1 (227,21) - (361,84)
08-28 00:05:34.738  5154  5154 D MLKit   : parseElement 27Kg (227,21) - (361,84)
08-28 00:05:34.744  5154  5198 I Unity   : MLKitWrapper.OnComplete: json
08-28 00:05:34.744  5154  5198 I Unity   : {"requestId":130,"text":{"text":"27Kg","textBlocks":[{"boundingBox":{"bottom":85,"left":228,"right":361,"top":21},"cornerPoints":[{"x":230,"y":21},{"x":361,"y":26},{"x":359,"y":85},{"x":228,"y":79}],"lines":[{"boundingBox":{"bottom":84,"left":227,"right":361,"top":21},"cornerPoints":[{"x":230,"y":21},{"x":361,"y":26},{"x":358,"y":84},{"x":227,"y":79}],"elements":[{"boundingBox":{"bottom":84,"left":227,"right":361,"top":21},"cornerPoints":[{"x":230,"y":21},{"x":361,"y":26},{"x":358,"y":84},{"x":227,"y":79}],"recognizedLanguage":"und-Latn","text":"27Kg"}],"recognizedLanguage":"und-Latn","text":"27Kg"}],"recognizedLanguage":"und-Latn","text":"27Kg"}]}}
08-28 00:05:34.759  5154  5198 I Unity   : MLKit: GetResult() : id=-2147483648
08-28 00:05:34.759  5154  5198 I Unity   : MLKit: Abort id=-2147483648
08-28 00:05:34.760  5154  5198 I Unity   : Word: 27Kg -> (240.13, 132.00) (381.88, 195.00)
08-28 00:05:34.760  5154  5198 I Unity   : 	Zone: 0 (225.00, 6.00) (375.00, 126.00) collide:False
08-28 00:05:34.806  5154  5198 I Unity   : MLKit Recognize: 382x216 pixelCount=82512 id=131
08-28 00:05:34.835  5154  5198 D MLKit   : input 382x216 pixelCount=82512 id=131
08-28 00:05:35.006  5154  5154 D MLKit   : parseText 27Kg 1
08-28 00:05:35.006  5154  5154 D MLKit   : parseTextBlock 27Kg 1 (238,19) - (380,85)
08-28 00:05:35.006  5154  5154 D MLKit   : parseLine 27Kg 1 (237,19) - (380,84)
08-28 00:05:35.006  5154  5154 D MLKit   : parseElement 27Kg (237,19) - (380,84)
08-28 00:05:35.020  5154  5198 I Unity   : MLKitWrapper.OnComplete: json
08-28 00:05:35.020  5154  5198 I Unity   : {"requestId":131,"text":{"text":"27Kg","textBlocks":[{"boundingBox":{"bottom":85,"left":238,"right":380,"top":19},"cornerPoints":[{"x":241,"y":19},{"x":380,"y":27},{"x":377,"y":85},{"x":238,"y":76}],"lines":[{"boundingBox":{"bottom":84,"left":237,"right":380,"top":19},"cornerPoints":[{"x":241,"y":19},{"x":380,"y":27},{"x":376,"y":84},{"x":237,"y":76}],"elements":[{"boundingBox":{"bottom":84,"left":237,"right":380,"top":19},"cornerPoints":[{"x":241,"y":19},{"x":380,"y":27},{"x":376,"y":84},{"x":237,"y":76}],"recognizedLanguage":"und-Latn","text":"27Kg"}],"recognizedLanguage":"und-Latn","text":"27Kg"}],"recognizedLanguage":"und-Latn","text":"27Kg"}]}}
08-28 00:05:35.033  5154  5198 I Unity   : MLKit: GetResult() : id=-2147483648
08-28 00:05:35.034  5154  5198 I Unity   : MLKit: Abort id=-2147483648
08-28 00:05:35.034  5154  5198 I Unity   : Word: 27Kg -> (238.24, 132.00) (381.99, 197.00)
08-28 00:05:35.034  5154  5198 I Unity   : 	Zone: 0 (225.00, 6.00) (375.00, 126.00) collide:False
08-28 00:05:35.081  5154  5198 I Unity   : MLKit Recognize: 384x151 pixelCount=57984 id=132
08-28 00:05:35.103  5154  5198 D MLKit   : input 384x151 pixelCount=57984 id=132
08-28 00:05:35.238  5154  5154 D MLKit   : parseText 27Kg 1
08-28 00:05:35.238  5154  5154 D MLKit   : parseTextBlock 27Kg 1 (242,14) - (382,60)
08-28 00:05:35.238  5154  5154 D MLKit   : parseLine 27Kg 1 (241,14) - (382,59)
08-28 00:05:35.239  5154  5154 D MLKit   : parseElement 27Kg (241,14) - (382,59)
08-28 00:05:35.246  5154  5198 I Unity   : MLKitWrapper.OnComplete: json
08-28 00:05:35.246  5154  5198 I Unity   : {"requestId":132,"text":{"text":"27Kg","textBlocks":[{"boundingBox":{"bottom":60,"left":242,"right":382,"top":14},"cornerPoints":[{"x":243,"y":14},{"x":382,"y":19},{"x":381,"y":60},{"x":242,"y":54}],"lines":[{"boundingBox":{"bottom":59,"left":241,"right":382,"top":14},"cornerPoints":[{"x":243,"y":14},{"x":382,"y":19},{"x":380,"y":59},{"x":241,"y":54}],"elements":[{"boundingBox":{"bottom":59,"left":241,"right":382,"top":14},"cornerPoints":[{"x":243,"y":14},{"x":382,"y":19},{"x":380,"y":59},{"x":241,"y":54}],"recognizedLanguage":"und-Latn","text":"27Kg"}],"recognizedLanguage":"und-Latn","text":"27Kg"}],"recognizedLanguage":"und-Latn","text":"27Kg"}]}}
08-28 00:05:35.261  5154  5198 I Unity   : MLKit: GetResult() : id=-2147483648
08-28 00:05:35.261  5154  5198 I Unity   : MLKit: Abort id=-2147483648
08-28 00:05:35.262  5154  5198 I Unity   : Word: 27Kg -> (241.00, 131.60) (382.00, 195.97)
08-28 00:05:35.262  5154  5198 I Unity   : 	Zone: 0 (225.00, 6.00) (375.00, 126.00) collide:False
08-28 00:05:35.304  5154  5198 I Unity   : MLKit Recognize: 384x153 pixelCount=58752 id=133
08-28 00:05:35.331  5154  5198 D MLKit   : input 384x153 pixelCount=58752 id=133
08-28 00:05:35.441  5154  5154 D MLKit   : parseText 27Kg 1
08-28 00:05:35.441  5154  5154 D MLKit   : parseTextBlock 27Kg 1 (242,15) - (382,60)
08-28 00:05:35.441  5154  5154 D MLKit   : parseLine 27Kg 1 (241,15) - (382,59)
08-28 00:05:35.441  5154  5154 D MLKit   : parseElement 27Kg (241,15) - (382,59)
08-28 00:05:35.453  5154  5198 I Unity   : MLKitWrapper.OnComplete: json
08-28 00:05:35.453  5154  5198 I Unity   : {"requestId":133,"text":{"text":"27Kg","textBlocks":[{"boundingBox":{"bottom":60,"left":242,"right":382,"top":15},"cornerPoints":[{"x":243,"y":15},{"x":382,"y":18},{"x":381,"y":60},{"x":242,"y":56}],"lines":[{"boundingBox":{"bottom":59,"left":241,"right":382,"top":15},"cornerPoints":[{"x":243,"y":15},{"x":382,"y":18},{"x":380,"y":59},{"x":241,"y":56}],"elements":[{"boundingBox":{"bottom":59,"left":241,"right":382,"top":15},"cornerPoints":[{"x":243,"y":15},{"x":382,"y":18},{"x":380,"y":59},{"x":241,"y":56}],"recognizedLanguage":"und-Latn","text":"27Kg"}],"recognizedLanguage":"und-Latn","text":"27Kg"}],"recognizedLanguage":"und-Latn","text":"27Kg"}]}}
08-28 00:05:35.468  5154  5198 I Unity   : MLKit: GetResult() : id=-2147483648
08-28 00:05:35.469  5154  5198 I Unity   : MLKit: Abort id=-2147483648
08-28 00:05:35.470  5154  5198 I Unity   : Word: 27Kg -> (241.00, 132.71) (382.00, 194.82)
08-28 00:05:35.470  5154  5198 I Unity   : 	Zone: 0 (225.00, 6.00) (375.00, 126.00) collide:False
08-28 00:05:35.514  5154  5198 I Unity   : MLKit Recognize: 205x216 pixelCount=44280 id=134
08-28 00:05:35.533  5154  5198 D MLKit   : input 205x216 pixelCount=44280 id=134
08-28 00:05:35.755  5154  5154 D MLKit   : parseText 27Kg 1
08-28 00:05:35.756  5154  5154 D MLKit   : parseTextBlock 27Kg 1 (128,23) - (204,85)
08-28 00:05:35.756  5154  5154 D MLKit   : parseLine 27Kg 1 (127,23) - (204,84)
08-28 00:05:35.756  5154  5154 D MLKit   : parseElement 27Kg (127,23) - (204,84)
08-28 00:05:35.764  5154  5198 I Unity   : MLKitWrapper.OnComplete: json
08-28 00:05:35.764  5154  5198 I Unity   : {"requestId":134,"text":{"text":"27Kg","textBlocks":[{"boundingBox":{"bottom":85,"left":128,"right":204,"top":23},"cornerPoints":[{"x":130,"y":23},{"x":204,"y":25},{"x":202,"y":85},{"x":128,"y":82}],"lines":[{"boundingBox":{"bottom":84,"left":127,"right":204,"top":23},"cornerPoints":[{"x":130,"y":23},{"x":204,"y":25},{"x":201,"y":84},{"x":127,"y":82}],"elements":[{"boundingBox":{"bottom":84,"left":127,"right":204,"top":23},"cornerPoints":[{"x":130,"y":23},{"x":204,"y":25},{"x":201,"y":84},{"x":127,"y":82}],"recognizedLanguage":"und-Latn","text":"27Kg"}],"recognizedLanguage":"und-Latn","text":"27Kg"}],"recognizedLanguage":"und-Latn","text":"27Kg"}]}}
08-28 00:05:35.779  5154  5198 I Unity   : MLKit: GetResult() : id=-2147483648
08-28 00:05:35.780  5154  5198 I Unity   : MLKit: Abort id=-2147483648
08-28 00:05:35.780  5154  5198 I Unity   : Word: 27Kg -> (237.89, 132.00) (382.13, 193.00)
08-28 00:05:35.780  5154  5198 I Unity   : 	Zone: 0 (225.00, 6.00) (375.00, 126.00) collide:False
08-28 00:05:35.834  5154  5198 I Unity   : MLKit Recognize: 384x216 pixelCount=82944 id=135
08-28 00:05:35.867  5154  5198 D MLKit   : input 384x216 pixelCount=82944 id=135
08-28 00:05:36.008  5154  5154 D MLKit   : parseText 27Kg 1
08-28 00:05:36.008  5154  5154 D MLKit   : parseTextBlock 27Kg 1 (240,19) - (382,86)
08-28 00:05:36.008  5154  5154 D MLKit   : parseLine 27Kg 1 (239,19) - (382,85)
08-28 00:05:36.008  5154  5154 D MLKit   : parseElement 27Kg (239,19) - (382,85)
08-28 00:05:36.024  5154  5198 I Unity   : MLKitWrapper.OnComplete: json
08-28 00:05:36.024  5154  5198 I Unity   : {"requestId":135,"text":{"text":"27Kg","textBlocks":[{"boundingBox":{"bottom":86,"left":240,"right":382,"top":19},"cornerPoints":[{"x":243,"y":19},{"x":382,"y":27},{"x":379,"y":86},{"x":240,"y":77}],"lines":[{"boundingBox":{"bottom":85,"left":239,"right":382,"top":19},"cornerPoints":[{"x":243,"y":19},{"x":382,"y":27},{"x":378,"y":85},{"x":239,"y":77}],"elements":[{"boundingBox":{"bottom":85,"left":239,"right":382,"top":19},"cornerPoints":[{"x":243,"y":19},{"x":382,"y":27},{"x":378,"y":85},{"x":239,"y":77}],"recognizedLanguage":"und-Latn","text":"27Kg"}],"recognizedLanguage":"und-Latn","text":"27Kg"}],"recognizedLanguage":"und-Latn","text":"27Kg"}]}}
08-28 00:05:36.040  5154  5198 I Unity   : MLKit: GetResult() : id=-2147483648
08-28 00:05:36.040  5154  5198 I Unity   : MLKit: Abort id=-2147483648
08-28 00:05:36.041  5154  5198 I Unity   : Word: 27Kg -> (239.00, 131.00) (382.00, 197.00)
08-28 00:05:36.041  5154  5198 I Unity   : 	Zone: 0 (225.00, 6.00) (375.00, 126.00) collide:False
08-28 00:05:36.088  5154  5198 I Unity   : MLKit Recognize: 384x211 pixelCount=81024 id=136
08-28 00:05:36.118  5154  5198 D MLKit   : input 384x211 pixelCount=81024 id=136
08-28 00:05:36.284  5154  5154 D MLKit   : parseText 27Kg 1
08-28 00:05:36.284  5154  5154 D MLKit   : parseTextBlock 27Kg 1 (242,20) - (382,84)
08-28 00:05:36.284  5154  5154 D MLKit   : parseLine 27Kg 1 (241,20) - (382,83)
08-28 00:05:36.284  5154  5154 D MLKit   : parseElement 27Kg (241,20) - (382,83)
08-28 00:05:36.300  5154  5198 I Unity   : MLKitWrapper.OnComplete: json
08-28 00:05:36.300  5154  5198 I Unity   : {"requestId":136,"text":{"text":"27Kg","textBlocks":[{"boundingBox":{"bottom":84,"left":242,"right":382,"top":20},"cornerPoints":[{"x":244,"y":20},{"x":382,"y":27},{"x":379,"y":84},{"x":242,"y":76}],"lines":[{"boundingBox":{"bottom":83,"left":241,"right":382,"top":20},"cornerPoints":[{"x":244,"y":20},{"x":382,"y":27},{"x":379,"y":83},{"x":241,"y":76}],"elements":[{"boundingBox":{"bottom":83,"left":241,"right":382,"top":20},"cornerPoints":[{"x":244,"y":20},{"x":382,"y":27},{"x":379,"y":83},{"x":241,"y":76}],"recognizedLanguage":"und-Latn","text":"27Kg"}],"recognizedLanguage":"und-Latn","text":"27Kg"}],"recognizedLanguage":"und-Latn","text":"27Kg"}]}}
08-28 00:05:36.315  5154  5198 I Unity   : MLKit: GetResult() : id=-2147483648
08-28 00:05:36.316  5154  5198 I Unity   : MLKit: Abort id=-2147483648
08-28 00:05:36.317  5154  5198 I Unity   : Word: 27Kg -> (241.00, 131.03) (382.00, 195.53)
08-28 00:05:36.317  5154  5198 I Unity   : 	Zone: 0 (225.00, 6.00) (375.00, 126.00) collide:False
08-28 00:05:36.362  5154  5198 I Unity   : MLKit Recognize: 384x209 pixelCount=80256 id=137
08-28 00:05:36.393  5154  5198 D MLKit   : input 384x209 pixelCount=80256 id=137
08-28 00:05:36.569  5154  5154 D MLKit   : parseText 27Kg 1
08-28 00:05:36.569  5154  5154 D MLKit   : parseTextBlock 27Kg 1 (240,18) - (384,83)
08-28 00:05:36.569  5154  5154 D MLKit   : parseLine 27Kg 1 (239,18) - (384,82)
08-28 00:05:36.569  5154  5154 D MLKit   : parseElement 27Kg (239,18) - (384,82)
08-28 00:05:36.574  5154  5198 I Unity   : MLKitWrapper.OnComplete: json
08-28 00:05:36.574  5154  5198 I Unity   : {"requestId":137,"text":{"text":"27Kg","textBlocks":[{"boundingBox":{"bottom":83,"left":240,"right":384,"top":18},"cornerPoints":[{"x":243,"y":18},{"x":384,"y":27},{"x":381,"y":83},{"x":240,"y":73}],"lines":[{"boundingBox":{"bottom":82,"left":239,"right":384,"top":18},"cornerPoints":[{"x":243,"y":18},{"x":384,"y":27},{"x":380,"y":82},{"x":239,"y":73}],"elements":[{"boundingBox":{"bottom":82,"left":239,"right":384,"top":18},"cornerPoints":[{"x":243,"y":18},{"x":384,"y":27},{"x":380,"y":82},{"x":239,"y":73}],"recognizedLanguage":"und-Latn","text":"27Kg"}],"recognizedLanguage":"und-Latn","text":"27Kg"}],"recognizedLanguage":"und-Latn","text":"27Kg"}]}}
08-28 00:05:36.592  5154  5198 I Unity   : MLKit: GetResult() : id=-2147483648
08-28 00:05:36.592  5154  5198 I Unity   : MLKit: Abort id=-2147483648
08-28 00:05:36.594  5154  5198 I Unity   : Word: 27Kg -> (239.00, 131.25) (384.00, 197.40)
08-28 00:05:36.594  5154  5198 I Unity   : 	Zone: 0 (225.00, 6.00) (375.00, 126.00) collide:False
08-28 00:05:36.636  5154  5198 I Unity   : MLKit Recognize: 215x216 pixelCount=46440 id=138
08-28 00:05:36.652  5154  5198 D MLKit   : input 215x216 pixelCount=46440 id=138
08-28 00:05:36.855  5154  5154 D MLKit   : parseText 27Kg 1
08-28 00:05:36.855  5154  5154 D MLKit   : parseTextBlock 27Kg 1 (136,24) - (213,84)
08-28 00:05:36.855  5154  5154 D MLKit   : parseLine 27Kg 1 (135,24) - (213,83)
08-28 00:05:36.855  5154  5154 D MLKit   : parseElement 27Kg (135,24) - (213,83)
08-28 00:05:36.869  5154  5198 I Unity   : MLKitWrapper.OnComplete: json
08-28 00:05:36.869  5154  5198 I Unity   : {"requestId":138,"text":{"text":"27Kg","textBlocks":[{"boundingBox":{"bottom":84,"left":136,"right":213,"top":24},"cornerPoints":[{"x":136,"y":24},{"x":213,"y":24},{"x":213,"y":84},{"x":136,"y":83}],"lines":[{"boundingBox":{"bottom":83,"left":135,"right":213,"top":24},"cornerPoints":[{"x":136,"y":24},{"x":213,"y":24},{"x":212,"y":83},{"x":135,"y":83}],"elements":[{"boundingBox":{"bottom":83,"left":135,"right":213,"top":24},"cornerPoints":[{"x":136,"y":24},{"x":213,"y":24},{"x":212,"y":83},{"x":135,"y":83}],"recognizedLanguage":"und-Latn","text":"27Kg"}],"recognizedLanguage":"und-Latn","text":"27Kg"}],"recognizedLanguage":"und-Latn","text":"27Kg"}]}}
08-28 00:05:36.885  5154  5198 I Unity   : MLKit: GetResult() : id=-2147483648
08-28 00:05:36.886  5154  5198 I Unity   : MLKit: Abort id=-2147483648
08-28 00:05:36.887  5154  5198 I Unity   : Word: 27Kg -> (241.12, 133.00) (380.43, 192.00)
08-28 00:05:36.888  5154  5198 I Unity   : 	Zone: 0 (225.00, 6.00) (375.00, 126.00) collide:False
08-28 00:05:36.937  5154  5198 I Unity   : MLKit Recognize: 302x216 pixelCount=65232 id=139
08-28 00:05:36.959  5154  5198 D MLKit   : input 302x216 pixelCount=65232 id=139
08-28 00:05:37.242  5154  5154 D MLKit   : parseText 27Kg 1
08-28 00:05:37.242  5154  5154 D MLKit   : parseTextBlock 27Kg 1 (190,26) - (300,84)
08-28 00:05:37.242  5154  5154 D MLKit   : parseLine 27Kg 1 (190,26) - (300,84)
08-28 00:05:37.243  5154  5154 D MLKit   : parseElement 27Kg (190,26) - (300,84)
08-28 00:05:37.251  5154  5198 I Unity   : MLKitWrapper.OnComplete: json
08-28 00:05:37.251  5154  5198 I Unity   : {"requestId":139,"text":{"text":"27Kg","textBlocks":[{"boundingBox":{"bottom":84,"left":190,"right":300,"top":26},"cornerPoints":[{"x":190,"y":26},{"x":300,"y":26},{"x":300,"y":84},{"x":190,"y":84}],"lines":[{"boundingBox":{"bottom":84,"left":190,"right":300,"top":26},"cornerPoints":[{"x":190,"y":26},{"x":300,"y":26},{"x":300,"y":84},{"x":190,"y":84}],"elements":[{"boundingBox":{"bottom":84,"left":190,"right":300,"top":26},"cornerPoints":[{"x":190,"y":26},{"x":300,"y":26},{"x":300,"y":84},{"x":190,"y":84}],"recognizedLanguage":"und-Latn","text":"27Kg"}],"recognizedLanguage":"und-Latn","text":"27Kg"}],"recognizedLanguage":"und-Latn","text":"27Kg"}]}}
08-28 00:05:37.267  5154  5198 I Unity   : MLKit: GetResult() : id=-2147483648
08-28 00:05:37.267  5154  5198 I Unity   : MLKit: Abort id=-2147483648
08-28 00:05:37.267  5154  5198 I Unity   : Word: 27Kg -> (241.59, 132.00) (381.46, 190.00)
08-28 00:05:37.268  5154  5198 I Unity   : 	Zone: 0 (225.00, 6.00) (375.00, 126.00) collide:False
08-28 00:05:37.318  5154  5198 I Unity   : MLKit Recognize: 384x187 pixelCount=71808 id=140
08-28 00:05:37.346  5154  5198 D MLKit   : input 384x187 pixelCount=71808 id=140
08-28 00:05:37.500  5154  5154 D MLKit   : parseText 27Kg 1
08-28 00:05:37.500  5154  5154 D MLKit   : parseTextBlock 27Kg 1 (242,16) - (382,75)
08-28 00:05:37.500  5154  5154 D MLKit   : parseLine 27Kg 1 (241,16) - (382,74)
08-28 00:05:37.500  5154  5154 D MLKit   : parseElement 27Kg (241,16) - (382,74)
08-28 00:05:37.509  5154  5198 I Unity   : MLKitWrapper.OnComplete: json
08-28 00:05:37.509  5154  5198 I Unity   : {"requestId":140,"text":{"text":"27Kg","textBlocks":[{"boundingBox":{"bottom":75,"left":242,"right":382,"top":16},"cornerPoints":[{"x":244,"y":16},{"x":382,"y":22},{"x":380,"y":75},{"x":242,"y":68}],"lines":[{"boundingBox":{"bottom":74,"left":241,"right":382,"top":16},"cornerPoints":[{"x":244,"y":16},{"x":382,"y":22},{"x":379,"y":74},{"x":241,"y":68}],"elements":[{"boundingBox":{"bottom":74,"left":241,"right":382,"top":16},"cornerPoints":[{"x":244,"y":16},{"x":382,"y":22},{"x":379,"y":74},{"x":241,"y":68}],"recognizedLanguage":"und-Latn","text":"27Kg"}],"recognizedLanguage":"und-Latn","text":"27Kg"}],"recognizedLanguage":"und-Latn","text":"27Kg"}]}}
08-28 00:05:37.526  5154  5198 I Unity   : MLKit: GetResult() : id=-2147483648
08-28 00:05:37.527  5154  5198 I Unity   : MLKit: Abort id=-2147483648
08-28 00:05:37.528  5154  5198 I Unity   : Word: 27Kg -> (241.00, 130.52) (382.00, 197.52)
08-28 00:05:37.529  5154  5198 I Unity   : 	Zone: 0 (225.00, 6.00) (375.00, 126.00) collide:False
08-28 00:05:37.571  5154  5198 I Unity   : MLKit Recognize: 282x216 pixelCount=60912 id=141
08-28 00:05:37.593  5154  5198 D MLKit   : input 282x216 pixelCount=60912 id=141
08-28 00:05:37.874  5154  5154 D MLKit   : parseText 27Kg 1
08-28 00:05:37.874  5154  5154 D MLKit   : parseTextBlock 27Kg 1 (177,23) - (280,84)
08-28 00:05:37.874  5154  5154 D MLKit   : parseLine 27Kg 1 (176,23) - (280,83)
08-28 00:05:37.874  5154  5154 D MLKit   : parseElement 27Kg (176,23) - (280,83)
08-28 00:05:37.891  5154  5198 I Unity   : MLKitWrapper.OnComplete: json
08-28 00:05:37.891  5154  5198 I Unity   : {"requestId":141,"text":{"text":"27Kg","textBlocks":[{"boundingBox":{"bottom":84,"left":177,"right":280,"top":23},"cornerPoints":[{"x":178,"y":23},{"x":280,"y":24},{"x":279,"y":84},{"x":177,"y":82}],"lines":[{"boundingBox":{"bottom":83,"left":176,"right":280,"top":23},"cornerPoints":[{"x":178,"y":23},{"x":280,"y":24},{"x":278,"y":83},{"x":176,"y":82}],"elements":[{"boundingBox":{"bottom":83,"left":176,"right":280,"top":23},"cornerPoints":[{"x":178,"y":23},{"x":280,"y":24},{"x":278,"y":83},{"x":176,"y":82}],"recognizedLanguage":"und-Latn","text":"27Kg"}],"recognizedLanguage":"und-Latn","text":"27Kg"}],"recognizedLanguage":"und-Latn","text":"27Kg"}]}}
08-28 00:05:37.906  5154  5198 I Unity   : MLKit: GetResult() : id=-2147483648
08-28 00:05:37.906  5154  5198 I Unity   : MLKit: Abort id=-2147483648
08-28 00:05:37.907  5154  5198 I Unity   : Word: 27Kg -> (239.66, 133.00) (381.28, 193.00)
08-28 00:05:37.907  5154  5198 I Unity   : 	Zone: 0 (225.00, 6.00) (375.00, 126.00) collide:False
08-28 00:05:37.958  5154  5198 I Unity   : MLKit Recognize: 207x216 pixelCount=44712 id=142
08-28 00:05:37.983  5154  5198 D MLKit   : input 207x216 pixelCount=44712 id=142
08-28 00:05:38.195  5154  5154 D MLKit   : parseText 27Kg 1
08-28 00:05:38.195  5154  5154 D MLKit   : parseTextBlock 27Kg 1 (128,22) - (207,85)
08-28 00:05:38.195  5154  5154 D MLKit   : parseLine 27Kg 1 (127,22) - (207,84)
08-28 00:05:38.195  5154  5154 D MLKit   : parseElement 27Kg (127,22) - (207,84)
08-28 00:05:38.202  5154  5198 I Unity   : MLKitWrapper.OnComplete: json
08-28 00:05:38.202  5154  5198 I Unity   : {"requestId":142,"text":{"text":"27Kg","textBlocks":[{"boundingBox":{"bottom":85,"left":128,"right":207,"top":22},"cornerPoints":[{"x":131,"y":22},{"x":207,"y":26},{"x":204,"y":85},{"x":128,"y":80}],"lines":[{"boundingBox":{"bottom":84,"left":127,"right":207,"top":22},"cornerPoints":[{"x":131,"y":22},{"x":207,"y":26},{"x":203,"y":84},{"x":127,"y":80}],"elements":[{"boundingBox":{"bottom":84,"left":127,"right":207,"top":22},"cornerPoints":[{"x":131,"y":22},{"x":207,"y":26},{"x":203,"y":84},{"x":127,"y":80}],"recognizedLanguage":"und-Latn","text":"27Kg"}],"recognizedLanguage":"und-Latn","text":"27Kg"}],"recognizedLanguage":"und-Latn","text":"27Kg"}]}}
08-28 00:05:38.218  5154  5198 I Unity   : MLKit: GetResult() : id=-2147483648
08-28 00:05:38.219  5154  5198 I Unity   : MLKit: Abort id=-2147483648
08-28 00:05:38.220  5154  5198 I Unity   : Word: 27Kg -> (235.59, 132.00) (384.00, 194.00)
08-28 00:05:38.220  5154  5198 I Unity   : 	Zone: 0 (225.00, 6.00) (375.00, 126.00) collide:False
08-28 00:05:38.270  5154  5198 I Unity   : MLKit Recognize: 351x216 pixelCount=75816 id=143
08-28 00:05:38.299  5154  5198 D MLKit   : input 351x216 pixelCount=75816 id=143
08-28 00:05:38.425  5154  5154 D MLKit   : parseText 27Kg 1
08-28 00:05:38.425  5154  5154 D MLKit   : parseTextBlock 27Kg 1 (222,26) - (348,84)
08-28 00:05:38.426  5154  5154 D MLKit   : parseLine 27Kg 1 (222,26) - (348,84)
08-28 00:05:38.426  5154  5154 D MLKit   : parseElement 27Kg (222,26) - (348,84)
08-28 00:05:38.443  5154  5198 I Unity   : MLKitWrapper.OnComplete: json
08-28 00:05:38.443  5154  5198 I Unity   : {"requestId":143,"text":{"text":"27Kg","textBlocks":[{"boundingBox":{"bottom":84,"left":222,"right":348,"top":26},"cornerPoints":[{"x":222,"y":26},{"x":348,"y":26},{"x":348,"y":84},{"x":222,"y":84}],"lines":[{"boundingBox":{"bottom":84,"left":222,"right":348,"top":26},"cornerPoints":[{"x":222,"y":26},{"x":348,"y":26},{"x":348,"y":84},{"x":222,"y":84}],"elements":[{"boundingBox":{"bottom":84,"left":222,"right":348,"top":26},"cornerPoints":[{"x":222,"y":26},{"x":348,"y":26},{"x":348,"y":84},{"x":222,"y":84}],"recognizedLanguage":"und-Latn","text":"27Kg"}],"recognizedLanguage":"und-Latn","text":"27Kg"}],"recognizedLanguage":"und-Latn","text":"27Kg"}]}}
08-28 00:05:38.459  5154  5198 I Unity   : MLKit: GetResult() : id=-2147483648
08-28 00:05:38.459  5154  5198 I Unity   : MLKit: Abort id=-2147483648
08-28 00:05:38.459  5154  5198 I Unity   : Word: 27Kg -> (242.87, 132.00) (380.72, 190.00)
08-28 00:05:38.460  5154  5198 I Unity   : 	Zone: 0 (225.00, 6.00) (375.00, 126.00) collide:False
08-28 00:05:38.508  5154  5198 I Unity   : MLKit Recognize: 384x197 pixelCount=75648 id=144
08-28 00:05:38.536  5154  5198 D MLKit   : input 384x197 pixelCount=75648 id=144
08-28 00:05:38.672  5154  5154 D MLKit   : parseText 27Kg 1
08-28 00:05:38.672  5154  5154 D MLKit   : parseTextBlock 27Kg 1 (242,18) - (382,78)
08-28 00:05:38.672  5154  5154 D MLKit   : parseLine 27Kg 1 (241,18) - (382,77)
08-28 00:05:38.672  5154  5154 D MLKit   : parseElement 27Kg (241,18) - (382,77)
08-28 00:05:38.684  5154  5198 I Unity   : MLKitWrapper.OnComplete: json
08-28 00:05:38.684  5154  5198 I Unity   : {"requestId":144,"text":{"text":"27Kg","textBlocks":[{"boundingBox":{"bottom":78,"left":242,"right":382,"top":18},"cornerPoints":[{"x":244,"y":18},{"x":382,"y":23},{"x":380,"y":78},{"x":242,"y":72}],"lines":[{"boundingBox":{"bottom":77,"left":241,"right":382,"top":18},"cornerPoints":[{"x":244,"y":18},{"x":382,"y":23},{"x":379,"y":77},{"x":241,"y":72}],"elements":[{"boundingBox":{"bottom":77,"left":241,"right":382,"top":18},"cornerPoints":[{"x":244,"y":18},{"x":382,"y":23},{"x":379,"y":77},{"x":241,"y":72}],"recognizedLanguage":"und-Latn","text":"27Kg"}],"recognizedLanguage":"und-Latn","text":"27Kg"}],"recognizedLanguage":"und-Latn","text":"27Kg"}]}}
08-28 00:05:38.701  5154  5198 I Unity   : MLKit: GetResult() : id=-2147483648
08-28 00:05:38.701  5154  5198 I Unity   : MLKit: Abort id=-2147483648
08-28 00:05:38.702  5154  5198 I Unity   : Word: 27Kg -> (241.00, 131.57) (382.00, 196.26)
08-28 00:05:38.702  5154  5198 I Unity   : 	Zone: 0 (225.00, 6.00) (375.00, 126.00) collide:False
08-28 00:05:38.747  5154  5198 I Unity   : MLKit Recognize: 193x216 pixelCount=41688 id=145
08-28 00:05:38.767  5154  5198 D MLKit   : input 193x216 pixelCount=41688 id=145
08-28 00:05:38.963  5154  5154 D MLKit   : parseText 27Kg 1
08-28 00:05:38.963  5154  5154 D MLKit   : parseTextBlock 27Kg 1 (121,24) - (192,84)
08-28 00:05:38.963  5154  5154 D MLKit   : parseLine 27Kg 1 (120,24) - (192,83)
08-28 00:05:38.963  5154  5154 D MLKit   : parseElement 27Kg (120,24) - (192,83)
08-28 00:05:38.981  5154  5198 I Unity   : MLKitWrapper.OnComplete: json
08-28 00:05:38.981  5154  5198 I Unity   : {"requestId":145,"text":{"text":"27Kg","textBlocks":[{"boundingBox":{"bottom":84,"left":121,"right":192,"top":24},"cornerPoints":[{"x":122,"y":24},{"x":192,"y":25},{"x":191,"y":84},{"x":121,"y":82}],"lines":[{"boundingBox":{"bottom":83,"left":120,"right":192,"top":24},"cornerPoints":[{"x":122,"y":24},{"x":192,"y":25},{"x":190,"y":83},{"x":120,"y":82}],"elements":[{"boundingBox":{"bottom":83,"left":120,"right":192,"top":24},"cornerPoints":[{"x":122,"y":24},{"x":192,"y":25},{"x":190,"y":83},{"x":120,"y":82}],"recognizedLanguage":"und-Latn","text":"27Kg"}],"recognizedLanguage":"und-Latn","text":"27Kg"}],"recognizedLanguage":"und-Latn","text":"27Kg"}]}}
08-28 00:05:38.995  5154  5198 I Unity   : MLKit: GetResult() : id=-2147483648
08-28 00:05:38.995  5154  5198 I Unity   : MLKit: Abort id=-2147483648
08-28 00:05:38.996  5154  5198 I Unity   : Word: 27Kg -> (238.76, 133.00) (382.01, 192.00)
08-28 00:05:38.997  5154  5198 I Unity   : 	Zone: 0 (225.00, 6.00) (375.00, 126.00) collide:False
08-28 00:05:39.053  5154  5198 I Unity   : MLKit Recognize: 224x216 pixelCount=48384 id=146
08-28 00:05:39.071  5154  5198 D MLKit   : input 224x216 pixelCount=48384 id=146
08-28 00:05:39.288  5154  5154 D MLKit   : parseText 27Kg
08-28 00:05:39.288  5154  5154 D MLKit   : 5 2
08-28 00:05:39.288  5154  5154 D MLKit   : parseTextBlock 27Kg 1 (139,23) - (223,85)
08-28 00:05:39.288  5154  5154 D MLKit   : parseLine 27Kg 1 (138,23) - (223,84)
08-28 00:05:39.289  5154  5154 D MLKit   : parseElement 27Kg (138,23) - (223,84)
08-28 00:05:39.289  5154  5154 D MLKit   : parseTextBlock 5 1 (142,95) - (208,202)
08-28 00:05:39.289  5154  5154 D MLKit   : parseLine 5 1 (142,95) - (208,202)
08-28 00:05:39.289  5154  5154 D MLKit   : parseElement 5 (142,95) - (208,202)
08-28 00:05:39.309  5154  5198 I Unity   : MLKitWrapper.OnComplete: json
08-28 00:05:39.309  5154  5198 I Unity   : {"requestId":146,"text":{"text":"27Kg\n5","textBlocks":[{"boundingBox":{"bottom":85,"left":139,"right":223,"top":23},"cornerPoints":[{"x":142,"y":23},{"x":223,"y":27},{"x":220,"y":85},{"x":139,"y":80}],"lines":[{"boundingBox":{"bottom":84,"left":138,"right":223,"top":23},"cornerPoints":[{"x":142,"y":23},{"x":223,"y":27},{"x":219,"y":84},{"x":138,"y":80}],"elements":[{"boundingBox":{"bottom":84,"left":138,"right":223,"top":23},"cornerPoints":[{"x":142,"y":23},{"x":223,"y":27},{"x":219,"y":84},{"x":138,"y":80}],"recognizedLanguage":"und-Latn","text":"27Kg"}],"recognizedLanguage":"und-Latn","text":"27Kg"}],"recognizedLanguage":"und-Latn","text":"27Kg"},{"boundingBox":{"bottom":202,"left":142,"right":208,"top":95},"cornerPoints":[{"x":142,"y":95},{"x":208,"y":95},{"x":208,"y":202},{"x":142,"y":202}],"lines":[{"boundingBox":{"bottom":202,"left":142,"right":208,"top":95},"cornerPoints":[{"x":142,"y":95},{"x":208,"y":95},{"x":208,"y":202},{"x":142,"y":202}],"elements":[{"boundingBox":{
08-28 00:05:39.323  5154  5198 I Unity   : MLKit: GetResult() : id=-2147483648
08-28 00:05:39.324  5154  5198 I Unity   : MLKit: Abort id=-2147483648
08-28 00:05:39.325  5154  5198 I Unity   : Word: 27Kg -> (236.57, 132.00) (382.29, 193.00)
08-28 00:05:39.325  5154  5198 I Unity   : 	Zone: 0 (225.00, 6.00) (375.00, 126.00) collide:False
08-28 00:05:39.325  5154  5198 I Unity   : Word: 5 -> (243.43, 14.00) (356.57, 121.00)
08-28 00:05:39.325  5154  5198 I Unity   : 	Zone: 0 (225.00, 6.00) (375.00, 126.00) collide:True
08-28 00:05:39.326  5154  5198 I Unity   : 5 -> 0 1.499878 5
08-28 00:05:39.326  5154  5198 I Unity   : Anno: 5 0 (246.86, 119.00)
08-28 00:05:39.326  5154  5198 I Unity   : Anno: 5 1 (353.14, 119.00)
08-28 00:05:39.326  5154  5198 I Unity   : Anno: 5 2 (353.14, 16.00)
08-28 00:05:39.326  5154  5198 I Unity   : Anno: 5 3 (246.86, 16.00)
08-28 00:05:39.385  5154  5198 I Unity   : MLKit Recognize: 384x174 pixelCount=66816 id=147
08-28 00:05:39.411  5154  5198 D MLKit   : input 384x174 pixelCount=66816 id=147
08-28 00:05:39.587  5154  5154 D MLKit   : parseText 27Kg 1
08-28 00:05:39.588  5154  5154 D MLKit   : parseTextBlock 27Kg 1 (218,11) - (395,73)
08-28 00:05:39.588  5154  5154 D MLKit   : parseLine 27Kg 1 (217,11) - (395,72)
08-28 00:05:39.588  5154  5154 D MLKit   : parseElement 27Kg (217,11) - (395,72)
08-28 00:05:39.602  5154  5198 I Unity   : MLKitWrapper.OnComplete: json
08-28 00:05:39.602  5154  5198 I Unity   : {"requestId":147,"text":{"text":"27Kg","textBlocks":[{"boundingBox":{"bottom":73,"left":218,"right":395,"top":11},"cornerPoints":[{"x":221,"y":11},{"x":395,"y":23},{"x":392,"y":73},{"x":218,"y":60}],"lines":[{"boundingBox":{"bottom":72,"left":217,"right":395,"top":11},"cornerPoints":[{"x":221,"y":11},{"x":395,"y":23},{"x":391,"y":72},{"x":217,"y":60}],"elements":[{"boundingBox":{"bottom":72,"left":217,"right":395,"top":11},"cornerPoints":[{"x":221,"y":11},{"x":395,"y":23},{"x":391,"y":72},{"x":217,"y":60}],"recognizedLanguage":"und-Latn","text":"27Kg"}],"recognizedLanguage":"und-Latn","text":"27Kg"}],"recognizedLanguage":"und-Latn","text":"27Kg"}]}}
08-28 00:05:39.618  5154  5198 I Unity   : MLKit: GetResult() : id=-2147483648
08-28 00:05:39.618  5154  5198 I Unity   : MLKit: Abort id=-2147483648
08-28 00:05:39.618  5154  5198 I Unity   : Word: 27Kg -> (217.00, 126.62) (395.00, 202.34)
08-28 00:05:39.619  5154  5198 I Unity   : 	Zone: 0 (225.00, 6.00) (375.00, 126.00) collide:False
08-28 00:05:39.665  5154  5198 I Unity   : MLKit Recognize: 384x146 pixelCount=56064 id=148
08-28 00:05:39.686  5154  5198 D MLKit   : input 384x146 pixelCount=56064 id=148
08-28 00:05:39.790  5154  5154 D MLKit   : parseText 27Kg 1
08-28 00:05:39.790  5154  5154 D MLKit   : parseTextBlock 27Kg 1 (244,15) - (381,58)
08-28 00:05:39.790  5154  5154 D MLKit   : parseLine 27Kg 1 (243,15) - (381,57)
08-28 00:05:39.790  5154  5154 D MLKit   : parseElement 27Kg (243,15) - (381,57)
08-28 00:05:39.793  5154  5198 I Unity   : MLKitWrapper.OnComplete: json
