08-21 20:14:53.176  7730  7773 I Unity   : {"requestId":163,"text":{"text":"0123456789 ABCDEFGHIJKLMNOPQRSTUVXYZ","textBlocks":[{"boundingBox":{"bottom":18,"left":39,"right":345,"top":5},"cornerPoints":[{"x":39,"y":5},{"x":345,"y":5},{"x":345,"y":18},{"x":39,"y":18}],"lines":[{"boundingBox":{"bottom":18,"left":39,"right":345,"top":5},"cornerPoints":[{"x":39,"y":5},{"x":345,"y":5},{"x":345,"y":18},{"x":39,"y":18}],"elements":[{"boundingBox":{"bottom":18,"left":39,"right":117,"top":5},"cornerPoints":[{"x":39,"y":5},{"x":117,"y":5},{"x":117,"y":18},{"x":39,"y":18}],"recognizedLanguage":"en","text":"0123456789"},{"boundingBox":{"bottom":18,"left":121,"right":345,"top":5},"cornerPoints":[{"x":121,"y":5},{"x":345,"y":5},{"x":345,"y":18},{"x":121,"y":18}],"recognizedLanguage":"en","text":"ABCDEFGHIJKLMNOPQRSTUVXYZ"}],"recognizedLanguage":"en","text":"0123456789 ABCDEFGHIJKLMNOPQRSTUVXYZ"}],"recognizedLanguage":"en","text":"0123456789 ABCDEFGHIJKLMNOPQRSTUVXYZ"}]}}
08-21 20:14:53.179  7730  7773 E Unity   : 	Success 1 0123456789 ABCDEFGHIJKLMNOPQRSTUVXYZ
08-21 20:14:53.179  7730  7773 E Unity   : MLKitWrapper:OnComplete(String)
08-21 20:14:53.179  7730  7773 E Unity   : 
08-21 20:14:53.193  7730  7773 I Unity   : MLKit: GetResult() : id=-2147483648
08-21 20:14:53.194  7730  7773 I Unity   : MLKit: Abort id=-2147483648
08-21 20:14:53.195  7730  7773 I Unity   : Evaluation: words=2 zones=1 14 14
08-21 20:14:53.195  7730  7773 I Unity   : Word: 0123456789 -> (39.00, 5.00) (117.00, 18.00)
08-21 20:14:53.195  7730  7773 I Unity   : 	Zone: 0 (210.00, 48.00) (384.00, 168.00) collide:False
08-21 20:14:53.196  7730  7773 I Unity   : Word: ABCDEFGHIJKLMNOPQRSTUVXYZ -> (121.00, 5.00) (345.00, 18.00)
08-21 20:14:53.196  7730  7773 I Unity   : 	Zone: 0 (210.00, 48.00) (384.00, 168.00) collide:False
08-21 20:14:53.211  7730  7773 I Unity   : 4950 : CoRequestEvaluation
08-21 20:14:53.258  7730  7773 I Unity   : MLKit Recognize: 384x216 pixelCount=82944 id=164
08-21 20:14:53.293  7730  7773 D MLKit   : input 384x216 pixelCount=82944 id=164
08-21 20:14:53.300  7730  7773 I Unity   : 4951 : CoRequestEvaluation
08-21 20:14:53.332  7730  7773 I Unity   : MLKit Recognize: 384x216 pixelCount=82944 id=165
08-21 20:14:53.332  7730  7773 I Unity   : MLKit: Abort id=164
08-21 20:14:53.386  7730  7773 D MLKit   : input 384x216 pixelCount=82944 id=165
08-21 20:14:53.425  7730  7730 D MLKit   : parseText 0123456789 ABCDEFGHIJKLMNOPQRSTUVXYZ 1
08-21 20:14:53.425  7730  7730 D MLKit   : parseTextBlock 0123456789 ABCDEFGHIJKLMNOPQRSTUVXYZ 1 (39,5) - (345,18)
08-21 20:14:53.425  7730  7730 D MLKit   : parseLine 0123456789 ABCDEFGHIJKLMNOPQRSTUVXYZ 2 (39,5) - (345,18)
08-21 20:14:53.425  7730  7730 D MLKit   : parseElement 0123456789 (39,5) - (117,18)
08-21 20:14:53.425  7730  7730 D MLKit   : parseElement ABCDEFGHIJKLMNOPQRSTUVXYZ (121,5) - (345,18)
08-21 20:14:53.431  7730  7773 I Unity   : MLKitWrapper.OnComplete: json
08-21 20:14:53.431  7730  7773 I Unity   : {"requestId":164,"text":{"text":"0123456789 ABCDEFGHIJKLMNOPQRSTUVXYZ","textBlocks":[{"boundingBox":{"bottom":18,"left":39,"right":345,"top":5},"cornerPoints":[{"x":39,"y":5},{"x":345,"y":5},{"x":345,"y":18},{"x":39,"y":18}],"lines":[{"boundingBox":{"bottom":18,"left":39,"right":345,"top":5},"cornerPoints":[{"x":39,"y":5},{"x":345,"y":5},{"x":345,"y":18},{"x":39,"y":18}],"elements":[{"boundingBox":{"bottom":18,"left":39,"right":117,"top":5},"cornerPoints":[{"x":39,"y":5},{"x":117,"y":5},{"x":117,"y":18},{"x":39,"y":18}],"recognizedLanguage":"en","text":"0123456789"},{"boundingBox":{"bottom":18,"left":121,"right":345,"top":5},"cornerPoints":[{"x":121,"y":5},{"x":345,"y":5},{"x":345,"y":18},{"x":121,"y":18}],"recognizedLanguage":"en","text":"ABCDEFGHIJKLMNOPQRSTUVXYZ"}],"recognizedLanguage":"en","text":"0123456789 ABCDEFGHIJKLMNOPQRSTUVXYZ"}],"recognizedLanguage":"en","text":"0123456789 ABCDEFGHIJKLMNOPQRSTUVXYZ"}]}}
08-21 20:14:53.592  7730  7730 D MLKit   : parseText 0123456789 ABCDEFGHIJKLMNOPQRSTUVXYZ 1
08-21 20:14:53.592  7730  7730 D MLKit   : parseTextBlock 0123456789 ABCDEFGHIJKLMNOPQRSTUVXYZ 1 (39,5) - (345,18)
08-21 20:14:53.592  7730  7730 D MLKit   : parseLine 0123456789 ABCDEFGHIJKLMNOPQRSTUVXYZ 2 (39,5) - (345,18)
08-21 20:14:53.592  7730  7730 D MLKit   : parseElement 0123456789 (39,5) - (117,18)
08-21 20:14:53.592  7730  7730 D MLKit   : parseElement ABCDEFGHIJKLMNOPQRSTUVXYZ (121,5) - (345,18)
08-21 20:14:53.607  7730  7773 I Unity   : MLKitWrapper.OnComplete: json
08-21 20:14:53.607  7730  7773 I Unity   : {"requestId":165,"text":{"text":"0123456789 ABCDEFGHIJKLMNOPQRSTUVXYZ","textBlocks":[{"boundingBox":{"bottom":18,"left":39,"right":345,"top":5},"cornerPoints":[{"x":39,"y":5},{"x":345,"y":5},{"x":345,"y":18},{"x":39,"y":18}],"lines":[{"boundingBox":{"bottom":18,"left":39,"right":345,"top":5},"cornerPoints":[{"x":39,"y":5},{"x":345,"y":5},{"x":345,"y":18},{"x":39,"y":18}],"elements":[{"boundingBox":{"bottom":18,"left":39,"right":117,"top":5},"cornerPoints":[{"x":39,"y":5},{"x":117,"y":5},{"x":117,"y":18},{"x":39,"y":18}],"recognizedLanguage":"en","text":"0123456789"},{"boundingBox":{"bottom":18,"left":121,"right":345,"top":5},"cornerPoints":[{"x":121,"y":5},{"x":345,"y":5},{"x":345,"y":18},{"x":121,"y":18}],"recognizedLanguage":"en","text":"ABCDEFGHIJKLMNOPQRSTUVXYZ"}],"recognizedLanguage":"en","text":"0123456789 ABCDEFGHIJKLMNOPQRSTUVXYZ"}],"recognizedLanguage":"en","text":"0123456789 ABCDEFGHIJKLMNOPQRSTUVXYZ"}]}}
08-21 20:14:53.609  7730  7773 E Unity   : 	Success 1 0123456789 ABCDEFGHIJKLMNOPQRSTUVXYZ
08-21 20:14:53.609  7730  7773 E Unity   : MLKitWrapper:OnComplete(String)
08-21 20:14:53.609  7730  7773 E Unity   : 
08-21 20:14:53.623  7730  7773 I Unity   : MLKit: GetResult() : id=-2147483648
08-21 20:14:53.624  7730  7773 I Unity   : MLKit: Abort id=-2147483648
08-21 20:14:53.624  7730  7773 I Unity   : Evaluation: words=2 zones=1 14 14
08-21 20:14:53.625  7730  7773 I Unity   : Word: 0123456789 -> (39.00, 5.00) (117.00, 18.00)
08-21 20:14:53.625  7730  7773 I Unity   : 	Zone: 0 (210.00, 48.00) (384.00, 168.00) collide:False
08-21 20:14:53.625  7730  7773 I Unity   : Word: ABCDEFGHIJKLMNOPQRSTUVXYZ -> (121.00, 5.00) (345.00, 18.00)
08-21 20:14:53.625  7730  7773 I Unity   : 	Zone: 0 (210.00, 48.00) (384.00, 168.00) collide:False
08-21 20:14:53.640  7730  7773 I Unity   : 4968 : CoRequestEvaluation
08-21 20:14:53.686  7730  7773 I Unity   : MLKit Recognize: 384x216 pixelCount=82944 id=166
08-21 20:14:53.717  7730  7773 D MLKit   : input 384x216 pixelCount=82944 id=166
08-21 20:14:53.908  7730  7730 D MLKit   : parseText 0123456789 ABCDEFGHIJKLMNOPQRSTUVXYZ
08-21 20:14:53.908  7730  7730 D MLKit   : L 2
08-21 20:14:53.909  7730  7730 D MLKit   : parseTextBlock 0123456789 ABCDEFGHIJKLMNOPQRSTUVXYZ 1 (39,5) - (345,18)
08-21 20:14:53.909  7730  7730 D MLKit   : parseLine 0123456789 ABCDEFGHIJKLMNOPQRSTUVXYZ 2 (39,5) - (345,18)
08-21 20:14:53.909  7730  7730 D MLKit   : parseElement 0123456789 (39,5) - (117,18)
08-21 20:14:53.909  7730  7730 D MLKit   : parseElement ABCDEFGHIJKLMNOPQRSTUVXYZ (121,5) - (345,18)
08-21 20:14:53.909  7730  7730 D MLKit   : parseTextBlock L 1 (272,58) - (344,145)
08-21 20:14:53.909  7730  7730 D MLKit   : parseLine L 1 (271,58) - (344,144)
08-21 20:14:53.909  7730  7730 D MLKit   : parseElement L (271,58) - (344,144)
08-21 20:14:53.922  7730  7773 I Unity   : MLKitWrapper.OnComplete: json
08-21 20:14:53.922  7730  7773 I Unity   : {"requestId":166,"text":{"text":"0123456789 ABCDEFGHIJKLMNOPQRSTUVXYZ\nL","textBlocks":[{"boundingBox":{"bottom":18,"left":39,"right":345,"top":5},"cornerPoints":[{"x":39,"y":5},{"x":345,"y":5},{"x":345,"y":18},{"x":39,"y":18}],"lines":[{"boundingBox":{"bottom":18,"left":39,"right":345,"top":5},"cornerPoints":[{"x":39,"y":5},{"x":345,"y":5},{"x":345,"y":18},{"x":39,"y":18}],"elements":[{"boundingBox":{"bottom":18,"left":39,"right":117,"top":5},"cornerPoints":[{"x":39,"y":5},{"x":117,"y":5},{"x":117,"y":18},{"x":39,"y":18}],"recognizedLanguage":"en","text":"0123456789"},{"boundingBox":{"bottom":18,"left":121,"right":345,"top":5},"cornerPoints":[{"x":121,"y":5},{"x":345,"y":5},{"x":345,"y":18},{"x":121,"y":18}],"recognizedLanguage":"en","text":"ABCDEFGHIJKLMNOPQRSTUVXYZ"}],"recognizedLanguage":"en","text":"0123456789 ABCDEFGHIJKLMNOPQRSTUVXYZ"}],"recognizedLanguage":"en","text":"0123456789 ABCDEFGHIJKLMNOPQRSTUVXYZ"},{"boundingBox":{"bottom":145,"left":272,"right":344,"top":58},"c
08-21 20:14:53.923  7730  7773 E Unity   : 	Success 2 0123456789 ABCDEFGHIJKLMNOPQRSTUVXYZ
08-21 20:14:53.923  7730  7773 E Unity   : L
08-21 20:14:53.923  7730  7773 E Unity   : MLKitWrapper:OnComplete(String)
08-21 20:14:53.923  7730  7773 E Unity   : 
08-21 20:14:53.935  7730  7773 I Unity   : MLKit: GetResult() : id=-2147483648
08-21 20:14:53.936  7730  7773 I Unity   : MLKit: Abort id=-2147483648
08-21 20:14:53.936  7730  7773 I Unity   : Evaluation: words=3 zones=1 14 14
08-21 20:14:53.937  7730  7773 I Unity   : Word: 0123456789 -> (39.00, 5.00) (117.00, 18.00)
08-21 20:14:53.937  7730  7773 I Unity   : 	Zone: 0 (210.00, 48.00) (384.00, 168.00) collide:False
08-21 20:14:53.937  7730  7773 I Unity   : Word: ABCDEFGHIJKLMNOPQRSTUVXYZ -> (121.00, 5.00) (345.00, 18.00)
08-21 20:14:53.937  7730  7773 I Unity   : 	Zone: 0 (210.00, 48.00) (384.00, 168.00) collide:False
08-21 20:14:53.937  7730  7773 I Unity   : Word: L -> (271.00, 58.00) (344.00, 144.00)
08-21 20:14:53.937  7730  7773 I Unity   : 	Zone: 0 (210.00, 48.00) (384.00, 168.00) collide:True
08-21 20:14:53.937  7730  7773 I Unity   : L -> 0 12.61936 4
08-21 20:14:53.954  7730  7773 I Unity   : 4984 : CoRequestEvaluation
08-21 20:14:54.014  7730  7773 I Unity   : MLKit Recognize: 384x216 pixelCount=82944 id=167
08-21 20:14:54.047  7730  7773 D MLKit   : input 384x216 pixelCount=82944 id=167
08-21 20:14:54.227  7730  7730 D MLKit   : parseText 0123456789 ABCDEFGHIJKLMNOPQRSTUVXYZ 1
08-21 20:14:54.227  7730  7730 D MLKit   : parseTextBlock 0123456789 ABCDEFGHIJKLMNOPQRSTUVXYZ 1 (39,5) - (345,18)
08-21 20:14:54.227  7730  7730 D MLKit   : parseLine 0123456789 ABCDEFGHIJKLMNOPQRSTUVXYZ 2 (39,5) - (345,18)
08-21 20:14:54.227  7730  7730 D MLKit   : parseElement 0123456789 (39,5) - (117,18)
08-21 20:14:54.227  7730  7730 D MLKit   : parseElement ABCDEFGHIJKLMNOPQRSTUVXYZ (121,5) - (345,18)
08-21 20:14:54.233  7730  7773 I Unity   : MLKitWrapper.OnComplete: json
08-21 20:14:54.233  7730  7773 I Unity   : {"requestId":167,"text":{"text":"0123456789 ABCDEFGHIJKLMNOPQRSTUVXYZ","textBlocks":[{"boundingBox":{"bottom":18,"left":39,"right":345,"top":5},"cornerPoints":[{"x":39,"y":5},{"x":345,"y":5},{"x":345,"y":18},{"x":39,"y":18}],"lines":[{"boundingBox":{"bottom":18,"left":39,"right":345,"top":5},"cornerPoints":[{"x":39,"y":5},{"x":345,"y":5},{"x":345,"y":18},{"x":39,"y":18}],"elements":[{"boundingBox":{"bottom":18,"left":39,"right":117,"top":5},"cornerPoints":[{"x":39,"y":5},{"x":117,"y":5},{"x":117,"y":18},{"x":39,"y":18}],"recognizedLanguage":"en","text":"0123456789"},{"boundingBox":{"bottom":18,"left":121,"right":345,"top":5},"cornerPoints":[{"x":121,"y":5},{"x":345,"y":5},{"x":345,"y":18},{"x":121,"y":18}],"recognizedLanguage":"en","text":"ABCDEFGHIJKLMNOPQRSTUVXYZ"}],"recognizedLanguage":"en","text":"0123456789 ABCDEFGHIJKLMNOPQRSTUVXYZ"}],"recognizedLanguage":"en","text":"0123456789 ABCDEFGHIJKLMNOPQRSTUVXYZ"}]}}
08-21 20:14:54.234  7730  7773 E Unity   : 	Success 1 0123456789 ABCDEFGHIJKLMNOPQRSTUVXYZ
08-21 20:14:54.234  7730  7773 E Unity   : MLKitWrapper:OnComplete(String)
08-21 20:14:54.234  7730  7773 E Unity   : 
08-21 20:14:54.248  7730  7773 I Unity   : MLKit: GetResult() : id=-2147483648
08-21 20:14:54.249  7730  7773 I Unity   : MLKit: Abort id=-2147483648
08-21 20:14:54.249  7730  7773 I Unity   : Evaluation: words=2 zones=1 14 14
08-21 20:14:54.250  7730  7773 I Unity   : Word: 0123456789 -> (39.00, 5.00) (117.00, 18.00)
08-21 20:14:54.250  7730  7773 I Unity   : 	Zone: 0 (210.00, 48.00) (384.00, 168.00) collide:False
08-21 20:14:54.250  7730  7773 I Unity   : Word: ABCDEFGHIJKLMNOPQRSTUVXYZ -> (121.00, 5.00) (345.00, 18.00)
08-21 20:14:54.250  7730  7773 I Unity   : 	Zone: 0 (210.00, 48.00) (384.00, 168.00) collide:False
08-21 20:14:54.265  7730  7773 I Unity   : 4999 : CoRequestEvaluation
08-21 20:14:54.310  7730  7773 I Unity   : MLKit Recognize: 384x216 pixelCount=82944 id=168
08-21 20:14:54.342  7730  7773 D MLKit   : input 384x216 pixelCount=82944 id=168
08-21 20:14:54.348  7730  7773 I Unity   : 5000 : CoRequestEvaluation
08-21 20:14:54.380  7730  7773 I Unity   : MLKit Recognize: 384x216 pixelCount=82944 id=169
08-21 20:14:54.381  7730  7773 I Unity   : MLKit: Abort id=168
08-21 20:14:54.404  7730  7773 D MLKit   : input 384x216 pixelCount=82944 id=169
08-21 20:14:54.521  7730  7730 D MLKit   : parseText 0123456789 ABCDEFGHIJKLMNOPQRSTUVXYZ 1
08-21 20:14:54.521  7730  7730 D MLKit   : parseTextBlock 0123456789 ABCDEFGHIJKLMNOPQRSTUVXYZ 1 (39,5) - (345,18)
08-21 20:14:54.522  7730  7730 D MLKit   : parseLine 0123456789 ABCDEFGHIJKLMNOPQRSTUVXYZ 2 (39,5) - (345,18)
08-21 20:14:54.522  7730  7730 D MLKit   : parseElement 0123456789 (39,5) - (117,18)
08-21 20:14:54.522  7730  7730 D MLKit   : parseElement ABCDEFGHIJKLMNOPQRSTUVXYZ (121,5) - (345,18)
08-21 20:14:54.527  7730  7773 I Unity   : MLKitWrapper.OnComplete: json
08-21 20:14:54.527  7730  7773 I Unity   : {"requestId":168,"text":{"text":"0123456789 ABCDEFGHIJKLMNOPQRSTUVXYZ","textBlocks":[{"boundingBox":{"bottom":18,"left":39,"right":345,"top":5},"cornerPoints":[{"x":39,"y":5},{"x":345,"y":5},{"x":345,"y":18},{"x":39,"y":18}],"lines":[{"boundingBox":{"bottom":18,"left":39,"right":345,"top":5},"cornerPoints":[{"x":39,"y":5},{"x":345,"y":5},{"x":345,"y":18},{"x":39,"y":18}],"elements":[{"boundingBox":{"bottom":18,"left":39,"right":117,"top":5},"cornerPoints":[{"x":39,"y":5},{"x":117,"y":5},{"x":117,"y":18},{"x":39,"y":18}],"recognizedLanguage":"en","text":"0123456789"},{"boundingBox":{"bottom":18,"left":121,"right":345,"top":5},"cornerPoints":[{"x":121,"y":5},{"x":345,"y":5},{"x":345,"y":18},{"x":121,"y":18}],"recognizedLanguage":"en","text":"ABCDEFGHIJKLMNOPQRSTUVXYZ"}],"recognizedLanguage":"en","text":"0123456789 ABCDEFGHIJKLMNOPQRSTUVXYZ"}],"recognizedLanguage":"en","text":"0123456789 ABCDEFGHIJKLMNOPQRSTUVXYZ"}]}}
08-21 20:14:54.683  7730  7730 D MLKit   : parseText 0123456789 ABCDEFGHIJKLMNOPQRSTUVXYZ
08-21 20:14:54.683  7730  7730 D MLKit   : 4 2
08-21 20:14:54.683  7730  7730 D MLKit   : parseTextBlock 0123456789 ABCDEFGHIJKLMNOPQRSTUVXYZ 1 (39,5) - (345,18)
08-21 20:14:54.683  7730  7730 D MLKit   : parseLine 0123456789 ABCDEFGHIJKLMNOPQRSTUVXYZ 2 (39,5) - (345,18)
08-21 20:14:54.683  7730  7730 D MLKit   : parseElement 0123456789 (39,5) - (117,18)
08-21 20:14:54.683  7730  7730 D MLKit   : parseElement ABCDEFGHIJKLMNOPQRSTUVXYZ (121,5) - (345,18)
08-21 20:14:54.683  7730  7730 D MLKit   : parseTextBlock 4 1 (271,59) - (340,168)
08-21 20:14:54.683  7730  7730 D MLKit   : parseLine 4 1 (270,59) - (340,168)
08-21 20:14:54.683  7730  7730 D MLKit   : parseElement 4 (270,59) - (340,168)
08-21 20:14:54.700  7730  7773 I Unity   : MLKitWrapper.OnComplete: json
08-21 20:14:54.700  7730  7773 I Unity   : {"requestId":169,"text":{"text":"0123456789 ABCDEFGHIJKLMNOPQRSTUVXYZ\n4","textBlocks":[{"boundingBox":{"bottom":18,"left":39,"right":345,"top":5},"cornerPoints":[{"x":39,"y":5},{"x":345,"y":5},{"x":345,"y":18},{"x":39,"y":18}],"lines":[{"boundingBox":{"bottom":18,"left":39,"right":345,"top":5},"cornerPoints":[{"x":39,"y":5},{"x":345,"y":5},{"x":345,"y":18},{"x":39,"y":18}],"elements":[{"boundingBox":{"bottom":18,"left":39,"right":117,"top":5},"cornerPoints":[{"x":39,"y":5},{"x":117,"y":5},{"x":117,"y":18},{"x":39,"y":18}],"recognizedLanguage":"en","text":"0123456789"},{"boundingBox":{"bottom":18,"left":121,"right":345,"top":5},"cornerPoints":[{"x":121,"y":5},{"x":345,"y":5},{"x":345,"y":18},{"x":121,"y":18}],"recognizedLanguage":"en","text":"ABCDEFGHIJKLMNOPQRSTUVXYZ"}],"recognizedLanguage":"en","text":"0123456789 ABCDEFGHIJKLMNOPQRSTUVXYZ"}],"recognizedLanguage":"en","text":"0123456789 ABCDEFGHIJKLMNOPQRSTUVXYZ"},{"boundingBox":{"bottom":168,"left":271,"right":340,"top":59},"c
08-21 20:14:54.702  7730  7773 E Unity   : 	Success 2 0123456789 ABCDEFGHIJKLMNOPQRSTUVXYZ
08-21 20:14:54.702  7730  7773 E Unity   : 4
08-21 20:14:54.702  7730  7773 E Unity   : MLKitWrapper:OnComplete(String)
08-21 20:14:54.702  7730  7773 E Unity   : 
08-21 20:14:54.714  7730  7773 I Unity   : MLKit: GetResult() : id=-2147483648
08-21 20:14:54.714  7730  7773 I Unity   : MLKit: Abort id=-2147483648
08-21 20:14:54.714  7730  7773 I Unity   : Evaluation: words=3 zones=1 14 14
08-21 20:14:54.714  7730  7773 I Unity   : Word: 0123456789 -> (39.00, 5.00) (117.00, 18.00)
08-21 20:14:54.714  7730  7773 I Unity   : 	Zone: 0 (210.00, 48.00) (384.00, 168.00) collide:False
08-21 20:14:54.714  7730  7773 I Unity   : Word: ABCDEFGHIJKLMNOPQRSTUVXYZ -> (121.00, 5.00) (345.00, 18.00)
08-21 20:14:54.714  7730  7773 I Unity   : 	Zone: 0 (210.00, 48.00) (384.00, 168.00) collide:False
08-21 20:14:54.715  7730  7773 I Unity   : Word: 4 -> (270.00, 59.00) (340.00, 168.00)
08-21 20:14:54.715  7730  7773 I Unity   : 	Zone: 0 (210.00, 48.00) (384.00, 168.00) collide:True
08-21 20:14:54.715  7730  7773 I Unity   : 4 -> 0 9.708318 4
08-21 20:14:54.731  7730  7773 I Unity   : 5021 : CoRequestEvaluation
08-21 20:14:54.786  7730  7773 I Unity   : MLKit Recognize: 384x216 pixelCount=82944 id=170
08-21 20:14:54.813  7730  7773 D MLKit   : input 384x216 pixelCount=82944 id=170
08-21 20:14:55.065  7730  7730 D MLKit   : parseText 0123456789 ABCDEFGHIJKLMNOPQRSTUVXYZ
08-21 20:14:55.065  7730  7730 D MLKit   : 4 2
08-21 20:14:55.065  7730  7730 D MLKit   : parseTextBlock 0123456789 ABCDEFGHIJKLMNOPQRSTUVXYZ 1 (39,6) - (345,18)
08-21 20:14:55.065  7730  7730 D MLKit   : parseLine 0123456789 ABCDEFGHIJKLMNOPQRSTUVXYZ 2 (39,6) - (345,18)
08-21 20:14:55.065  7730  7730 D MLKit   : parseElement 0123456789 (39,6) - (117,18)
08-21 20:14:55.065  7730  7730 D MLKit   : parseElement ABCDEFGHIJKLMNOPQRSTUVXYZ (121,6) - (345,18)
08-21 20:14:55.065  7730  7730 D MLKit   : parseTextBlock 4 1 (272,60) - (338,168)
08-21 20:14:55.065  7730  7730 D MLKit   : parseLine 4 1 (271,60) - (338,167)
08-21 20:14:55.065  7730  7730 D MLKit   : parseElement 4 (271,60) - (338,167)
08-21 20:14:55.077  7730  7773 I Unity   : MLKitWrapper.OnComplete: json
08-21 20:14:55.077  7730  7773 I Unity   : {"requestId":170,"text":{"text":"0123456789 ABCDEFGHIJKLMNOPQRSTUVXYZ\n4","textBlocks":[{"boundingBox":{"bottom":18,"left":39,"right":345,"top":6},"cornerPoints":[{"x":39,"y":6},{"x":345,"y":6},{"x":345,"y":18},{"x":39,"y":18}],"lines":[{"boundingBox":{"bottom":18,"left":39,"right":345,"top":6},"cornerPoints":[{"x":39,"y":6},{"x":345,"y":6},{"x":345,"y":18},{"x":39,"y":18}],"elements":[{"boundingBox":{"bottom":18,"left":39,"right":117,"top":6},"cornerPoints":[{"x":39,"y":6},{"x":117,"y":6},{"x":117,"y":18},{"x":39,"y":18}],"recognizedLanguage":"en","text":"0123456789"},{"boundingBox":{"bottom":18,"left":121,"right":345,"top":6},"cornerPoints":[{"x":121,"y":6},{"x":345,"y":6},{"x":345,"y":18},{"x":121,"y":18}],"recognizedLanguage":"en","text":"ABCDEFGHIJKLMNOPQRSTUVXYZ"}],"recognizedLanguage":"en","text":"0123456789 ABCDEFGHIJKLMNOPQRSTUVXYZ"}],"recognizedLanguage":"en","text":"0123456789 ABCDEFGHIJKLMNOPQRSTUVXYZ"},{"boundingBox":{"bottom":168,"left":272,"right":338,"top":60},"c
08-21 20:14:55.079  7730  7773 E Unity   : 	Success 2 0123456789 ABCDEFGHIJKLMNOPQRSTUVXYZ
08-21 20:14:55.079  7730  7773 E Unity   : 4
08-21 20:14:55.079  7730  7773 E Unity   : MLKitWrapper:OnComplete(String)
08-21 20:14:55.079  7730  7773 E Unity   : 
08-21 20:14:55.094  7730  7773 I Unity   : MLKit: GetResult() : id=-2147483648
08-21 20:14:55.095  7730  7773 I Unity   : MLKit: Abort id=-2147483648
08-21 20:14:55.095  7730  7773 I Unity   : Evaluation: words=3 zones=1 14 14
08-21 20:14:55.095  7730  7773 I Unity   : Word: 0123456789 -> (39.00, 6.00) (117.00, 18.00)
08-21 20:14:55.095  7730  7773 I Unity   : 	Zone: 0 (210.00, 48.00) (384.00, 168.00) collide:False
08-21 20:14:55.095  7730  7773 I Unity   : Word: ABCDEFGHIJKLMNOPQRSTUVXYZ -> (121.00, 6.00) (345.00, 18.00)
08-21 20:14:55.096  7730  7773 I Unity   : 	Zone: 0 (210.00, 48.00) (384.00, 168.00) collide:False
08-21 20:14:55.096  7730  7773 I Unity   : Word: 4 -> (271.00, 60.00) (338.00, 167.00)
08-21 20:14:55.096  7730  7773 I Unity   : 	Zone: 0 (210.00, 48.00) (384.00, 168.00) collide:True
08-21 20:14:55.096  7730  7773 I Unity   : 4 -> 0 9.300614 4
08-21 20:14:55.111  7730  7773 I Unity   : 5041 : CoRequestEvaluation
08-21 20:14:55.158  7730  7773 I Unity   : MLKit Recognize: 384x216 pixelCount=82944 id=171
08-21 20:14:55.189  7730  7773 D MLKit   : input 384x216 pixelCount=82944 id=171
08-21 20:14:55.211  7730  7773 I Unity   : Cont. 54.201669/800	15/75-80
08-21 20:14:55.427  7730  7730 D MLKit   : parseText 0123456789 ABCDEFGHIJKLMNOPQRSTUVXYZ
08-21 20:14:55.427  7730  7730 D MLKit   : 4 2
08-21 20:14:55.427  7730  7730 D MLKit   : parseTextBlock 0123456789 ABCDEFGHIJKLMNOPQRSTUVXYZ 1 (39,5) - (345,18)
08-21 20:14:55.427  7730  7730 D MLKit   : parseLine 0123456789 ABCDEFGHIJKLMNOPQRSTUVXYZ 2 (39,5) - (345,18)
08-21 20:14:55.427  7730  7730 D MLKit   : parseElement 0123456789 (39,5) - (117,18)
08-21 20:14:55.427  7730  7730 D MLKit   : parseElement ABCDEFGHIJKLMNOPQRSTUVXYZ (121,5) - (345,18)
08-21 20:14:55.427  7730  7730 D MLKit   : parseTextBlock 4 1 (272,59) - (338,168)
08-21 20:14:55.427  7730  7730 D MLKit   : parseLine 4 1 (271,59) - (338,167)
08-21 20:14:55.427  7730  7730 D MLKit   : parseElement 4 (271,59) - (338,167)
08-21 20:14:55.443  7730  7773 I Unity   : MLKitWrapper.OnComplete: json
08-21 20:14:55.443  7730  7773 I Unity   : {"requestId":171,"text":{"text":"0123456789 ABCDEFGHIJKLMNOPQRSTUVXYZ\n4","textBlocks":[{"boundingBox":{"bottom":18,"left":39,"right":345,"top":5},"cornerPoints":[{"x":39,"y":5},{"x":345,"y":5},{"x":345,"y":18},{"x":39,"y":18}],"lines":[{"boundingBox":{"bottom":18,"left":39,"right":345,"top":5},"cornerPoints":[{"x":39,"y":5},{"x":345,"y":5},{"x":345,"y":18},{"x":39,"y":18}],"elements":[{"boundingBox":{"bottom":18,"left":39,"right":117,"top":5},"cornerPoints":[{"x":39,"y":5},{"x":117,"y":5},{"x":117,"y":18},{"x":39,"y":18}],"recognizedLanguage":"en","text":"0123456789"},{"boundingBox":{"bottom":18,"left":121,"right":345,"top":5},"cornerPoints":[{"x":121,"y":5},{"x":345,"y":5},{"x":345,"y":18},{"x":121,"y":18}],"recognizedLanguage":"en","text":"ABCDEFGHIJKLMNOPQRSTUVXYZ"}],"recognizedLanguage":"en","text":"0123456789 ABCDEFGHIJKLMNOPQRSTUVXYZ"}],"recognizedLanguage":"en","text":"0123456789 ABCDEFGHIJKLMNOPQRSTUVXYZ"},{"boundingBox":{"bottom":168,"left":272,"right":338,"top":59},"c
08-21 20:14:55.444  7730  7773 E Unity   : 	Success 2 0123456789 ABCDEFGHIJKLMNOPQRSTUVXYZ
08-21 20:14:55.444  7730  7773 E Unity   : 4
08-21 20:14:55.444  7730  7773 E Unity   : MLKitWrapper:OnComplete(String)
08-21 20:14:55.444  7730  7773 E Unity   : 
08-21 20:14:55.458  7730  7773 I Unity   : MLKit: GetResult() : id=-2147483648
08-21 20:14:55.458  7730  7773 I Unity   : MLKit: Abort id=-2147483648
08-21 20:14:55.475  7730  7773 I Unity   : 5059 : CoRequestEvaluation
08-21 20:14:55.521  7730  7773 I Unity   : MLKit Recognize: 384x216 pixelCount=82944 id=172
08-21 20:14:55.554  7730  7773 D MLKit   : input 384x216 pixelCount=82944 id=172
08-21 20:14:55.735  7730  7730 D MLKit   : parseText 0123456789 ABCDEFGHIJKLMNOPQRSTUVXYZ 1
08-21 20:14:55.736  7730  7730 D MLKit   : parseTextBlock 0123456789 ABCDEFGHIJKLMNOPQRSTUVXYZ 1 (39,5) - (345,18)
08-21 20:14:55.736  7730  7730 D MLKit   : parseLine 0123456789 ABCDEFGHIJKLMNOPQRSTUVXYZ 2 (39,5) - (345,18)
08-21 20:14:55.736  7730  7730 D MLKit   : parseElement 0123456789 (39,5) - (117,18)
08-21 20:14:55.736  7730  7730 D MLKit   : parseElement ABCDEFGHIJKLMNOPQRSTUVXYZ (121,5) - (345,18)
08-21 20:14:55.754  7730  7773 I Unity   : MLKitWrapper.OnComplete: json
08-21 20:14:55.754  7730  7773 I Unity   : {"requestId":172,"text":{"text":"0123456789 ABCDEFGHIJKLMNOPQRSTUVXYZ","textBlocks":[{"boundingBox":{"bottom":18,"left":39,"right":345,"top":5},"cornerPoints":[{"x":39,"y":5},{"x":345,"y":5},{"x":345,"y":18},{"x":39,"y":18}],"lines":[{"boundingBox":{"bottom":18,"left":39,"right":345,"top":5},"cornerPoints":[{"x":39,"y":5},{"x":345,"y":5},{"x":345,"y":18},{"x":39,"y":18}],"elements":[{"boundingBox":{"bottom":18,"left":39,"right":117,"top":5},"cornerPoints":[{"x":39,"y":5},{"x":117,"y":5},{"x":117,"y":18},{"x":39,"y":18}],"recognizedLanguage":"en","text":"0123456789"},{"boundingBox":{"bottom":18,"left":121,"right":345,"top":5},"cornerPoints":[{"x":121,"y":5},{"x":345,"y":5},{"x":345,"y":18},{"x":121,"y":18}],"recognizedLanguage":"en","text":"ABCDEFGHIJKLMNOPQRSTUVXYZ"}],"recognizedLanguage":"en","text":"0123456789 ABCDEFGHIJKLMNOPQRSTUVXYZ"}],"recognizedLanguage":"en","text":"0123456789 ABCDEFGHIJKLMNOPQRSTUVXYZ"}]}}
08-21 20:14:55.755  7730  7773 E Unity   : 	Success 1 0123456789 ABCDEFGHIJKLMNOPQRSTUVXYZ
08-21 20:14:55.755  7730  7773 E Unity   : MLKitWrapper:OnComplete(String)
08-21 20:14:55.755  7730  7773 E Unity   : 
08-21 20:14:55.770  7730  7773 I Unity   : MLKit: GetResult() : id=-2147483648
08-21 20:14:55.770  7730  7773 I Unity   : MLKit: Abort id=-2147483648
08-21 20:14:55.770  7730  7773 I Unity   : Evaluation: words=2 zones=1 15 15
08-21 20:14:55.771  7730  7773 I Unity   : Word: 0123456789 -> (39.00, 5.00) (117.00, 18.00)
08-21 20:14:55.771  7730  7773 I Unity   : 	Zone: 0 (210.00, 48.00) (384.00, 168.00) collide:False
08-21 20:14:55.771  7730  7773 I Unity   : Word: ABCDEFGHIJKLMNOPQRSTUVXYZ -> (121.00, 5.00) (345.00, 18.00)
08-21 20:14:55.771  7730  7773 I Unity   : 	Zone: 0 (210.00, 48.00) (384.00, 168.00) collide:False
08-21 20:14:55.788  7730  7773 I Unity   : 5075 : CoRequestEvaluation
08-21 20:14:55.832  7730  7773 I Unity   : MLKit Recognize: 384x216 pixelCount=82944 id=173
08-21 20:14:55.862  7730  7773 D MLKit   : input 384x216 pixelCount=82944 id=173
08-21 20:14:56.041  7730  7730 D MLKit   : parseText 0123456789 ABCDEFGHIJKLMNOPQRSTUVXYZ 1
08-21 20:14:56.041  7730  7730 D MLKit   : parseTextBlock 0123456789 ABCDEFGHIJKLMNOPQRSTUVXYZ 1 (39,5) - (345,18)
08-21 20:14:56.041  7730  7730 D MLKit   : parseLine 0123456789 ABCDEFGHIJKLMNOPQRSTUVXYZ 2 (39,5) - (345,18)
08-21 20:14:56.041  7730  7730 D MLKit   : parseElement 0123456789 (39,5) - (117,18)
08-21 20:14:56.041  7730  7730 D MLKit   : parseElement ABCDEFGHIJKLMNOPQRSTUVXYZ (121,5) - (345,18)
08-21 20:14:56.046  7730  7773 I Unity   : MLKitWrapper.OnComplete: json
08-21 20:14:56.046  7730  7773 I Unity   : {"requestId":173,"text":{"text":"0123456789 ABCDEFGHIJKLMNOPQRSTUVXYZ","textBlocks":[{"boundingBox":{"bottom":18,"left":39,"right":345,"top":5},"cornerPoints":[{"x":39,"y":5},{"x":345,"y":5},{"x":345,"y":18},{"x":39,"y":18}],"lines":[{"boundingBox":{"bottom":18,"left":39,"right":345,"top":5},"cornerPoints":[{"x":39,"y":5},{"x":345,"y":5},{"x":345,"y":18},{"x":39,"y":18}],"elements":[{"boundingBox":{"bottom":18,"left":39,"right":117,"top":5},"cornerPoints":[{"x":39,"y":5},{"x":117,"y":5},{"x":117,"y":18},{"x":39,"y":18}],"recognizedLanguage":"en","text":"0123456789"},{"boundingBox":{"bottom":18,"left":121,"right":345,"top":5},"cornerPoints":[{"x":121,"y":5},{"x":345,"y":5},{"x":345,"y":18},{"x":121,"y":18}],"recognizedLanguage":"en","text":"ABCDEFGHIJKLMNOPQRSTUVXYZ"}],"recognizedLanguage":"en","text":"0123456789 ABCDEFGHIJKLMNOPQRSTUVXYZ"}],"recognizedLanguage":"en","text":"0123456789 ABCDEFGHIJKLMNOPQRSTUVXYZ"}]}}
08-21 20:14:56.047  7730  7773 E Unity   : 	Success 1 0123456789 ABCDEFGHIJKLMNOPQRSTUVXYZ
08-21 20:14:56.047  7730  7773 E Unity   : MLKitWrapper:OnComplete(String)
08-21 20:14:56.047  7730  7773 E Unity   : 
08-21 20:14:56.062  7730  7773 I Unity   : MLKit: GetResult() : id=-2147483648
08-21 20:14:56.063  7730  7773 I Unity   : MLKit: Abort id=-2147483648
08-21 20:14:56.063  7730  7773 I Unity   : Evaluation: words=2 zones=1 15 15
08-21 20:14:56.063  7730  7773 I Unity   : Word: 0123456789 -> (39.00, 5.00) (117.00, 18.00)
08-21 20:14:56.063  7730  7773 I Unity   : 	Zone: 0 (210.00, 48.00) (384.00, 168.00) collide:False
08-21 20:14:56.063  7730  7773 I Unity   : Word: ABCDEFGHIJKLMNOPQRSTUVXYZ -> (121.00, 5.00) (345.00, 18.00)
08-21 20:14:56.063  7730  7773 I Unity   : 	Zone: 0 (210.00, 48.00) (384.00, 168.00) collide:False
08-21 20:14:56.079  7730  7773 I Unity   : 5090 : CoRequestEvaluation
08-21 20:14:56.123  7730  7773 I Unity   : MLKit Recognize: 384x216 pixelCount=82944 id=174
08-21 20:14:56.148  7730  7773 D MLKit   : input 384x216 pixelCount=82944 id=174
08-21 20:14:56.338  7730  7730 D MLKit   : parseText 0123456789 ABCDEFGHIJKLMNOPQRSTUVXYZ 1
08-21 20:14:56.338  7730  7730 D MLKit   : parseTextBlock 0123456789 ABCDEFGHIJKLMNOPQRSTUVXYZ 1 (39,5) - (345,18)
08-21 20:14:56.338  7730  7730 D MLKit   : parseLine 0123456789 ABCDEFGHIJKLMNOPQRSTUVXYZ 2 (39,5) - (345,18)
08-21 20:14:56.338  7730  7730 D MLKit   : parseElement 0123456789 (39,5) - (117,18)
08-21 20:14:56.338  7730  7730 D MLKit   : parseElement ABCDEFGHIJKLMNOPQRSTUVXYZ (121,5) - (345,18)
08-21 20:14:56.342  7730  7773 I Unity   : MLKitWrapper.OnComplete: json
08-21 20:14:56.342  7730  7773 I Unity   : {"requestId":174,"text":{"text":"0123456789 ABCDEFGHIJKLMNOPQRSTUVXYZ","textBlocks":[{"boundingBox":{"bottom":18,"left":39,"right":345,"top":5},"cornerPoints":[{"x":39,"y":5},{"x":345,"y":5},{"x":345,"y":18},{"x":39,"y":18}],"lines":[{"boundingBox":{"bottom":18,"left":39,"right":345,"top":5},"cornerPoints":[{"x":39,"y":5},{"x":345,"y":5},{"x":345,"y":18},{"x":39,"y":18}],"elements":[{"boundingBox":{"bottom":18,"left":39,"right":117,"top":5},"cornerPoints":[{"x":39,"y":5},{"x":117,"y":5},{"x":117,"y":18},{"x":39,"y":18}],"recognizedLanguage":"en","text":"0123456789"},{"boundingBox":{"bottom":18,"left":121,"right":345,"top":5},"cornerPoints":[{"x":121,"y":5},{"x":345,"y":5},{"x":345,"y":18},{"x":121,"y":18}],"recognizedLanguage":"en","text":"ABCDEFGHIJKLMNOPQRSTUVXYZ"}],"recognizedLanguage":"en","text":"0123456789 ABCDEFGHIJKLMNOPQRSTUVXYZ"}],"recognizedLanguage":"en","text":"0123456789 ABCDEFGHIJKLMNOPQRSTUVXYZ"}]}}
08-21 20:14:56.344  7730  7773 E Unity   : 	Success 1 0123456789 ABCDEFGHIJKLMNOPQRSTUVXYZ
08-21 20:14:56.344  7730  7773 E Unity   : MLKitWrapper:OnComplete(String)
08-21 20:14:56.344  7730  7773 E Unity   : 
08-21 20:14:56.357  7730  7773 I Unity   : MLKit: GetResult() : id=-2147483648
08-21 20:14:56.357  7730  7773 I Unity   : MLKit: Abort id=-2147483648
08-21 20:14:56.357  7730  7773 I Unity   : Evaluation: words=2 zones=1 15 15
08-21 20:14:56.358  7730  7773 I Unity   : Word: 0123456789 -> (39.00, 5.00) (117.00, 18.00)
08-21 20:14:56.358  7730  7773 I Unity   : 	Zone: 0 (210.00, 48.00) (384.00, 168.00) collide:False
08-21 20:14:56.358  7730  7773 I Unity   : Word: ABCDEFGHIJKLMNOPQRSTUVXYZ -> (121.00, 5.00) (345.00, 18.00)
08-21 20:14:56.358  7730  7773 I Unity   : 	Zone: 0 (210.00, 48.00) (384.00, 168.00) collide:False
08-21 20:14:56.373  7730  7773 I Unity   : 5106 : CoRequestEvaluation
08-21 20:14:56.419  7730  7773 I Unity   : MLKit Recognize: 384x216 pixelCount=82944 id=175
08-21 20:14:56.451  7730  7773 D MLKit   : input 384x216 pixelCount=82944 id=175
08-21 20:14:56.651  7730  7730 D MLKit   : parseText 0123456789 ABCDEFGHIJKLMNOPQRSTUVXYZ 1
08-21 20:14:56.652  7730  7730 D MLKit   : parseTextBlock 0123456789 ABCDEFGHIJKLMNOPQRSTUVXYZ 1 (39,5) - (345,18)
08-21 20:14:56.652  7730  7730 D MLKit   : parseLine 0123456789 ABCDEFGHIJKLMNOPQRSTUVXYZ 2 (39,5) - (345,18)
08-21 20:14:56.652  7730  7730 D MLKit   : parseElement 0123456789 (39,5) - (117,18)
08-21 20:14:56.652  7730  7730 D MLKit   : parseElement ABCDEFGHIJKLMNOPQRSTUVXYZ (121,5) - (345,18)
08-21 20:14:56.669  7730  7773 I Unity   : MLKitWrapper.OnComplete: json
08-21 20:14:56.669  7730  7773 I Unity   : {"requestId":175,"text":{"text":"0123456789 ABCDEFGHIJKLMNOPQRSTUVXYZ","textBlocks":[{"boundingBox":{"bottom":18,"left":39,"right":345,"top":5},"cornerPoints":[{"x":39,"y":5},{"x":345,"y":5},{"x":345,"y":18},{"x":39,"y":18}],"lines":[{"boundingBox":{"bottom":18,"left":39,"right":345,"top":5},"cornerPoints":[{"x":39,"y":5},{"x":345,"y":5},{"x":345,"y":18},{"x":39,"y":18}],"elements":[{"boundingBox":{"bottom":18,"left":39,"right":117,"top":5},"cornerPoints":[{"x":39,"y":5},{"x":117,"y":5},{"x":117,"y":18},{"x":39,"y":18}],"recognizedLanguage":"en","text":"0123456789"},{"boundingBox":{"bottom":18,"left":121,"right":345,"top":5},"cornerPoints":[{"x":121,"y":5},{"x":345,"y":5},{"x":345,"y":18},{"x":121,"y":18}],"recognizedLanguage":"en","text":"ABCDEFGHIJKLMNOPQRSTUVXYZ"}],"recognizedLanguage":"en","text":"0123456789 ABCDEFGHIJKLMNOPQRSTUVXYZ"}],"recognizedLanguage":"en","text":"0123456789 ABCDEFGHIJKLMNOPQRSTUVXYZ"}]}}
08-21 20:14:56.670  7730  7773 E Unity   : 	Success 1 0123456789 ABCDEFGHIJKLMNOPQRSTUVXYZ
08-21 20:14:56.670  7730  7773 E Unity   : MLKitWrapper:OnComplete(String)
08-21 20:14:56.670  7730  7773 E Unity   : 
08-21 20:14:56.686  7730  7773 I Unity   : MLKit: GetResult() : id=-2147483648
08-21 20:14:56.687  7730  7773 I Unity   : MLKit: Abort id=-2147483648
08-21 20:14:56.687  7730  7773 I Unity   : Evaluation: words=2 zones=1 15 15
08-21 20:14:56.687  7730  7773 I Unity   : Word: 0123456789 -> (39.00, 5.00) (117.00, 18.00)
08-21 20:14:56.688  7730  7773 I Unity   : 	Zone: 0 (210.00, 48.00) (384.00, 168.00) collide:False
08-21 20:14:56.688  7730  7773 I Unity   : Word: ABCDEFGHIJKLMNOPQRSTUVXYZ -> (121.00, 5.00) (345.00, 18.00)
08-21 20:14:56.688  7730  7773 I Unity   : 	Zone: 0 (210.00, 48.00) (384.00, 168.00) collide:False
08-21 20:14:56.704  7730  7773 I Unity   : 5123 : CoRequestEvaluation
08-21 20:14:56.747  7730  7773 I Unity   : MLKit Recognize: 384x216 pixelCount=82944 id=176
08-21 20:14:56.781  7730  7773 D MLKit   : input 384x216 pixelCount=82944 id=176
08-21 20:14:56.972  7730  7730 D MLKit   : parseText 0123456789 ABCDEFGHIJKLMNOPQRSTUVXYZ 1
08-21 20:14:56.972  7730  7730 D MLKit   : parseTextBlock 0123456789 ABCDEFGHIJKLMNOPQRSTUVXYZ 1 (39,5) - (345,18)
08-21 20:14:56.972  7730  7730 D MLKit   : parseLine 0123456789 ABCDEFGHIJKLMNOPQRSTUVXYZ 2 (39,5) - (345,18)
08-21 20:14:56.972  7730  7730 D MLKit   : parseElement 0123456789 (39,5) - (117,18)
08-21 20:14:56.972  7730  7730 D MLKit   : parseElement ABCDEFGHIJKLMNOPQRSTUVXYZ (121,5) - (345,18)
08-21 20:14:56.982  7730  7773 I Unity   : MLKitWrapper.OnComplete: json
08-21 20:14:56.982  7730  7773 I Unity   : {"requestId":176,"text":{"text":"0123456789 ABCDEFGHIJKLMNOPQRSTUVXYZ","textBlocks":[{"boundingBox":{"bottom":18,"left":39,"right":345,"top":5},"cornerPoints":[{"x":39,"y":5},{"x":345,"y":5},{"x":345,"y":18},{"x":39,"y":18}],"lines":[{"boundingBox":{"bottom":18,"left":39,"right":345,"top":5},"cornerPoints":[{"x":39,"y":5},{"x":345,"y":5},{"x":345,"y":18},{"x":39,"y":18}],"elements":[{"boundingBox":{"bottom":18,"left":39,"right":117,"top":5},"cornerPoints":[{"x":39,"y":5},{"x":117,"y":5},{"x":117,"y":18},{"x":39,"y":18}],"recognizedLanguage":"en","text":"0123456789"},{"boundingBox":{"bottom":18,"left":121,"right":345,"top":5},"cornerPoints":[{"x":121,"y":5},{"x":345,"y":5},{"x":345,"y":18},{"x":121,"y":18}],"recognizedLanguage":"en","text":"ABCDEFGHIJKLMNOPQRSTUVXYZ"}],"recognizedLanguage":"en","text":"0123456789 ABCDEFGHIJKLMNOPQRSTUVXYZ"}],"recognizedLanguage":"en","text":"0123456789 ABCDEFGHIJKLMNOPQRSTUVXYZ"}]}}
08-21 20:14:56.984  7730  7773 E Unity   : 	Success 1 0123456789 ABCDEFGHIJKLMNOPQRSTUVXYZ
08-21 20:14:56.984  7730  7773 E Unity   : MLKitWrapper:OnComplete(String)
08-21 20:14:56.984  7730  7773 E Unity   : 
08-21 20:14:56.997  7730  7773 I Unity   : MLKit: GetResult() : id=-2147483648
08-21 20:14:56.998  7730  7773 I Unity   : MLKit: Abort id=-2147483648
08-21 20:14:56.998  7730  7773 I Unity   : Evaluation: words=2 zones=1 15 15
08-21 20:14:56.998  7730  7773 I Unity   : Word: 0123456789 -> (39.00, 5.00) (117.00, 18.00)
08-21 20:14:56.998  7730  7773 I Unity   : 	Zone: 0 (210.00, 48.00) (384.00, 168.00) collide:False
08-21 20:14:56.998  7730  7773 I Unity   : Word: ABCDEFGHIJKLMNOPQRSTUVXYZ -> (121.00, 5.00) (345.00, 18.00)
08-21 20:14:56.999  7730  7773 I Unity   : 	Zone: 0 (210.00, 48.00) (384.00, 168.00) collide:False
08-21 20:14:57.014  7730  7773 I Unity   : 5139 : CoRequestEvaluation
08-21 20:14:57.060  7730  7773 I Unity   : MLKit Recognize: 384x216 pixelCount=82944 id=177
08-21 20:14:57.093  7730  7773 D MLKit   : input 384x216 pixelCount=82944 id=177
08-21 20:14:57.277  7730  7730 D MLKit   : parseText 0123456789 ABCDEFGHIJKLMNOPQRSTUVXYZ 1
08-21 20:14:57.277  7730  7730 D MLKit   : parseTextBlock 0123456789 ABCDEFGHIJKLMNOPQRSTUVXYZ 1 (39,5) - (345,18)
08-21 20:14:57.277  7730  7730 D MLKit   : parseLine 0123456789 ABCDEFGHIJKLMNOPQRSTUVXYZ 2 (39,5) - (345,18)
08-21 20:14:57.277  7730  7730 D MLKit   : parseElement 0123456789 (39,5) - (117,18)
08-21 20:14:57.277  7730  7730 D MLKit   : parseElement ABCDEFGHIJKLMNOPQRSTUVXYZ (121,5) - (345,18)
08-21 20:14:57.293  7730  7773 I Unity   : MLKitWrapper.OnComplete: json
08-21 20:14:57.293  7730  7773 I Unity   : {"requestId":177,"text":{"text":"0123456789 ABCDEFGHIJKLMNOPQRSTUVXYZ","textBlocks":[{"boundingBox":{"bottom":18,"left":39,"right":345,"top":5},"cornerPoints":[{"x":39,"y":5},{"x":345,"y":5},{"x":345,"y":18},{"x":39,"y":18}],"lines":[{"boundingBox":{"bottom":18,"left":39,"right":345,"top":5},"cornerPoints":[{"x":39,"y":5},{"x":345,"y":5},{"x":345,"y":18},{"x":39,"y":18}],"elements":[{"boundingBox":{"bottom":18,"left":39,"right":117,"top":5},"cornerPoints":[{"x":39,"y":5},{"x":117,"y":5},{"x":117,"y":18},{"x":39,"y":18}],"recognizedLanguage":"en","text":"0123456789"},{"boundingBox":{"bottom":18,"left":121,"right":345,"top":5},"cornerPoints":[{"x":121,"y":5},{"x":345,"y":5},{"x":345,"y":18},{"x":121,"y":18}],"recognizedLanguage":"en","text":"ABCDEFGHIJKLMNOPQRSTUVXYZ"}],"recognizedLanguage":"en","text":"0123456789 ABCDEFGHIJKLMNOPQRSTUVXYZ"}],"recognizedLanguage":"en","text":"0123456789 ABCDEFGHIJKLMNOPQRSTUVXYZ"}]}}
08-21 20:14:57.295  7730  7773 E Unity   : 	Success 1 0123456789 ABCDEFGHIJKLMNOPQRSTUVXYZ
08-21 20:14:57.295  7730  7773 E Unity   : MLKitWrapper:OnComplete(String)
08-21 20:14:57.295  7730  7773 E Unity   : 
08-21 20:14:57.309  7730  7773 I Unity   : MLKit: GetResult() : id=-2147483648
08-21 20:14:57.310  7730  7773 I Unity   : MLKit: Abort id=-2147483648
08-21 20:14:57.310  7730  7773 I Unity   : Evaluation: words=2 zones=1 15 15
08-21 20:14:57.311  7730  7773 I Unity   : Word: 0123456789 -> (39.00, 5.00) (117.00, 18.00)
08-21 20:14:57.311  7730  7773 I Unity   : 	Zone: 0 (210.00, 48.00) (384.00, 168.00) collide:False
08-21 20:14:57.311  7730  7773 I Unity   : Word: ABCDEFGHIJKLMNOPQRSTUVXYZ -> (121.00, 5.00) (345.00, 18.00)
08-21 20:14:57.311  7730  7773 I Unity   : 	Zone: 0 (210.00, 48.00) (384.00, 168.00) collide:False
08-21 20:14:57.324  7730  7773 I Unity   : 5155 : CoRequestEvaluation
08-21 20:14:57.370  7730  7773 I Unity   : MLKit Recognize: 384x216 pixelCount=82944 id=178
08-21 20:14:57.400  7730  7773 D MLKit   : input 384x216 pixelCount=82944 id=178
08-21 20:14:57.586  7730  7730 D MLKit   : parseText 0123456789 ABCDEFGHIJKLMNOPQRSTUVXYZ
08-21 20:14:57.586  7730  7730 D MLKit   : 5 2
08-21 20:14:57.586  7730  7730 D MLKit   : parseTextBlock 0123456789 ABCDEFGHIJKLMNOPQRSTUVXYZ 1 (39,5) - (345,18)
08-21 20:14:57.586  7730  7730 D MLKit   : parseLine 0123456789 ABCDEFGHIJKLMNOPQRSTUVXYZ 2 (39,5) - (345,18)
08-21 20:14:57.586  7730  7730 D MLKit   : parseElement 0123456789 (39,5) - (117,18)
08-21 20:14:57.586  7730  7730 D MLKit   : parseElement ABCDEFGHIJKLMNOPQRSTUVXYZ (121,5) - (345,18)
08-21 20:14:57.586  7730  7730 D MLKit   : parseTextBlock 5 1 (270,66) - (312,161)
08-21 20:14:57.586  7730  7730 D MLKit   : parseLine 5 1 (269,66) - (312,160)
08-21 20:14:57.586  7730  7730 D MLKit   : parseElement 5 (269,66) - (312,160)
08-21 20:14:57.605  7730  7773 I Unity   : MLKitWrapper.OnComplete: json
08-21 20:14:57.605  7730  7773 I Unity   : {"requestId":178,"text":{"text":"0123456789 ABCDEFGHIJKLMNOPQRSTUVXYZ\n5","textBlocks":[{"boundingBox":{"bottom":18,"left":39,"right":345,"top":5},"cornerPoints":[{"x":39,"y":5},{"x":345,"y":5},{"x":345,"y":18},{"x":39,"y":18}],"lines":[{"boundingBox":{"bottom":18,"left":39,"right":345,"top":5},"cornerPoints":[{"x":39,"y":5},{"x":345,"y":5},{"x":345,"y":18},{"x":39,"y":18}],"elements":[{"boundingBox":{"bottom":18,"left":39,"right":117,"top":5},"cornerPoints":[{"x":39,"y":5},{"x":117,"y":5},{"x":117,"y":18},{"x":39,"y":18}],"recognizedLanguage":"en","text":"0123456789"},{"boundingBox":{"bottom":18,"left":121,"right":345,"top":5},"cornerPoints":[{"x":121,"y":5},{"x":345,"y":5},{"x":345,"y":18},{"x":121,"y":18}],"recognizedLanguage":"en","text":"ABCDEFGHIJKLMNOPQRSTUVXYZ"}],"recognizedLanguage":"en","text":"0123456789 ABCDEFGHIJKLMNOPQRSTUVXYZ"}],"recognizedLanguage":"en","text":"0123456789 ABCDEFGHIJKLMNOPQRSTUVXYZ"},{"boundingBox":{"bottom":161,"left":270,"right":312,"top":66},"c
08-21 20:14:57.607  7730  7773 E Unity   : 	Success 2 0123456789 ABCDEFGHIJKLMNOPQRSTUVXYZ
08-21 20:14:57.607  7730  7773 E Unity   : 5
08-21 20:14:57.607  7730  7773 E Unity   : MLKitWrapper:OnComplete(String)
08-21 20:14:57.607  7730  7773 E Unity   : 
08-21 20:14:57.618  7730  7773 I Unity   : MLKit: GetResult() : id=-2147483648
08-21 20:14:57.619  7730  7773 I Unity   : MLKit: Abort id=-2147483648
08-21 20:14:57.620  7730  7773 I Unity   : Evaluation: words=3 zones=1 15 15
08-21 20:14:57.620  7730  7773 I Unity   : Word: 0123456789 -> (39.00, 5.00) (117.00, 18.00)
08-21 20:14:57.621  7730  7773 I Unity   : 	Zone: 0 (210.00, 48.00) (384.00, 168.00) collide:False
08-21 20:14:57.621  7730  7773 I Unity   : Word: ABCDEFGHIJKLMNOPQRSTUVXYZ -> (121.00, 5.00) (345.00, 18.00)
08-21 20:14:57.621  7730  7773 I Unity   : 	Zone: 0 (210.00, 48.00) (384.00, 168.00) collide:False
08-21 20:14:57.621  7730  7773 I Unity   : Word: 5 -> (269.00, 66.00) (312.00, 160.00)
08-21 20:14:57.621  7730  7773 I Unity   : 	Zone: 0 (210.00, 48.00) (384.00, 168.00) collide:True
08-21 20:14:57.621  7730  7773 I Unity   : 5 -> 0 8.200688 5
08-21 20:14:57.638  7730  7773 I Unity   : 5171 : CoRequestEvaluation
08-21 20:14:57.690  7730  7773 I Unity   : MLKit Recognize: 384x216 pixelCount=82944 id=179
08-21 20:14:57.723  7730  7773 D MLKit   : input 384x216 pixelCount=82944 id=179
08-21 20:14:57.907  7730  7730 D MLKit   : parseText 0123456789 ABCDEFGHIJKLMNOPQRSTUVXYZ 1
08-21 20:14:57.908  7730  7730 D MLKit   : parseTextBlock 0123456789 ABCDEFGHIJKLMNOPQRSTUVXYZ 1 (39,5) - (345,18)
08-21 20:14:57.908  7730  7730 D MLKit   : parseLine 0123456789 ABCDEFGHIJKLMNOPQRSTUVXYZ 2 (39,5) - (345,18)
08-21 20:14:57.908  7730  7730 D MLKit   : parseElement 0123456789 (39,5) - (117,18)
08-21 20:14:57.908  7730  7730 D MLKit   : parseElement ABCDEFGHIJKLMNOPQRSTUVXYZ (121,5) - (345,18)
08-21 20:14:57.917  7730  7773 I Unity   : MLKitWrapper.OnComplete: json
08-21 20:14:57.917  7730  7773 I Unity   : {"requestId":179,"text":{"text":"0123456789 ABCDEFGHIJKLMNOPQRSTUVXYZ","textBlocks":[{"boundingBox":{"bottom":18,"left":39,"right":345,"top":5},"cornerPoints":[{"x":39,"y":5},{"x":345,"y":5},{"x":345,"y":18},{"x":39,"y":18}],"lines":[{"boundingBox":{"bottom":18,"left":39,"right":345,"top":5},"cornerPoints":[{"x":39,"y":5},{"x":345,"y":5},{"x":345,"y":18},{"x":39,"y":18}],"elements":[{"boundingBox":{"bottom":18,"left":39,"right":117,"top":5},"cornerPoints":[{"x":39,"y":5},{"x":117,"y":5},{"x":117,"y":18},{"x":39,"y":18}],"recognizedLanguage":"en","text":"0123456789"},{"boundingBox":{"bottom":18,"left":121,"right":345,"top":5},"cornerPoints":[{"x":121,"y":5},{"x":345,"y":5},{"x":345,"y":18},{"x":121,"y":18}],"recognizedLanguage":"en","text":"ABCDEFGHIJKLMNOPQRSTUVXYZ"}],"recognizedLanguage":"en","text":"0123456789 ABCDEFGHIJKLMNOPQRSTUVXYZ"}],"recognizedLanguage":"en","text":"0123456789 ABCDEFGHIJKLMNOPQRSTUVXYZ"}]}}
08-21 20:14:57.918  7730  7773 E Unity   : 	Success 1 0123456789 ABCDEFGHIJKLMNOPQRSTUVXYZ
08-21 20:14:57.918  7730  7773 E Unity   : MLKitWrapper:OnComplete(String)
08-21 20:14:57.918  7730  7773 E Unity   : 
08-21 20:14:57.929  7730  7773 I Unity   : MLKit: GetResult() : id=-2147483648
08-21 20:14:57.930  7730  7773 I Unity   : MLKit: Abort id=-2147483648
08-21 20:14:57.930  7730  7773 I Unity   : Evaluation: words=2 zones=1 15 15
08-21 20:14:57.931  7730  7773 I Unity   : Word: 0123456789 -> (39.00, 5.00) (117.00, 18.00)
08-21 20:14:57.931  7730  7773 I Unity   : 	Zone: 0 (210.00, 48.00) (384.00, 168.00) collide:False
08-21 20:14:57.931  7730  7773 I Unity   : Word: ABCDEFGHIJKLMNOPQRSTUVXYZ -> (121.00, 5.00) (345.00, 18.00)
08-21 20:14:57.931  7730  7773 I Unity   : 	Zone: 0 (210.00, 48.00) (384.00, 168.00) collide:False
08-21 20:14:57.949  7730  7773 I Unity   : 5186 : CoRequestEvaluation
08-21 20:14:57.996  7730  7773 I Unity   : MLKit Recognize: 384x216 pixelCount=82944 id=180
08-21 20:14:58.033  7730  7773 D MLKit   : input 384x216 pixelCount=82944 id=180
08-21 20:14:58.120  7730  7773 I Unity   : Cont. 57.110307/800	16/75-80
08-21 20:14:58.248  7730  7730 D MLKit   : parseText 0123456789 ABCDEFGHIJKLMNOPQRSTUVXYZ
08-21 20:14:58.248  7730  7730 D MLKit   : 5 2
08-21 20:14:58.248  7730  7730 D MLKit   : parseTextBlock 0123456789 ABCDEFGHIJKLMNOPQRSTUVXYZ 1 (39,5) - (345,18)
08-21 20:14:58.248  7730  7730 D MLKit   : parseLine 0123456789 ABCDEFGHIJKLMNOPQRSTUVXYZ 2 (39,5) - (345,18)
08-21 20:14:58.248  7730  7730 D MLKit   : parseElement 0123456789 (39,5) - (117,18)
08-21 20:14:58.248  7730  7730 D MLKit   : parseElement ABCDEFGHIJKLMNOPQRSTUVXYZ (121,5) - (345,18)
08-21 20:14:58.248  7730  7730 D MLKit   : parseTextBlock 5 1 (270,68) - (313,160)
08-21 20:14:58.248  7730  7730 D MLKit   : parseLine 5 1 (270,67) - (312,160)
08-21 20:14:58.248  7730  7730 D MLKit   : parseElement 5 (270,67) - (312,160)
08-21 20:14:58.261  7730  7773 I Unity   : MLKitWrapper.OnComplete: json
08-21 20:14:58.261  7730  7773 I Unity   : {"requestId":180,"text":{"text":"0123456789 ABCDEFGHIJKLMNOPQRSTUVXYZ\n5","textBlocks":[{"boundingBox":{"bottom":18,"left":39,"right":345,"top":5},"cornerPoints":[{"x":39,"y":5},{"x":345,"y":5},{"x":345,"y":18},{"x":39,"y":18}],"lines":[{"boundingBox":{"bottom":18,"left":39,"right":345,"top":5},"cornerPoints":[{"x":39,"y":5},{"x":345,"y":5},{"x":345,"y":18},{"x":39,"y":18}],"elements":[{"boundingBox":{"bottom":18,"left":39,"right":117,"top":5},"cornerPoints":[{"x":39,"y":5},{"x":117,"y":5},{"x":117,"y":18},{"x":39,"y":18}],"recognizedLanguage":"en","text":"0123456789"},{"boundingBox":{"bottom":18,"left":121,"right":345,"top":5},"cornerPoints":[{"x":121,"y":5},{"x":345,"y":5},{"x":345,"y":18},{"x":121,"y":18}],"recognizedLanguage":"en","text":"ABCDEFGHIJKLMNOPQRSTUVXYZ"}],"recognizedLanguage":"en","text":"0123456789 ABCDEFGHIJKLMNOPQRSTUVXYZ"}],"recognizedLanguage":"en","text":"0123456789 ABCDEFGHIJKLMNOPQRSTUVXYZ"},{"boundingBox":{"bottom":160,"left":270,"right":313,"top":68},"c
08-21 20:14:58.263  7730  7773 E Unity   : 	Success 2 0123456789 ABCDEFGHIJKLMNOPQRSTUVXYZ
08-21 20:14:58.263  7730  7773 E Unity   : 5
08-21 20:14:58.263  7730  7773 E Unity   : MLKitWrapper:OnComplete(String)
08-21 20:14:58.263  7730  7773 E Unity   : 
08-21 20:14:58.275  7730  7773 I Unity   : MLKit: GetResult() : id=-2147483648
08-21 20:14:58.276  7730  7773 I Unity   : MLKit: Abort id=-2147483648
08-21 20:14:58.293  7730  7773 I Unity   : 5202 : CoRequestEvaluation
08-21 20:14:58.339  7730  7773 I Unity   : MLKit Recognize: 384x216 pixelCount=82944 id=181
08-21 20:14:58.372  7730  7773 D MLKit   : input 384x216 pixelCount=82944 id=181
08-21 20:14:58.554  7730  7730 D MLKit   : parseText 0123456789 ABCDEFGHIJKLMNOPQRSTUVXYZ 1
08-21 20:14:58.555  7730  7730 D MLKit   : parseTextBlock 0123456789 ABCDEFGHIJKLMNOPQRSTUVXYZ 1 (39,5) - (345,19)
08-21 20:14:58.555  7730  7730 D MLKit   : parseLine 0123456789 ABCDEFGHIJKLMNOPQRSTUVXYZ 2 (39,5) - (345,19)
08-21 20:14:58.555  7730  7730 D MLKit   : parseElement 0123456789 (39,5) - (117,19)
08-21 20:14:58.555  7730  7730 D MLKit   : parseElement ABCDEFGHIJKLMNOPQRSTUVXYZ (121,5) - (345,19)
08-21 20:14:58.556  7730  7773 I Unity   : MLKitWrapper.OnComplete: json
08-21 20:14:58.556  7730  7773 I Unity   : {"requestId":181,"text":{"text":"0123456789 ABCDEFGHIJKLMNOPQRSTUVXYZ","textBlocks":[{"boundingBox":{"bottom":19,"left":39,"right":345,"top":5},"cornerPoints":[{"x":39,"y":5},{"x":345,"y":5},{"x":345,"y":19},{"x":39,"y":19}],"lines":[{"boundingBox":{"bottom":19,"left":39,"right":345,"top":5},"cornerPoints":[{"x":39,"y":5},{"x":345,"y":5},{"x":345,"y":19},{"x":39,"y":19}],"elements":[{"boundingBox":{"bottom":19,"left":39,"right":117,"top":5},"cornerPoints":[{"x":39,"y":5},{"x":117,"y":5},{"x":117,"y":19},{"x":39,"y":19}],"recognizedLanguage":"en","text":"0123456789"},{"boundingBox":{"bottom":19,"left":121,"right":345,"top":5},"cornerPoints":[{"x":121,"y":5},{"x":345,"y":5},{"x":345,"y":19},{"x":121,"y":19}],"recognizedLanguage":"en","text":"ABCDEFGHIJKLMNOPQRSTUVXYZ"}],"recognizedLanguage":"en","text":"0123456789 ABCDEFGHIJKLMNOPQRSTUVXYZ"}],"recognizedLanguage":"en","text":"0123456789 ABCDEFGHIJKLMNOPQRSTUVXYZ"}]}}
08-21 20:14:58.557  7730  7773 E Unity   : 	Success 1 0123456789 ABCDEFGHIJKLMNOPQRSTUVXYZ
08-21 20:14:58.557  7730  7773 E Unity   : MLKitWrapper:OnComplete(String)
08-21 20:14:58.557  7730  7773 E Unity   : 
08-21 20:14:58.570  7730  7773 I Unity   : MLKit: GetResult() : id=-2147483648
08-21 20:14:58.571  7730  7773 I Unity   : MLKit: Abort id=-2147483648
08-21 20:14:58.571  7730  7773 I Unity   : Evaluation: words=2 zones=1 16 16
08-21 20:14:58.572  7730  7773 I Unity   : Word: 0123456789 -> (39.00, 5.00) (117.00, 19.00)
08-21 20:14:58.572  7730  7773 I Unity   : 	Zone: 0 (210.00, 48.00) (384.00, 168.00) collide:False
