08-14 23:01:42.152  1469  2048 I InputDispatcher: Focus left window: Window{eef1cca u0 com.hirasho.eduTomoTrial/com.unity3d.player.UnityPlayerActivity} in display 0
08-14 23:01:42.152  1469  2048 I InputDispatcher: Focus entered window: recents_animation_input_consumer in display 0
08-14 23:01:42.155   610   768 I hwcomposer: [HWCLayer] setHwlayerType(), id:3148, release queue sp, type 3 -> 0  
08-14 23:01:42.155   610   768 I hwcomposer: [DBQ] (q2:0xb4000073adbea460) Buffer queue is destroyed, m_id(3148)  
08-14 23:01:42.155   610   768 I hwcomposer: [DBQ] (q2:0xb4000073adbea460) ~DisplayBufferQueue(), m_id(3148), release buf  
08-14 23:01:42.155   610   768 I hwcomposer: [DBQ] (q2:0xb4000073adbea460) Free Slot(0), handle=0xb40000734dbe9c10, 9849600 -> 0  
08-14 23:01:42.156   610   768 I hwcomposer: [DBQ] (q2:0xb4000073adbea460) Free Slot(1), handle=0xb40000734dbec7d0, 9849600 -> 0  
08-14 23:01:42.156   610   768 I hwcomposer: [DBQ] (q2:0xb4000073adbea460) Free Slot(2), handle=0xb40000734dbeb110, 9849600 -> 0  
08-14 23:01:42.162   658   658 I BufferQueueProducer: [FramebufferSurface](this:0xb400007575817710,id:-1,api:1,p:658,c:658) queueBuffer: fps=0.36 dur=52179.84 max=51872.10 min=13.51
08-14 23:01:42.170  1469  2048 I InputDispatcher: setInputWindows displayId=0 Window{23ab89a u0 ScreenDecorOverlay} Window{7adf0c5 u0 NavigationBar0} Window{5230afb u0 StatusBar} recents_animation_input_consumer Window{eef1cca u0 com.hirasho.eduTomoTrial/com.unity3d.player.UnityPlayerActivity} SurfaceView - com.hirasho.eduTomoTrial/com.unity3d.player.UnityPlayerActivity#0 Window{48ea68f u0 com.android.launcher3/com.android.searchlauncher.SearchLauncher} Window{31ce90f u0 com.android.launcher3/com.android.searchlauncher.SearchLauncher} Window{2082a46 u0 com.android.systemui.ImageWallpaper} 
08-14 23:01:42.186  1469  2048 I InputDispatcher: setInputWindows displayId=0 Window{23ab89a u0 ScreenDecorOverlay} Window{7adf0c5 u0 NavigationBar0} Window{5230afb u0 StatusBar} recents_animation_input_consumer Window{eef1cca u0 com.hirasho.eduTomoTrial/com.unity3d.player.UnityPlayerActivity} SurfaceView - com.hirasho.eduTomoTrial/com.unity3d.player.UnityPlayerActivity#0 Window{48ea68f u0 com.android.launcher3/com.android.searchlauncher.SearchLauncher} Window{31ce90f u0 com.android.launcher3/com.android.searchlauncher.SearchLauncher} Window{2082a46 u0 com.android.systemui.ImageWallpaper} 
08-14 23:01:42.194   658   658 I SurfaceFlinger: operator()(), mtkRenderCntDebug 48693, screenshot (com.android.systemui.ImageWallpaper#0)
08-14 23:01:42.194   658   658 I SurfaceFlinger: operator()(), mtkRenderCntDebug 48693, screenshot (com.android.launcher3/com.android.searchlauncher.SearchLauncher#1)
08-14 23:01:42.194   658   658 I SurfaceFlinger: operator()(), mtkRenderCntDebug 48693, screenshot (Background for -SurfaceView - com.hirasho.eduTomoTrial/com.unity3d.player.UnityPlayerActivity#0)
08-14 23:01:42.194   658   658 I SurfaceFlinger: operator()(), mtkRenderCntDebug 48693, screenshot (SurfaceView - com.hirasho.eduTomoTrial/com.unity3d.player.UnityPlayerActivity#0)
08-14 23:01:42.204  1469  7014 I InputDispatcher: setInputWindows displayId=0 Window{23ab89a u0 ScreenDecorOverlay} Window{7adf0c5 u0 NavigationBar0} Window{5230afb u0 StatusBar} recents_animation_input_consumer Window{eef1cca u0 com.hirasho.eduTomoTrial/com.unity3d.player.UnityPlayerActivity} SurfaceView - com.hirasho.eduTomoTrial/com.unity3d.player.UnityPlayerActivity#0 Window{48ea68f u0 com.android.launcher3/com.android.searchlauncher.SearchLauncher} Window{31ce90f u0 com.android.launcher3/com.android.searchlauncher.SearchLauncher} Window{2082a46 u0 com.android.systemui.ImageWallpaper} 
08-14 23:01:42.207 29765 29841 I Unity   : Main.textRecognizer.GetResult
08-14 23:01:42.207 29765 29841 I Unity   : Main:Update()
08-14 23:01:42.207 29765 29841 I Unity   : 
08-14 23:01:42.213 29765 29841 E Unity   : NullReferenceException: Object reference not set to an instance of an object.
08-14 23:01:42.213 29765 29841 E Unity   :   at TextRecognizer.GetResult () [0x00000] in <00000000000000000000000000000000>:0 
08-14 23:01:42.213 29765 29841 E Unity   :   at Main.Update () [0x00000] in <00000000000000000000000000000000>:0 
08-14 23:01:42.213 29765 29841 E Unity   : 
08-14 23:01:42.219 29765 29841 I Unity   : Main.textRecognizer.GetResult
08-14 23:01:42.219 29765 29841 I Unity   : Main:Update()
08-14 23:01:42.219 29765 29841 I Unity   : 
08-14 23:01:42.220  1469  7014 I InputDispatcher: setInputWindows displayId=0 Window{23ab89a u0 ScreenDecorOverlay} Window{7adf0c5 u0 NavigationBar0} Window{5230afb u0 StatusBar} recents_animation_input_consumer Window{eef1cca u0 com.hirasho.eduTomoTrial/com.unity3d.player.UnityPlayerActivity} SurfaceView - com.hirasho.eduTomoTrial/com.unity3d.player.UnityPlayerActivity#0 Window{48ea68f u0 com.android.launcher3/com.android.searchlauncher.SearchLauncher} Window{31ce90f u0 com.android.launcher3/com.android.searchlauncher.SearchLauncher} Window{2082a46 u0 com.android.systemui.ImageWallpaper} 
08-14 23:01:42.225 29765 29841 E Unity   : NullReferenceException: Object reference not set to an instance of an object.
08-14 23:01:42.225 29765 29841 E Unity   :   at TextRecognizer.GetResult () [0x00000] in <00000000000000000000000000000000>:0 
08-14 23:01:42.225 29765 29841 E Unity   :   at Main.Update () [0x00000] in <00000000000000000000000000000000>:0 
08-14 23:01:42.225 29765 29841 E Unity   : 
08-14 23:01:42.234 29765 29841 I Unity   : Main.textRecognizer.GetResult
08-14 23:01:42.234 29765 29841 I Unity   : Main:Update()
08-14 23:01:42.234 29765 29841 I Unity   : 
08-14 23:01:42.239  1469  7014 I InputDispatcher: setInputWindows displayId=0 Window{23ab89a u0 ScreenDecorOverlay} Window{7adf0c5 u0 NavigationBar0} Window{5230afb u0 StatusBar} recents_animation_input_consumer Window{eef1cca u0 com.hirasho.eduTomoTrial/com.unity3d.player.UnityPlayerActivity} SurfaceView - com.hirasho.eduTomoTrial/com.unity3d.player.UnityPlayerActivity#0 Window{48ea68f u0 com.android.launcher3/com.android.searchlauncher.SearchLauncher} Window{31ce90f u0 com.android.launcher3/com.android.searchlauncher.SearchLauncher} Window{2082a46 u0 com.android.systemui.ImageWallpaper} 
08-14 23:01:42.241 29765 29841 E Unity   : NullReferenceException: Object reference not set to an instance of an object.
08-14 23:01:42.241 29765 29841 E Unity   :   at TextRecognizer.GetResult () [0x00000] in <00000000000000000000000000000000>:0 
08-14 23:01:42.241 29765 29841 E Unity   :   at Main.Update () [0x00000] in <00000000000000000000000000000000>:0 
08-14 23:01:42.241 29765 29841 E Unity   : 
08-14 23:01:42.249 29765 29841 I Unity   : Main.textRecognizer.GetResult
08-14 23:01:42.249 29765 29841 I Unity   : Main:Update()
08-14 23:01:42.249 29765 29841 I Unity   : 
08-14 23:01:42.255 29765 29841 E Unity   : NullReferenceException: Object reference not set to an instance of an object.
08-14 23:01:42.255 29765 29841 E Unity   :   at TextRecognizer.GetResult () [0x00000] in <00000000000000000000000000000000>:0 
08-14 23:01:42.255 29765 29841 E Unity   :   at Main.Update () [0x00000] in <00000000000000000000000000000000>:0 
08-14 23:01:42.255 29765 29841 E Unity   : 
08-14 23:01:42.255  1469  7014 I InputDispatcher: setInputWindows displayId=0 Window{23ab89a u0 ScreenDecorOverlay} Window{7adf0c5 u0 NavigationBar0} Window{5230afb u0 StatusBar} recents_animation_input_consumer Window{eef1cca u0 com.hirasho.eduTomoTrial/com.unity3d.player.UnityPlayerActivity} SurfaceView - com.hirasho.eduTomoTrial/com.unity3d.player.UnityPlayerActivity#0 Window{48ea68f u0 com.android.launcher3/com.android.searchlauncher.SearchLauncher} Window{31ce90f u0 com.android.launcher3/com.android.searchlauncher.SearchLauncher} Window{2082a46 u0 com.android.systemui.ImageWallpaper} 
08-14 23:01:42.262 29765 29841 I Unity   : Main.textRecognizer.GetResult
08-14 23:01:42.262 29765 29841 I Unity   : Main:Update()
08-14 23:01:42.262 29765 29841 I Unity   : 
08-14 23:01:42.268 29765 29841 E Unity   : NullReferenceException: Object reference not set to an instance of an object.
08-14 23:01:42.268 29765 29841 E Unity   :   at TextRecognizer.GetResult () [0x00000] in <00000000000000000000000000000000>:0 
08-14 23:01:42.268 29765 29841 E Unity   :   at Main.Update () [0x00000] in <00000000000000000000000000000000>:0 
08-14 23:01:42.268 29765 29841 E Unity   : 
08-14 23:01:42.274  1469  7014 I InputDispatcher: setInputWindows displayId=0 Window{23ab89a u0 ScreenDecorOverlay} Window{7adf0c5 u0 NavigationBar0} Window{5230afb u0 StatusBar} recents_animation_input_consumer Window{eef1cca u0 com.hirasho.eduTomoTrial/com.unity3d.player.UnityPlayerActivity} SurfaceView - com.hirasho.eduTomoTrial/com.unity3d.player.UnityPlayerActivity#0 Window{48ea68f u0 com.android.launcher3/com.android.searchlauncher.SearchLauncher} Window{31ce90f u0 com.android.launcher3/com.android.searchlauncher.SearchLauncher} Window{2082a46 u0 com.android.systemui.ImageWallpaper} 
08-14 23:01:42.276 29765 29841 I Unity   : Main.textRecognizer.GetResult
08-14 23:01:42.276 29765 29841 I Unity   : Main:Update()
08-14 23:01:42.276 29765 29841 I Unity   : 
08-14 23:01:42.283 29765 29841 E Unity   : NullReferenceException: Object reference not set to an instance of an object.
08-14 23:01:42.283 29765 29841 E Unity   :   at TextRecognizer.GetResult () [0x00000] in <00000000000000000000000000000000>:0 
08-14 23:01:42.283 29765 29841 E Unity   :   at Main.Update () [0x00000] in <00000000000000000000000000000000>:0 
08-14 23:01:42.283 29765 29841 E Unity   : 
08-14 23:01:42.291 29765 29841 I Unity   : Main.textRecognizer.GetResult
08-14 23:01:42.291 29765 29841 I Unity   : Main:Update()
08-14 23:01:42.291 29765 29841 I Unity   : 
08-14 23:01:42.291  1469  7014 I InputDispatcher: setInputWindows displayId=0 Window{23ab89a u0 ScreenDecorOverlay} Window{7adf0c5 u0 NavigationBar0} Window{5230afb u0 StatusBar} recents_animation_input_consumer Window{eef1cca u0 com.hirasho.eduTomoTrial/com.unity3d.player.UnityPlayerActivity} SurfaceView - com.hirasho.eduTomoTrial/com.unity3d.player.UnityPlayerActivity#0 Window{48ea68f u0 com.android.launcher3/com.android.searchlauncher.SearchLauncher} Window{31ce90f u0 com.android.launcher3/com.android.searchlauncher.SearchLauncher} Window{2082a46 u0 com.android.systemui.ImageWallpaper} 
08-14 23:01:42.297 29765 29841 E Unity   : NullReferenceException: Object reference not set to an instance of an object.
08-14 23:01:42.297 29765 29841 E Unity   :   at TextRecognizer.GetResult () [0x00000] in <00000000000000000000000000000000>:0 
08-14 23:01:42.297 29765 29841 E Unity   :   at Main.Update () [0x00000] in <00000000000000000000000000000000>:0 
08-14 23:01:42.297 29765 29841 E Unity   : 
08-14 23:01:42.306 29765 29841 I Unity   : Main.textRecognizer.GetResult
08-14 23:01:42.306 29765 29841 I Unity   : Main:Update()
08-14 23:01:42.306 29765 29841 I Unity   : 
08-14 23:01:42.309  1469  7014 I InputDispatcher: setInputWindows displayId=0 Window{23ab89a u0 ScreenDecorOverlay} Window{7adf0c5 u0 NavigationBar0} Window{5230afb u0 StatusBar} recents_animation_input_consumer Window{eef1cca u0 com.hirasho.eduTomoTrial/com.unity3d.player.UnityPlayerActivity} SurfaceView - com.hirasho.eduTomoTrial/com.unity3d.player.UnityPlayerActivity#0 Window{48ea68f u0 com.android.launcher3/com.android.searchlauncher.SearchLauncher} Window{31ce90f u0 com.android.launcher3/com.android.searchlauncher.SearchLauncher} Window{2082a46 u0 com.android.systemui.ImageWallpaper} 
08-14 23:01:42.312 29765 29841 E Unity   : NullReferenceException: Object reference not set to an instance of an object.
08-14 23:01:42.312 29765 29841 E Unity   :   at TextRecognizer.GetResult () [0x00000] in <00000000000000000000000000000000>:0 
08-14 23:01:42.312 29765 29841 E Unity   :   at Main.Update () [0x00000] in <00000000000000000000000000000000>:0 
08-14 23:01:42.312 29765 29841 E Unity   : 
08-14 23:01:42.316   658   658 I SurfaceFlinger: operator()(), mtkRenderCntDebug 48694, screenshot (com.android.systemui.ImageWallpaper#0)
08-14 23:01:42.316   658   658 I SurfaceFlinger: operator()(), mtkRenderCntDebug 48694, screenshot (com.android.launcher3/com.android.searchlauncher.SearchLauncher#1)
08-14 23:01:42.324 29765 29841 I Unity   : Main.textRecognizer.GetResult
08-14 23:01:42.324 29765 29841 I Unity   : Main:Update()
08-14 23:01:42.324 29765 29841 I Unity   : 
08-14 23:01:42.327  1469  7014 I InputDispatcher: setInputWindows displayId=0 Window{23ab89a u0 ScreenDecorOverlay} Window{7adf0c5 u0 NavigationBar0} Window{5230afb u0 StatusBar} recents_animation_input_consumer Window{eef1cca u0 com.hirasho.eduTomoTrial/com.unity3d.player.UnityPlayerActivity} SurfaceView - com.hirasho.eduTomoTrial/com.unity3d.player.UnityPlayerActivity#0 Window{48ea68f u0 com.android.launcher3/com.android.searchlauncher.SearchLauncher} Window{31ce90f u0 com.android.launcher3/com.android.searchlauncher.SearchLauncher} Window{2082a46 u0 com.android.systemui.ImageWallpaper} 
08-14 23:01:42.330 29765 29841 E Unity   : NullReferenceException: Object reference not set to an instance of an object.
08-14 23:01:42.330 29765 29841 E Unity   :   at TextRecognizer.GetResult () [0x00000] in <00000000000000000000000000000000>:0 
08-14 23:01:42.330 29765 29841 E Unity   :   at Main.Update () [0x00000] in <00000000000000000000000000000000>:0 
08-14 23:01:42.330 29765 29841 E Unity   : 
08-14 23:01:42.342 29765 29841 I Unity   : Main.textRecognizer.GetResult
08-14 23:01:42.342 29765 29841 I Unity   : Main:Update()
08-14 23:01:42.342 29765 29841 I Unity   : 
08-14 23:01:42.344  1469  7014 I InputDispatcher: setInputWindows displayId=0 Window{23ab89a u0 ScreenDecorOverlay} Window{7adf0c5 u0 NavigationBar0} Window{5230afb u0 StatusBar} recents_animation_input_consumer Window{eef1cca u0 com.hirasho.eduTomoTrial/com.unity3d.player.UnityPlayerActivity} SurfaceView - com.hirasho.eduTomoTrial/com.unity3d.player.UnityPlayerActivity#0 Window{48ea68f u0 com.android.launcher3/com.android.searchlauncher.SearchLauncher} Window{31ce90f u0 com.android.launcher3/com.android.searchlauncher.SearchLauncher} Window{2082a46 u0 com.android.systemui.ImageWallpaper} 
08-14 23:01:42.346   658   786 I BufferQueueProducer: [NavigationBar0#0](this:0xb400007585837e38,id:5,api:1,p:1659,c:658) queueBuffer: fps=7.85 dur=4584.01 max=3852.57 min=3.73
08-14 23:01:42.349 29765 29841 E Unity   : NullReferenceException: Object reference not set to an instance of an object.
08-14 23:01:42.349 29765 29841 E Unity   :   at TextRecognizer.GetResult () [0x00000] in <00000000000000000000000000000000>:0 
08-14 23:01:42.349 29765 29841 E Unity   :   at Main.Update () [0x00000] in <00000000000000000000000000000000>:0 
08-14 23:01:42.349 29765 29841 E Unity   : 
08-14 23:01:42.360 29765 29841 I Unity   : Main.textRecognizer.GetResult
08-14 23:01:42.360 29765 29841 I Unity   : Main:Update()
08-14 23:01:42.360 29765 29841 I Unity   : 
08-14 23:01:42.361  1469  7014 I InputDispatcher: setInputWindows displayId=0 Window{23ab89a u0 ScreenDecorOverlay} Window{7adf0c5 u0 NavigationBar0} Window{5230afb u0 StatusBar} recents_animation_input_consumer Window{eef1cca u0 com.hirasho.eduTomoTrial/com.unity3d.player.UnityPlayerActivity} SurfaceView - com.hirasho.eduTomoTrial/com.unity3d.player.UnityPlayerActivity#0 Window{48ea68f u0 com.android.launcher3/com.android.searchlauncher.SearchLauncher} Window{31ce90f u0 com.android.launcher3/com.android.searchlauncher.SearchLauncher} Window{2082a46 u0 com.android.systemui.ImageWallpaper} 
08-14 23:01:42.366 29765 29841 E Unity   : NullReferenceException: Object reference not set to an instance of an object.
08-14 23:01:42.366 29765 29841 E Unity   :   at TextRecognizer.GetResult () [0x00000] in <00000000000000000000000000000000>:0 
08-14 23:01:42.366 29765 29841 E Unity   :   at Main.Update () [0x00000] in <00000000000000000000000000000000>:0 
08-14 23:01:42.366 29765 29841 E Unity   : 
08-14 23:01:42.377 29765 29841 I Unity   : Main.textRecognizer.GetResult
08-14 23:01:42.377 29765 29841 I Unity   : Main:Update()
08-14 23:01:42.377 29765 29841 I Unity   : 
08-14 23:01:42.379  1469  7014 I InputDispatcher: setInputWindows displayId=0 Window{23ab89a u0 ScreenDecorOverlay} Window{7adf0c5 u0 NavigationBar0} Window{5230afb u0 StatusBar} recents_animation_input_consumer Window{eef1cca u0 com.hirasho.eduTomoTrial/com.unity3d.player.UnityPlayerActivity} SurfaceView - com.hirasho.eduTomoTrial/com.unity3d.player.UnityPlayerActivity#0 Window{48ea68f u0 com.android.launcher3/com.android.searchlauncher.SearchLauncher} Window{31ce90f u0 com.android.launcher3/com.android.searchlauncher.SearchLauncher} Window{2082a46 u0 com.android.systemui.ImageWallpaper} 
08-14 23:01:42.384 29765 29841 E Unity   : NullReferenceException: Object reference not set to an instance of an object.
08-14 23:01:42.384 29765 29841 E Unity   :   at TextRecognizer.GetResult () [0x00000] in <00000000000000000000000000000000>:0 
08-14 23:01:42.384 29765 29841 E Unity   :   at Main.Update () [0x00000] in <00000000000000000000000000000000>:0 
08-14 23:01:42.384 29765 29841 E Unity   : 
08-14 23:01:42.395 29765 29841 I Unity   : Main.textRecognizer.GetResult
08-14 23:01:42.395 29765 29841 I Unity   : Main:Update()
08-14 23:01:42.395 29765 29841 I Unity   : 
08-14 23:01:42.395  1469  7014 I InputDispatcher: setInputWindows displayId=0 Window{23ab89a u0 ScreenDecorOverlay} Window{7adf0c5 u0 NavigationBar0} Window{5230afb u0 StatusBar} recents_animation_input_consumer Window{eef1cca u0 com.hirasho.eduTomoTrial/com.unity3d.player.UnityPlayerActivity} SurfaceView - com.hirasho.eduTomoTrial/com.unity3d.player.UnityPlayerActivity#0 Window{48ea68f u0 com.android.launcher3/com.android.searchlauncher.SearchLauncher} Window{31ce90f u0 com.android.launcher3/com.android.searchlauncher.SearchLauncher} Window{2082a46 u0 com.android.systemui.ImageWallpaper} 
08-14 23:01:42.402 29765 29841 E Unity   : NullReferenceException: Object reference not set to an instance of an object.
08-14 23:01:42.402 29765 29841 E Unity   :   at TextRecognizer.GetResult () [0x00000] in <00000000000000000000000000000000>:0 
08-14 23:01:42.402 29765 29841 E Unity   :   at Main.Update () [0x00000] in <00000000000000000000000000000000>:0 
08-14 23:01:42.402 29765 29841 E Unity   : 
08-14 23:01:42.410 29765 29841 I Unity   : Main.textRecognizer.GetResult
08-14 23:01:42.410 29765 29841 I Unity   : Main:Update()
08-14 23:01:42.410 29765 29841 I Unity   : 
08-14 23:01:42.412  1469  7014 I InputDispatcher: setInputWindows displayId=0 Window{23ab89a u0 ScreenDecorOverlay} Window{7adf0c5 u0 NavigationBar0} Window{5230afb u0 StatusBar} recents_animation_input_consumer Window{eef1cca u0 com.hirasho.eduTomoTrial/com.unity3d.player.UnityPlayerActivity} SurfaceView - com.hirasho.eduTomoTrial/com.unity3d.player.UnityPlayerActivity#0 Window{48ea68f u0 com.android.launcher3/com.android.searchlauncher.SearchLauncher} Window{31ce90f u0 com.android.launcher3/com.android.searchlauncher.SearchLauncher} Window{2082a46 u0 com.android.systemui.ImageWallpaper} 
08-14 23:01:42.417 29765 29841 E Unity   : NullReferenceException: Object reference not set to an instance of an object.
08-14 23:01:42.417 29765 29841 E Unity   :   at TextRecognizer.GetResult () [0x00000] in <00000000000000000000000000000000>:0 
08-14 23:01:42.417 29765 29841 E Unity   :   at Main.Update () [0x00000] in <00000000000000000000000000000000>:0 
08-14 23:01:42.417 29765 29841 E Unity   : 
08-14 23:01:42.419   658   658 I SurfaceFlinger: operator()(), mtkRenderCntDebug 48695, screenshot (com.android.systemui.ImageWallpaper#0)
08-14 23:01:42.420   658   658 I SurfaceFlinger: operator()(), mtkRenderCntDebug 48695, screenshot (com.android.launcher3/com.android.searchlauncher.SearchLauncher#1)
08-14 23:01:42.425 29765 29841 I Unity   : Main.textRecognizer.GetResult
08-14 23:01:42.425 29765 29841 I Unity   : Main:Update()
08-14 23:01:42.425 29765 29841 I Unity   : 
08-14 23:01:42.431  1469  7014 I InputDispatcher: setInputWindows displayId=0 Window{23ab89a u0 ScreenDecorOverlay} Window{7adf0c5 u0 NavigationBar0} Window{5230afb u0 StatusBar} recents_animation_input_consumer Window{eef1cca u0 com.hirasho.eduTomoTrial/com.unity3d.player.UnityPlayerActivity} SurfaceView - com.hirasho.eduTomoTrial/com.unity3d.player.UnityPlayerActivity#0 Window{48ea68f u0 com.android.launcher3/com.android.searchlauncher.SearchLauncher} Window{31ce90f u0 com.android.launcher3/com.android.searchlauncher.SearchLauncher} Window{2082a46 u0 com.android.systemui.ImageWallpaper} 
08-14 23:01:42.432 29765 29841 E Unity   : NullReferenceException: Object reference not set to an instance of an object.
08-14 23:01:42.432 29765 29841 E Unity   :   at TextRecognizer.GetResult () [0x00000] in <00000000000000000000000000000000>:0 
08-14 23:01:42.432 29765 29841 E Unity   :   at Main.Update () [0x00000] in <00000000000000000000000000000000>:0 
08-14 23:01:42.432 29765 29841 E Unity   : 
08-14 23:01:42.443 29765 29841 I Unity   : Main.textRecognizer.GetResult
08-14 23:01:42.443 29765 29841 I Unity   : Main:Update()
08-14 23:01:42.443 29765 29841 I Unity   : 
08-14 23:01:42.447  1469  7014 I InputDispatcher: setInputWindows displayId=0 Window{23ab89a u0 ScreenDecorOverlay} Window{7adf0c5 u0 NavigationBar0} Window{5230afb u0 StatusBar} recents_animation_input_consumer Window{eef1cca u0 com.hirasho.eduTomoTrial/com.unity3d.player.UnityPlayerActivity} SurfaceView - com.hirasho.eduTomoTrial/com.unity3d.player.UnityPlayerActivity#0 Window{48ea68f u0 com.android.launcher3/com.android.searchlauncher.SearchLauncher} Window{31ce90f u0 com.android.launcher3/com.android.searchlauncher.SearchLauncher} Window{2082a46 u0 com.android.systemui.ImageWallpaper} 
08-14 23:01:42.452 29765 29841 E Unity   : NullReferenceException: Object reference not set to an instance of an object.
08-14 23:01:42.452 29765 29841 E Unity   :   at TextRecognizer.GetResult () [0x00000] in <00000000000000000000000000000000>:0 
08-14 23:01:42.452 29765 29841 E Unity   :   at Main.Update () [0x00000] in <00000000000000000000000000000000>:0 
08-14 23:01:42.452 29765 29841 E Unity   : 
08-14 23:01:42.459 29765 29841 I Unity   : Main.textRecognizer.GetResult
08-14 23:01:42.459 29765 29841 I Unity   : Main:Update()
08-14 23:01:42.459 29765 29841 I Unity   : 
08-14 23:01:42.463  1469  7014 I InputDispatcher: setInputWindows displayId=0 Window{23ab89a u0 ScreenDecorOverlay} Window{7adf0c5 u0 NavigationBar0} Window{5230afb u0 StatusBar} recents_animation_input_consumer Window{eef1cca u0 com.hirasho.eduTomoTrial/com.unity3d.player.UnityPlayerActivity} SurfaceView - com.hirasho.eduTomoTrial/com.unity3d.player.UnityPlayerActivity#0 Window{48ea68f u0 com.android.launcher3/com.android.searchlauncher.SearchLauncher} Window{31ce90f u0 com.android.launcher3/com.android.searchlauncher.SearchLauncher} Window{2082a46 u0 com.android.systemui.ImageWallpaper} 
08-14 23:01:42.466 29765 29841 E Unity   : NullReferenceException: Object reference not set to an instance of an object.
08-14 23:01:42.466 29765 29841 E Unity   :   at TextRecognizer.GetResult () [0x00000] in <00000000000000000000000000000000>:0 
08-14 23:01:42.466 29765 29841 E Unity   :   at Main.Update () [0x00000] in <00000000000000000000000000000000>:0 
08-14 23:01:42.466 29765 29841 E Unity   : 
08-14 23:01:42.477 29765 29841 I Unity   : Main.textRecognizer.GetResult
08-14 23:01:42.477 29765 29841 I Unity   : Main:Update()
08-14 23:01:42.477 29765 29841 I Unity   : 
08-14 23:01:42.480  1469  7014 I InputDispatcher: setInputWindows displayId=0 Window{23ab89a u0 ScreenDecorOverlay} Window{7adf0c5 u0 NavigationBar0} Window{5230afb u0 StatusBar} recents_animation_input_consumer Window{eef1cca u0 com.hirasho.eduTomoTrial/com.unity3d.player.UnityPlayerActivity} SurfaceView - com.hirasho.eduTomoTrial/com.unity3d.player.UnityPlayerActivity#0 Window{48ea68f u0 com.android.launcher3/com.android.searchlauncher.SearchLauncher} Window{31ce90f u0 com.android.launcher3/com.android.searchlauncher.SearchLauncher} Window{2082a46 u0 com.android.systemui.ImageWallpaper} 
08-14 23:01:42.483 29765 29841 E Unity   : NullReferenceException: Object reference not set to an instance of an object.
08-14 23:01:42.483 29765 29841 E Unity   :   at TextRecognizer.GetResult () [0x00000] in <00000000000000000000000000000000>:0 
08-14 23:01:42.483 29765 29841 E Unity   :   at Main.Update () [0x00000] in <00000000000000000000000000000000>:0 
08-14 23:01:42.483 29765 29841 E Unity   : 
08-14 23:01:42.493 29765 29841 I Unity   : Main.textRecognizer.GetResult
08-14 23:01:42.493 29765 29841 I Unity   : Main:Update()
08-14 23:01:42.493 29765 29841 I Unity   : 
08-14 23:01:42.497  1469  7014 I InputDispatcher: setInputWindows displayId=0 Window{23ab89a u0 ScreenDecorOverlay} Window{7adf0c5 u0 NavigationBar0} Window{5230afb u0 StatusBar} recents_animation_input_consumer Window{eef1cca u0 com.hirasho.eduTomoTrial/com.unity3d.player.UnityPlayerActivity} SurfaceView - com.hirasho.eduTomoTrial/com.unity3d.player.UnityPlayerActivity#0 Window{48ea68f u0 com.android.launcher3/com.android.searchlauncher.SearchLauncher} Window{31ce90f u0 com.android.launcher3/com.android.searchlauncher.SearchLauncher} Window{2082a46 u0 com.android.systemui.ImageWallpaper} 
08-14 23:01:42.499 29765 29841 E Unity   : NullReferenceException: Object reference not set to an instance of an object.
08-14 23:01:42.499 29765 29841 E Unity   :   at TextRecognizer.GetResult () [0x00000] in <00000000000000000000000000000000>:0 
08-14 23:01:42.499 29765 29841 E Unity   :   at Main.Update () [0x00000] in <00000000000000000000000000000000>:0 
08-14 23:01:42.499 29765 29841 E Unity   : 
08-14 23:01:42.510 29765 29841 I Unity   : Main.textRecognizer.GetResult
08-14 23:01:42.510 29765 29841 I Unity   : Main:Update()
08-14 23:01:42.510 29765 29841 I Unity   : 
08-14 23:01:42.514  1469  7014 I InputDispatcher: setInputWindows displayId=0 Window{23ab89a u0 ScreenDecorOverlay} Window{7adf0c5 u0 NavigationBar0} Window{5230afb u0 StatusBar} recents_animation_input_consumer Window{eef1cca u0 com.hirasho.eduTomoTrial/com.unity3d.player.UnityPlayerActivity} SurfaceView - com.hirasho.eduTomoTrial/com.unity3d.player.UnityPlayerActivity#0 Window{48ea68f u0 com.android.launcher3/com.android.searchlauncher.SearchLauncher} Window{31ce90f u0 com.android.launcher3/com.android.searchlauncher.SearchLauncher} Window{2082a46 u0 com.android.systemui.ImageWallpaper} 
08-14 23:01:42.515 29765 29841 E Unity   : NullReferenceException: Object reference not set to an instance of an object.
08-14 23:01:42.515 29765 29841 E Unity   :   at TextRecognizer.GetResult () [0x00000] in <00000000000000000000000000000000>:0 
08-14 23:01:42.515 29765 29841 E Unity   :   at Main.Update () [0x00000] in <00000000000000000000000000000000>:0 
08-14 23:01:42.515 29765 29841 E Unity   : 
08-14 23:01:42.520   658   658 I SurfaceFlinger: operator()(), mtkRenderCntDebug 48696, screenshot (com.android.systemui.ImageWallpaper#0)
08-14 23:01:42.520   658   658 I SurfaceFlinger: operator()(), mtkRenderCntDebug 48696, screenshot (com.android.launcher3/com.android.searchlauncher.SearchLauncher#1)
08-14 23:01:42.527 29765 29841 I Unity   : Main.textRecognizer.GetResult
08-14 23:01:42.527 29765 29841 I Unity   : Main:Update()
08-14 23:01:42.527 29765 29841 I Unity   : 
08-14 23:01:42.532  1469  7014 I InputDispatcher: setInputWindows displayId=0 Window{23ab89a u0 ScreenDecorOverlay} Window{7adf0c5 u0 NavigationBar0} Window{5230afb u0 StatusBar} recents_animation_input_consumer Window{eef1cca u0 com.hirasho.eduTomoTrial/com.unity3d.player.UnityPlayerActivity} SurfaceView - com.hirasho.eduTomoTrial/com.unity3d.player.UnityPlayerActivity#0 Window{48ea68f u0 com.android.launcher3/com.android.searchlauncher.SearchLauncher} Window{31ce90f u0 com.android.launcher3/com.android.searchlauncher.SearchLauncher} Window{2082a46 u0 com.android.systemui.ImageWallpaper} 
08-14 23:01:42.533 29765 29841 E Unity   : NullReferenceException: Object reference not set to an instance of an object.
08-14 23:01:42.533 29765 29841 E Unity   :   at TextRecognizer.GetResult () [0x00000] in <00000000000000000000000000000000>:0 
08-14 23:01:42.533 29765 29841 E Unity   :   at Main.Update () [0x00000] in <00000000000000000000000000000000>:0 
08-14 23:01:42.533 29765 29841 E Unity   : 
08-14 23:01:42.544 29765 29841 I Unity   : Main.textRecognizer.GetResult
08-14 23:01:42.544 29765 29841 I Unity   : Main:Update()
08-14 23:01:42.544 29765 29841 I Unity   : 
08-14 23:01:42.549  1469  7014 I InputDispatcher: setInputWindows displayId=0 Window{23ab89a u0 ScreenDecorOverlay} Window{7adf0c5 u0 NavigationBar0} Window{5230afb u0 StatusBar} recents_animation_input_consumer Window{eef1cca u0 com.hirasho.eduTomoTrial/com.unity3d.player.UnityPlayerActivity} SurfaceView - com.hirasho.eduTomoTrial/com.unity3d.player.UnityPlayerActivity#0 Window{48ea68f u0 com.android.launcher3/com.android.searchlauncher.SearchLauncher} Window{31ce90f u0 com.android.launcher3/com.android.searchlauncher.SearchLauncher} Window{2082a46 u0 com.android.systemui.ImageWallpaper} 
08-14 23:01:42.550 29765 29841 E Unity   : NullReferenceException: Object reference not set to an instance of an object.
08-14 23:01:42.550 29765 29841 E Unity   :   at TextRecognizer.GetResult () [0x00000] in <00000000000000000000000000000000>:0 
08-14 23:01:42.550 29765 29841 E Unity   :   at Main.Update () [0x00000] in <00000000000000000000000000000000>:0 
08-14 23:01:42.550 29765 29841 E Unity   : 
08-14 23:01:42.561 29765 29841 I Unity   : Main.textRecognizer.GetResult
08-14 23:01:42.561 29765 29841 I Unity   : Main:Update()
08-14 23:01:42.561 29765 29841 I Unity   : 
08-14 23:01:42.566  1469  7014 I InputDispatcher: setInputWindows displayId=0 Window{23ab89a u0 ScreenDecorOverlay} Window{7adf0c5 u0 NavigationBar0} Window{5230afb u0 StatusBar} recents_animation_input_consumer Window{eef1cca u0 com.hirasho.eduTomoTrial/com.unity3d.player.UnityPlayerActivity} SurfaceView - com.hirasho.eduTomoTrial/com.unity3d.player.UnityPlayerActivity#0 Window{48ea68f u0 com.android.launcher3/com.android.searchlauncher.SearchLauncher} Window{31ce90f u0 com.android.launcher3/com.android.searchlauncher.SearchLauncher} Window{2082a46 u0 com.android.systemui.ImageWallpaper} 
08-14 23:01:42.568 29765 29841 E Unity   : NullReferenceException: Object reference not set to an instance of an object.
08-14 23:01:42.568 29765 29841 E Unity   :   at TextRecognizer.GetResult () [0x00000] in <00000000000000000000000000000000>:0 
08-14 23:01:42.568 29765 29841 E Unity   :   at Main.Update () [0x00000] in <00000000000000000000000000000000>:0 
08-14 23:01:42.568 29765 29841 E Unity   : 
08-14 23:01:42.578 29765 29841 I Unity   : Main.textRecognizer.GetResult
08-14 23:01:42.578 29765 29841 I Unity   : Main:Update()
08-14 23:01:42.578 29765 29841 I Unity   : 
08-14 23:01:42.584  1469  7014 I InputDispatcher: setInputWindows displayId=0 Window{23ab89a u0 ScreenDecorOverlay} Window{7adf0c5 u0 NavigationBar0} Window{5230afb u0 StatusBar} recents_animation_input_consumer Window{eef1cca u0 com.hirasho.eduTomoTrial/com.unity3d.player.UnityPlayerActivity} SurfaceView - com.hirasho.eduTomoTrial/com.unity3d.player.UnityPlayerActivity#0 Window{48ea68f u0 com.android.launcher3/com.android.searchlauncher.SearchLauncher} Window{31ce90f u0 com.android.launcher3/com.android.searchlauncher.SearchLauncher} Window{2082a46 u0 com.android.systemui.ImageWallpaper} 
08-14 23:01:42.584 29765 29841 E Unity   : NullReferenceException: Object reference not set to an instance of an object.
08-14 23:01:42.584 29765 29841 E Unity   :   at TextRecognizer.GetResult () [0x00000] in <00000000000000000000000000000000>:0 
08-14 23:01:42.584 29765 29841 E Unity   :   at Main.Update () [0x00000] in <00000000000000000000000000000000>:0 
08-14 23:01:42.584 29765 29841 E Unity   : 
08-14 23:01:42.597 29765 29841 I Unity   : Main.textRecognizer.GetResult
08-14 23:01:42.597 29765 29841 I Unity   : Main:Update()
08-14 23:01:42.597 29765 29841 I Unity   : 
08-14 23:01:42.601  1469  7014 I InputDispatcher: setInputWindows displayId=0 Window{23ab89a u0 ScreenDecorOverlay} Window{7adf0c5 u0 NavigationBar0} Window{5230afb u0 StatusBar} recents_animation_input_consumer Window{eef1cca u0 com.hirasho.eduTomoTrial/com.unity3d.player.UnityPlayerActivity} SurfaceView - com.hirasho.eduTomoTrial/com.unity3d.player.UnityPlayerActivity#0 Window{48ea68f u0 com.android.launcher3/com.android.searchlauncher.SearchLauncher} Window{31ce90f u0 com.android.launcher3/com.android.searchlauncher.SearchLauncher} Window{2082a46 u0 com.android.systemui.ImageWallpaper} 
08-14 23:01:42.603 29765 29841 E Unity   : NullReferenceException: Object reference not set to an instance of an object.
08-14 23:01:42.603 29765 29841 E Unity   :   at TextRecognizer.GetResult () [0x00000] in <00000000000000000000000000000000>:0 
08-14 23:01:42.603 29765 29841 E Unity   :   at Main.Update () [0x00000] in <00000000000000000000000000000000>:0 
08-14 23:01:42.603 29765 29841 E Unity   : 
08-14 23:01:42.614 29765 29841 I Unity   : Main.textRecognizer.GetResult
08-14 23:01:42.614 29765 29841 I Unity   : Main:Update()
08-14 23:01:42.614 29765 29841 I Unity   : 
08-14 23:01:42.618  1469  7014 I InputDispatcher: setInputWindows displayId=0 Window{23ab89a u0 ScreenDecorOverlay} Window{7adf0c5 u0 NavigationBar0} Window{5230afb u0 StatusBar} recents_animation_input_consumer Window{eef1cca u0 com.hirasho.eduTomoTrial/com.unity3d.player.UnityPlayerActivity} SurfaceView - com.hirasho.eduTomoTrial/com.unity3d.player.UnityPlayerActivity#0 Window{48ea68f u0 com.android.launcher3/com.android.searchlauncher.SearchLauncher} Window{31ce90f u0 com.android.launcher3/com.android.searchlauncher.SearchLauncher} Window{2082a46 u0 com.android.systemui.ImageWallpaper} 
08-14 23:01:42.621 29765 29841 E Unity   : NullReferenceException: Object reference not set to an instance of an object.
08-14 23:01:42.621 29765 29841 E Unity   :   at TextRecognizer.GetResult () [0x00000] in <00000000000000000000000000000000>:0 
08-14 23:01:42.621 29765 29841 E Unity   :   at Main.Update () [0x00000] in <00000000000000000000000000000000>:0 
08-14 23:01:42.621 29765 29841 E Unity   : 
08-14 23:01:42.624   658   658 I SurfaceFlinger: operator()(), mtkRenderCntDebug 48697, screenshot (com.android.systemui.ImageWallpaper#0)
08-14 23:01:42.624   658   658 I SurfaceFlinger: operator()(), mtkRenderCntDebug 48697, screenshot (com.android.launcher3/com.android.searchlauncher.SearchLauncher#1)
08-14 23:01:42.631 29765 29841 I Unity   : Main.textRecognizer.GetResult
08-14 23:01:42.631 29765 29841 I Unity   : Main:Update()
08-14 23:01:42.631 29765 29841 I Unity   : 
08-14 23:01:42.636  1469  7014 I InputDispatcher: setInputWindows displayId=0 Window{23ab89a u0 ScreenDecorOverlay} Window{7adf0c5 u0 NavigationBar0} Window{5230afb u0 StatusBar} recents_animation_input_consumer Window{eef1cca u0 com.hirasho.eduTomoTrial/com.unity3d.player.UnityPlayerActivity} SurfaceView - com.hirasho.eduTomoTrial/com.unity3d.player.UnityPlayerActivity#0 Window{48ea68f u0 com.android.launcher3/com.android.searchlauncher.SearchLauncher} Window{31ce90f u0 com.android.launcher3/com.android.searchlauncher.SearchLauncher} Window{2082a46 u0 com.android.systemui.ImageWallpaper} 
08-14 23:01:42.637 29765 29841 E Unity   : NullReferenceException: Object reference not set to an instance of an object.
08-14 23:01:42.637 29765 29841 E Unity   :   at TextRecognizer.GetResult () [0x00000] in <00000000000000000000000000000000>:0 
08-14 23:01:42.637 29765 29841 E Unity   :   at Main.Update () [0x00000] in <00000000000000000000000000000000>:0 
08-14 23:01:42.637 29765 29841 E Unity   : 
08-14 23:01:42.648 29765 29841 I Unity   : Main.textRecognizer.GetResult
08-14 23:01:42.648 29765 29841 I Unity   : Main:Update()
08-14 23:01:42.648 29765 29841 I Unity   : 
08-14 23:01:42.653  1469  7014 I InputDispatcher: setInputWindows displayId=0 Window{23ab89a u0 ScreenDecorOverlay} Window{7adf0c5 u0 NavigationBar0} Window{5230afb u0 StatusBar} recents_animation_input_consumer Window{eef1cca u0 com.hirasho.eduTomoTrial/com.unity3d.player.UnityPlayerActivity} SurfaceView - com.hirasho.eduTomoTrial/com.unity3d.player.UnityPlayerActivity#0 Window{48ea68f u0 com.android.launcher3/com.android.searchlauncher.SearchLauncher} Window{31ce90f u0 com.android.launcher3/com.android.searchlauncher.SearchLauncher} Window{2082a46 u0 com.android.systemui.ImageWallpaper} 
08-14 23:01:42.653 29765 29841 E Unity   : NullReferenceException: Object reference not set to an instance of an object.
08-14 23:01:42.653 29765 29841 E Unity   :   at TextRecognizer.GetResult () [0x00000] in <00000000000000000000000000000000>:0 
08-14 23:01:42.653 29765 29841 E Unity   :   at Main.Update () [0x00000] in <00000000000000000000000000000000>:0 
08-14 23:01:42.653 29765 29841 E Unity   : 
08-14 23:01:42.664 29765 29841 I Unity   : Main.textRecognizer.GetResult
08-14 23:01:42.664 29765 29841 I Unity   : Main:Update()
08-14 23:01:42.664 29765 29841 I Unity   : 
08-14 23:01:42.670  1469  7014 I InputDispatcher: setInputWindows displayId=0 Window{23ab89a u0 ScreenDecorOverlay} Window{7adf0c5 u0 NavigationBar0} Window{5230afb u0 StatusBar} recents_animation_input_consumer Window{eef1cca u0 com.hirasho.eduTomoTrial/com.unity3d.player.UnityPlayerActivity} SurfaceView - com.hirasho.eduTomoTrial/com.unity3d.player.UnityPlayerActivity#0 Window{48ea68f u0 com.android.launcher3/com.android.searchlauncher.SearchLauncher} Window{31ce90f u0 com.android.launcher3/com.android.searchlauncher.SearchLauncher} Window{2082a46 u0 com.android.systemui.ImageWallpaper} 
08-14 23:01:42.670 29765 29841 E Unity   : NullReferenceException: Object reference not set to an instance of an object.
08-14 23:01:42.670 29765 29841 E Unity   :   at TextRecognizer.GetResult () [0x00000] in <00000000000000000000000000000000>:0 
08-14 23:01:42.670 29765 29841 E Unity   :   at Main.Update () [0x00000] in <00000000000000000000000000000000>:0 
08-14 23:01:42.670 29765 29841 E Unity   : 
08-14 23:01:42.681 29765 29841 I Unity   : Main.textRecognizer.GetResult
08-14 23:01:42.681 29765 29841 I Unity   : Main:Update()
08-14 23:01:42.681 29765 29841 I Unity   : 
08-14 23:01:42.687 29765 29841 E Unity   : NullReferenceException: Object reference not set to an instance of an object.
08-14 23:01:42.687 29765 29841 E Unity   :   at TextRecognizer.GetResult () [0x00000] in <00000000000000000000000000000000>:0 
08-14 23:01:42.687 29765 29841 E Unity   :   at Main.Update () [0x00000] in <00000000000000000000000000000000>:0 
08-14 23:01:42.687 29765 29841 E Unity   : 
08-14 23:01:42.687  1469  7014 I InputDispatcher: setInputWindows displayId=0 Window{23ab89a u0 ScreenDecorOverlay} Window{7adf0c5 u0 NavigationBar0} Window{5230afb u0 StatusBar} recents_animation_input_consumer Window{eef1cca u0 com.hirasho.eduTomoTrial/com.unity3d.player.UnityPlayerActivity} SurfaceView - com.hirasho.eduTomoTrial/com.unity3d.player.UnityPlayerActivity#0 Window{48ea68f u0 com.android.launcher3/com.android.searchlauncher.SearchLauncher} Window{31ce90f u0 com.android.launcher3/com.android.searchlauncher.SearchLauncher} Window{2082a46 u0 com.android.systemui.ImageWallpaper} 
08-14 23:01:42.699 29765 29841 I Unity   : Main.textRecognizer.GetResult
08-14 23:01:42.699 29765 29841 I Unity   : Main:Update()
08-14 23:01:42.699 29765 29841 I Unity   : 
08-14 23:01:42.705  1469  2048 I InputDispatcher: setInputWindows displayId=0 Window{23ab89a u0 ScreenDecorOverlay} Window{7adf0c5 u0 NavigationBar0} Window{5230afb u0 StatusBar} recents_animation_input_consumer Window{eef1cca u0 com.hirasho.eduTomoTrial/com.unity3d.player.UnityPlayerActivity} SurfaceView - com.hirasho.eduTomoTrial/com.unity3d.player.UnityPlayerActivity#0 Window{48ea68f u0 com.android.launcher3/com.android.searchlauncher.SearchLauncher} Window{31ce90f u0 com.android.launcher3/com.android.searchlauncher.SearchLauncher} Window{2082a46 u0 com.android.systemui.ImageWallpaper} 
08-14 23:01:42.705 29765 29841 E Unity   : NullReferenceException: Object reference not set to an instance of an object.
08-14 23:01:42.705 29765 29841 E Unity   :   at TextRecognizer.GetResult () [0x00000] in <00000000000000000000000000000000>:0 
08-14 23:01:42.705 29765 29841 E Unity   :   at Main.Update () [0x00000] in <00000000000000000000000000000000>:0 
08-14 23:01:42.705 29765 29841 E Unity   : 
08-14 23:01:42.708   610   768 I hwcomposer: [HWCDisplay] [Display_0 (type:1)] fps:57.778889,dur:1003.83,max:26.38,min:12.89  
08-14 23:01:42.718 29765 29841 I Unity   : Main.textRecognizer.GetResult
08-14 23:01:42.718 29765 29841 I Unity   : Main:Update()
08-14 23:01:42.718 29765 29841 I Unity   : 
08-14 23:01:42.722  1469  2048 I InputDispatcher: setInputWindows displayId=0 Window{23ab89a u0 ScreenDecorOverlay} Window{7adf0c5 u0 NavigationBar0} Window{5230afb u0 StatusBar} recents_animation_input_consumer Window{eef1cca u0 com.hirasho.eduTomoTrial/com.unity3d.player.UnityPlayerActivity} SurfaceView - com.hirasho.eduTomoTrial/com.unity3d.player.UnityPlayerActivity#0 Window{48ea68f u0 com.android.launcher3/com.android.searchlauncher.SearchLauncher} Window{31ce90f u0 com.android.launcher3/com.android.searchlauncher.SearchLauncher} Window{2082a46 u0 com.android.systemui.ImageWallpaper} 
08-14 23:01:42.723   642   642 D Vibrator: Vibrator off
08-14 23:01:42.724   642   642 D Vibrator: Vibrator using timed_output
08-14 23:01:42.724 29765 29841 E Unity   : NullReferenceException: Object reference not set to an instance of an object.
08-14 23:01:42.724 29765 29841 E Unity   :   at TextRecognizer.GetResult () [0x00000] in <00000000000000000000000000000000>:0 
08-14 23:01:42.724 29765 29841 E Unity   :   at Main.Update () [0x00000] in <00000000000000000000000000000000>:0 
08-14 23:01:42.724 29765 29841 E Unity   : 
08-14 23:01:42.724   642   642 D Vibrator: Vibrator perform 1, 0
08-14 23:01:42.724   642   642 I Vibrator: Vibrator on for timeoutMs: 10
08-14 23:01:42.724   642   642 D Vibrator: Vibrator using timed_output
08-14 23:01:42.725  1416  1460 E SENSORS : [Pedo][0352][pedo_uevent_decode]PEDO_VIB_ON_UEVENT
08-14 23:01:42.728   658   658 I SurfaceFlinger: operator()(), mtkRenderCntDebug 48698, screenshot (com.android.systemui.ImageWallpaper#0)
08-14 23:01:42.728   658   658 I SurfaceFlinger: operator()(), mtkRenderCntDebug 48698, screenshot (com.android.launcher3/com.android.searchlauncher.SearchLauncher#1)
08-14 23:01:42.737   642   642 D Vibrator: Vibrator off
08-14 23:01:42.737   642   642 D Vibrator: Vibrator using timed_output
08-14 23:01:42.739  1469  7014 I InputDispatcher: setInputWindows displayId=0 Window{23ab89a u0 ScreenDecorOverlay} Window{7adf0c5 u0 NavigationBar0} Window{5230afb u0 StatusBar} recents_animation_input_consumer Window{eef1cca u0 com.hirasho.eduTomoTrial/com.unity3d.player.UnityPlayerActivity} SurfaceView - com.hirasho.eduTomoTrial/com.unity3d.player.UnityPlayerActivity#0 Window{48ea68f u0 com.android.launcher3/com.android.searchlauncher.SearchLauncher} Window{31ce90f u0 com.android.launcher3/com.android.searchlauncher.SearchLauncher} Window{2082a46 u0 com.android.systemui.ImageWallpaper} 
08-14 23:01:42.741 29765 29841 I Unity   : Main.textRecognizer.GetResult
08-14 23:01:42.741 29765 29841 I Unity   : Main:Update()
08-14 23:01:42.741 29765 29841 I Unity   : 
08-14 23:01:42.748 29765 29841 E Unity   : NullReferenceException: Object reference not set to an instance of an object.
08-14 23:01:42.748 29765 29841 E Unity   :   at TextRecognizer.GetResult () [0x00000] in <00000000000000000000000000000000>:0 
08-14 23:01:42.748 29765 29841 E Unity   :   at Main.Update () [0x00000] in <00000000000000000000000000000000>:0 
08-14 23:01:42.748 29765 29841 E Unity   : 
08-14 23:01:42.751  1416  1460 E SENSORS : [Pedo][0366][pedo_uevent_decode]PEDO_VIB_OFF_UEVENT
08-14 23:01:42.757  1469  7014 I InputDispatcher: setInputWindows displayId=0 Window{23ab89a u0 ScreenDecorOverlay} Window{7adf0c5 u0 NavigationBar0} Window{5230afb u0 StatusBar} recents_animation_input_consumer Window{eef1cca u0 com.hirasho.eduTomoTrial/com.unity3d.player.UnityPlayerActivity} SurfaceView - com.hirasho.eduTomoTrial/com.unity3d.player.UnityPlayerActivity#0 Window{48ea68f u0 com.android.launcher3/com.android.searchlauncher.SearchLauncher} Window{31ce90f u0 com.android.launcher3/com.android.searchlauncher.SearchLauncher} Window{2082a46 u0 com.android.systemui.ImageWallpaper} 
08-14 23:01:42.759 29765 29841 I Unity   : Main.textRecognizer.GetResult
08-14 23:01:42.759 29765 29841 I Unity   : Main:Update()
08-14 23:01:42.759 29765 29841 I Unity   : 
08-14 23:01:42.765 29765 29841 E Unity   : NullReferenceException: Object reference not set to an instance of an object.
08-14 23:01:42.765 29765 29841 E Unity   :   at TextRecognizer.GetResult () [0x00000] in <00000000000000000000000000000000>:0 
08-14 23:01:42.765 29765 29841 E Unity   :   at Main.Update () [0x00000] in <00000000000000000000000000000000>:0 
08-14 23:01:42.765 29765 29841 E Unity   : 
08-14 23:01:42.771 29765 29841 I Unity   : Main.textRecognizer.GetResult
08-14 23:01:42.771 29765 29841 I Unity   : Main:Update()
08-14 23:01:42.771 29765 29841 I Unity   : 
08-14 23:01:42.775  1469  7014 I InputDispatcher: setInputWindows displayId=0 Window{23ab89a u0 ScreenDecorOverlay} Window{7adf0c5 u0 NavigationBar0} Window{5230afb u0 StatusBar} recents_animation_input_consumer Window{eef1cca u0 com.hirasho.eduTomoTrial/com.unity3d.player.UnityPlayerActivity} SurfaceView - com.hirasho.eduTomoTrial/com.unity3d.player.UnityPlayerActivity#0 Window{48ea68f u0 com.android.launcher3/com.android.searchlauncher.SearchLauncher} Window{31ce90f u0 com.android.launcher3/com.android.searchlauncher.SearchLauncher} Window{2082a46 u0 com.android.systemui.ImageWallpaper} 
08-14 23:01:42.777 29765 29841 E Unity   : NullReferenceException: Object reference not set to an instance of an object.
08-14 23:01:42.777 29765 29841 E Unity   :   at TextRecognizer.GetResult () [0x00000] in <00000000000000000000000000000000>:0 
08-14 23:01:42.777 29765 29841 E Unity   :   at Main.Update () [0x00000] in <00000000000000000000000000000000>:0 
08-14 23:01:42.777 29765 29841 E Unity   : 
08-14 23:01:42.782   658  1184 I BufferQueueProducer: [SurfaceView - com.hirasho.eduTomoTrial/com.unity3d.player.UnityPlayerActivity#0](this:0xb4000075858721d8,id:1772,api:1,p:29765,c:658) queueBuffer: fps=55.89 dur=1001.94 max=64.64 min=11.18
08-14 23:01:42.789 29765 29841 I Unity   : Main.textRecognizer.GetResult
08-14 23:01:42.789 29765 29841 I Unity   : Main:Update()
08-14 23:01:42.789 29765 29841 I Unity   : 
08-14 23:01:42.795 29765 29841 E Unity   : NullReferenceException: Object reference not set to an instance of an object.
08-14 23:01:42.795 29765 29841 E Unity   :   at TextRecognizer.GetResult () [0x00000] in <00000000000000000000000000000000>:0 
08-14 23:01:42.795 29765 29841 E Unity   :   at Main.Update () [0x00000] in <00000000000000000000000000000000>:0 
08-14 23:01:42.795 29765 29841 E Unity   : 
08-14 23:01:42.803 29765 29841 I Unity   : Main.textRecognizer.GetResult
08-14 23:01:42.803 29765 29841 I Unity   : Main:Update()
08-14 23:01:42.803 29765 29841 I Unity   : 
08-14 23:01:42.808  1469  7014 I InputDispatcher: setInputWindows displayId=0 Window{23ab89a u0 ScreenDecorOverlay} Window{7adf0c5 u0 NavigationBar0} Window{5230afb u0 StatusBar} recents_animation_input_consumer Window{eef1cca u0 com.hirasho.eduTomoTrial/com.unity3d.player.UnityPlayerActivity} SurfaceView - com.hirasho.eduTomoTrial/com.unity3d.player.UnityPlayerActivity#0 Window{48ea68f u0 com.android.launcher3/com.android.searchlauncher.SearchLauncher} Window{31ce90f u0 com.android.launcher3/com.android.searchlauncher.SearchLauncher} Window{2082a46 u0 com.android.systemui.ImageWallpaper} 
08-14 23:01:42.809 29765 29841 E Unity   : NullReferenceException: Object reference not set to an instance of an object.
08-14 23:01:42.809 29765 29841 E Unity   :   at TextRecognizer.GetResult () [0x00000] in <00000000000000000000000000000000>:0 
08-14 23:01:42.809 29765 29841 E Unity   :   at Main.Update () [0x00000] in <00000000000000000000000000000000>:0 
08-14 23:01:42.809 29765 29841 E Unity   : 
08-14 23:01:42.821 29765 29841 I Unity   : Main.textRecognizer.GetResult
08-14 23:01:42.821 29765 29841 I Unity   : Main:Update()
08-14 23:01:42.821 29765 29841 I Unity   : 
08-14 23:01:42.825  1469  2048 I InputDispatcher: setInputWindows displayId=0 Window{23ab89a u0 ScreenDecorOverlay} Window{7adf0c5 u0 NavigationBar0} Window{5230afb u0 StatusBar} recents_animation_input_consumer Window{eef1cca u0 com.hirasho.eduTomoTrial/com.unity3d.player.UnityPlayerActivity} SurfaceView - com.hirasho.eduTomoTrial/com.unity3d.player.UnityPlayerActivity#0 Window{48ea68f u0 com.android.launcher3/com.android.searchlauncher.SearchLauncher} Window{31ce90f u0 com.android.launcher3/com.android.searchlauncher.SearchLauncher} Window{2082a46 u0 com.android.systemui.ImageWallpaper} 
08-14 23:01:42.827 29765 29841 E Unity   : NullReferenceException: Object reference not set to an instance of an object.
08-14 23:01:42.827 29765 29841 E Unity   :   at TextRecognizer.GetResult () [0x00000] in <00000000000000000000000000000000>:0 
08-14 23:01:42.827 29765 29841 E Unity   :   at Main.Update () [0x00000] in <00000000000000000000000000000000>:0 
08-14 23:01:42.827 29765 29841 E Unity   : 
08-14 23:01:42.832   658   658 I SurfaceFlinger: operator()(), mtkRenderCntDebug 48699, screenshot (com.android.systemui.ImageWallpaper#0)
08-14 23:01:42.832   658   658 I SurfaceFlinger: operator()(), mtkRenderCntDebug 48699, screenshot (com.android.launcher3/com.android.searchlauncher.SearchLauncher#1)
08-14 23:01:42.839 29765 29841 I Unity   : Main.textRecognizer.GetResult
08-14 23:01:42.839 29765 29841 I Unity   : Main:Update()
08-14 23:01:42.839 29765 29841 I Unity   : 
