08-28 00:06:23.567  5154  5198 I Unity   : Anno: 8 1 (328.17, 110.00)
08-28 00:06:23.567  5154  5198 I Unity   : Anno: 8 2 (328.17, 28.00)
08-28 00:06:23.567  5154  5198 I Unity   : Anno: 8 3 (280.31, 28.00)
08-28 00:06:23.614  5154  5198 I Unity   : MLKit Recognize: 300x216 pixelCount=64800 id=262
08-28 00:06:23.638  5154  5198 D MLKit   : input 300x216 pixelCount=64800 id=262
08-28 00:06:23.792  5154  5198 I Unity   : Cont. 93.904132/400	22/30-40
08-28 00:06:23.967  5154  5154 D MLKit   : parseText 27Kg
08-28 00:06:23.967  5154  5154 D MLKit   : 8 2
08-28 00:06:23.967  5154  5154 D MLKit   : parseTextBlock 27Kg 1 (189,22) - (298,84)
08-28 00:06:23.968  5154  5154 D MLKit   : parseLine 27Kg 1 (188,22) - (298,83)
08-28 00:06:23.968  5154  5154 D MLKit   : parseElement 27Kg (188,22) - (298,83)
08-28 00:06:23.968  5154  5154 D MLKit   : parseTextBlock 8 1 (218,104) - (259,190)
08-28 00:06:23.968  5154  5154 D MLKit   : parseLine 8 1 (218,104) - (259,190)
08-28 00:06:23.968  5154  5154 D MLKit   : parseElement 8 (218,104) - (259,190)
08-28 00:06:23.983  5154  5198 I Unity   : MLKitWrapper.OnComplete: json
08-28 00:06:23.983  5154  5198 I Unity   : {"requestId":262,"text":{"text":"27Kg\n8","textBlocks":[{"boundingBox":{"bottom":84,"left":189,"right":298,"top":22},"cornerPoints":[{"x":190,"y":22},{"x":298,"y":25},{"x":297,"y":84},{"x":189,"y":80}],"lines":[{"boundingBox":{"bottom":83,"left":188,"right":298,"top":22},"cornerPoints":[{"x":190,"y":22},{"x":298,"y":25},{"x":296,"y":83},{"x":188,"y":80}],"elements":[{"boundingBox":{"bottom":83,"left":188,"right":298,"top":22},"cornerPoints":[{"x":190,"y":22},{"x":298,"y":25},{"x":296,"y":83},{"x":188,"y":80}],"recognizedLanguage":"und-Latn","text":"27Kg"}],"recognizedLanguage":"und-Latn","text":"27Kg"}],"recognizedLanguage":"und-Latn","text":"27Kg"},{"boundingBox":{"bottom":190,"left":218,"right":259,"top":104},"cornerPoints":[{"x":218,"y":104},{"x":259,"y":104},{"x":259,"y":190},{"x":218,"y":190}],"lines":[{"boundingBox":{"bottom":190,"left":218,"right":259,"top":104},"cornerPoints":[{"x":218,"y":104},{"x":259,"y":104},{"x":259,"y":190},{"x":218,"y":190}],"elements":[{"bounding
08-28 00:06:23.999  5154  5198 I Unity   : MLKit: GetResult() : id=-2147483648
08-28 00:06:23.999  5154  5198 I Unity   : MLKit: Abort id=-2147483648
08-28 00:06:24.577  5154  5198 I Unity   : MLKit Recognize: 229x216 pixelCount=49464 id=263
08-28 00:06:24.593  5154  5198 D MLKit   : input 229x216 pixelCount=49464 id=263
08-28 00:06:24.807  5154  5154 D MLKit   : parseText 27Kg 1
08-28 00:06:24.807  5154  5154 D MLKit   : parseTextBlock 27Kg 1 (141,19) - (230,85)
08-28 00:06:24.807  5154  5154 D MLKit   : parseLine 27Kg 1 (140,19) - (230,85)
08-28 00:06:24.807  5154  5154 D MLKit   : parseElement 27Kg (140,19) - (230,85)
08-28 00:06:24.814  5154  5198 I Unity   : MLKitWrapper.OnComplete: json
08-28 00:06:24.814  5154  5198 I Unity   : {"requestId":263,"text":{"text":"27Kg","textBlocks":[{"boundingBox":{"bottom":85,"left":141,"right":230,"top":19},"cornerPoints":[{"x":146,"y":19},{"x":230,"y":26},{"x":225,"y":85},{"x":141,"y":78}],"lines":[{"boundingBox":{"bottom":85,"left":140,"right":230,"top":19},"cornerPoints":[{"x":146,"y":19},{"x":230,"y":26},{"x":224,"y":85},{"x":140,"y":78}],"elements":[{"boundingBox":{"bottom":85,"left":140,"right":230,"top":19},"cornerPoints":[{"x":146,"y":19},{"x":230,"y":26},{"x":224,"y":85},{"x":140,"y":78}],"recognizedLanguage":"und-Latn","text":"27Kg"}],"recognizedLanguage":"und-Latn","text":"27Kg"}],"recognizedLanguage":"und-Latn","text":"27Kg"}]}}
08-28 00:06:24.830  5154  5198 I Unity   : MLKit: GetResult() : id=-2147483648
08-28 00:06:24.830  5154  5198 I Unity   : MLKit: Abort id=-2147483648
08-28 00:06:24.830  5154  5198 I Unity   : Word: 27Kg -> (234.76, 131.00) (385.68, 197.00)
08-28 00:06:24.831  5154  5198 I Unity   : 	Zone: 0 (225.00, 6.00) (375.00, 126.00) collide:False
08-28 00:06:24.879  5154  5198 I Unity   : MLKit Recognize: 248x216 pixelCount=53568 id=264
08-28 00:06:24.899  5154  5198 D MLKit   : input 248x216 pixelCount=53568 id=264
08-28 00:06:25.118  5154  5154 D MLKit   : parseText 27Kg 1
08-28 00:06:25.118  5154  5154 D MLKit   : parseTextBlock 27Kg 1 (156,24) - (245,84)
08-28 00:06:25.118  5154  5154 D MLKit   : parseLine 27Kg 1 (155,24) - (245,83)
08-28 00:06:25.118  5154  5154 D MLKit   : parseElement 27Kg (155,24) - (245,83)
08-28 00:06:25.124  5154  5198 I Unity   : MLKitWrapper.OnComplete: json
08-28 00:06:25.124  5154  5198 I Unity   : {"requestId":264,"text":{"text":"27Kg","textBlocks":[{"boundingBox":{"bottom":84,"left":156,"right":245,"top":24},"cornerPoints":[{"x":156,"y":24},{"x":245,"y":24},{"x":245,"y":84},{"x":156,"y":83}],"lines":[{"boundingBox":{"bottom":83,"left":155,"right":245,"top":24},"cornerPoints":[{"x":156,"y":24},{"x":245,"y":24},{"x":244,"y":83},{"x":155,"y":83}],"elements":[{"boundingBox":{"bottom":83,"left":155,"right":245,"top":24},"cornerPoints":[{"x":156,"y":24},{"x":245,"y":24},{"x":244,"y":83},{"x":155,"y":83}],"recognizedLanguage":"und-Latn","text":"27Kg"}],"recognizedLanguage":"und-Latn","text":"27Kg"}],"recognizedLanguage":"und-Latn","text":"27Kg"}]}}
08-28 00:06:25.140  5154  5198 I Unity   : MLKit: GetResult() : id=-2147483648
08-28 00:06:25.140  5154  5198 I Unity   : MLKit: Abort id=-2147483648
08-28 00:06:25.141  5154  5198 I Unity   : Word: 27Kg -> (240.00, 133.00) (379.35, 192.00)
08-28 00:06:25.141  5154  5198 I Unity   : 	Zone: 0 (225.00, 6.00) (375.00, 126.00) collide:False
08-28 00:06:25.191  5154  5198 I Unity   : MLKit Recognize: 232x216 pixelCount=50112 id=265
08-28 00:06:25.214  5154  5198 D MLKit   : input 232x216 pixelCount=50112 id=265
08-28 00:06:25.409  5154  5154 D MLKit   : parseText 27Kg 1
08-28 00:06:25.409  5154  5154 D MLKit   : parseTextBlock 27Kg 1 (146,25) - (230,85)
08-28 00:06:25.409  5154  5154 D MLKit   : parseLine 27Kg 1 (146,25) - (230,85)
08-28 00:06:25.410  5154  5154 D MLKit   : parseElement 27Kg (146,25) - (230,85)
08-28 00:06:25.415  5154  5198 I Unity   : MLKitWrapper.OnComplete: json
08-28 00:06:25.415  5154  5198 I Unity   : {"requestId":265,"text":{"text":"27Kg","textBlocks":[{"boundingBox":{"bottom":85,"left":146,"right":230,"top":25},"cornerPoints":[{"x":146,"y":25},{"x":230,"y":25},{"x":230,"y":85},{"x":146,"y":85}],"lines":[{"boundingBox":{"bottom":85,"left":146,"right":230,"top":25},"cornerPoints":[{"x":146,"y":25},{"x":230,"y":25},{"x":230,"y":85},{"x":146,"y":85}],"elements":[{"boundingBox":{"bottom":85,"left":146,"right":230,"top":25},"cornerPoints":[{"x":146,"y":25},{"x":230,"y":25},{"x":230,"y":85},{"x":146,"y":85}],"recognizedLanguage":"und-Latn","text":"27Kg"}],"recognizedLanguage":"und-Latn","text":"27Kg"}],"recognizedLanguage":"und-Latn","text":"27Kg"}]}}
08-28 00:06:25.431  5154  5198 I Unity   : MLKit: GetResult() : id=-2147483648
08-28 00:06:25.431  5154  5198 I Unity   : MLKit: Abort id=-2147483648
08-28 00:06:25.432  5154  5198 I Unity   : Word: 27Kg -> (241.66, 131.00) (380.69, 191.00)
08-28 00:06:25.432  5154  5198 I Unity   : 	Zone: 0 (225.00, 6.00) (375.00, 126.00) collide:False
08-28 00:06:25.478  5154  5198 I Unity   : MLKit Recognize: 210x216 pixelCount=45360 id=266
08-28 00:06:25.500  5154  5198 D MLKit   : input 210x216 pixelCount=45360 id=266
08-28 00:06:25.716  5154  5154 D MLKit   : parseText 27Kg 1
08-28 00:06:25.716  5154  5154 D MLKit   : parseTextBlock 27Kg 1 (131,22) - (208,84)
08-28 00:06:25.716  5154  5154 D MLKit   : parseLine 27Kg 1 (130,22) - (208,83)
08-28 00:06:25.716  5154  5154 D MLKit   : parseElement 27Kg (130,22) - (208,83)
08-28 00:06:25.735  5154  5198 I Unity   : MLKit Recognize: 264x216 pixelCount=57024 id=267
08-28 00:06:25.736  5154  5198 I Unity   : MLKit: Abort id=266
08-28 00:06:25.757  5154  5198 D MLKit   : input 264x216 pixelCount=57024 id=267
08-28 00:06:25.764  5154  5198 I Unity   : MLKitWrapper.OnComplete: json
08-28 00:06:25.764  5154  5198 I Unity   : {"requestId":266,"text":{"text":"27Kg","textBlocks":[{"boundingBox":{"bottom":84,"left":131,"right":208,"top":22},"cornerPoints":[{"x":133,"y":22},{"x":208,"y":25},{"x":206,"y":84},{"x":131,"y":80}],"lines":[{"boundingBox":{"bottom":83,"left":130,"right":208,"top":22},"cornerPoints":[{"x":133,"y":22},{"x":208,"y":25},{"x":205,"y":83},{"x":130,"y":80}],"elements":[{"boundingBox":{"bottom":83,"left":130,"right":208,"top":22},"cornerPoints":[{"x":133,"y":22},{"x":208,"y":25},{"x":205,"y":83},{"x":130,"y":80}],"recognizedLanguage":"und-Latn","text":"27Kg"}],"recognizedLanguage":"und-Latn","text":"27Kg"}],"recognizedLanguage":"und-Latn","text":"27Kg"}]}}
08-28 00:06:25.972  5154  5154 D MLKit   : parseText 27Kg
08-28 00:06:25.972  5154  5154 D MLKit   : 4 2
08-28 00:06:25.972  5154  5154 D MLKit   : parseTextBlock 27Kg 1 (166,26) - (262,84)
08-28 00:06:25.973  5154  5154 D MLKit   : parseLine 27Kg 1 (166,26) - (262,84)
08-28 00:06:25.973  5154  5154 D MLKit   : parseElement 27Kg (166,26) - (262,84)
08-28 00:06:25.973  5154  5154 D MLKit   : parseTextBlock 4 1 (173,104) - (231,200)
08-28 00:06:25.973  5154  5154 D MLKit   : parseLine 4 1 (173,104) - (231,200)
08-28 00:06:25.973  5154  5154 D MLKit   : parseElement 4 (173,104) - (231,200)
08-28 00:06:25.987  5154  5198 I Unity   : MLKitWrapper.OnComplete: json
08-28 00:06:25.987  5154  5198 I Unity   : {"requestId":267,"text":{"text":"27Kg\n4","textBlocks":[{"boundingBox":{"bottom":84,"left":166,"right":262,"top":26},"cornerPoints":[{"x":166,"y":26},{"x":262,"y":26},{"x":262,"y":84},{"x":166,"y":84}],"lines":[{"boundingBox":{"bottom":84,"left":166,"right":262,"top":26},"cornerPoints":[{"x":166,"y":26},{"x":262,"y":26},{"x":262,"y":84},{"x":166,"y":84}],"elements":[{"boundingBox":{"bottom":84,"left":166,"right":262,"top":26},"cornerPoints":[{"x":166,"y":26},{"x":262,"y":26},{"x":262,"y":84},{"x":166,"y":84}],"recognizedLanguage":"und-Latn","text":"27Kg"}],"recognizedLanguage":"und-Latn","text":"27Kg"}],"recognizedLanguage":"und-Latn","text":"27Kg"},{"boundingBox":{"bottom":200,"left":173,"right":231,"top":104},"cornerPoints":[{"x":173,"y":104},{"x":231,"y":104},{"x":231,"y":200},{"x":173,"y":200}],"lines":[{"boundingBox":{"bottom":200,"left":173,"right":231,"top":104},"cornerPoints":[{"x":173,"y":104},{"x":231,"y":104},{"x":231,"y":200},{"x":173,"y":200}],"elements":[{"bounding
08-28 00:06:26.003  5154  5198 I Unity   : MLKit: GetResult() : id=-2147483648
08-28 00:06:26.004  5154  5198 I Unity   : MLKit: Abort id=-2147483648
08-28 00:06:26.004  5154  5198 I Unity   : Word: 27Kg -> (241.45, 132.00) (381.09, 190.00)
08-28 00:06:26.005  5154  5198 I Unity   : 	Zone: 0 (225.00, 6.00) (375.00, 126.00) collide:False
08-28 00:06:26.005  5154  5198 I Unity   : Word: 4 -> (251.64, 16.00) (336.00, 112.00)
08-28 00:06:26.005  5154  5198 I Unity   : 	Zone: 0 (225.00, 6.00) (375.00, 126.00) collide:True
08-28 00:06:26.005  5154  5198 I Unity   : 4 -> 0 6.49734 4
08-28 00:06:26.005  5154  5198 I Unity   : Anno: 4 0 (254.55, 110.00)
08-28 00:06:26.005  5154  5198 I Unity   : Anno: 4 1 (333.09, 110.00)
08-28 00:06:26.005  5154  5198 I Unity   : Anno: 4 2 (333.09, 18.00)
08-28 00:06:26.005  5154  5198 I Unity   : Anno: 4 3 (254.55, 18.00)
08-28 00:06:26.063  5154  5198 I Unity   : MLKit Recognize: 384x182 pixelCount=69888 id=268
08-28 00:06:26.091  5154  5198 D MLKit   : input 384x182 pixelCount=69888 id=268
08-28 00:06:26.220  5154  5154 D MLKit   : parseText 27Kg 1
08-28 00:06:26.221  5154  5154 D MLKit   : parseTextBlock 27Kg 1 (243,18) - (383,72)
08-28 00:06:26.221  5154  5154 D MLKit   : parseLine 27Kg 1 (242,18) - (383,71)
08-28 00:06:26.221  5154  5154 D MLKit   : parseElement 27Kg (242,18) - (383,71)
08-28 00:06:26.228  5154  5198 I Unity   : MLKitWrapper.OnComplete: json
08-28 00:06:26.228  5154  5198 I Unity   : {"requestId":268,"text":{"text":"27Kg","textBlocks":[{"boundingBox":{"bottom":72,"left":243,"right":383,"top":18},"cornerPoints":[{"x":244,"y":18},{"x":383,"y":22},{"x":382,"y":72},{"x":243,"y":67}],"lines":[{"boundingBox":{"bottom":71,"left":242,"right":383,"top":18},"cornerPoints":[{"x":244,"y":18},{"x":383,"y":22},{"x":381,"y":71},{"x":242,"y":67}],"elements":[{"boundingBox":{"bottom":71,"left":242,"right":383,"top":18},"cornerPoints":[{"x":244,"y":18},{"x":383,"y":22},{"x":381,"y":71},{"x":242,"y":67}],"recognizedLanguage":"und-Latn","text":"27Kg"}],"recognizedLanguage":"und-Latn","text":"27Kg"}],"recognizedLanguage":"und-Latn","text":"27Kg"}]}}
08-28 00:06:26.244  5154  5198 I Unity   : MLKit: GetResult() : id=-2147483648
08-28 00:06:26.245  5154  5198 I Unity   : MLKit: Abort id=-2147483648
08-28 00:06:26.246  5154  5198 I Unity   : Word: 27Kg -> (242.00, 131.74) (383.00, 194.64)
08-28 00:06:26.246  5154  5198 I Unity   : 	Zone: 0 (225.00, 6.00) (375.00, 126.00) collide:False
08-28 00:06:26.291  5154  5198 I Unity   : MLKit Recognize: 384x151 pixelCount=57984 id=269
08-28 00:06:26.313  5154  5198 D MLKit   : input 384x151 pixelCount=57984 id=269
08-28 00:06:26.437  5154  5154 D MLKit   : parseText 27Kg
08-28 00:06:26.437  5154  5154 D MLKit   : 4 2
08-28 00:06:26.437  5154  5154 D MLKit   : parseTextBlock 27Kg 1 (243,14) - (382,61)
08-28 00:06:26.437  5154  5154 D MLKit   : parseLine 27Kg 1 (242,14) - (382,60)
08-28 00:06:26.437  5154  5154 D MLKit   : parseElement 27Kg (242,14) - (382,60)
08-28 00:06:26.437  5154  5154 D MLKit   : parseTextBlock 4 1 (264,74) - (336,140)
08-28 00:06:26.437  5154  5154 D MLKit   : parseLine 4 1 (264,74) - (336,140)
08-28 00:06:26.437  5154  5154 D MLKit   : parseElement 4 (264,74) - (336,140)
08-28 00:06:26.454  5154  5198 I Unity   : MLKitWrapper.OnComplete: json
08-28 00:06:26.454  5154  5198 I Unity   : {"requestId":269,"text":{"text":"27Kg\n4","textBlocks":[{"boundingBox":{"bottom":61,"left":243,"right":382,"top":14},"cornerPoints":[{"x":244,"y":14},{"x":382,"y":19},{"x":381,"y":61},{"x":243,"y":55}],"lines":[{"boundingBox":{"bottom":60,"left":242,"right":382,"top":14},"cornerPoints":[{"x":244,"y":14},{"x":382,"y":19},{"x":380,"y":60},{"x":242,"y":55}],"elements":[{"boundingBox":{"bottom":60,"left":242,"right":382,"top":14},"cornerPoints":[{"x":244,"y":14},{"x":382,"y":19},{"x":380,"y":60},{"x":242,"y":55}],"recognizedLanguage":"und-Latn","text":"27Kg"}],"recognizedLanguage":"und-Latn","text":"27Kg"}],"recognizedLanguage":"und-Latn","text":"27Kg"},{"boundingBox":{"bottom":140,"left":264,"right":336,"top":74},"cornerPoints":[{"x":264,"y":74},{"x":336,"y":74},{"x":336,"y":140},{"x":264,"y":140}],"lines":[{"boundingBox":{"bottom":140,"left":264,"right":336,"top":74},"cornerPoints":[{"x":264,"y":74},{"x":336,"y":74},{"x":336,"y":140},{"x":264,"y":140}],"elements":[{"boundingBox":{
08-28 00:06:26.469  5154  5198 I Unity   : MLKit: GetResult() : id=-2147483648
08-28 00:06:26.471  5154  5198 I Unity   : MLKit: Abort id=-2147483648
08-28 00:06:26.472  5154  5198 I Unity   : Word: 27Kg -> (242.00, 130.17) (382.00, 195.97)
08-28 00:06:26.472  5154  5198 I Unity   : 	Zone: 0 (225.00, 6.00) (375.00, 126.00) collide:False
08-28 00:06:26.472  5154  5198 I Unity   : Word: 4 -> (264.00, 15.74) (336.00, 110.15)
08-28 00:06:26.473  5154  5198 I Unity   : 	Zone: 0 (225.00, 6.00) (375.00, 126.00) collide:True
08-28 00:06:26.473  5154  5198 I Unity   : 4 -> 0 3.059727 4
08-28 00:06:26.473  5154  5198 I Unity   : Anno: 4 0 (266.00, 107.28)
08-28 00:06:26.473  5154  5198 I Unity   : Anno: 4 1 (334.00, 107.28)
08-28 00:06:26.473  5154  5198 I Unity   : Anno: 4 2 (334.00, 18.60)
08-28 00:06:26.473  5154  5198 I Unity   : Anno: 4 3 (266.00, 18.60)
08-28 00:06:26.518  5154  5198 I Unity   : MLKit Recognize: 210x216 pixelCount=45360 id=270
08-28 00:06:26.538  5154  5198 D MLKit   : input 210x216 pixelCount=45360 id=270
08-28 00:06:26.543  5154  5198 I Unity   : Cont. 96.654479/400	23/30-40
08-28 00:06:26.773  5154  5154 D MLKit   : parseText 27Kg
08-28 00:06:26.773  5154  5154 D MLKit   : 4 2
08-28 00:06:26.773  5154  5154 D MLKit   : parseTextBlock 27Kg 1 (131,23) - (208,84)
08-28 00:06:26.773  5154  5154 D MLKit   : parseLine 27Kg 1 (130,23) - (208,83)
08-28 00:06:26.773  5154  5154 D MLKit   : parseElement 27Kg (130,23) - (208,83)
08-28 00:06:26.773  5154  5154 D MLKit   : parseTextBlock 4 1 (144,105) - (190,199)
08-28 00:06:26.773  5154  5154 D MLKit   : parseLine 4 1 (144,105) - (190,199)
08-28 00:06:26.773  5154  5154 D MLKit   : parseElement 4 (144,105) - (190,199)
08-28 00:06:26.783  5154  5198 I Unity   : MLKitWrapper.OnComplete: json
08-28 00:06:26.783  5154  5198 I Unity   : {"requestId":270,"text":{"text":"27Kg\n4","textBlocks":[{"boundingBox":{"bottom":84,"left":131,"right":208,"top":23},"cornerPoints":[{"x":132,"y":23},{"x":208,"y":25},{"x":207,"y":84},{"x":131,"y":81}],"lines":[{"boundingBox":{"bottom":83,"left":130,"right":208,"top":23},"cornerPoints":[{"x":132,"y":23},{"x":208,"y":25},{"x":206,"y":83},{"x":130,"y":81}],"elements":[{"boundingBox":{"bottom":83,"left":130,"right":208,"top":23},"cornerPoints":[{"x":132,"y":23},{"x":208,"y":25},{"x":206,"y":83},{"x":130,"y":81}],"recognizedLanguage":"und-Latn","text":"27Kg"}],"recognizedLanguage":"und-Latn","text":"27Kg"}],"recognizedLanguage":"und-Latn","text":"27Kg"},{"boundingBox":{"bottom":199,"left":144,"right":190,"top":105},"cornerPoints":[{"x":144,"y":105},{"x":190,"y":105},{"x":190,"y":199},{"x":144,"y":199}],"lines":[{"boundingBox":{"bottom":199,"left":144,"right":190,"top":105},"cornerPoints":[{"x":144,"y":105},{"x":190,"y":105},{"x":190,"y":199},{"x":144,"y":199}],"elements":[{"bounding
08-28 00:06:26.799  5154  5198 I Unity   : MLKit: GetResult() : id=-2147483648
08-28 00:06:26.800  5154  5198 I Unity   : MLKit: Abort id=-2147483648
08-28 00:06:27.298  5154  5198 I Unity   : MLKit Recognize: 268x216 pixelCount=57888 id=271
08-28 00:06:27.314  5154  5198 D MLKit   : input 268x216 pixelCount=57888 id=271
08-28 00:06:27.551  5154  5154 D MLKit   : parseText 27Kg 1
08-28 00:06:27.552  5154  5154 D MLKit   : parseTextBlock 27Kg 1 (169,22) - (267,85)
08-28 00:06:27.552  5154  5154 D MLKit   : parseLine 27Kg 1 (168,22) - (267,84)
08-28 00:06:27.552  5154  5154 D MLKit   : parseElement 27Kg (168,22) - (267,84)
08-28 00:06:27.562  5154  5198 I Unity   : MLKitWrapper.OnComplete: json
08-28 00:06:27.562  5154  5198 I Unity   : {"requestId":271,"text":{"text":"27Kg","textBlocks":[{"boundingBox":{"bottom":85,"left":169,"right":267,"top":22},"cornerPoints":[{"x":170,"y":22},{"x":267,"y":25},{"x":266,"y":85},{"x":169,"y":81}],"lines":[{"boundingBox":{"bottom":84,"left":168,"right":267,"top":22},"cornerPoints":[{"x":170,"y":22},{"x":267,"y":25},{"x":265,"y":84},{"x":168,"y":81}],"elements":[{"boundingBox":{"bottom":84,"left":168,"right":267,"top":22},"cornerPoints":[{"x":170,"y":22},{"x":267,"y":25},{"x":265,"y":84},{"x":168,"y":81}],"recognizedLanguage":"und-Latn","text":"27Kg"}],"recognizedLanguage":"und-Latn","text":"27Kg"}],"recognizedLanguage":"und-Latn","text":"27Kg"}]}}
08-28 00:06:27.579  5154  5198 I Unity   : MLKit: GetResult() : id=-2147483648
08-28 00:06:27.579  5154  5198 I Unity   : MLKit: Abort id=-2147483648
08-28 00:06:27.580  5154  5198 I Unity   : Word: 27Kg -> (240.72, 132.00) (382.57, 194.00)
08-28 00:06:27.580  5154  5198 I Unity   : 	Zone: 0 (225.00, 6.00) (375.00, 126.00) collide:False
08-28 00:06:27.631  5154  5198 I Unity   : MLKit Recognize: 320x216 pixelCount=69120 id=272
08-28 00:06:27.658  5154  5198 D MLKit   : input 320x216 pixelCount=69120 id=272
08-28 00:06:27.794  5154  5154 D MLKit   : parseText 27Kg 1
08-28 00:06:27.795  5154  5154 D MLKit   : parseTextBlock 27Kg 1 (200,21) - (318,85)
08-28 00:06:27.795  5154  5154 D MLKit   : parseLine 27Kg 1 (199,21) - (318,84)
08-28 00:06:27.795  5154  5154 D MLKit   : parseElement 27Kg (199,21) - (318,84)
08-28 00:06:27.802  5154  5198 I Unity   : MLKitWrapper.OnComplete: json
08-28 00:06:27.802  5154  5198 I Unity   : {"requestId":272,"text":{"text":"27Kg","textBlocks":[{"boundingBox":{"bottom":85,"left":200,"right":318,"top":21},"cornerPoints":[{"x":202,"y":21},{"x":318,"y":26},{"x":316,"y":85},{"x":200,"y":79}],"lines":[{"boundingBox":{"bottom":84,"left":199,"right":318,"top":21},"cornerPoints":[{"x":202,"y":21},{"x":318,"y":26},{"x":315,"y":84},{"x":199,"y":79}],"elements":[{"boundingBox":{"bottom":84,"left":199,"right":318,"top":21},"cornerPoints":[{"x":202,"y":21},{"x":318,"y":26},{"x":315,"y":84},{"x":199,"y":79}],"recognizedLanguage":"und-Latn","text":"27Kg"}],"recognizedLanguage":"und-Latn","text":"27Kg"}],"recognizedLanguage":"und-Latn","text":"27Kg"}]}}
08-28 00:06:27.819  5154  5198 I Unity   : MLKit: GetResult() : id=-2147483648
08-28 00:06:27.819  5154  5198 I Unity   : MLKit: Abort id=-2147483648
08-28 00:06:27.820  5154  5198 I Unity   : Word: 27Kg -> (238.80, 132.00) (381.60, 195.00)
08-28 00:06:27.820  5154  5198 I Unity   : 	Zone: 0 (225.00, 6.00) (375.00, 126.00) collide:False
08-28 00:06:27.865  5154  5198 I Unity   : MLKit Recognize: 384x156 pixelCount=59904 id=273
08-28 00:06:27.888  5154  5198 D MLKit   : input 384x156 pixelCount=59904 id=273
08-28 00:06:28.028  5154  5154 D MLKit   : parseText 27Kg 1
08-28 00:06:28.028  5154  5154 D MLKit   : parseTextBlock 27Kg 1 (243,16) - (381,61)
08-28 00:06:28.028  5154  5154 D MLKit   : parseLine 27Kg 1 (242,16) - (381,60)
08-28 00:06:28.028  5154  5154 D MLKit   : parseElement 27Kg (242,16) - (381,60)
08-28 00:06:28.046  5154  5198 I Unity   : MLKitWrapper.OnComplete: json
08-28 00:06:28.046  5154  5198 I Unity   : {"requestId":273,"text":{"text":"27Kg","textBlocks":[{"boundingBox":{"bottom":61,"left":243,"right":381,"top":16},"cornerPoints":[{"x":243,"y":16},{"x":381,"y":18},{"x":381,"y":61},{"x":243,"y":58}],"lines":[{"boundingBox":{"bottom":60,"left":242,"right":381,"top":16},"cornerPoints":[{"x":243,"y":16},{"x":381,"y":18},{"x":380,"y":60},{"x":242,"y":58}],"elements":[{"boundingBox":{"bottom":60,"left":242,"right":381,"top":16},"cornerPoints":[{"x":243,"y":16},{"x":381,"y":18},{"x":380,"y":60},{"x":242,"y":58}],"recognizedLanguage":"und-Latn","text":"27Kg"}],"recognizedLanguage":"und-Latn","text":"27Kg"}],"recognizedLanguage":"und-Latn","text":"27Kg"}]}}
08-28 00:06:28.058  5154  5198 I Unity   : MLKit: GetResult() : id=-2147483648
08-28 00:06:28.059  5154  5198 I Unity   : MLKit: Abort id=-2147483648
08-28 00:06:28.060  5154  5198 I Unity   : Word: 27Kg -> (242.00, 132.92) (381.00, 193.85)
08-28 00:06:28.060  5154  5198 I Unity   : 	Zone: 0 (225.00, 6.00) (375.00, 126.00) collide:False
08-28 00:06:28.108  5154  5198 I Unity   : MLKit Recognize: 288x216 pixelCount=62208 id=274
08-28 00:06:28.130  5154  5198 D MLKit   : input 288x216 pixelCount=62208 id=274
08-28 00:06:28.297  5154  5198 I Unity   : MLKit Recognize: 205x216 pixelCount=44280 id=275
08-28 00:06:28.297  5154  5198 I Unity   : MLKit: Abort id=274
08-28 00:06:28.314  5154  5198 D MLKit   : input 205x216 pixelCount=44280 id=275
08-28 00:06:28.412  5154  5154 D MLKit   : parseText 27Kg 1
08-28 00:06:28.412  5154  5154 D MLKit   : parseTextBlock 27Kg 1 (179,19) - (288,85)
08-28 00:06:28.412  5154  5154 D MLKit   : parseLine 27Kg 1 (178,19) - (288,84)
08-28 00:06:28.412  5154  5154 D MLKit   : parseElement 27Kg (178,19) - (288,84)
08-28 00:06:28.425  5154  5198 I Unity   : MLKitWrapper.OnComplete: json
08-28 00:06:28.425  5154  5198 I Unity   : {"requestId":274,"text":{"text":"27Kg","textBlocks":[{"boundingBox":{"bottom":85,"left":179,"right":288,"top":19},"cornerPoints":[{"x":183,"y":19},{"x":288,"y":26},{"x":284,"y":85},{"x":179,"y":77}],"lines":[{"boundingBox":{"bottom":84,"left":178,"right":288,"top":19},"cornerPoints":[{"x":183,"y":19},{"x":288,"y":26},{"x":283,"y":84},{"x":178,"y":77}],"elements":[{"boundingBox":{"bottom":84,"left":178,"right":288,"top":19},"cornerPoints":[{"x":183,"y":19},{"x":288,"y":26},{"x":283,"y":84},{"x":178,"y":77}],"recognizedLanguage":"und-Latn","text":"27Kg"}],"recognizedLanguage":"und-Latn","text":"27Kg"}],"recognizedLanguage":"und-Latn","text":"27Kg"}]}}
08-28 00:06:28.599  5154  5154 D MLKit   : parseText 27Kg 1
08-28 00:06:28.599  5154  5154 D MLKit   : parseTextBlock 27Kg 1 (128,23) - (203,84)
08-28 00:06:28.599  5154  5154 D MLKit   : parseLine 27Kg 1 (127,23) - (203,83)
08-28 00:06:28.599  5154  5154 D MLKit   : parseElement 27Kg (127,23) - (203,83)
08-28 00:06:28.615  5154  5198 I Unity   : MLKitWrapper.OnComplete: json
08-28 00:06:28.615  5154  5198 I Unity   : {"requestId":275,"text":{"text":"27Kg","textBlocks":[{"boundingBox":{"bottom":84,"left":128,"right":203,"top":23},"cornerPoints":[{"x":129,"y":23},{"x":203,"y":25},{"x":202,"y":84},{"x":128,"y":81}],"lines":[{"boundingBox":{"bottom":83,"left":127,"right":203,"top":23},"cornerPoints":[{"x":129,"y":23},{"x":203,"y":25},{"x":201,"y":83},{"x":127,"y":81}],"elements":[{"boundingBox":{"bottom":83,"left":127,"right":203,"top":23},"cornerPoints":[{"x":129,"y":23},{"x":203,"y":25},{"x":201,"y":83},{"x":127,"y":81}],"recognizedLanguage":"und-Latn","text":"27Kg"}],"recognizedLanguage":"und-Latn","text":"27Kg"}],"recognizedLanguage":"und-Latn","text":"27Kg"}]}}
08-28 00:06:28.633  5154  5198 I Unity   : MLKit: GetResult() : id=-2147483648
08-28 00:06:28.634  5154  5198 I Unity   : MLKit: Abort id=-2147483648
08-28 00:06:28.634  5154  5198 I Unity   : Word: 27Kg -> (237.89, 133.00) (380.25, 193.00)
08-28 00:06:28.634  5154  5198 I Unity   : 	Zone: 0 (225.00, 6.00) (375.00, 126.00) collide:False
08-28 00:06:28.686  5154  5198 I Unity   : MLKit Recognize: 232x216 pixelCount=50112 id=276
08-28 00:06:28.711  5154  5198 D MLKit   : input 232x216 pixelCount=50112 id=276
08-28 00:06:28.902  5154  5154 D MLKit   : parseText 27Kg 1
08-28 00:06:28.902  5154  5154 D MLKit   : parseTextBlock 27Kg 1 (146,23) - (230,85)
08-28 00:06:28.902  5154  5154 D MLKit   : parseLine 27Kg 1 (145,23) - (230,84)
08-28 00:06:28.902  5154  5154 D MLKit   : parseElement 27Kg (145,23) - (230,84)
08-28 00:06:28.910  5154  5198 I Unity   : MLKitWrapper.OnComplete: json
08-28 00:06:28.910  5154  5198 I Unity   : {"requestId":276,"text":{"text":"27Kg","textBlocks":[{"boundingBox":{"bottom":85,"left":146,"right":230,"top":23},"cornerPoints":[{"x":147,"y":23},{"x":230,"y":24},{"x":229,"y":85},{"x":146,"y":83}],"lines":[{"boundingBox":{"bottom":84,"left":145,"right":230,"top":23},"cornerPoints":[{"x":147,"y":23},{"x":230,"y":24},{"x":228,"y":84},{"x":145,"y":83}],"elements":[{"boundingBox":{"bottom":84,"left":145,"right":230,"top":23},"cornerPoints":[{"x":147,"y":23},{"x":230,"y":24},{"x":228,"y":84},{"x":145,"y":83}],"recognizedLanguage":"und-Latn","text":"27Kg"}],"recognizedLanguage":"und-Latn","text":"27Kg"}],"recognizedLanguage":"und-Latn","text":"27Kg"}]}}
08-28 00:06:28.924  5154  5198 I Unity   : MLKit: GetResult() : id=-2147483648
08-28 00:06:28.925  5154  5198 I Unity   : MLKit: Abort id=-2147483648
08-28 00:06:28.926  5154  5198 I Unity   : Word: 27Kg -> (240.00, 132.00) (380.69, 193.00)
08-28 00:06:28.926  5154  5198 I Unity   : 	Zone: 0 (225.00, 6.00) (375.00, 126.00) collide:False
08-28 00:06:28.979  5154  5198 I Unity   : MLKit Recognize: 384x157 pixelCount=60288 id=277
08-28 00:06:29.006  5154  5198 D MLKit   : input 384x157 pixelCount=60288 id=277
08-28 00:06:29.141  5154  5154 D MLKit   : parseText 27Kg 1
08-28 00:06:29.141  5154  5154 D MLKit   : parseTextBlock 27Kg 1 (243,16) - (381,63)
08-28 00:06:29.141  5154  5154 D MLKit   : parseLine 27Kg 1 (242,16) - (381,62)
08-28 00:06:29.141  5154  5154 D MLKit   : parseElement 27Kg (242,16) - (381,62)
08-28 00:06:29.151  5154  5198 I Unity   : MLKitWrapper.OnComplete: json
08-28 00:06:29.151  5154  5198 I Unity   : {"requestId":277,"text":{"text":"27Kg","textBlocks":[{"boundingBox":{"bottom":63,"left":243,"right":381,"top":16},"cornerPoints":[{"x":243,"y":16},{"x":381,"y":19},{"x":380,"y":63},{"x":243,"y":59}],"lines":[{"boundingBox":{"bottom":62,"left":242,"right":381,"top":16},"cornerPoints":[{"x":243,"y":16},{"x":381,"y":19},{"x":380,"y":62},{"x":242,"y":59}],"elements":[{"boundingBox":{"bottom":62,"left":242,"right":381,"top":16},"cornerPoints":[{"x":243,"y":16},{"x":381,"y":19},{"x":380,"y":62},{"x":242,"y":59}],"recognizedLanguage":"und-Latn","text":"27Kg"}],"recognizedLanguage":"und-Latn","text":"27Kg"}],"recognizedLanguage":"und-Latn","text":"27Kg"}]}}
08-28 00:06:29.168  5154  5198 I Unity   : MLKit: GetResult() : id=-2147483648
08-28 00:06:29.169  5154  5198 I Unity   : MLKit: Abort id=-2147483648
08-28 00:06:29.169  5154  5198 I Unity   : Word: 27Kg -> (242.00, 130.70) (381.00, 193.99)
08-28 00:06:29.169  5154  5198 I Unity   : 	Zone: 0 (225.00, 6.00) (375.00, 126.00) collide:False
08-28 00:06:29.213  5154  5198 I Unity   : MLKit Recognize: 233x216 pixelCount=50328 id=278
08-28 00:06:29.232  5154  5198 D MLKit   : input 233x216 pixelCount=50328 id=278
08-28 00:06:29.443  5154  5154 D MLKit   : parseText 27Kg 1
08-28 00:06:29.444  5154  5154 D MLKit   : parseTextBlock 27Kg 1 (146,23) - (232,85)
08-28 00:06:29.444  5154  5154 D MLKit   : parseLine 27Kg 1 (145,23) - (232,84)
08-28 00:06:29.444  5154  5154 D MLKit   : parseElement 27Kg (145,23) - (232,84)
08-28 00:06:29.461  5154  5198 I Unity   : MLKitWrapper.OnComplete: json
08-28 00:06:29.461  5154  5198 I Unity   : {"requestId":278,"text":{"text":"27Kg","textBlocks":[{"boundingBox":{"bottom":85,"left":146,"right":232,"top":23},"cornerPoints":[{"x":147,"y":23},{"x":232,"y":25},{"x":231,"y":85},{"x":146,"y":82}],"lines":[{"boundingBox":{"bottom":84,"left":145,"right":232,"top":23},"cornerPoints":[{"x":147,"y":23},{"x":232,"y":25},{"x":230,"y":84},{"x":145,"y":82}],"elements":[{"boundingBox":{"bottom":84,"left":145,"right":232,"top":23},"cornerPoints":[{"x":147,"y":23},{"x":232,"y":25},{"x":230,"y":84},{"x":145,"y":82}],"recognizedLanguage":"und-Latn","text":"27Kg"}],"recognizedLanguage":"und-Latn","text":"27Kg"}],"recognizedLanguage":"und-Latn","text":"27Kg"}]}}
08-28 00:06:29.478  5154  5198 I Unity   : MLKit: GetResult() : id=-2147483648
08-28 00:06:29.479  5154  5198 I Unity   : MLKit: Abort id=-2147483648
08-28 00:06:29.480  5154  5198 I Unity   : Word: 27Kg -> (238.97, 132.00) (382.35, 193.00)
08-28 00:06:29.480  5154  5198 I Unity   : 	Zone: 0 (225.00, 6.00) (375.00, 126.00) collide:False
08-28 00:06:29.534  5154  5198 I Unity   : MLKit Recognize: 384x182 pixelCount=69888 id=279
08-28 00:06:29.561  5154  5198 D MLKit   : input 384x182 pixelCount=69888 id=279
08-28 00:06:29.669  5154  5154 D MLKit   : parseText 27Kg 1
08-28 00:06:29.669  5154  5154 D MLKit   : parseTextBlock 27Kg 1 (243,18) - (383,73)
08-28 00:06:29.669  5154  5154 D MLKit   : parseLine 27Kg 1 (242,18) - (383,72)
08-28 00:06:29.669  5154  5154 D MLKit   : parseElement 27Kg (242,18) - (383,72)
08-28 00:06:29.684  5154  5198 I Unity   : MLKitWrapper.OnComplete: json
08-28 00:06:29.684  5154  5198 I Unity   : {"requestId":279,"text":{"text":"27Kg","textBlocks":[{"boundingBox":{"bottom":73,"left":243,"right":383,"top":18},"cornerPoints":[{"x":244,"y":18},{"x":383,"y":22},{"x":382,"y":73},{"x":243,"y":68}],"lines":[{"boundingBox":{"bottom":72,"left":242,"right":383,"top":18},"cornerPoints":[{"x":244,"y":18},{"x":383,"y":22},{"x":381,"y":72},{"x":242,"y":68}],"elements":[{"boundingBox":{"bottom":72,"left":242,"right":383,"top":18},"cornerPoints":[{"x":244,"y":18},{"x":383,"y":22},{"x":381,"y":72},{"x":242,"y":68}],"recognizedLanguage":"und-Latn","text":"27Kg"}],"recognizedLanguage":"und-Latn","text":"27Kg"}],"recognizedLanguage":"und-Latn","text":"27Kg"}]}}
08-28 00:06:29.702  5154  5198 I Unity   : MLKit: GetResult() : id=-2147483648
08-28 00:06:29.703  5154  5198 I Unity   : MLKit: Abort id=-2147483648
08-28 00:06:29.704  5154  5198 I Unity   : Word: 27Kg -> (242.00, 130.55) (383.00, 194.64)
08-28 00:06:29.704  5154  5198 I Unity   : 	Zone: 0 (225.00, 6.00) (375.00, 126.00) collide:False
08-28 00:06:29.747  5154  5198 I Unity   : MLKit Recognize: 384x155 pixelCount=59520 id=280
08-28 00:06:29.770  5154  5198 D MLKit   : input 384x155 pixelCount=59520 id=280
08-28 00:06:29.884  5154  5154 D MLKit   : parseText 27Kg 1
08-28 00:06:29.885  5154  5154 D MLKit   : parseTextBlock 27Kg 1 (242,15) - (382,61)
08-28 00:06:29.885  5154  5154 D MLKit   : parseLine 27Kg 1 (241,15) - (382,60)
08-28 00:06:29.885  5154  5154 D MLKit   : parseElement 27Kg (241,15) - (382,60)
08-28 00:06:29.893  5154  5198 I Unity   : MLKitWrapper.OnComplete: json
08-28 00:06:29.893  5154  5198 I Unity   : {"requestId":280,"text":{"text":"27Kg","textBlocks":[{"boundingBox":{"bottom":61,"left":242,"right":382,"top":15},"cornerPoints":[{"x":243,"y":15},{"x":382,"y":19},{"x":381,"y":61},{"x":242,"y":56}],"lines":[{"boundingBox":{"bottom":60,"left":241,"right":382,"top":15},"cornerPoints":[{"x":243,"y":15},{"x":382,"y":19},{"x":380,"y":60},{"x":241,"y":56}],"elements":[{"boundingBox":{"bottom":60,"left":241,"right":382,"top":15},"cornerPoints":[{"x":243,"y":15},{"x":382,"y":19},{"x":380,"y":60},{"x":241,"y":56}],"recognizedLanguage":"und-Latn","text":"27Kg"}],"recognizedLanguage":"und-Latn","text":"27Kg"}],"recognizedLanguage":"und-Latn","text":"27Kg"}]}}
08-28 00:06:29.909  5154  5198 I Unity   : MLKit: GetResult() : id=-2147483648
08-28 00:06:29.909  5154  5198 I Unity   : MLKit: Abort id=-2147483648
08-28 00:06:29.910  5154  5198 I Unity   : Word: 27Kg -> (241.00, 132.39) (382.00, 195.10)
08-28 00:06:29.910  5154  5198 I Unity   : 	Zone: 0 (225.00, 6.00) (375.00, 126.00) collide:False
08-28 00:06:29.958  5154  5198 I Unity   : MLKit Recognize: 203x216 pixelCount=43848 id=281
08-28 00:06:29.979  5154  5198 D MLKit   : input 203x216 pixelCount=43848 id=281
08-28 00:06:30.160  5154  5154 D MLKit   : parseText  0
08-28 00:06:30.172  5154  5198 I Unity   : MLKitWrapper.OnComplete: json
08-28 00:06:30.172  5154  5198 I Unity   : {"requestId":281,"text":{"text":"","textBlocks":[]}}
08-28 00:06:30.187  5154  5198 I Unity   : MLKit: GetResult() : id=-2147483648
08-28 00:06:30.188  5154  5198 I Unity   : MLKit: Abort id=-2147483648
08-28 00:06:30.234  5154  5198 I Unity   : MLKit Recognize: 279x216 pixelCount=60264 id=282
08-28 00:06:30.256  5154  5198 D MLKit   : input 279x216 pixelCount=60264 id=282
08-28 00:06:30.491  5154  5154 D MLKit   : parseText 27Kg 1
08-28 00:06:30.492  5154  5154 D MLKit   : parseTextBlock 27Kg 1 (176,22) - (278,84)
08-28 00:06:30.492  5154  5154 D MLKit   : parseLine 27Kg 1 (175,22) - (278,83)
08-28 00:06:30.492  5154  5154 D MLKit   : parseElement 27Kg (175,22) - (278,83)
08-28 00:06:30.499  5154  5198 I Unity   : MLKitWrapper.OnComplete: json
08-28 00:06:30.499  5154  5198 I Unity   : {"requestId":282,"text":{"text":"27Kg","textBlocks":[{"boundingBox":{"bottom":84,"left":176,"right":278,"top":22},"cornerPoints":[{"x":177,"y":22},{"x":278,"y":25},{"x":277,"y":84},{"x":176,"y":80}],"lines":[{"boundingBox":{"bottom":83,"left":175,"right":278,"top":22},"cornerPoints":[{"x":177,"y":22},{"x":278,"y":25},{"x":276,"y":83},{"x":175,"y":80}],"elements":[{"boundingBox":{"bottom":83,"left":175,"right":278,"top":22},"cornerPoints":[{"x":177,"y":22},{"x":278,"y":25},{"x":276,"y":83},{"x":175,"y":80}],"recognizedLanguage":"und-Latn","text":"27Kg"}],"recognizedLanguage":"und-Latn","text":"27Kg"}],"recognizedLanguage":"und-Latn","text":"27Kg"}]}}
08-28 00:06:30.514  5154  5198 I Unity   : MLKit: GetResult() : id=-2147483648
08-28 00:06:30.515  5154  5198 I Unity   : MLKit: Abort id=-2147483648
08-28 00:06:30.515  5154  5198 I Unity   : Word: 27Kg -> (240.86, 133.00) (382.62, 194.00)
08-28 00:06:30.516  5154  5198 I Unity   : 	Zone: 0 (225.00, 6.00) (375.00, 126.00) collide:False
08-28 00:06:30.570  5154  5198 I Unity   : MLKit Recognize: 195x216 pixelCount=42120 id=283
08-28 00:06:30.592  5154  5198 D MLKit   : input 195x216 pixelCount=42120 id=283
08-28 00:06:30.769  5154  5154 D MLKit   : parseText 27Kg 1
08-28 00:06:30.769  5154  5154 D MLKit   : parseTextBlock 27Kg 1 (122,23) - (193,85)
08-28 00:06:30.769  5154  5154 D MLKit   : parseLine 27Kg 1 (121,23) - (193,84)
08-28 00:06:30.769  5154  5154 D MLKit   : parseElement 27Kg (121,23) - (193,84)
08-28 00:06:30.776  5154  5198 I Unity   : MLKitWrapper.OnComplete: json
08-28 00:06:30.776  5154  5198 I Unity   : {"requestId":283,"text":{"text":"27Kg","textBlocks":[{"boundingBox":{"bottom":85,"left":122,"right":193,"top":23},"cornerPoints":[{"x":123,"y":23},{"x":193,"y":24},{"x":192,"y":85},{"x":122,"y":83}],"lines":[{"boundingBox":{"bottom":84,"left":121,"right":193,"top":23},"cornerPoints":[{"x":123,"y":23},{"x":193,"y":24},{"x":191,"y":84},{"x":121,"y":83}],"elements":[{"boundingBox":{"bottom":84,"left":121,"right":193,"top":23},"cornerPoints":[{"x":123,"y":23},{"x":193,"y":24},{"x":191,"y":84},{"x":121,"y":83}],"recognizedLanguage":"und-Latn","text":"27Kg"}],"recognizedLanguage":"und-Latn","text":"27Kg"}],"recognizedLanguage":"und-Latn","text":"27Kg"}]}}
08-28 00:06:30.791  5154  5198 I Unity   : MLKit: GetResult() : id=-2147483648
08-28 00:06:30.792  5154  5198 I Unity   : MLKit: Abort id=-2147483648
08-28 00:06:30.793  5154  5198 I Unity   : Word: 27Kg -> (238.28, 132.00) (380.06, 193.00)
08-28 00:06:30.793  5154  5198 I Unity   : 	Zone: 0 (225.00, 6.00) (375.00, 126.00) collide:False
08-28 00:06:30.839  5154  5198 I Unity   : MLKit Recognize: 384x209 pixelCount=80256 id=284
08-28 00:06:30.870  5154  5198 D MLKit   : input 384x209 pixelCount=80256 id=284
08-28 00:06:30.983  5154  5154 D MLKit   : parseText 27Kg 1
08-28 00:06:30.983  5154  5154 D MLKit   : parseTextBlock 27Kg 1 (242,20) - (382,83)
08-28 00:06:30.983  5154  5154 D MLKit   : parseLine 27Kg 1 (241,20) - (382,82)
08-28 00:06:30.983  5154  5154 D MLKit   : parseElement 27Kg (241,20) - (382,82)
08-28 00:06:31.001  5154  5198 I Unity   : MLKitWrapper.OnComplete: json
08-28 00:06:31.001  5154  5198 I Unity   : {"requestId":284,"text":{"text":"27Kg","textBlocks":[{"boundingBox":{"bottom":83,"left":242,"right":382,"top":20},"cornerPoints":[{"x":244,"y":20},{"x":382,"y":26},{"x":380,"y":83},{"x":242,"y":76}],"lines":[{"boundingBox":{"bottom":82,"left":241,"right":382,"top":20},"cornerPoints":[{"x":244,"y":20},{"x":382,"y":26},{"x":379,"y":82},{"x":241,"y":76}],"elements":[{"boundingBox":{"bottom":82,"left":241,"right":382,"top":20},"cornerPoints":[{"x":244,"y":20},{"x":382,"y":26},{"x":379,"y":82},{"x":241,"y":76}],"recognizedLanguage":"und-Latn","text":"27Kg"}],"recognizedLanguage":"und-Latn","text":"27Kg"}],"recognizedLanguage":"und-Latn","text":"27Kg"}]}}
08-28 00:06:31.016  5154  5198 I Unity   : MLKit: GetResult() : id=-2147483648
08-28 00:06:31.016  5154  5198 I Unity   : MLKit: Abort id=-2147483648
08-28 00:06:31.017  5154  5198 I Unity   : Word: 27Kg -> (241.00, 131.25) (382.00, 195.33)
08-28 00:06:31.017  5154  5198 I Unity   : 	Zone: 0 (225.00, 6.00) (375.00, 126.00) collide:False
08-28 00:06:31.062  5154  5198 I Unity   : MLKit Recognize: 298x216 pixelCount=64368 id=285
08-28 00:06:31.086  5154  5198 D MLKit   : input 298x216 pixelCount=64368 id=285
08-28 00:06:31.363  5154  5154 D MLKit   : parseText 27Kg 1
08-28 00:06:31.363  5154  5154 D MLKit   : parseTextBlock 27Kg 1 (188,26) - (296,84)
08-28 00:06:31.363  5154  5154 D MLKit   : parseLine 27Kg 1 (188,26) - (296,84)
08-28 00:06:31.364  5154  5154 D MLKit   : parseElement 27Kg (188,26) - (296,84)
08-28 00:06:31.366  5154  5198 I Unity   : MLKitWrapper.OnComplete: json
08-28 00:06:31.366  5154  5198 I Unity   : {"requestId":285,"text":{"text":"27Kg","textBlocks":[{"boundingBox":{"bottom":84,"left":188,"right":296,"top":26},"cornerPoints":[{"x":188,"y":26},{"x":296,"y":26},{"x":296,"y":84},{"x":188,"y":84}],"lines":[{"boundingBox":{"bottom":84,"left":188,"right":296,"top":26},"cornerPoints":[{"x":188,"y":26},{"x":296,"y":26},{"x":296,"y":84},{"x":188,"y":84}],"elements":[{"boundingBox":{"bottom":84,"left":188,"right":296,"top":26},"cornerPoints":[{"x":188,"y":26},{"x":296,"y":26},{"x":296,"y":84},{"x":188,"y":84}],"recognizedLanguage":"und-Latn","text":"27Kg"}],"recognizedLanguage":"und-Latn","text":"27Kg"}],"recognizedLanguage":"und-Latn","text":"27Kg"}]}}
08-28 00:06:31.380  5154  5198 I Unity   : MLKit: GetResult() : id=-2147483648
08-28 00:06:31.380  5154  5198 I Unity   : MLKit: Abort id=-2147483648
08-28 00:06:31.381  5154  5198 I Unity   : Word: 27Kg -> (242.26, 132.00) (381.42, 190.00)
08-28 00:06:31.382  5154  5198 I Unity   : 	Zone: 0 (225.00, 6.00) (375.00, 126.00) collide:False
08-28 00:06:31.440  5154  5198 I Unity   : MLKit Recognize: 301x216 pixelCount=65016 id=286
08-28 00:06:31.466  5154  5198 D MLKit   : input 301x216 pixelCount=65016 id=286
08-28 00:06:31.747  5154  5154 D MLKit   : parseText 27Kg 1
08-28 00:06:31.747  5154  5154 D MLKit   : parseTextBlock 27Kg 1 (190,22) - (300,84)
08-28 00:06:31.747  5154  5154 D MLKit   : parseLine 27Kg 1 (189,22) - (300,83)
08-28 00:06:31.747  5154  5154 D MLKit   : parseElement 27Kg (189,22) - (300,83)
08-28 00:06:31.760  5154  5198 I Unity   : MLKitWrapper.OnComplete: json
08-28 00:06:31.760  5154  5198 I Unity   : {"requestId":286,"text":{"text":"27Kg","textBlocks":[{"boundingBox":{"bottom":84,"left":190,"right":300,"top":22},"cornerPoints":[{"x":191,"y":22},{"x":300,"y":25},{"x":299,"y":84},{"x":190,"y":80}],"lines":[{"boundingBox":{"bottom":83,"left":189,"right":300,"top":22},"cornerPoints":[{"x":191,"y":22},{"x":300,"y":25},{"x":298,"y":83},{"x":189,"y":80}],"elements":[{"boundingBox":{"bottom":83,"left":189,"right":300,"top":22},"cornerPoints":[{"x":191,"y":22},{"x":300,"y":25},{"x":298,"y":83},{"x":189,"y":80}],"recognizedLanguage":"und-Latn","text":"27Kg"}],"recognizedLanguage":"und-Latn","text":"27Kg"}],"recognizedLanguage":"und-Latn","text":"27Kg"}]}}
08-28 00:06:31.778  5154  5198 I Unity   : MLKit: GetResult() : id=-2147483648
08-28 00:06:31.778  5154  5198 I Unity   : MLKit: Abort id=-2147483648
08-28 00:06:31.779  5154  5198 I Unity   : Word: 27Kg -> (241.12, 133.00) (382.72, 194.00)
08-28 00:06:31.780  5154  5198 I Unity   : 	Zone: 0 (225.00, 6.00) (375.00, 126.00) collide:False
08-28 00:06:31.852  5154  5198 I Unity   : MLKit Recognize: 341x216 pixelCount=73656 id=287
08-28 00:06:31.884  5154  5198 D MLKit   : input 341x216 pixelCount=73656 id=287
08-28 00:06:32.007  5154  5154 D MLKit   : parseText 27Kg 1
08-28 00:06:32.007  5154  5154 D MLKit   : parseTextBlock 27Kg 1 (214,23) - (340,85)
08-28 00:06:32.007  5154  5154 D MLKit   : parseLine 27Kg 1 (213,23) - (340,84)
08-28 00:06:32.007  5154  5154 D MLKit   : parseElement 27Kg (213,23) - (340,84)
08-28 00:06:32.020  5154  5198 I Unity   : MLKitWrapper.OnComplete: json
08-28 00:06:32.020  5154  5198 I Unity   : {"requestId":287,"text":{"text":"27Kg","textBlocks":[{"boundingBox":{"bottom":85,"left":214,"right":340,"top":23},"cornerPoints":[{"x":216,"y":23},{"x":340,"y":27},{"x":338,"y":85},{"x":214,"y":80}],"lines":[{"boundingBox":{"bottom":84,"left":213,"right":340,"top":23},"cornerPoints":[{"x":216,"y":23},{"x":340,"y":27},{"x":337,"y":84},{"x":213,"y":80}],"elements":[{"boundingBox":{"bottom":84,"left":213,"right":340,"top":23},"cornerPoints":[{"x":216,"y":23},{"x":340,"y":27},{"x":337,"y":84},{"x":213,"y":80}],"recognizedLanguage":"und-Latn","text":"27Kg"}],"recognizedLanguage":"und-Latn","text":"27Kg"}],"recognizedLanguage":"und-Latn","text":"27Kg"}]}}
08-28 00:06:32.037  5154  5198 I Unity   : MLKit: GetResult() : id=-2147483648
08-28 00:06:32.037  5154  5198 I Unity   : MLKit: Abort id=-2147483648
08-28 00:06:32.038  5154  5198 I Unity   : Word: 27Kg -> (239.86, 132.00) (382.87, 193.00)
08-28 00:06:32.038  5154  5198 I Unity   : 	Zone: 0 (225.00, 6.00) (375.00, 126.00) collide:False
08-28 00:06:32.084  5154  5198 I Unity   : MLKit Recognize: 260x216 pixelCount=56160 id=288
08-28 00:06:32.109  5154  5198 D MLKit   : input 260x216 pixelCount=56160 id=288
08-28 00:06:32.325  5154  5154 D MLKit   : parseText 27Kg 1
08-28 00:06:32.325  5154  5154 D MLKit   : parseTextBlock 27Kg 1 (164,24) - (258,84)
08-28 00:06:32.325  5154  5154 D MLKit   : parseLine 27Kg 1 (164,24) - (258,84)
08-28 00:06:32.325  5154  5154 D MLKit   : parseElement 27Kg (164,24) - (258,84)
08-28 00:06:32.332  5154  5198 I Unity   : MLKitWrapper.OnComplete: json
08-28 00:06:32.332  5154  5198 I Unity   : {"requestId":288,"text":{"text":"27Kg","textBlocks":[{"boundingBox":{"bottom":84,"left":164,"right":258,"top":24},"cornerPoints":[{"x":164,"y":24},{"x":258,"y":24},{"x":258,"y":84},{"x":164,"y":84}],"lines":[{"boundingBox":{"bottom":84,"left":164,"right":258,"top":24},"cornerPoints":[{"x":164,"y":24},{"x":258,"y":24},{"x":258,"y":84},{"x":164,"y":84}],"elements":[{"boundingBox":{"bottom":84,"left":164,"right":258,"top":24},"cornerPoints":[{"x":164,"y":24},{"x":258,"y":24},{"x":258,"y":84},{"x":164,"y":84}],"recognizedLanguage":"und-Latn","text":"27Kg"}],"recognizedLanguage":"und-Latn","text":"27Kg"}],"recognizedLanguage":"und-Latn","text":"27Kg"}]}}
08-28 00:06:32.349  5154  5198 I Unity   : MLKit: GetResult() : id=-2147483648
08-28 00:06:32.349  5154  5198 I Unity   : MLKit: Abort id=-2147483648
08-28 00:06:32.350  5154  5198 I Unity   : Word: 27Kg -> (242.22, 132.00) (381.05, 192.00)
08-28 00:06:32.350  5154  5198 I Unity   : 	Zone: 0 (225.00, 6.00) (375.00, 126.00) collide:False
08-28 00:06:32.400  5154  5198 I Unity   : MLKit Recognize: 384x145 pixelCount=55680 id=289
08-28 00:06:32.422  5154  5198 D MLKit   : input 384x145 pixelCount=55680 id=289
08-28 00:06:32.525  5154  5154 D MLKit   : parseText 27Kg 1
08-28 00:06:32.525  5154  5154 D MLKit   : parseTextBlock 27Kg 1 (243,13) - (382,57)
08-28 00:06:32.525  5154  5154 D MLKit   : parseLine 27Kg 1 (242,13) - (382,56)
08-28 00:06:32.526  5154  5154 D MLKit   : parseElement 27Kg (242,13) - (382,56)
08-28 00:06:32.539  5154  5198 I Unity   : MLKitWrapper.OnComplete: json
08-28 00:06:32.539  5154  5198 I Unity   : {"requestId":289,"text":{"text":"27Kg","textBlocks":[{"boundingBox":{"bottom":57,"left":243,"right":382,"top":13},"cornerPoints":[{"x":244,"y":13},{"x":382,"y":19},{"x":381,"y":57},{"x":243,"y":50}],"lines":[{"boundingBox":{"bottom":56,"left":242,"right":382,"top":13},"cornerPoints":[{"x":244,"y":13},{"x":382,"y":19},{"x":380,"y":56},{"x":242,"y":50}],"elements":[{"boundingBox":{"bottom":56,"left":242,"right":382,"top":13},"cornerPoints":[{"x":244,"y":13},{"x":382,"y":19},{"x":380,"y":56},{"x":242,"y":50}],"recognizedLanguage":"und-Latn","text":"27Kg"}],"recognizedLanguage":"und-Latn","text":"27Kg"}],"recognizedLanguage":"und-Latn","text":"27Kg"}]}}
08-28 00:06:32.556  5154  5198 I Unity   : MLKit: GetResult() : id=-2147483648
08-28 00:06:32.557  5154  5198 I Unity   : MLKit: Abort id=-2147483648
08-28 00:06:32.558  5154  5198 I Unity   : Word: 27Kg -> (242.00, 132.58) (382.00, 196.63)
08-28 00:06:32.558  5154  5198 I Unity   : 	Zone: 0 (225.00, 6.00) (375.00, 126.00) collide:False
08-28 00:06:32.603  5154  5198 I Unity   : MLKit Recognize: 294x216 pixelCount=63504 id=290
08-28 00:06:32.629  5154  5198 D MLKit   : input 294x216 pixelCount=63504 id=290
08-28 00:06:32.880  5154  5154 D MLKit   : parseText 27Kg 1
08-28 00:06:32.880  5154  5154 D MLKit   : parseTextBlock 27Kg 1 (186,26) - (292,84)
08-28 00:06:32.880  5154  5154 D MLKit   : parseLine 27Kg 1 (186,26) - (292,84)
08-28 00:06:32.880  5154  5154 D MLKit   : parseElement 27Kg (186,26) - (292,84)
08-28 00:06:32.886  5154  5198 I Unity   : MLKitWrapper.OnComplete: json
08-28 00:06:32.886  5154  5198 I Unity   : {"requestId":290,"text":{"text":"27Kg","textBlocks":[{"boundingBox":{"bottom":84,"left":186,"right":292,"top":26},"cornerPoints":[{"x":186,"y":26},{"x":292,"y":26},{"x":292,"y":84},{"x":186,"y":84}],"lines":[{"boundingBox":{"bottom":84,"left":186,"right":292,"top":26},"cornerPoints":[{"x":186,"y":26},{"x":292,"y":26},{"x":292,"y":84},{"x":186,"y":84}],"elements":[{"boundingBox":{"bottom":84,"left":186,"right":292,"top":26},"cornerPoints":[{"x":186,"y":26},{"x":292,"y":26},{"x":292,"y":84},{"x":186,"y":84}],"recognizedLanguage":"und-Latn","text":"27Kg"}],"recognizedLanguage":"und-Latn","text":"27Kg"}],"recognizedLanguage":"und-Latn","text":"27Kg"}]}}
08-28 00:06:32.901  5154  5198 I Unity   : MLKit: GetResult() : id=-2147483648
08-28 00:06:32.901  5154  5198 I Unity   : MLKit: Abort id=-2147483648
08-28 00:06:32.902  5154  5198 I Unity   : Word: 27Kg -> (242.94, 132.00) (381.39, 190.00)
08-28 00:06:32.902  5154  5198 I Unity   : 	Zone: 0 (225.00, 6.00) (375.00, 126.00) collide:False
08-28 00:06:32.956  5154  5198 I Unity   : MLKit Recognize: 290x216 pixelCount=62640 id=291
08-28 00:06:32.982  5154  5198 D MLKit   : input 290x216 pixelCount=62640 id=291
08-28 00:06:33.242  5154  5154 D MLKit   : parseText 27Kg 1
08-28 00:06:33.242  5154  5154 D MLKit   : parseTextBlock 27Kg 1 (182,24) - (288,84)
08-28 00:06:33.242  5154  5154 D MLKit   : parseLine 27Kg 1 (182,24) - (288,84)
08-28 00:06:33.242  5154  5154 D MLKit   : parseElement 27Kg (182,24) - (288,84)
08-28 00:06:33.248  5154  5198 I Unity   : MLKitWrapper.OnComplete: json
08-28 00:06:33.248  5154  5198 I Unity   : {"requestId":291,"text":{"text":"27Kg","textBlocks":[{"boundingBox":{"bottom":84,"left":182,"right":288,"top":24},"cornerPoints":[{"x":182,"y":24},{"x":288,"y":24},{"x":288,"y":84},{"x":182,"y":84}],"lines":[{"boundingBox":{"bottom":84,"left":182,"right":288,"top":24},"cornerPoints":[{"x":182,"y":24},{"x":288,"y":24},{"x":288,"y":84},{"x":182,"y":84}],"elements":[{"boundingBox":{"bottom":84,"left":182,"right":288,"top":24},"cornerPoints":[{"x":182,"y":24},{"x":288,"y":24},{"x":288,"y":84},{"x":182,"y":84}],"recognizedLanguage":"und-Latn","text":"27Kg"}],"recognizedLanguage":"und-Latn","text":"27Kg"}],"recognizedLanguage":"und-Latn","text":"27Kg"}]}}
08-28 00:06:33.263  5154  5198 I Unity   : MLKit: GetResult() : id=-2147483648
08-28 00:06:33.263  5154  5198 I Unity   : MLKit: Abort id=-2147483648
08-28 00:06:33.264  5154  5198 I Unity   : Word: 27Kg -> (240.99, 132.00) (381.35, 192.00)
08-28 00:06:33.264  5154  5198 I Unity   : 	Zone: 0 (225.00, 6.00) (375.00, 126.00) collide:False
08-28 00:06:33.317  5154  5198 I Unity   : MLKit Recognize: 218x216 pixelCount=47088 id=292
08-28 00:06:33.340  5154  5198 D MLKit   : input 218x216 pixelCount=47088 id=292
08-28 00:06:33.537  5154  5154 D MLKit   : parseText 2TKg 1
08-28 00:06:33.538  5154  5154 D MLKit   : parseTextBlock 2TKg 1 (135,20) - (219,85)
